Microchip MPLAB XC8 Compiler V2.36

Linker command line:

-W-3 --edf=C:\Program Files\Microchip\xc8\v2.36\pic\dat\en_msgs.txt -cn \
  -h+dist/default/production\graduation_project.production.sym \
  --cmf=dist/default/production\graduation_project.production.cmf -z \
  -Q18F46K20 -oC:\Users\ahmed radwan\AppData\Local\Temp\xcAs4i0.4 \
  --defsym=__MPLAB_BUILD=1 \
  -Mdist/default/production/graduation_project.production.map \
  --md=C:\Users\ahmed radwan\AppData\Local\Temp\xcAs4i0.dat -E1 \
  -ver=XC8 Compiler --acfsm=1493 -ACODE=00h-0FFFFh -ACONST=00h-0FFFFh \
  -ASMALLCONST=01000h-010FFhx240 -AMEDIUMCONST=01000h-0FFFFh \
  -ACOMRAM=01h-05Fh -AABS1=00h-0F5Fh -ABIGRAM=01h-0F5Fh \
  -ARAM=060h-0FFh,0100h-01FFhx14,0F00h-0F5Fh -ABANK0=060h-0FFh \
  -ABANK1=0100h-01FFh -ABANK2=0200h-02FFh -ABANK3=0300h-03FFh \
  -ABANK4=0400h-04FFh -ABANK5=0500h-05FFh -ABANK6=0600h-06FFh \
  -ABANK7=0700h-07FFh -ABANK8=0800h-08FFh -ABANK9=0900h-09FFh \
  -ABANK10=0A00h-0AFFh -ABANK11=0B00h-0BFFh -ABANK12=0C00h-0CFFh \
  -ABANK13=0D00h-0DFFh -ABANK14=0E00h-0EFFh -ABANK15=0F00h-0F5Fh \
  -ASFR=0F60h-0FFFh -ABIGSFR=0F60h-0FFFh -ACONFIG=0300000h-030000Dh \
  -AIDLOC=0200000h-0200007h -AEEDATA=0F00000h-0F003FFh -peeprom_data=EEDATA \
  -preset_vec=00h,intcode=08h,intcodelo=018h,powerup,init -pramtop=01000h \
  -psmallconst=SMALLCONST -pmediumconst=MEDIUMCONST -pconst=CONST \
  -AFARRAM=00h-00h \
  -prdata=COMRAM,nvrram=COMRAM,nvbit=COMRAM,rbss=COMRAM,rbit=COMRAM \
  -pfarbss=FARRAM,fardata=FARRAM,nvFARRAM=FARRAM \
  -pintsave_regs=BIGRAM,bigbss=BIGRAM,bigdata=BIGRAM -pbss=RAM \
  -pidata=CODE,irdata=CODE,ibigdata=CODE,ifardata=CODE -prparam=COMRAM \
  C:\Users\ahmed radwan\AppData\Local\Temp\xcAs4i0.o \
  dist/default/production\graduation_project.production.o 

Object code version is 3.11

Machine type is 18F46K20



                Name                               Link     Load   Length Selector   Space Scale
C:\Users\ahmed radwan\AppData\Local\Temp\xcAs4i0.o
                idloc                            200000   200000        8        0       5
                config                           300000   300000        E        0       4
                init                                286      286        4        C       0
                reset_vec                             0        0        4        0       0
dist/default/production\graduation_project.production.o
                intcodelo                            18       18      26E        C       0
                intcode                               8        8        6        4       0
                idloc                            200000   200000        8        0       5
                config                           300000   300000        E        0       4
                temp                                 42       42        1        1       1
                smallconst                         1000     1000       48      800       0
                text98                             5660     5660       68      824       0
                text97                             55F8     55F8       68      824       0
                text96                             3DBE     3DBE       E4      824       0
                text95                             5B7A     5B7A       2A     2CC8       0
                text94                             2806     2806      20A      824       0
                text93                             5374     5374       70      824       0
                text92                             5A6C     5A6C       32     2CC8       0
                text91                             5B24     5B24       2C     2CC8       0
                text90                             5D4A     5D4A        2     2EA0       0
                text89                             5D48     5D48        2     2EA0       0
                intcode_body                       3CDA     3CDA       E4      824       0
                text87                             5D46     5D46        2     2EA0       0
                text86                             5D40     5D40        4     2EA0       0
                text85                             5D1A     5D1A       1A     2E57       0
                text84                             5D00     5D00       1A     2E57       0
                text83                             5CE6     5CE6       1A     2E57       0
                text82                             5CCC     5CCC       1A     2E57       0
                text80                             5590     5590       68      824       0
                text79                             5528     5528       68      824       0
                text78                             3B10     3B10       E6      824       0
                text77                             5A9E     5A9E       2E     2CC8       0
                text76                             5304     5304       70      824       0
                text75                             25F6     25F6      210      824       0
                text74                             5452     5452       6E      824       0
                text73                             35D0     35D0      12E      824       0
                text72                             30A6     30A6      168      824       0
                text71                             4A9C     4A9C       AE      824       0
                text70                             493C     493C       B2      824       0
                text69                             5B50     5B50       2A     2CC8       0
                text68                             225A     225A      39C      824       0
                text67                             2BFE     2BFE      1B8      824       0
                text66                             5AF8     5AF8       2C     2CC8       0
                text65                             36FE     36FE      110      824       0
                text64                             5ACC     5ACC       2C     2CC8       0
                text63                             4E5A     4E5A       90      824       0
                text62                             5CAE     5CAE       1E     2E57       0
                text61                             4B4A     4B4A       A6      824       0
                text60                             5BCC     5BCC       28     2CC8       0
                text59                             1A64     1A64      42C      824       0
                text58                             380E     380E      108      824       0
                text57                             2DB6     2DB6      188      824       0
                text56                             5C40     5C40       26     2CC8       0
                text55                             5A02     5A02       38     2CC8       0
                text54                             59CA     59CA       38     2CC8       0
                text53                             54C0     54C0       68      824       0
                text52                             56C8     56C8       66      824       0
                text51                             15A2     15A2      4C2      824       0
                text50                             3BF6     3BF6       E4      824       0
                text49                             4594     4594       C0      824       0
                text48                             5BA4     5BA4       28     2CC8       0
                text47                             44D4     44D4       C0      824       0
                text46                             4414     4414       C0      824       0
                text45                             47CC     47CC       BA      824       0
                text44                             4354     4354       C0      824       0
                text43                             4294     4294       C0      824       0
                text42                             4712     4712       BA      824       0
                text41                             41D4     41D4       C0      824       0
                text40                             410E     410E       C6      824       0
                text39                             4048     4048       C6      824       0
                text38                             3EA2     3EA2       D8      824       0
                text37                             57F2     57F2       5E      824       0
                text36                             572E     572E       64      824       0
                text35                             4D34     4D34       96      824       0
                text34                             4C92     4C92       A2      824       0
                text33                             49EE     49EE       AE      824       0
                text32                             4DCA     4DCA       90      824       0
                text31                             1E90     1E90      3CA      824       0
                text30                             5792     5792       60      824       0
                text29                             320E     320E      144      824       0
                text28                             5902     5902       50      824       0
                text27                             519E     519E       7C      824       0
                text26                             5294     5294       70      824       0
                text25                             3352     3352      140      824       0
                text24                             2F3E     2F3E      168      824       0
                text23                             5D44     5D44        2     2EA0       0
                text22                             53E4     53E4       6E      824       0
                text21                             4BF0     4BF0       A2      824       0
                text20                             3A16     3A16       FA      824       0
                text19                             5850     5850       5C      824       0
                text18                             5C1A     5C1A       26     2CC8       0
                text17                             4886     4886       B6      824       0
                text16                             5D34     5D34        6     2E57       0
                text15                             5A3A     5A3A       32     2CC8       0
                text14                             3492     3492      13E      824       0
                text13                             3F7A     3F7A       CE      824       0
                text12                             4F78     4F78       8C      824       0
                text11                             3916     3916      100      824       0
                text10                             58AC     58AC       56      824       0
                text9                              2A10     2A10      1EE      824       0
                text8                              4654     4654       BE      824       0
                text7                              5C66     5C66       24     2CC8       0
                text6                              5990     5990       3A     2CC8       0
                text5                              5004     5004       8A      824       0
                text4                              5BF4     5BF4       26     2CC8       0
                text3                              521A     521A       7A      824       0
                text2                              5116     5116       88      824       0
                text1                              508E     508E       88      824       0
                text0                              1048     1048      55A      824       0
                cstackCOMRAM                          1        1       25        1       1
                cstackBANK0                          60       60       53       60       1
                cstackBANK1                         166      166       1B      100       1
                dataBANK1                           100      100       3D      100       1
                bssBANK1                            13D      13D       29      100       1
                dataBANK0                            DD       DD       23       60       1
                bssBANK0                             B3       B3       2A       60       1
                dataCOMRAM                           3D       3D        5        1       1
                bssCOMRAM                            26       26       17        1       1
                cinit                              4EEA     4EEA       8E      824       0
                idataBANK1                         5952     5952       3D      824       0
                idataBANK0                         5C8A     5C8A       23     2CC8       0
                idataCOMRAM                        5D3A     5D3A        5     2E57       0

TOTAL           Name                               Link     Load   Length     Space
        CLASS   CODE           
                intcodelo                            18       18      26E         0
                intcode                               8        8        6         0
                init                                286      286        4         0
                reset_vec                             0        0        4         0
                text98                             5660     5660       68         0
                text97                             55F8     55F8       68         0
                text96                             3DBE     3DBE       E4         0
                text95                             5B7A     5B7A       2A         0
                text94                             2806     2806      20A         0
                text93                             5374     5374       70         0
                text92                             5A6C     5A6C       32         0
                text91                             5B24     5B24       2C         0
                text90                             5D4A     5D4A        2         0
                text89                             5D48     5D48        2         0
                intcode_body                       3CDA     3CDA       E4         0
                text87                             5D46     5D46        2         0
                text86                             5D40     5D40        4         0
                text85                             5D1A     5D1A       1A         0
                text84                             5D00     5D00       1A         0
                text83                             5CE6     5CE6       1A         0
                text82                             5CCC     5CCC       1A         0
                text80                             5590     5590       68         0
                text79                             5528     5528       68         0
                text78                             3B10     3B10       E6         0
                text77                             5A9E     5A9E       2E         0
                text76                             5304     5304       70         0
                text75                             25F6     25F6      210         0
                text74                             5452     5452       6E         0
                text73                             35D0     35D0      12E         0
                text72                             30A6     30A6      168         0
                text71                             4A9C     4A9C       AE         0
                text70                             493C     493C       B2         0
                text69                             5B50     5B50       2A         0
                text68                             225A     225A      39C         0
                text67                             2BFE     2BFE      1B8         0
                text66                             5AF8     5AF8       2C         0
                text65                             36FE     36FE      110         0
                text64                             5ACC     5ACC       2C         0
                text63                             4E5A     4E5A       90         0
                text62                             5CAE     5CAE       1E         0
                text61                             4B4A     4B4A       A6         0
                text60                             5BCC     5BCC       28         0
                text59                             1A64     1A64      42C         0
                text58                             380E     380E      108         0
                text57                             2DB6     2DB6      188         0
                text56                             5C40     5C40       26         0
                text55                             5A02     5A02       38         0
                text54                             59CA     59CA       38         0
                text53                             54C0     54C0       68         0
                text52                             56C8     56C8       66         0
                text51                             15A2     15A2      4C2         0
                text50                             3BF6     3BF6       E4         0
                text49                             4594     4594       C0         0
                text48                             5BA4     5BA4       28         0
                text47                             44D4     44D4       C0         0
                text46                             4414     4414       C0         0
                text45                             47CC     47CC       BA         0
                text44                             4354     4354       C0         0
                text43                             4294     4294       C0         0
                text42                             4712     4712       BA         0
                text41                             41D4     41D4       C0         0
                text40                             410E     410E       C6         0
                text39                             4048     4048       C6         0
                text38                             3EA2     3EA2       D8         0
                text37                             57F2     57F2       5E         0
                text36                             572E     572E       64         0
                text35                             4D34     4D34       96         0
                text34                             4C92     4C92       A2         0
                text33                             49EE     49EE       AE         0
                text32                             4DCA     4DCA       90         0
                text31                             1E90     1E90      3CA         0
                text30                             5792     5792       60         0
                text29                             320E     320E      144         0
                text28                             5902     5902       50         0
                text27                             519E     519E       7C         0
                text26                             5294     5294       70         0
                text25                             3352     3352      140         0
                text24                             2F3E     2F3E      168         0
                text23                             5D44     5D44        2         0
                text22                             53E4     53E4       6E         0
                text21                             4BF0     4BF0       A2         0
                text20                             3A16     3A16       FA         0
                text19                             5850     5850       5C         0
                text18                             5C1A     5C1A       26         0
                text17                             4886     4886       B6         0
                text16                             5D34     5D34        6         0
                text15                             5A3A     5A3A       32         0
                text14                             3492     3492      13E         0
                text13                             3F7A     3F7A       CE         0
                text12                             4F78     4F78       8C         0
                text11                             3916     3916      100         0
                text10                             58AC     58AC       56         0
                text9                              2A10     2A10      1EE         0
                text8                              4654     4654       BE         0
                text7                              5C66     5C66       24         0
                text6                              5990     5990       3A         0
                text5                              5004     5004       8A         0
                text4                              5BF4     5BF4       26         0
                text3                              521A     521A       7A         0
                text2                              5116     5116       88         0
                text1                              508E     508E       88         0
                text0                              1048     1048      55A         0
                cinit                              4EEA     4EEA       8E         0
                idataBANK1                         5952     5952       3D         0
                idataBANK0                         5C8A     5C8A       23         0
                idataCOMRAM                        5D3A     5D3A        5         0

        CLASS   CONST          

        CLASS   SMALLCONST     
                smallconst                         1000     1000       48         0

        CLASS   MEDIUMCONST    

        CLASS   COMRAM         
                temp                                 42       42        1         1
                cstackCOMRAM                          1        1       25         1
                dataCOMRAM                           3D       3D        5         1
                bssCOMRAM                            26       26       17         1

        CLASS   ABS1           

        CLASS   BIGRAM         

        CLASS   RAM            

        CLASS   BANK0          
                cstackBANK0                          60       60       53         1
                dataBANK0                            DD       DD       23         1
                bssBANK0                             B3       B3       2A         1

        CLASS   BANK1          
                cstackBANK1                         166      166       1B         1
                dataBANK1                           100      100       3D         1
                bssBANK1                            13D      13D       29         1

        CLASS   BANK2          

        CLASS   BANK3          

        CLASS   BANK4          

        CLASS   BANK5          

        CLASS   BANK6          

        CLASS   BANK7          

        CLASS   BANK8          

        CLASS   BANK9          

        CLASS   BANK10         

        CLASS   BANK11         

        CLASS   BANK12         

        CLASS   BANK13         

        CLASS   BANK14         

        CLASS   BANK15         

        CLASS   SFR            

        CLASS   BIGSFR         

        CLASS   CONFIG         
                config                           300000   300000        E         4

        CLASS   IDLOC          
                idloc                            200000   200000        8         5

        CLASS   EEDATA         

        CLASS   FARRAM         

        CLASS   HEAP           

        CLASS   STACK          



SEGMENTS        Name                           Load    Length   Top    Selector   Space  Class

                reset_vec                      000000  000004  000004         0       0  CODE    
                cstackCOMRAM                   000001  000042  000043         1       1  COMRAM  
                intcode                        000008  000006  00000E         4       0  CODE    
                intcodelo                      000018  000272  00028A         C       0  CODE    
                cstackBANK0                    000060  0000A0  000100        60       1  BANK0   
                dataBANK1                      000100  000081  000181       100       1  BANK1   
                smallconst                     001000  000048  001048       800       0  SMALLCON
                text0                          001048  004947  00598F       824       0  CODE    
                text6                          005990  00031D  005CAD      2CC8       0  CODE    
                text62                         005CAE  000091  005D3F      2E57       0  CODE    
                text86                         005D40  00000C  005D4C      2EA0       0  CODE    


UNUSED ADDRESS RANGES

        Name                Unused          Largest block    Delta
        BANK1            000181-0001FF               7F
        BANK10           000A00-000AFF              100
        BANK11           000B00-000BFF              100
        BANK12           000C00-000CFF              100
        BANK13           000D00-000DFF              100
        BANK14           000E00-000EFF              100
        BANK15           000F00-000F5F               60
        BANK2            000200-0002FF              100
        BANK3            000300-0003FF              100
        BANK4            000400-0004FF              100
        BANK5            000500-0005FF              100
        BANK6            000600-0006FF              100
        BANK7            000700-0007FF              100
        BANK8            000800-0008FF              100
        BANK9            000900-0009FF              100
        BIGRAM           000043-00005F               1D
                         000181-000F5F              DDF
        BIGSFR           000F60-000FFF               A0
        CODE             000004-000007                4
                         00000E-000017                A
                         00028A-000FFF              D76
                         00598F-00598F                1
                         005CAD-005CAD                1
                         005D3F-005D3F                1
                         005D4C-00FFFF             A2B4
        COMRAM           000043-00005F               1D
        CONST            000004-000007                4
                         00000E-000017                A
                         00028A-000FFF              D76
                         00598F-00598F                1
                         005CAD-005CAD                1
                         005D3F-005D3F                1
                         005D4C-00FFFF             A2B4
        EEDATA           F00000-F003FF              400
        MEDIUMCONST      00598F-00598F                1
                         005CAD-005CAD                1
                         005D3F-005D3F                1
                         005D4C-00FFFF             A2B4
        RAM              000181-000F5F              100
        SFR              000F60-000FFF               A0
        SMALLCONST       00598F-00598F                1
                         005CAD-005CAD                1
                         005D3F-005D3F                1
                         005D4C-00FFFF              100

                                  Symbol Table

?___awdiv                                     cstackBANK1  000172
?___awmod                                     cstackBANK1  00016E
?___fladd                                     cstackBANK0  0000A0
?___fldiv                                     cstackBANK0  00006E
?___flmul                                     cstackBANK0  000087
?___fltol                                     cstackBANK1  000166
?___wmul                                      cstackCOMRAM 00001E
?___xxtofl                                    cstackBANK0  000060
ADC_Get_Conversion_Blocking@ERRORSTATUS       cstackBANK0  00006B
ADC_Get_Conversion_Blocking@_adc              cstackBANK0  000065
ADC_Get_Conversion_Blocking@_channel          cstackBANK0  000067
ADC_Get_Conversion_Blocking@_result           cstackBANK0  000068
ADC_Get_Conversion_Results@ERRORSTATUS        cstackCOMRAM 000022
ADC_Get_Conversion_Results@_adc               cstackCOMRAM 00001E
ADC_Get_Conversion_Results@_result            cstackCOMRAM 000020
ADC_Init@_adc                                 cstackCOMRAM 000021
ADC_Start_Conversion@ERRORSTATUS              cstackCOMRAM 000020
ADC_Start_Conversion@_adc                     cstackCOMRAM 00001E
ADC_select_channel@ERRORSTATUS                cstackCOMRAM 000025
ADC_select_channel@_adc                       cstackCOMRAM 000021
ADC_select_channel@_channel                   cstackCOMRAM 000023
Bluetooth_Send_Data_Non_Blocking@_uart_obj    cstackBANK1  00017A
Bluetooth_Send_Data_Non_Blocking@data         cstackBANK1  00017C
CCP_Capture_Mode_Config@_ccp_obj              cstackCOMRAM 000021
CCP_Capture_Mode_Config@ret                   cstackCOMRAM 000025
CCP_Compare_Mode_Config@_ccp_obj              cstackCOMRAM 000021
CCP_Compare_Mode_Config@ret                   cstackCOMRAM 000025
CCP_Init@_ccp_obj                             cstackBANK0  000069
CCP_Interrupt_Config@_ccp_obj                 cstackCOMRAM 00001E
CCP_Mode_Timer_Select@_ccp_obj                cstackCOMRAM 00001E
CCP_PWM_Mode_Config@_ccp_obj                  cstackCOMRAM 000021
CCP_PWM_Set_Duty@_ccp_obj                     cstackBANK0  0000B0
CCP_PWM_Set_Duty@_duty                        cstackBANK0  0000B2
CCP_PWM_Set_Duty@l_duty_temp                  cstackBANK1  000174
CCP_PWM_Start@_ccp_obj                        cstackCOMRAM 00001E
DHT11_Read_Data@data                          cstackCOMRAM 00001E
DHT11_Read_Data@i                             cstackCOMRAM 000021
ECU_DC_Motor_Init@dc_motor                    cstackBANK0  000069
ECU_DC_Motor_Run_Left@dc_motor                cstackCOMRAM 000022
ECU_DC_Motor_Run_Right@dc_motor               cstackCOMRAM 000022
EUSART_Async_Init@_eusart_obj                 cstackBANK1  000179
EUSART_Async_Init@ret_val                     cstackBANK0  0000B2
EUSART_Async_Read_Data@_eusart_obj            cstackBANK0  000060
EUSART_Async_Read_Data@data                   cstackBANK0  000062
EUSART_Async_Read_Data@l_temp_data            cstackBANK0  00006A
EUSART_Async_Read_Data_Blocking@_eusart_obj   cstackBANK0  00006C
EUSART_Async_Read_Data_Blocking@data          cstackBANK0  00006E
EUSART_Async_Transmit_Data@_eusart_obj        cstackBANK0  000060
EUSART_Async_Transmit_Data@data               cstackBANK0  000062
Ecu_Stepper_Init@stepper                      cstackBANK0  000069
GPIO_Pin_Direction_Initialize@ERRORSTATUS     cstackBANK0  000060
GPIO_Pin_Direction_Initialize@_pin_config     cstackCOMRAM 00001E
GPIO_Pin_Initialize@ERRORSTATUS               cstackBANK0  000068
GPIO_Pin_Initialize@_pin_config               cstackBANK0  000066
GPIO_Pin_Read_Logic@_pin_config               cstackCOMRAM 00001E
GPIO_Pin_Read_Logic@logic                     cstackCOMRAM 000020
GPIO_Pin_Toggle_Logic@_pin_config             cstackCOMRAM 00001E
GPIO_Pin_Write_Logic@ERRORSTATUS              cstackCOMRAM 000021
GPIO_Pin_Write_Logic@_pin_config              cstackCOMRAM 00001E
GPIO_Pin_Write_Logic@logic                    cstackCOMRAM 000020
GPS_Service@key                               cstackCOMRAM 000025
Get_Distance@_tmr0_config                     cstackBANK0  000089
Get_Distance@distance                         cstackBANK0  00008B
Get_Distance@logic                            cstackBANK0  00008F
Get_Distance@timer_val                        cstackBANK0  00008D
Get_Distance@ultrasonic_object                cstackBANK0  000087
Get_Temp_HUM@Checksum                         cstackBANK0  000068
Get_Temp_HUM@RH_Decimal                       cstackBANK0  000060
Get_Temp_HUM@RH_Integral                      cstackBANK0  000062
Get_Temp_HUM@T_Decimal                        cstackBANK0  000064
Get_Temp_HUM@T_Integral                       cstackBANK0  000066
HAL_Timer0_Init@_tmr0_config                  cstackCOMRAM 000023
HAL_Timer0_Read_Val@_tmr0_config              cstackCOMRAM 00001E
HAL_Timer0_Read_Val@l_high_byte               cstackBANK0  000060
HAL_Timer0_Read_Val@l_low_byte                cstackBANK0  000061
HAL_Timer0_Read_Val@result                    cstackCOMRAM 000020
HAL_Timer0_Write_Val@_tmr0_config             cstackCOMRAM 00001E
HAL_Timer0_Write_Val@ret_value                cstackCOMRAM 000022
HAL_Timer0_Write_Val@val                      cstackCOMRAM 000020
I2C_Master_Mode_Clock_Configurations@i2c_obj  cstackBANK0  0000B0
I2C_Slave_Mode_Clock_Configurations@i2c_obj   cstackCOMRAM 00001E
MSSP_I2C_Init@i2c_obj                         cstackBANK1  00016E
MSSP_I2C_Master_Send_Start@i2c_obj            cstackCOMRAM 00001E
MSSP_I2C_Master_Send_Stop@i2c_obj             cstackCOMRAM 00001E
MSSP_I2C_Master_Write_Blocking@_ack           cstackCOMRAM 000021
MSSP_I2C_Master_Write_Blocking@i2c_data       cstackCOMRAM 000020
MSSP_I2C_Master_Write_Blocking@i2c_obj        cstackCOMRAM 00001E
PCA_Write_Reg@ack                             cstackCOMRAM 000023
PCA_Write_Reg@data                            cstackBANK0  000064
PCA_Write_Reg@i2c_obj                         cstackBANK0  000060
PCA_Write_Reg@reg_address                     cstackBANK0  000063
PCA_Write_Reg@slave_address                   cstackBANK0  000062
RB4_ISR@Handler_Select                        cstackCOMRAM 00001A
RB5_ISR@Handler_Select                        cstackCOMRAM 00001A
RB6_ISR@Handler_Select                        cstackCOMRAM 00001A
RB7_ISR@Handler_Select                        cstackCOMRAM 00001A
Rx_config_interrupt@_rx_obj                   cstackCOMRAM 00001E
Rx_config_interrupt@ret_val                   cstackCOMRAM 000020
ServoDriver_Init@i2c_obj                      cstackBANK1  000170
ServoDriver_Init@servo_driver_obj             cstackBANK1  000172
Servo_SetAngle@angle                          cstackBANK1  000173
Servo_SetAngle@angle_in_reg                   cstackBANK0  0000B0
Servo_SetAngle@i2c_obj                        cstackBANK1  00016E
Servo_SetAngle@reg_addrees                    cstackBANK0  0000B2
Servo_SetAngle@servo_driver_obj               cstackBANK1  000170
Servo_SetAngle@servo_no                       cstackBANK1  000172
Timer2_Init@_timer2                           cstackCOMRAM 00001E
Ultra_Sonic_Init@_tmr0_config                 cstackBANK0  00006B
Ultra_Sonic_Init@ultrasonic_object            cstackBANK0  000069
_ADCON0bits                                   (abs)        000FC2
_ADCON1bits                                   (abs)        000FC1
_ADCON2bits                                   (abs)        000FC0
_ADC_Get_Conversion_Blocking                  text5        005004
_ADC_Get_Conversion_Results                   text8        004654
_ADC_ISR                                      text87       005D46
_ADC_Init                                     text35       004D34
_ADC_Start_Conversion                         text7        005C66
_ADC_select_channel                           text6        005990
_ADRESH                                       (abs)        000FC4
_ADRESL                                       (abs)        000FC3
_BAUDCONbits                                  (abs)        000FB8
_Bluetooth_Send_Data_Non_Blocking             text77       005A9E
_CCP1CONbits                                  (abs)        000FBD
_CCP1_Obj                                     dataBANK1    00012C
_CCP2CONbits                                  (abs)        000FBA
_CCP2_Obj                                     dataBANK1    000120
_CCPR1L                                       (abs)        000FBE
_CCPR2L                                       (abs)        000FBB
_CCP_Capture_Mode_Config                      text25       003352
_CCP_Compare_Mode_Config                      text24       002F3E
_CCP_Init                                     text20       003A16
_CCP_Interrupt_Config                         text23       005D44
_CCP_Mode_Timer_Select                        text26       005294
_CCP_PWM_Mode_Config                          text21       004BF0
_CCP_PWM_Set_Duty                             text57       002DB6
_CCP_PWM_Set_Duty$5827                        cstackBANK1  000170
_CCP_PWM_Start                                text19       005850
_Checksum                                     bssBANK0     0000DA
_DHT11_Check_Response                         text64       005ACC
_DHT11_Read_Data                              text63       004E5A
_DHT11_Start                                  text62       005CAE
_ECU_DC_Motor_Init                            text18       005C1A
_ECU_DC_Motor_Run_Left                        text60       005BCC
_ECU_DC_Motor_Run_Right                       text48       005BA4
_EUSART_Async_Init                            text30       005792
_EUSART_Async_Read_Data                       text75       0025F6
_EUSART_Async_Read_Data$2030                  cstackBANK0  000064
_EUSART_Async_Read_Data$2031                  cstackBANK0  000066
_EUSART_Async_Read_Data$2032                  cstackBANK0  000068
_EUSART_Async_Read_Data_Blocking              text74       005452
_EUSART_Async_Transmit_Data                   text78       003B10
_EUSART_Rx_ISR                                text91       005B24
_EUSART_Tx_ISR                                text90       005D4A
_Ecu_Stepper_Init                             text27       00519E
_GPIO_Pin_Direction_Initialize                text29       00320E
_GPIO_Pin_Initialize                          text28       005902
_GPIO_Pin_Read_Logic                          text71       004A9C
_GPIO_Pin_Toggle_Logic                        text76       005304
_GPIO_Pin_Write_Logic                         text73       0035D0
_GPS_Service                                  text72       0030A6
_Get_Distance                                 text65       0036FE
_Get_Temp_HUM                                 text61       004B4A
_HAL_Timer0_Init                              text11       003916
_HAL_Timer0_Read_Val                          text70       00493C
_HAL_Timer0_Write_Val                         text69       005B50
_I2C_Master_Mode_Clock_Configurations         text17       004886
_I2C_Pin_Configurations                       text16       005D34
_I2C_Slave_Mode_Clock_Configurations          text15       005A3A
_INT0_InterruptHandler                        bssBANK0     0000BF
_INT1_ISR                                     text86       005D40
_INT1_InterruptHandler                        bssCOMRAM    000032
_INT2_InterruptHandler                        bssBANK0     0000BD
_INTCON2bits                                  (abs)        000FF1
_INTCON3bits                                  (abs)        000FF0
_INTCONbits                                   (abs)        000FF2
_IPR1bits                                     (abs)        000F9F
_InterruptManagerHigh                         intcode      000008
_InterruptManagerLow                          intcodelo    000018
_LATA                                         (abs)        000F89
_LATB                                         (abs)        000F8A
_LATC                                         (abs)        000F8B
_LATD                                         (abs)        000F8C
_LATDbits                                     (abs)        000F8C
_LATE                                         (abs)        000F8D
_MSSP_I2C_Init                                text14       003492
_MSSP_I2C_Master_Send_Start                   text55       005A02
_MSSP_I2C_Master_Send_Stop                    text54       0059CA
_MSSP_I2C_Master_Write_Blocking               text53       0054C0
_Movement_State                               bssBANK0     0000CF
_PCA_Write_Reg                                text52       0056C8
_PIE1bits                                     (abs)        000F9D
_PIE2bits                                     (abs)        000FA0
_PIR1bits                                     (abs)        000F9E
_PIR2bits                                     (abs)        000FA1
_PORTA                                        (abs)        000F80
_PORTB                                        (abs)        000F81
_PORTBbits                                    (abs)        000F81
_PORTC                                        (abs)        000F82
_PORTD                                        (abs)        000F83
_PORTDbits                                    (abs)        000F83
_PORTE                                        (abs)        000F84
_PR2                                          (abs)        000FCB
_RB4_ISR                                      text85       005D1A
_RB4_InterruptHandler_HIGH                    bssCOMRAM    000030
_RB4_InterruptHandler_LOW                     bssCOMRAM    00002E
_RB5_ISR                                      text84       005D00
_RB5_InterruptHandler_HIGH                    bssCOMRAM    00002C
_RB5_InterruptHandler_LOW                     bssCOMRAM    00002A
_RB6_ISR                                      text83       005CE6
_RB6_InterruptHandler_HIGH                    bssCOMRAM    000028
_RB6_InterruptHandler_LOW                     bssBANK0     0000BB
_RB7_ISR                                      text82       005CCC
_RB7_InterruptHandler_HIGH                    bssBANK0     0000B9
_RB7_InterruptHandler_LOW                     bssBANK0     0000B7
_RCONbits                                     (abs)        000FD0
_RCREG                                        (abs)        000FAE
_RCSTA1bits                                   (abs)        000FAB
_RCSTAbits                                    (abs)        000FAB
_RH_Decimal                                   dataBANK0    0000FB
_RH_Integral                                  bssBANK0     0000DC
_RX9D                                         (abs)        007D58
_Robot_Move_Backward                          text49       004594
_Robot_Move_Forward                           text47       0044D4
_Robot_Nav_Init                               text12       004F78
_Robot_Steer_Left                             text46       004414
_Robot_Steer_Left_Backward                    text45       0047CC
_Robot_Steer_Left_Forward                     text44       004354
_Robot_Steer_Right                            text43       004294
_Robot_Steer_Right_Backward                   text42       004712
_Robot_Steer_Right_Forward                    text41       0041D4
_Robot_Steer_Stop                             text56       005C40
_Rx_config_interrupt                          text34       004C92
_SPBRG                                        (abs)        000FAF
_SPBRGH                                       (abs)        000FB0
_SSPADD                                       (abs)        000FC8
_SSPBUF                                       (abs)        000FC9
_SSPCON1bits                                  (abs)        000FC6
_SSPCON2bits                                  (abs)        000FC5
_SSPSTATbits                                  (abs)        000FC7
_ServoDriver_Init                             text13       003F7A
_Servo_SetAngle                               text50       003BF6
_T0CONbits                                    (abs)        000FD5
_T1CONbits                                    (abs)        000FCD
_T2CONbits                                    (abs)        000FCA
_T3CONbits                                    (abs)        000FB1
_TEST_PIN                                     dataBANK0    0000FD
_TMR0H                                        (abs)        000FD7
_TMR0L                                        (abs)        000FD6
_TMR0_ISR                                     text89       005D48
_TMR1H                                        (abs)        000FCF
_TMR1L                                        (abs)        000FCE
_TMR2                                         (abs)        000FCC
_TRISA                                        (abs)        000F92
_TRISB                                        (abs)        000F93
_TRISBbits                                    (abs)        000F93
_TRISC                                        (abs)        000F94
_TRISCbits                                    (abs)        000F94
_TRISD                                        (abs)        000F95
_TRISDbits                                    (abs)        000F95
_TRISE                                        (abs)        000F96
_TXREG                                        (abs)        000FAD
_TXSTA1bits                                   (abs)        000FAC
_TXSTAbits                                    (abs)        000FAC
_T_Decimal                                    dataBANK0    0000FA
_T_Integral                                   bssBANK0     0000DB
_Timer1_Interrupt_Handler                     bssBANK0     0000B3
_Timer1_PreLoaded_Value_Store                 bssCOMRAM    000026
_Timer2_Init                                  text22       0053E4
_Timer2_PreLoaded_Value_Store                 bssCOMRAM    000039
_Ultra_Sonic_Init                             text10       0058AC
_W1_W3_W5_Motor_Control                       dataBANK0    0000FF
_W2_W4_W6_Motor_Control                       dataBANK0    0000FE
_WDTCONbits                                   (abs)        000FD1
__HRAM                                        (abs)        000000
__Habs1                                       abs1         000000
__Hbank0                                      bank0        000000
__Hbank1                                      bank1        000000
__Hbank10                                     bank10       000000
__Hbank11                                     bank11       000000
__Hbank12                                     bank12       000000
__Hbank13                                     bank13       000000
__Hbank14                                     bank14       000000
__Hbank15                                     bank15       000000
__Hbank2                                      bank2        000000
__Hbank3                                      bank3        000000
__Hbank4                                      bank4        000000
__Hbank5                                      bank5        000000
__Hbank6                                      bank6        000000
__Hbank7                                      bank7        000000
__Hbank8                                      bank8        000000
__Hbank9                                      bank9        000000
__Hbigbss                                     bigbss       000000
__Hbigdata                                    bigdata      000000
__Hbigram                                     bigram       000000
__Hbigsfr                                     bigsfr       000000
__Hbss                                        bss          000000
__HbssBANK0                                   bssBANK0     000000
__HbssBANK1                                   bssBANK1     000000
__HbssCOMRAM                                  bssCOMRAM    000000
__Hcinit                                      cinit        000000
__Hclrtext                                    clrtext      000000
__Hcomram                                     comram       000000
__Hconfig                                     config       30000E
__Hconst                                      const        000000
__HcstackBANK0                                cstackBANK0  000000
__HcstackBANK1                                cstackBANK1  000000
__HcstackCOMRAM                               cstackCOMRAM 000000
__Hdata                                       data         000000
__HdataBANK0                                  dataBANK0    000000
__HdataBANK1                                  dataBANK1    000000
__HdataCOMRAM                                 dataCOMRAM   000000
__Heeprom_data                                eeprom_data  000000
__Hfarbss                                     farbss       000000
__Hfardata                                    fardata      000000
__Hheap                                       heap         000000
__Hibigdata                                   ibigdata     000000
__Hidata                                      idata        000000
__HidataBANK0                                 idataBANK0   000000
__HidataBANK1                                 idataBANK1   000000
__HidataCOMRAM                                idataCOMRAM  000000
__Hidloc                                      idloc        200008
__Hifardata                                   ifardata     000000
__Hinit                                       init         00028A
__Hintcode                                    intcode      00000E
__Hintcode_body                               intcode_body 000000
__Hintcodelo                                  intcodelo    000286
__Hintentry                                   intentry     000000
__Hintret                                     intret       000000
__Hintsave_regs                               intsave_regs 000000
__Hirdata                                     irdata       000000
__Hmediumconst                                mediumconst  000000
__HnvFARRAM                                   nvFARRAM     000000
__Hnvbit                                      nvbit        000000
__Hnvrram                                     nvrram       000000
__Hparam                                      rparam       000000
__Hpowerup                                    powerup      000286
__Hram                                        ram          000000
__Hramtop                                     ramtop       001000
__Hrbit                                       rbit         000000
__Hrbss                                       rbss         000000
__Hrdata                                      rdata        000000
__Hreset_vec                                  reset_vec    000004
__Hrparam                                     rparam       000000
__Hsfr                                        sfr          000000
__Hsmallconst                                 smallconst   001048
__Hspace_0                                    (abs)        005D4C
__Hspace_1                                    (abs)        000181
__Hspace_2                                    (abs)        000000
__Hspace_4                                    (abs)        60000E
__Hstack                                      stack        000000
__Hstruct                                     struct       000000
__Htemp                                       temp         000043
__Htext                                       text         000000
__Htext0                                      text0        000000
__Htext1                                      text1        000000
__Htext10                                     text10       000000
__Htext11                                     text11       000000
__Htext12                                     text12       000000
__Htext13                                     text13       000000
__Htext14                                     text14       000000
__Htext15                                     text15       000000
__Htext16                                     text16       000000
__Htext17                                     text17       000000
__Htext18                                     text18       000000
__Htext19                                     text19       000000
__Htext2                                      text2        000000
__Htext20                                     text20       000000
__Htext21                                     text21       000000
__Htext22                                     text22       000000
__Htext23                                     text23       000000
__Htext24                                     text24       000000
__Htext25                                     text25       000000
__Htext26                                     text26       000000
__Htext27                                     text27       000000
__Htext28                                     text28       000000
__Htext29                                     text29       000000
__Htext3                                      text3        000000
__Htext30                                     text30       000000
__Htext31                                     text31       000000
__Htext32                                     text32       000000
__Htext33                                     text33       000000
__Htext34                                     text34       000000
__Htext35                                     text35       000000
__Htext36                                     text36       000000
__Htext37                                     text37       000000
__Htext38                                     text38       000000
__Htext39                                     text39       000000
__Htext4                                      text4        000000
__Htext40                                     text40       000000
__Htext41                                     text41       000000
__Htext42                                     text42       000000
__Htext43                                     text43       000000
__Htext44                                     text44       000000
__Htext45                                     text45       000000
__Htext46                                     text46       000000
__Htext47                                     text47       000000
__Htext48                                     text48       000000
__Htext49                                     text49       000000
__Htext5                                      text5        000000
__Htext50                                     text50       000000
__Htext51                                     text51       000000
__Htext52                                     text52       000000
__Htext53                                     text53       000000
__Htext54                                     text54       000000
__Htext55                                     text55       000000
__Htext56                                     text56       000000
__Htext57                                     text57       000000
__Htext58                                     text58       000000
__Htext59                                     text59       000000
__Htext6                                      text6        000000
__Htext60                                     text60       000000
__Htext61                                     text61       000000
__Htext62                                     text62       000000
__Htext63                                     text63       000000
__Htext64                                     text64       000000
__Htext65                                     text65       000000
__Htext66                                     text66       000000
__Htext67                                     text67       000000
__Htext68                                     text68       000000
__Htext69                                     text69       000000
__Htext7                                      text7        000000
__Htext70                                     text70       000000
__Htext71                                     text71       000000
__Htext72                                     text72       000000
__Htext73                                     text73       000000
__Htext74                                     text74       000000
__Htext75                                     text75       000000
__Htext76                                     text76       000000
__Htext77                                     text77       000000
__Htext78                                     text78       000000
__Htext79                                     text79       000000
__Htext8                                      text8        000000
__Htext80                                     text80       000000
__Htext82                                     text82       000000
__Htext83                                     text83       000000
__Htext84                                     text84       000000
__Htext85                                     text85       000000
__Htext86                                     text86       000000
__Htext87                                     text87       000000
__Htext89                                     text89       000000
__Htext9                                      text9        000000
__Htext90                                     text90       000000
__Htext91                                     text91       000000
__Htext92                                     text92       000000
__Htext93                                     text93       000000
__Htext94                                     text94       000000
__Htext95                                     text95       000000
__Htext96                                     text96       000000
__Htext97                                     text97       000000
__Htext98                                     text98       000000
__Htext99                                     text99       000000
__LRAM                                        (abs)        000001
__Labs1                                       abs1         000000
__Lbank0                                      bank0        000000
__Lbank1                                      bank1        000000
__Lbank10                                     bank10       000000
__Lbank11                                     bank11       000000
__Lbank12                                     bank12       000000
__Lbank13                                     bank13       000000
__Lbank14                                     bank14       000000
__Lbank15                                     bank15       000000
__Lbank2                                      bank2        000000
__Lbank3                                      bank3        000000
__Lbank4                                      bank4        000000
__Lbank5                                      bank5        000000
__Lbank6                                      bank6        000000
__Lbank7                                      bank7        000000
__Lbank8                                      bank8        000000
__Lbank9                                      bank9        000000
__Lbigbss                                     bigbss       000000
__Lbigdata                                    bigdata      000000
__Lbigram                                     bigram       000000
__Lbigsfr                                     bigsfr       000000
__Lbss                                        bss          000000
__LbssBANK0                                   bssBANK0     000000
__LbssBANK1                                   bssBANK1     000000
__LbssCOMRAM                                  bssCOMRAM    000000
__Lcinit                                      cinit        000000
__Lclrtext                                    clrtext      000000
__Lcomram                                     comram       000000
__Lconfig                                     config       000000
__Lconst                                      const        000000
__LcstackBANK0                                cstackBANK0  000000
__LcstackBANK1                                cstackBANK1  000000
__LcstackCOMRAM                               cstackCOMRAM 000000
__Ldata                                       data         000000
__LdataBANK0                                  dataBANK0    000000
__LdataBANK1                                  dataBANK1    000000
__LdataCOMRAM                                 dataCOMRAM   000000
__Leeprom_data                                eeprom_data  000000
__Lfarbss                                     farbss       000000
__Lfardata                                    fardata      000000
__Lheap                                       heap         000000
__Libigdata                                   ibigdata     000000
__Lidata                                      idata        000000
__LidataBANK0                                 idataBANK0   000000
__LidataBANK1                                 idataBANK1   000000
__LidataCOMRAM                                idataCOMRAM  000000
__Lidloc                                      idloc        000000
__Lifardata                                   ifardata     000000
__Linit                                       init         000286
__Lintcode                                    intcode      000008
__Lintcode_body                               intcode_body 000000
__Lintcodelo                                  intcodelo    000018
__Lintentry                                   intentry     000000
__Lintret                                     intret       000000
__Lintsave_regs                               intsave_regs 000000
__Lirdata                                     irdata       000000
__Lmediumconst                                mediumconst  000000
__LnvFARRAM                                   nvFARRAM     000000
__Lnvbit                                      nvbit        000000
__Lnvrram                                     nvrram       000000
__Lparam                                      rparam       000000
__Lpowerup                                    powerup      000286
__Lram                                        ram          000000
__Lramtop                                     ramtop       001000
__Lrbit                                       rbit         000000
__Lrbss                                       rbss         000000
__Lrdata                                      rdata        000000
__Lreset_vec                                  reset_vec    000000
__Lrparam                                     rparam       000000
__Lsfr                                        sfr          000000
__Lsmallconst                                 smallconst   001000
__Lspace_0                                    (abs)        000000
__Lspace_1                                    (abs)        000000
__Lspace_2                                    (abs)        000000
__Lspace_4                                    (abs)        000000
__Lstack                                      stack        000000
__Lstruct                                     struct       000000
__Ltemp                                       temp         000042
__Ltext                                       text         000000
__Ltext0                                      text0        000000
__Ltext1                                      text1        000000
__Ltext10                                     text10       000000
__Ltext11                                     text11       000000
__Ltext12                                     text12       000000
__Ltext13                                     text13       000000
__Ltext14                                     text14       000000
__Ltext15                                     text15       000000
__Ltext16                                     text16       000000
__Ltext17                                     text17       000000
__Ltext18                                     text18       000000
__Ltext19                                     text19       000000
__Ltext2                                      text2        000000
__Ltext20                                     text20       000000
__Ltext21                                     text21       000000
__Ltext22                                     text22       000000
__Ltext23                                     text23       000000
__Ltext24                                     text24       000000
__Ltext25                                     text25       000000
__Ltext26                                     text26       000000
__Ltext27                                     text27       000000
__Ltext28                                     text28       000000
__Ltext29                                     text29       000000
__Ltext3                                      text3        000000
__Ltext30                                     text30       000000
__Ltext31                                     text31       000000
__Ltext32                                     text32       000000
__Ltext33                                     text33       000000
__Ltext34                                     text34       000000
__Ltext35                                     text35       000000
__Ltext36                                     text36       000000
__Ltext37                                     text37       000000
__Ltext38                                     text38       000000
__Ltext39                                     text39       000000
__Ltext4                                      text4        000000
__Ltext40                                     text40       000000
__Ltext41                                     text41       000000
__Ltext42                                     text42       000000
__Ltext43                                     text43       000000
__Ltext44                                     text44       000000
__Ltext45                                     text45       000000
__Ltext46                                     text46       000000
__Ltext47                                     text47       000000
__Ltext48                                     text48       000000
__Ltext49                                     text49       000000
__Ltext5                                      text5        000000
__Ltext50                                     text50       000000
__Ltext51                                     text51       000000
__Ltext52                                     text52       000000
__Ltext53                                     text53       000000
__Ltext54                                     text54       000000
__Ltext55                                     text55       000000
__Ltext56                                     text56       000000
__Ltext57                                     text57       000000
__Ltext58                                     text58       000000
__Ltext59                                     text59       000000
__Ltext6                                      text6        000000
__Ltext60                                     text60       000000
__Ltext61                                     text61       000000
__Ltext62                                     text62       000000
__Ltext63                                     text63       000000
__Ltext64                                     text64       000000
__Ltext65                                     text65       000000
__Ltext66                                     text66       000000
__Ltext67                                     text67       000000
__Ltext68                                     text68       000000
__Ltext69                                     text69       000000
__Ltext7                                      text7        000000
__Ltext70                                     text70       000000
__Ltext71                                     text71       000000
__Ltext72                                     text72       000000
__Ltext73                                     text73       000000
__Ltext74                                     text74       000000
__Ltext75                                     text75       000000
__Ltext76                                     text76       000000
__Ltext77                                     text77       000000
__Ltext78                                     text78       000000
__Ltext79                                     text79       000000
__Ltext8                                      text8        000000
__Ltext80                                     text80       000000
__Ltext82                                     text82       000000
__Ltext83                                     text83       000000
__Ltext84                                     text84       000000
__Ltext85                                     text85       000000
__Ltext86                                     text86       000000
__Ltext87                                     text87       000000
__Ltext89                                     text89       000000
__Ltext9                                      text9        000000
__Ltext90                                     text90       000000
__Ltext91                                     text91       000000
__Ltext92                                     text92       000000
__Ltext93                                     text93       000000
__Ltext94                                     text94       000000
__Ltext95                                     text95       000000
__Ltext96                                     text96       000000
__Ltext97                                     text97       000000
__Ltext98                                     text98       000000
__Ltext99                                     text99       000000
__S0                                          (abs)        005D4C
__S1                                          (abs)        000181
__S4                                          (abs)        000000
__S5                                          (abs)        000000
___awdiv                                      text40       00410E
___awdiv@counter                              cstackBANK1  000176
___awdiv@dividend                             cstackBANK1  000172
___awdiv@divisor                              cstackBANK1  000174
___awdiv@quotient                             cstackBANK1  000178
___awdiv@sign                                 cstackBANK1  000177
___awmod                                      text39       004048
___awmod@counter                              cstackBANK0  0000B0
___awmod@dividend                             cstackBANK1  00016E
___awmod@divisor                              cstackBANK1  000170
___awmod@sign                                 cstackBANK0  0000B1
___fladd                                      text51       0015A2
___fladd@a                                    cstackBANK0  0000A4
___fladd@aexp                                 cstackBANK0  0000AD
___fladd@b                                    cstackBANK0  0000A0
___fladd@bexp                                 cstackBANK0  0000AE
___fladd@grs                                  cstackBANK0  0000AF
___fladd@signs                                cstackBANK0  0000AC
___fldiv                                      text68       00225A
___fldiv@a                                    cstackBANK0  000072
___fldiv@aexp                                 cstackBANK0  000086
___fldiv@b                                    cstackBANK0  00006E
___fldiv@bexp                                 cstackBANK0  000085
___fldiv@grs                                  cstackBANK0  000081
___fldiv@new_exp                              cstackBANK0  00007F
___fldiv@rem                                  cstackBANK0  00007A
___fldiv@sign                                 cstackBANK0  00007E
___flmul                                      text59       001A64
___flmul@a                                    cstackBANK0  00008B
___flmul@aexp                                 cstackBANK0  000094
___flmul@b                                    cstackBANK0  000087
___flmul@bexp                                 cstackBANK0  000099
___flmul@grs                                  cstackBANK0  000095
___flmul@prod                                 cstackBANK0  00009A
___flmul@sign                                 cstackBANK0  000093
___flmul@temp                                 cstackBANK0  00009E
___fltol                                      text58       00380E
___fltol@exp1                                 cstackCOMRAM 000025
___fltol@f1                                   cstackBANK1  000166
___fltol@sign1                                cstackCOMRAM 000024
___heap_hi                                    (abs)        000000
___heap_lo                                    (abs)        000000
___inthi_sp                                   stack        000000
___intlo_sp                                   stack        000000
___param_bank                                 (abs)        000000
___rparam_used                                (abs)        000001
___sp                                         stack        000000
___wmul                                       text4        005BF4
___wmul@multiplicand                          cstackCOMRAM 000020
___wmul@multiplier                            cstackCOMRAM 00001E
___wmul@product                               cstackCOMRAM 000022
___xxtofl                                     text67       002BFE
___xxtofl@arg                                 cstackBANK0  00006A
___xxtofl@exp                                 cstackBANK0  000069
___xxtofl@sign                                cstackBANK0  000068
___xxtofl@val                                 cstackBANK0  000060
__accesstop                                   (abs)        000060
__activetblptr                                (abs)        000003
__end_of_ADC_Get_Conversion_Blocking          text5        00508E
__end_of_ADC_Get_Conversion_Results           text8        004712
__end_of_ADC_ISR                              text87       005D48
__end_of_ADC_Init                             text35       004DCA
__end_of_ADC_Start_Conversion                 text7        005C8A
__end_of_ADC_select_channel                   text6        0059CA
__end_of_Bluetooth_Send_Data_Non_Blocking     text77       005ACC
__end_of_CCP_Capture_Mode_Config              text25       003492
__end_of_CCP_Compare_Mode_Config              text24       0030A6
__end_of_CCP_Init                             text20       003B10
__end_of_CCP_Interrupt_Config                 text23       005D46
__end_of_CCP_Mode_Timer_Select                text26       005304
__end_of_CCP_PWM_Mode_Config                  text21       004C92
__end_of_CCP_PWM_Set_Duty                     text57       002F3E
__end_of_CCP_PWM_Start                        text19       0058AC
__end_of_DHT11_Check_Response                 text64       005AF8
__end_of_DHT11_Read_Data                      text63       004EEA
__end_of_DHT11_Start                          text62       005CCC
__end_of_ECU_DC_Motor_Init                    text18       005C40
__end_of_ECU_DC_Motor_Run_Left                text60       005BF4
__end_of_ECU_DC_Motor_Run_Right               text48       005BCC
__end_of_EUSART_Async_Init                    text30       0057F2
__end_of_EUSART_Async_Read_Data               text75       002806
__end_of_EUSART_Async_Read_Data_Blocking      text74       0054C0
__end_of_EUSART_Async_Transmit_Data           text78       003BF6
__end_of_EUSART_Rx_ISR                        text91       005B50
__end_of_EUSART_Tx_ISR                        text90       005D4C
__end_of_Ecu_Stepper_Init                     text27       00521A
__end_of_GPIO_Pin_Direction_Initialize        text29       003352
__end_of_GPIO_Pin_Initialize                  text28       005952
__end_of_GPIO_Pin_Read_Logic                  text71       004B4A
__end_of_GPIO_Pin_Toggle_Logic                text76       005374
__end_of_GPIO_Pin_Write_Logic                 text73       0036FE
__end_of_GPS_Service                          text72       00320E
__end_of_Get_Distance                         text65       00380E
__end_of_Get_Temp_HUM                         text61       004BF0
__end_of_HAL_Timer0_Init                      text11       003A16
__end_of_HAL_Timer0_Read_Val                  text70       0049EE
__end_of_HAL_Timer0_Write_Val                 text69       005B7A
__end_of_I2C_Master_Mode_Clock_Configurations text17       00493C
__end_of_I2C_Pin_Configurations               text16       005D3A
__end_of_I2C_Slave_Mode_Clock_Configurations  text15       005A6C
__end_of_INT1_ISR                             text86       005D44
__end_of_InterruptManagerHigh                 intcode_body 003DBE
__end_of_InterruptManagerLow                  intcodelo    000286
__end_of_MSSP_I2C_Init                        text14       0035D0
__end_of_MSSP_I2C_Master_Send_Start           text55       005A3A
__end_of_MSSP_I2C_Master_Send_Stop            text54       005A02
__end_of_MSSP_I2C_Master_Write_Blocking       text53       005528
__end_of_PCA_Write_Reg                        text52       00572E
__end_of_RB4_ISR                              text85       005D34
__end_of_RB5_ISR                              text84       005D1A
__end_of_RB6_ISR                              text83       005D00
__end_of_RB7_ISR                              text82       005CE6
__end_of_Robot_Move_Backward                  text49       004654
__end_of_Robot_Move_Forward                   text47       004594
__end_of_Robot_Nav_Init                       text12       005004
__end_of_Robot_Steer_Left                     text46       0044D4
__end_of_Robot_Steer_Left_Backward            text45       004886
__end_of_Robot_Steer_Left_Forward             text44       004414
__end_of_Robot_Steer_Right                    text43       004354
__end_of_Robot_Steer_Right_Backward           text42       0047CC
__end_of_Robot_Steer_Right_Forward            text41       004294
__end_of_Robot_Steer_Stop                     text56       005C66
__end_of_Rx_config_interrupt                  text34       004D34
__end_of_ServoDriver_Init                     text13       004048
__end_of_Servo_SetAngle                       text50       003CDA
__end_of_TMR0_ISR                             text89       005D4A
__end_of_Timer2_Init                          text22       005452
__end_of_Ultra_Sonic_Init                     text10       005902
__end_of___awdiv                              text40       0041D4
__end_of___awmod                              text39       00410E
__end_of___fladd                              text51       001A64
__end_of___fldiv                              text68       0025F6
__end_of___flmul                              text59       001E90
__end_of___fltol                              text58       003916
__end_of___wmul                               text4        005C1A
__end_of___xxtofl                             text67       002DB6
__end_of__initialization                      cinit        004F6E
__end_of_adc_channel_pin_config_as_input      text38       003F7A
__end_of_adc_select_result_formate            text37       005850
__end_of_adc_select_voltage_reference         text36       005792
__end_of_application_intialize                text9        002BFE
__end_of_async_Rx_config                      text33       004A9C
__end_of_async_Tx_config                      text32       004E5A
__end_of_async_config_baud_rate_gen           text31       00225A
__end_of_battery_level                        text3        005294
__end_of_calc_parity_even                     text80       0055F8
__end_of_calc_parity_odd                      text79       005590
__end_of_main                                 text0        0015A2
__end_of_send_trig_pulse                      text66       005B24
__end_of_stepper_move_one_deg_ccw             text2        00519E
__end_of_stepper_move_one_deg_cw              text1        005116
__end_of_usart_isr                            text92       005A9E
__end_ofi2_Bluetooth_Send_Data_Non_Blocking   text95       005BA4
__end_ofi2_EUSART_Async_Read_Data             text94       002A10
__end_ofi2_EUSART_Async_Transmit_Data         text96       003EA2
[...]
__ptext4                                      text4        005BF4
__ptext40                                     text40       00410E
__ptext41                                     text41       0041D4
__ptext42                                     text42       004712
__ptext43                                     text43       004294
__ptext44                                     text44       004354
__ptext45                                     text45       0047CC
__ptext46                                     text46       004414
__ptext47                                     text47       0044D4
__ptext48                                     text48       005BA4
__ptext49                                     text49       004594
__ptext5                                      text5        005004
__ptext50                                     text50       003BF6
__ptext51                                     text51       0015A2
__ptext52                                     text52       0056C8
__ptext53                                     text53       0054C0
__ptext54                                     text54       0059CA
__ptext55                                     text55       005A02
__ptext56                                     text56       005C40
__ptext57                                     text57       002DB6
__ptext58                                     text58       00380E
__ptext59                                     text59       001A64
__ptext6                                      text6        005990
__ptext60                                     text60       005BCC
__ptext61                                     text61       004B4A
__ptext62                                     text62       005CAE
__ptext63                                     text63       004E5A
__ptext64                                     text64       005ACC
__ptext65                                     text65       0036FE
__ptext66                                     text66       005AF8
__ptext67                                     text67       002BFE
__ptext68                                     text68       00225A
__ptext69                                     text69       005B50
__ptext7                                      text7        005C66
__ptext70                                     text70       00493C
__ptext71                                     text71       004A9C
__ptext72                                     text72       0030A6
__ptext73                                     text73       0035D0
__ptext74                                     text74       005452
__ptext75                                     text75       0025F6
__ptext76                                     text76       005304
__ptext77                                     text77       005A9E
__ptext78                                     text78       003B10
__ptext79                                     text79       005528
__ptext8                                      text8        004654
__ptext80                                     text80       005590
__ptext82                                     text82       005CCC
__ptext83                                     text83       005CE6
__ptext84                                     text84       005D00
__ptext85                                     text85       005D1A
__ptext86                                     text86       005D40
__ptext87                                     text87       005D46
__ptext89                                     text89       005D48
__ptext9                                      text9        002A10
__ptext90                                     text90       005D4A
__ptext91                                     text91       005B24
__ptext92                                     text92       005A6C
__ptext93                                     text93       005374
__ptext94                                     text94       002806
__ptext95                                     text95       005B7A
__ptext96                                     text96       003DBE
__ptext97                                     text97       0055F8
__ptext98                                     text98       005660
__ptext99                                     text99       000000
__ramtop                                      ramtop       001000
__smallconst                                  smallconst   001000
__uart_obj                                    dataBANK1    000114
_adc_channel_pin_config_as_input              text38       003EA2
_adc_select_result_formate                    text37       0057F2
_adc_select_voltage_reference                 text36       00572E
_application_intialize                        text9        002A10
_async_Rx_config                              text33       0049EE
_async_Tx_config                              text32       004DCA
_async_config_baud_rate_gen                   text31       001E90
_async_config_baud_rate_gen$5828              cstackBANK1  000175
_battery_adc                                  dataBANK1    000138
_battery_level                                text3        00521A
_battery_volt_adc_read                        bssCOMRAM    00003A
_battery_volt_f                               dataBANK0    0000E7
_blue                                         dataCOMRAM   00003E
_calc_parity_even                             text80       005590
_calc_parity_odd                              text79       005528
_counter                                      bssCOMRAM    000037
_datarecive                                   bssBANK0     0000D8
_datasend                                     dataCOMRAM   00003D
_distance                                     bssBANK0     0000D4
_driller_PIN                                  dataBANK0    0000FC
_eusart_Rx_InterruptHandler                   bssCOMRAM    000034
_eusart_frameerr_CallBack                     bssBANK0     0000C7
_eusart_overrunerr_CallBack                   bssBANK0     0000C9
_flags                                        dataCOMRAM   000040
_gps                                          dataCOMRAM   00003F
_gpstemp                                      bssCOMRAM    00003C
_i                                            bssCOMRAM    000036
_i2c_obj                                      dataBANK0    0000EB
_lat_registers                                dataBANK0    0000DD
_latitude                                     bssBANK1     000159
_longtude                                     bssBANK1     00014C
_main                                         text0        001048
_main$5829                                    cstackBANK1  00017F
_port_registers                               dataBANK1    000100
_preloaded_val                                bssBANK0     0000B5
_selector                                     dataCOMRAM   000041
_send_trig_pulse                              text66       005AF8
_servo1Pos                                    bssBANK0     0000CE
_servo2Pos                                    bssBANK0     0000CD
_servo3Pos                                    bssBANK0     0000CC
_servo4Pos                                    bssBANK0     0000CB
_servo_driver_obj                             dataBANK0    0000F2
_stepper_base                                 dataBANK0    0000F8
_stepper_move_one_deg_ccw                     text2        005116
_stepper_move_one_deg_cw                      text1        00508E
_stepper_pos                                  bssCOMRAM    000038
_timer0                                       bssBANK0     0000D0
_tris_registers                               dataBANK1    00010A
_ultrasonic                                   dataBANK0    0000F6
_usart_isr                                    text92       005A6C
adc_channel_pin_config_as_input@_channel      cstackCOMRAM 000020
adc_select_result_formate@_adc                cstackCOMRAM 00001E
adc_select_voltage_reference@_adc             cstackCOMRAM 00001E
async_Rx_config@_rx_obj                       cstackCOMRAM 000021
async_Rx_config@ret_val                       cstackCOMRAM 000023
async_Tx_config@_tx_obj                       cstackCOMRAM 00001E
async_Tx_config@ret_val                       cstackCOMRAM 000020
async_config_baud_rate_gen@Baudrate_temp      cstackBANK1  000171
async_config_baud_rate_gen@_eusart_obj        cstackBANK0  0000B0
async_config_baud_rate_gen@ret_val            cstackBANK1  000170
btemp                                         temp         000042
calc_parity_even@data                         cstackCOMRAM 000020
calc_parity_even@l_counter                    cstackCOMRAM 000022
calc_parity_even@number_of_ones               cstackCOMRAM 000021
calc_parity_odd@data                          cstackCOMRAM 000020
calc_parity_odd@l_counter                     cstackCOMRAM 000022
calc_parity_odd@number_of_ones                cstackCOMRAM 000021
end_of_initialization                         cinit        004F6E
i2Bluetooth_Send_Data_Non_Blocking@_uart_obj  cstackCOMRAM 00000C
i2Bluetooth_Send_Data_Non_Blocking@data       cstackCOMRAM 00000E
i2EUSART_Async_Read_Data@_eusart_obj          cstackCOMRAM 000006
i2EUSART_Async_Read_Data@data                 cstackCOMRAM 000008
i2EUSART_Async_Read_Data@l_temp_data          cstackCOMRAM 000012
i2EUSART_Async_Transmit_Data@_eusart_obj      cstackCOMRAM 000006
i2EUSART_Async_Transmit_Data@data             cstackCOMRAM 000008
i2GPIO_Pin_Toggle_Logic@_pin_config           cstackCOMRAM 000001
i2_Bluetooth_Send_Data_Non_Blocking           text95       005B7A
i2_EUSART_Async_Read_Data                     text94       002806
i2_EUSART_Async_Read_Data$2030                cstackCOMRAM 00000C
i2_EUSART_Async_Read_Data$2031                cstackCOMRAM 00000E
i2_EUSART_Async_Read_Data$2032                cstackCOMRAM 000010
i2_EUSART_Async_Transmit_Data                 text96       003DBE
i2_GPIO_Pin_Toggle_Logic                      text93       005374
i2_calc_parity_even                           text98       005660
i2_calc_parity_odd                            text97       0055F8
i2calc_parity_even@data                       cstackCOMRAM 000003
i2calc_parity_even@l_counter                  cstackCOMRAM 000005
i2calc_parity_even@number_of_ones             cstackCOMRAM 000004
i2calc_parity_odd@data                        cstackCOMRAM 000003
i2calc_parity_odd@l_counter                   cstackCOMRAM 000005
i2calc_parity_odd@number_of_ones              cstackCOMRAM 000004
int$flags                                     temp         000042
int_func                                      intcode_body 003CDA
intlevel0                                     text         000000
intlevel1                                     text         000000
intlevel2                                     text         000000
intlevel3                                     text         000000
isa$std                                       (abs)        000001
isa$xinst                                     (abs)        000000
send_trig_pulse@ultrasonic_object             cstackCOMRAM 000022
stackhi                                       (abs)        000000
stacklo                                       (abs)        000000
start                                         init         000286
start_initialization                          cinit        004EEA
stepper_move_one_deg_ccw@i                    cstackCOMRAM 000024
stepper_move_one_deg_ccw@stepper              cstackCOMRAM 000022
stepper_move_one_deg_cw@i                     cstackCOMRAM 000024
stepper_move_one_deg_cw@stepper               cstackCOMRAM 000022
ttemp5                                        temp         000043
ttemp6                                        temp         000046
ttemp7                                        temp         00004A
wtemp8                                        temp         000043


MODULE INFORMATION

Module		Function		Class		Link	Load	Size
MCAL/TIMER2/mcal_timer2.c
		_Timer2_Init   		CODE           	53E4	0000	110

MCAL/TIMER2/mcal_timer2.c estimated size: 110

C:\Program Files\Microchip\xc8\v2.36\pic\sources\c99\common\sprcmul.c
		___flmul       		CODE           	1A64	0000	1068

C:\Program Files\Microchip\xc8\v2.36\pic\sources\c99\common\sprcmul.c estimated size: 1068

MCAL/Interrupts/mcal_external_interrupt.c
		_RB4_ISR       		CODE           	5D1A	0000	26
		_RB5_ISR       		CODE           	5D00	0000	26
		_RB6_ISR       		CODE           	5CE6	0000	26
		_RB7_ISR       		CODE           	5CCC	0000	26
		_INT1_ISR      		CODE           	5D40	0000	4

MCAL/Interrupts/mcal_external_interrupt.c estimated size: 108

MCAL/I2C/mcal_i2c.c
		_MSSP_I2C_Init 		CODE           	3492	0000	318
		_MSSP_I2C_Master_Send_Stop		CODE           	59CA	0000	56
		_MSSP_I2C_Master_Send_Start		CODE           	5A02	0000	56
		_I2C_Slave_Mode_Clock_Configurations		CODE           	5A3A	0000	50
		_I2C_Master_Mode_Clock_Configurations		CODE           	4886	0000	182
		_MSSP_I2C_Master_Write_Blocking		CODE           	54C0	0000	104
		_I2C_Pin_Configurations		CODE           	5D34	0000	6

MCAL/I2C/mcal_i2c.c estimated size: 772

C:\Program Files\Microchip\xc8\v2.36\pic\sources\c99\common\sprcdiv.c
		___fldiv       		CODE           	225A	0000	924

C:\Program Files\Microchip\xc8\v2.36\pic\sources\c99\common\sprcdiv.c estimated size: 924

C:\Program Files\Microchip\xc8\v2.36\pic\sources\c99\common\awmod.c
		___awmod       		CODE           	4048	0000	198

C:\Program Files\Microchip\xc8\v2.36\pic\sources\c99\common\awmod.c estimated size: 198

MCAL/Timer0/hal_timer0.c
		_HAL_Timer0_Write_Val		CODE           	5B50	0000	42
		_HAL_Timer0_Init		CODE           	3916	0000	256
		_TMR0_ISR      		CODE           	5D48	0000	2
		_HAL_Timer0_Read_Val		CODE           	493C	0000	178

MCAL/Timer0/hal_timer0.c estimated size: 478

C:\Program Files\Microchip\xc8\v2.36\pic\sources\c99\common\xxtofl.c
		___xxtofl      		CODE           	2BFE	0000	440

C:\Program Files\Microchip\xc8\v2.36\pic\sources\c99\common\xxtofl.c estimated size: 440

ECU/DC_Motor/ecu_dc_motor.c
		_ECU_DC_Motor_Run_Left		CODE           	5BCC	0000	40
		_ECU_DC_Motor_Run_Right		CODE           	5BA4	0000	40
		_ECU_DC_Motor_Init		CODE           	5C1A	0000	38

ECU/DC_Motor/ecu_dc_motor.c estimated size: 118

MCAL/GPIO/hal_gpio.c
		_GPIO_Pin_Read_Logic		CODE           	4A9C	0000	174
		_GPIO_Pin_Toggle_Logic		CODE           	5304	0000	112
		_GPIO_Pin_Direction_Initialize		CODE           	320E	0000	324
		_GPIO_Pin_Initialize		CODE           	5902	0000	80
		_GPIO_Pin_Write_Logic		CODE           	35D0	0000	302

MCAL/GPIO/hal_gpio.c estimated size: 992

C:\Program Files\Microchip\xc8\v2.36\pic\sources\c99\common\sprcadd.c
		___fladd       		CODE           	15A2	0000	1218

C:\Program Files\Microchip\xc8\v2.36\pic\sources\c99\common\sprcadd.c estimated size: 1218

MCAL/Interrupts/mcal_interrupt_manager.c
		_InterruptManagerLow		CODE           	0018	0000	622
		_InterruptManagerHigh		CODE           	0008	0000	234

MCAL/Interrupts/mcal_interrupt_manager.c estimated size: 856

C:\Program Files\Microchip\xc8\v2.36\pic\sources\c99\common\awdiv.c
		___awdiv       		CODE           	410E	0000	198

C:\Program Files\Microchip\xc8\v2.36\pic\sources\c99\common\awdiv.c estimated size: 198

C:\Program Files\Microchip\xc8\v2.36\pic\sources\c99\common\fltol.c
		___fltol       		CODE           	380E	0000	264

C:\Program Files\Microchip\xc8\v2.36\pic\sources\c99\common\fltol.c estimated size: 264

shared
		i2_calc_parity_odd		CODE           	55F8	0000	104
		__initialization		CODE           	4EEA	0000	132
		i2_EUSART_Async_Read_Data		CODE           	2806	0000	522
		i2_EUSART_Async_Transmit_Data		CODE           	3DBE	0000	228
		i2_GPIO_Pin_Toggle_Logic		CODE           	5374	0000	112
		i2_Bluetooth_Send_Data_Non_Blocking		CODE           	5B7A	0000	42
		i2_calc_parity_even		CODE           	5660	0000	104

shared estimated size: 1244

MCAL/CCP/hal_ccp.c
		_CCP_Capture_Mode_Config		CODE           	3352	0000	320
		_CCP_Mode_Timer_Select		CODE           	5294	0000	112
		_CCP_PWM_Mode_Config		CODE           	4BF0	0000	162
		_CCP_Init      		CODE           	3A16	0000	250
		_CCP_PWM_Start 		CODE           	5850	0000	92
		_CCP_PWM_Set_Duty		CODE           	2DB6	0000	392
		_CCP_Compare_Mode_Config		CODE           	2F3E	0000	360
		_CCP_Interrupt_Config		CODE           	5D44	0000	2

MCAL/CCP/hal_ccp.c estimated size: 1690

Robot/Navigation/robot_navigation.c
		_Robot_Steer_Stop		CODE           	5C40	0000	38
		_Robot_Steer_Right_Forward		CODE           	41D4	0000	192
		_Robot_Steer_Right_Backward		CODE           	4712	0000	186
		_Robot_Steer_Right		CODE           	4294	0000	192
		_Robot_Steer_Left_Backward		CODE           	47CC	0000	186
		_Robot_Move_Forward		CODE           	44D4	0000	192
		_Robot_Steer_Left_Forward		CODE           	4354	0000	192
		_Robot_Move_Backward		CODE           	4594	0000	192
		_Robot_Nav_Init		CODE           	4F78	0000	140
		_Robot_Steer_Left		CODE           	4414	0000	192

Robot/Navigation/robot_navigation.c estimated size: 1702

ECU/SERVO_MOTOR_CONTROL_BY_I2C/ecu_servo_motor_i2c.c
		_ServoDriver_Init		CODE           	3F7A	0000	206
		_Servo_SetAngle		CODE           	3BF6	0000	228
		_PCA_Write_Reg 		CODE           	56C8	0000	102

ECU/SERVO_MOTOR_CONTROL_BY_I2C/ecu_servo_motor_i2c.c estimated size: 536

Robot/sensors/ultrasonic/ultrasonic.c
		_send_trig_pulse		CODE           	5AF8	0000	44
		_Get_Distance  		CODE           	36FE	0000	272
		_Ultra_Sonic_Init		CODE           	58AC	0000	86

Robot/sensors/ultrasonic/ultrasonic.c estimated size: 402

MCAL/EUSART/mcal_EUSART.c
		_EUSART_Async_Transmit_Data		CODE           	3B10	0000	230
		_Rx_config_interrupt		CODE           	4C92	0000	162
		_calc_parity_even		CODE           	5590	0000	104
		_EUSART_Rx_ISR 		CODE           	5B24	0000	44
		_EUSART_Tx_ISR 		CODE           	5D4A	0000	2
		_async_Tx_config		CODE           	4DCA	0000	144
		_EUSART_Async_Init		CODE           	5792	0000	96
		_calc_parity_odd		CODE           	5528	0000	104
		_async_config_baud_rate_gen		CODE           	1E90	0000	970
		_EUSART_Async_Read_Data_Blocking		CODE           	5452	0000	110
		_EUSART_Async_Read_Data		CODE           	25F6	0000	528
		_async_Rx_config		CODE           	49EE	0000	174

MCAL/EUSART/mcal_EUSART.c estimated size: 2668

application.c
		_battery_level 		CODE           	521A	0000	122
		_main          		CODE           	1048	0000	1370
		_application_intialize		CODE           	2A10	0000	494
		_usart_isr     		CODE           	5A6C	0000	50
		_GPS_Service   		CODE           	30A6	0000	360

application.c estimated size: 2396

Robot/sensors/DHT11/DHT.c
		_DHT11_Read_Data		CODE           	4E5A	0000	144
		_Get_Temp_HUM  		CODE           	4B4A	0000	166
		_DHT11_Start   		CODE           	5CAE	0000	30
		_DHT11_Check_Response		CODE           	5ACC	0000	44

Robot/sensors/DHT11/DHT.c estimated size: 384

ECU/Bluetooth/Bluetooth.c
		_Bluetooth_Send_Data_Non_Blocking		CODE           	5A9E	0000	46

ECU/Bluetooth/Bluetooth.c estimated size: 46

MCAL/ADC/mcal_adc.c
		_ADC_Start_Conversion		CODE           	5C66	0000	36
		_ADC_Get_Conversion_Results		CODE           	4654	0000	190
		_ADC_Get_Conversion_Blocking		CODE           	5004	0000	138
		_ADC_select_channel		CODE           	5990	0000	58
		_adc_channel_pin_config_as_input		CODE           	3EA2	0000	216
		_adc_select_result_formate		CODE           	57F2	0000	94
		_ADC_ISR       		CODE           	5D46	0000	2
		_adc_select_voltage_reference		CODE           	572E	0000	100
		_ADC_Init      		CODE           	4D34	0000	150

MCAL/ADC/mcal_adc.c estimated size: 984

C:\Program Files\Microchip\xc8\v2.36\pic\sources\c99\common\Umul16.c
		___wmul        		CODE           	5BF4	0000	38

C:\Program Files\Microchip\xc8\v2.36\pic\sources\c99\common\Umul16.c estimated size: 38

ECU/stepper/ecu_stepper.c
		_stepper_move_one_deg_ccw		CODE           	5116	0000	136
		_stepper_move_one_deg_cw		CODE           	508E	0000	136
		_Ecu_Stepper_Init		CODE           	519E	0000	124

ECU/stepper/ecu_stepper.c estimated size: 396

