Microchip MPLAB XC8 Compiler V2.36

Linker command line:

-W-3 --edf=C:\Program Files\Microchip\xc8\v2.36\pic\dat\en_msgs.txt -cn \
  -h+dist/default/production\graduation_project.production.sym \
  --cmf=dist/default/production\graduation_project.production.cmf -z \
  -Q18F46K20 -oC:\Users\ahmed radwan\AppData\Local\Temp\xcAsbg8.4 \
  --defsym=__MPLAB_BUILD=1 \
  -Mdist/default/production/graduation_project.production.map \
  --md=C:\Users\ahmed radwan\AppData\Local\Temp\xcAsbg8.dat -E1 \
  -ver=XC8 Compiler --acfsm=1493 -ACODE=00h-0FFFFh -ACONST=00h-0FFFFh \
  -ASMALLCONST=01000h-010FFhx240 -AMEDIUMCONST=01000h-0FFFFh \
  -ACOMRAM=01h-05Fh -AABS1=00h-0F5Fh -ABIGRAM=01h-0F5Fh \
  -ARAM=060h-0FFh,0100h-01FFhx14,0F00h-0F5Fh -ABANK0=060h-0FFh \
  -ABANK1=0100h-01FFh -ABANK2=0200h-02FFh -ABANK3=0300h-03FFh \
  -ABANK4=0400h-04FFh -ABANK5=0500h-05FFh -ABANK6=0600h-06FFh \
  -ABANK7=0700h-07FFh -ABANK8=0800h-08FFh -ABANK9=0900h-09FFh \
  -ABANK10=0A00h-0AFFh -ABANK11=0B00h-0BFFh -ABANK12=0C00h-0CFFh \
  -ABANK13=0D00h-0DFFh -ABANK14=0E00h-0EFFh -ABANK15=0F00h-0F5Fh \
  -ASFR=0F60h-0FFFh -ABIGSFR=0F60h-0FFFh -ACONFIG=0300000h-030000Dh \
  -AIDLOC=0200000h-0200007h -AEEDATA=0F00000h-0F003FFh -peeprom_data=EEDATA \
  -preset_vec=00h,intcode=08h,intcodelo=018h,powerup,init -pramtop=01000h \
  -psmallconst=SMALLCONST -pmediumconst=MEDIUMCONST -pconst=CONST \
  -AFARRAM=00h-00h \
  -prdata=COMRAM,nvrram=COMRAM,nvbit=COMRAM,rbss=COMRAM,rbit=COMRAM \
  -pfarbss=FARRAM,fardata=FARRAM,nvFARRAM=FARRAM \
  -pintsave_regs=BIGRAM,bigbss=BIGRAM,bigdata=BIGRAM -pbss=RAM \
  -pidata=CODE,irdata=CODE,ibigdata=CODE,ifardata=CODE -prparam=COMRAM \
  C:\Users\ahmed radwan\AppData\Local\Temp\xcAsbg8.o \
  dist/default/production\graduation_project.production.o 

Object code version is 3.11

Machine type is 18F46K20



                Name                               Link     Load   Length Selector   Space Scale
C:\Users\ahmed radwan\AppData\Local\Temp\xcAsbg8.o
                idloc                            200000   200000        8        0       5
                config                           300000   300000        E        0       4
                init                                286      286        4        C       0
                reset_vec                             0        0        4        0       0
dist/default/production\graduation_project.production.o
                intcodelo                            18       18      26E        C       0
                intcode                               8        8        6        4       0
                idloc                            200000   200000        8        0       5
                config                           300000   300000        E        0       4
                temp                                 42       42        1        1       1
                smallconst                         1000     1000       48      800       0
                text78                             4696     4696       68      824       0
                text77                             462E     462E       68      824       0
                text76                             36AE     36AE       E4      824       0
                text75                             4ADE     4ADE       2A     2518       0
                text74                             2286     2286      20A      824       0
                text73                             43AA     43AA       70      824       0
                text72                             49CE     49CE       32      824       0
                text71                             4A88     4A88       2C     2518       0
                text70                             4C64     4C64        2     2518       0
                text69                             4C62     4C62        2     2518       0
                intcode_body                       35CA     35CA       E4      824       0
                text67                             4C60     4C60        2     2518       0
                text66                             4C5A     4C5A        4     2518       0
                text65                             4C32     4C32       1A     2518       0
                text64                             4C18     4C18       1A     2518       0
                text63                             4BFE     4BFE       1A     2518       0
                text62                             4BE4     4BE4       1A     2518       0
                text60                             433A     433A       70      824       0
                text59                             45C6     45C6       68      824       0
                text58                             455E     455E       68      824       0
                text57                             2076     2076      210      824       0
                text56                             4488     4488       6E      824       0
                text55                             2FA2     2FA2      12E      824       0
                text54                             293C     293C      16C      824       0
                text53                             3E3E     3E3E       AE      824       0
                text52                             3D8A     3D8A       B4      824       0
                text51                             4AB4     4AB4       2A     2518       0
                text50                             19D2     19D2      39C      824       0
                text49                             2490     2490      1B8      824       0
                text48                             4A5C     4A5C       2C     2518       0
                text47                             30D0     30D0      10E      824       0
                text46                             4A30     4A30       2C     2518       0
                text45                             4034     4034       90      824       0
                text44                             4BC6     4BC6       1E     2518       0
                text43                             3EEC     3EEC       A6      824       0
                text42                             4B30     4B30       28     2518       0
                text41                             15A6     15A6      42C      824       0
                text40                             31DE     31DE      108      824       0
                text39                             2648     2648      188      824       0
                text38                             4B7E     4B7E       26     2518       0
                text37                             4964     4964       38      824       0
                text36                             492C     492C       38      824       0
                text35                             44F6     44F6       68      824       0
                text34                             47CA     47CA       66      824       0
                text33                             1048     1048      55E      824       0
                text32                             34E2     34E2       E8      824       0
                text31                             3AA0     3AA0       C0      824       0
                text30                             4B08     4B08       28     2518       0
                text29                             39E0     39E0       C0      824       0
                text28                             3C1A     3C1A       BA      824       0
                text27                             3920     3920       C0      824       0
                text26                             3B60     3B60       BA      824       0
                text25                             3860     3860       C0      824       0
                text24                             2AA8     2AA8      146      824       0
                text23                             48E2     48E2       4A      824       0
                text22                             41DE     41DE       7C      824       0
                text21                             42CA     42CA       70      824       0
                text20                             2BEE     2BEE      144      824       0
                text19                             27D0     27D0      16C      824       0
                text18                             4C5E     4C5E        2     2518       0
                text17                             441A     441A       6E      824       0
                text16                             3F92     3F92       A2      824       0
                text15                             33E8     33E8       FA      824       0
                text14                             4830     4830       5C      824       0
                text13                             4B58     4B58       26     2518       0
                text12                             3CD4     3CD4       B6      824       0
                text11                             4C54     4C54        6     2518       0
                text10                             499C     499C       32      824       0
                text9                              2D32     2D32      13E      824       0
                text8                              3792     3792       CE      824       0
                text7                              4152     4152       8C      824       0
                text6                              32E6     32E6      102      824       0
                text5                              488C     488C       56      824       0
                text4                              2E70     2E70      132      824       0
                text3                              425A     425A       70      824       0
                text2                              4764     4764       66      824       0
                text1                              46FE     46FE       66      824       0
                text0                              1D6E     1D6E      308      824       0
                cstackCOMRAM                          1        1       24        1       1
                cstackBANK0                          60       60       46       60       1
                cstackBANK1                         14B      14B       1B      100       1
                dataBANK1                           129      129       22      100       1
                bssBANK1                            100      100       29      100       1
                dataBANK0                            A6       A6       2F       60       1
                bssBANK0                             D5       D5       2B       60       1
                dataCOMRAM                           3A       3A        8        1       1
                bssCOMRAM                            25       25       15        1       1
                cinit                              40C4     40C4       8E      824       0
                idataBANK1                         4BA4     4BA4       22     2518       0
                idataBANK0                         4A00     4A00       2F      824       0
                idataCOMRAM                        4C4C     4C4C        8     2518       0

TOTAL           Name                               Link     Load   Length     Space
        CLASS   CODE           
                intcodelo                            18       18      26E         0
                intcode                               8        8        6         0
                init                                286      286        4         0
                reset_vec                             0        0        4         0
                text78                             4696     4696       68         0
                text77                             462E     462E       68         0
                text76                             36AE     36AE       E4         0
                text75                             4ADE     4ADE       2A         0
                text74                             2286     2286      20A         0
                text73                             43AA     43AA       70         0
                text72                             49CE     49CE       32         0
                text71                             4A88     4A88       2C         0
                text70                             4C64     4C64        2         0
                text69                             4C62     4C62        2         0
                intcode_body                       35CA     35CA       E4         0
                text67                             4C60     4C60        2         0
                text66                             4C5A     4C5A        4         0
                text65                             4C32     4C32       1A         0
                text64                             4C18     4C18       1A         0
                text63                             4BFE     4BFE       1A         0
                text62                             4BE4     4BE4       1A         0
                text60                             433A     433A       70         0
                text59                             45C6     45C6       68         0
                text58                             455E     455E       68         0
                text57                             2076     2076      210         0
                text56                             4488     4488       6E         0
                text55                             2FA2     2FA2      12E         0
                text54                             293C     293C      16C         0
                text53                             3E3E     3E3E       AE         0
                text52                             3D8A     3D8A       B4         0
                text51                             4AB4     4AB4       2A         0
                text50                             19D2     19D2      39C         0
                text49                             2490     2490      1B8         0
                text48                             4A5C     4A5C       2C         0
                text47                             30D0     30D0      10E         0
                text46                             4A30     4A30       2C         0
                text45                             4034     4034       90         0
                text44                             4BC6     4BC6       1E         0
                text43                             3EEC     3EEC       A6         0
                text42                             4B30     4B30       28         0
                text41                             15A6     15A6      42C         0
                text40                             31DE     31DE      108         0
                text39                             2648     2648      188         0
                text38                             4B7E     4B7E       26         0
                text37                             4964     4964       38         0
                text36                             492C     492C       38         0
                text35                             44F6     44F6       68         0
                text34                             47CA     47CA       66         0
                text33                             1048     1048      55E         0
                text32                             34E2     34E2       E8         0
                text31                             3AA0     3AA0       C0         0
                text30                             4B08     4B08       28         0
                text29                             39E0     39E0       C0         0
                text28                             3C1A     3C1A       BA         0
                text27                             3920     3920       C0         0
                text26                             3B60     3B60       BA         0
                text25                             3860     3860       C0         0
                text24                             2AA8     2AA8      146         0
                text23                             48E2     48E2       4A         0
                text22                             41DE     41DE       7C         0
                text21                             42CA     42CA       70         0
                text20                             2BEE     2BEE      144         0
                text19                             27D0     27D0      16C         0
                text18                             4C5E     4C5E        2         0
                text17                             441A     441A       6E         0
                text16                             3F92     3F92       A2         0
                text15                             33E8     33E8       FA         0
                text14                             4830     4830       5C         0
                text13                             4B58     4B58       26         0
                text12                             3CD4     3CD4       B6         0
                text11                             4C54     4C54        6         0
                text10                             499C     499C       32         0
                text9                              2D32     2D32      13E         0
                text8                              3792     3792       CE         0
                text7                              4152     4152       8C         0
                text6                              32E6     32E6      102         0
                text5                              488C     488C       56         0
                text4                              2E70     2E70      132         0
                text3                              425A     425A       70         0
                text2                              4764     4764       66         0
                text1                              46FE     46FE       66         0
                text0                              1D6E     1D6E      308         0
                cinit                              40C4     40C4       8E         0
                idataBANK1                         4BA4     4BA4       22         0
                idataBANK0                         4A00     4A00       2F         0
                idataCOMRAM                        4C4C     4C4C        8         0

        CLASS   CONST          

        CLASS   SMALLCONST     
                smallconst                         1000     1000       48         0

        CLASS   MEDIUMCONST    

        CLASS   COMRAM         
                temp                                 42       42        1         1
                cstackCOMRAM                          1        1       24         1
                dataCOMRAM                           3A       3A        8         1
                bssCOMRAM                            25       25       15         1

        CLASS   ABS1           

        CLASS   BIGRAM         

        CLASS   RAM            

        CLASS   BANK0          
                cstackBANK0                          60       60       46         1
                dataBANK0                            A6       A6       2F         1
                bssBANK0                             D5       D5       2B         1

        CLASS   BANK1          
                cstackBANK1                         14B      14B       1B         1
                dataBANK1                           129      129       22         1
                bssBANK1                            100      100       29         1

        CLASS   BANK2          

        CLASS   BANK3          

        CLASS   BANK4          

        CLASS   BANK5          

        CLASS   BANK6          

        CLASS   BANK7          

        CLASS   BANK8          

        CLASS   BANK9          

        CLASS   BANK10         

        CLASS   BANK11         

        CLASS   BANK12         

        CLASS   BANK13         

        CLASS   BANK14         

        CLASS   BANK15         

        CLASS   SFR            

        CLASS   BIGSFR         

        CLASS   CONFIG         
                config                           300000   300000        E         4

        CLASS   IDLOC          
                idloc                            200000   200000        8         5

        CLASS   EEDATA         

        CLASS   FARRAM         

        CLASS   HEAP           

        CLASS   STACK          



SEGMENTS        Name                           Load    Length   Top    Selector   Space  Class

                reset_vec                      000000  000004  000004         0       0  CODE    
                cstackCOMRAM                   000001  000042  000043         1       1  COMRAM  
                intcode                        000008  000006  00000E         4       0  CODE    
                intcodelo                      000018  000272  00028A         C       0  CODE    
                cstackBANK0                    000060  0000A0  000100        60       1  BANK0   
                bssBANK1                       000100  000066  000166       100       1  BANK1   
                smallconst                     001000  000048  001048       800       0  SMALLCON
                text33                         001048  0039E7  004A2F       824       0  CODE    
                text46                         004A30  000236  004C66      2518       0  CODE    


UNUSED ADDRESS RANGES

        Name                Unused          Largest block    Delta
        BANK1            000166-0001FF               9A
        BANK10           000A00-000AFF              100
        BANK11           000B00-000BFF              100
        BANK12           000C00-000CFF              100
        BANK13           000D00-000DFF              100
        BANK14           000E00-000EFF              100
        BANK15           000F00-000F5F               60
        BANK2            000200-0002FF              100
        BANK3            000300-0003FF              100
        BANK4            000400-0004FF              100
        BANK5            000500-0005FF              100
        BANK6            000600-0006FF              100
        BANK7            000700-0007FF              100
        BANK8            000800-0008FF              100
        BANK9            000900-0009FF              100
        BIGRAM           000043-00005F               1D
                         000166-000F5F              DFA
        BIGSFR           000F60-000FFF               A0
        CODE             000004-000007                4
                         00000E-000017                A
                         00028A-000FFF              D76
                         004A2F-004A2F                1
                         004C66-00FFFF             B39A
        COMRAM           000043-00005F               1D
        CONST            000004-000007                4
                         00000E-000017                A
                         00028A-000FFF              D76
                         004A2F-004A2F                1
                         004C66-00FFFF             B39A
        EEDATA           F00000-F003FF              400
        MEDIUMCONST      004A2F-004A2F                1
                         004C66-00FFFF             B39A
        RAM              000166-000F5F              100
        SFR              000F60-000FFF               A0
        SMALLCONST       004A2F-004A2F                1
                         004C66-00FFFF              100

                                  Symbol Table

?___fladd                                     cstackBANK0  00009C
?___fldiv                                     cstackBANK0  00006A
?___flmul                                     cstackBANK0  000083
?___fltol                                     cstackBANK1  000153
?___xxtofl                                    cstackCOMRAM 00001E
Bluetooth_Send_Data_Non_Blocking@_uart_obj    cstackCOMRAM 00000C
Bluetooth_Send_Data_Non_Blocking@data         cstackCOMRAM 00000E
CCP_Capture_Mode_Config@_ccp_obj              cstackCOMRAM 000021
CCP_Capture_Mode_Config@ret                   cstackBANK0  000060
CCP_Compare_Mode_Config@_ccp_obj              cstackCOMRAM 000021
CCP_Compare_Mode_Config@ret                   cstackBANK0  000060
CCP_Init@_ccp_obj                             cstackBANK0  000066
CCP_Interrupt_Config@_ccp_obj                 cstackCOMRAM 00001E
CCP_Mode_Timer_Select@_ccp_obj                cstackCOMRAM 00001E
CCP_PWM_Mode_Config@_ccp_obj                  cstackCOMRAM 000021
CCP_PWM_Set_Duty@_ccp_obj                     cstackBANK1  00015B
CCP_PWM_Set_Duty@_duty                        cstackBANK1  00015D
CCP_PWM_Set_Duty@l_duty_temp                  cstackBANK1  000162
CCP_PWM_Start@_ccp_obj                        cstackCOMRAM 00001E
DHT11_Read_Data@data                          cstackCOMRAM 00001E
DHT11_Read_Data@i                             cstackCOMRAM 000021
ECU_DC_Motor_Init@dc_motor                    cstackBANK0  000066
ECU_DC_Motor_Run_Left@dc_motor                cstackCOMRAM 000022
ECU_DC_Motor_Run_Right@dc_motor               cstackCOMRAM 000022
EUSART_Async_Read_Data@_eusart_obj            cstackBANK0  000060
EUSART_Async_Read_Data@data                   cstackBANK0  000062
EUSART_Async_Read_Data@l_temp_data            cstackBANK0  00006A
EUSART_Async_Read_Data_Blocking@_eusart_obj   cstackBANK0  00006C
EUSART_Async_Read_Data_Blocking@data          cstackBANK0  00006E
EUSART_Async_Transmit_Data@_eusart_obj        cstackCOMRAM 000006
EUSART_Async_Transmit_Data@data               cstackCOMRAM 000008
Ecu_Stepper_Init@stepper                      cstackBANK0  000066
Ecu_Stepper_Step@stepper                      cstackCOMRAM 000022
GPIO_Pin_Direction_Initialize@ERRORSTATUS     cstackCOMRAM 000020
GPIO_Pin_Direction_Initialize@_pin_config     cstackCOMRAM 00001E
GPIO_Pin_Initialize@ERRORSTATUS               cstackCOMRAM 000024
GPIO_Pin_Initialize@_pin_config               cstackCOMRAM 000022
GPIO_Pin_Read_Logic@_pin_config               cstackCOMRAM 00001E
GPIO_Pin_Read_Logic@logic                     cstackCOMRAM 000020
GPIO_Pin_Toggle_Logic@_pin_config             cstackCOMRAM 00001E
GPIO_Pin_Write_Logic@ERRORSTATUS              cstackCOMRAM 000021
GPIO_Pin_Write_Logic@_pin_config              cstackCOMRAM 00001E
GPIO_Pin_Write_Logic@logic                    cstackCOMRAM 000020
GPS_Service@key                               cstackBANK0  000072
Get_Distance@_tmr0_config                     cstackBANK0  000085
Get_Distance@distance                         cstackBANK0  000087
Get_Distance@logic                            cstackBANK0  00008B
Get_Distance@timer_val                        cstackBANK0  000089
Get_Distance@ultrasonic_object                cstackBANK0  000083
Get_Temp_HUM@Checksum                         cstackBANK0  000068
Get_Temp_HUM@RH_Decimal                       cstackBANK0  000060
Get_Temp_HUM@RH_Integral                      cstackBANK0  000062
Get_Temp_HUM@T_Decimal                        cstackBANK0  000064
Get_Temp_HUM@T_Integral                       cstackBANK0  000066
HAL_Timer0_Init@_tmr0_config                  cstackCOMRAM 000023
HAL_Timer0_Read_Val@_tmr0_config              cstackCOMRAM 00001E
HAL_Timer0_Read_Val@l_high_byte               cstackCOMRAM 000022
HAL_Timer0_Read_Val@l_low_byte                cstackCOMRAM 000023
HAL_Timer0_Read_Val@result                    cstackCOMRAM 000020
HAL_Timer0_Write_Val@_tmr0_config             cstackCOMRAM 00001E
HAL_Timer0_Write_Val@ret_value                cstackCOMRAM 000022
HAL_Timer0_Write_Val@val                      cstackCOMRAM 000020
I2C_Master_Mode_Clock_Configurations@i2c_obj  cstackBANK0  0000A4
I2C_Slave_Mode_Clock_Configurations@i2c_obj   cstackCOMRAM 00001E
MSSP_I2C_Init@i2c_obj                         cstackBANK1  00015B
MSSP_I2C_Master_Send_Start@i2c_obj            cstackCOMRAM 00001E
MSSP_I2C_Master_Send_Stop@i2c_obj             cstackCOMRAM 00001E
MSSP_I2C_Master_Write_Blocking@_ack           cstackCOMRAM 000021
MSSP_I2C_Master_Write_Blocking@i2c_data       cstackCOMRAM 000020
MSSP_I2C_Master_Write_Blocking@i2c_obj        cstackCOMRAM 00001E
PCA_Write_Reg@ack                             cstackCOMRAM 000023
PCA_Write_Reg@data                            cstackBANK0  000064
PCA_Write_Reg@i2c_obj                         cstackBANK0  000060
PCA_Write_Reg@reg_address                     cstackBANK0  000063
PCA_Write_Reg@slave_address                   cstackBANK0  000062
RB4_ISR@Handler_Select                        cstackCOMRAM 00001A
RB5_ISR@Handler_Select                        cstackCOMRAM 00001A
RB6_ISR@Handler_Select                        cstackCOMRAM 00001A
RB7_ISR@Handler_Select                        cstackCOMRAM 00001A
ServoDriver_Init@i2c_obj                      cstackBANK1  00015D
ServoDriver_Init@servo_driver_obj             cstackBANK1  00015F
Servo_SetAngle@angle                          cstackBANK1  000160
Servo_SetAngle@angle_in_reg                   cstackBANK1  000161
Servo_SetAngle@i2c_obj                        cstackBANK1  00015B
Servo_SetAngle@reg_addrees                    cstackBANK1  000163
Servo_SetAngle@servo_driver_obj               cstackBANK1  00015D
Servo_SetAngle@servo_no                       cstackBANK1  00015F
Timer2_Init@_timer2                           cstackCOMRAM 00001E
Ultra_Sonic_Init@_tmr0_config                 cstackBANK0  000068
Ultra_Sonic_Init@ultrasonic_object            cstackBANK0  000066
_ADCON0bits                                   (abs)        000FC2
_ADCON1bits                                   (abs)        000FC1
_ADCON2bits                                   (abs)        000FC0
_ADC_ISR                                      text67       004C60
_ADRESH                                       (abs)        000FC4
_ADRESL                                       (abs)        000FC3
_BAUDCONbits                                  (abs)        000FB8
_Bluetooth_Send_Data_Non_Blocking             text75       004ADE
_CCP1CONbits                                  (abs)        000FBD
_CCP1_Obj                                     dataBANK0    0000BA
_CCP2CONbits                                  (abs)        000FBA
_CCP2_Obj                                     dataBANK1    00013F
_CCPR1L                                       (abs)        000FBE
_CCPR2L                                       (abs)        000FBB
_CCP_Capture_Mode_Config                      text20       002BEE
_CCP_Compare_Mode_Config                      text19       0027D0
_CCP_Init                                     text15       0033E8
_CCP_Interrupt_Config                         text18       004C5E
_CCP_Mode_Timer_Select                        text21       0042CA
_CCP_PWM_Mode_Config                          text16       003F92
_CCP_PWM_Set_Duty                             text39       002648
_CCP_PWM_Set_Duty$5751                        cstackBANK1  00015E
_CCP_PWM_Start                                text14       004830
_Checksum                                     bssCOMRAM    000033
_DHT11_Check_Response                         text46       004A30
_DHT11_Read_Data                              text45       004034
_DHT11_Start                                  text44       004BC6
_ECU_DC_Motor_Init                            text13       004B58
_ECU_DC_Motor_Run_Left                        text42       004B30
_ECU_DC_Motor_Run_Right                       text30       004B08
_EUSART_Async_Read_Data                       text57       002076
_EUSART_Async_Read_Data$2031                  cstackBANK0  000064
_EUSART_Async_Read_Data$2032                  cstackBANK0  000066
_EUSART_Async_Read_Data$2033                  cstackBANK0  000068
_EUSART_Async_Read_Data_Blocking              text56       004488
_EUSART_Async_Transmit_Data                   text76       0036AE
_EUSART_Rx_ISR                                text71       004A88
_EUSART_Tx_ISR                                text70       004C64
_Ecu_Stepper_Init                             text22       0041DE
_Ecu_Stepper_Step                             text3        00425A
_GPIO_Pin_Direction_Initialize                text24       002AA8
_GPIO_Pin_Initialize                          text23       0048E2
_GPIO_Pin_Read_Logic                          text53       003E3E
_GPIO_Pin_Toggle_Logic                        text60       00433A
_GPIO_Pin_Write_Logic                         text55       002FA2
_GPS_Service                                  text54       00293C
_Get_Distance                                 text47       0030D0
_Get_Temp_HUM                                 text43       003EEC
_HAL_Timer0_Init                              text6        0032E6
_HAL_Timer0_Read_Val                          text52       003D8A
_HAL_Timer0_Write_Val                         text51       004AB4
_I2C_Master_Mode_Clock_Configurations         text12       003CD4
_I2C_Pin_Configurations                       text11       004C54
_I2C_Slave_Mode_Clock_Configurations          text10       00499C
_INT0_InterruptHandler                        bssBANK0     0000EB
_INT1_ISR                                     text66       004C5A
_INT1_InterruptHandler                        bssCOMRAM    000027
_INT2_InterruptHandler                        bssBANK0     0000E9
_INTCON2bits                                  (abs)        000FF1
_INTCON3bits                                  (abs)        000FF0
_INTCONbits                                   (abs)        000FF2
_IPR1bits                                     (abs)        000F9F
_InterruptManagerHigh                         intcode      000008
_InterruptManagerLow                          intcodelo    000018
_LATA                                         (abs)        000F89
_LATB                                         (abs)        000F8A
_LATC                                         (abs)        000F8B
_LATD                                         (abs)        000F8C
_LATDbits                                     (abs)        000F8C
_LATE                                         (abs)        000F8D
_MSSP_I2C_Init                                text9        002D32
_MSSP_I2C_Master_Send_Start                   text37       004964
_MSSP_I2C_Master_Send_Stop                    text36       00492C
_MSSP_I2C_Master_Write_Blocking               text35       0044F6
_Movement_State                               bssBANK0     0000F7
_PCA_Write_Reg                                text34       0047CA
_PIE1bits                                     (abs)        000F9D
_PIE2bits                                     (abs)        000FA0
_PIR1bits                                     (abs)        000F9E
_PIR2bits                                     (abs)        000FA1
_PORTA                                        (abs)        000F80
_PORTB                                        (abs)        000F81
_PORTBbits                                    (abs)        000F81
_PORTC                                        (abs)        000F82
_PORTD                                        (abs)        000F83
_PORTDbits                                    (abs)        000F83
_PORTE                                        (abs)        000F84
_PR2                                          (abs)        000FCB
_RB4_ISR                                      text65       004C32
_RB4_InterruptHandler_HIGH                    bssBANK0     0000E7
_RB4_InterruptHandler_LOW                     bssBANK0     0000E5
_RB5_ISR                                      text64       004C18
_RB5_InterruptHandler_HIGH                    bssBANK0     0000E3
_RB5_InterruptHandler_LOW                     bssBANK0     0000E1
_RB6_ISR                                      text63       004BFE
_RB6_InterruptHandler_HIGH                    bssBANK0     0000DF
_RB6_InterruptHandler_LOW                     bssBANK0     0000DD
_RB7_ISR                                      text62       004BE4
_RB7_InterruptHandler_HIGH                    bssBANK0     0000DB
_RB7_InterruptHandler_LOW                     bssBANK0     0000D9
_RCONbits                                     (abs)        000FD0
_RCREG                                        (abs)        000FAE
_RCSTA1bits                                   (abs)        000FAB
_RCSTAbits                                    (abs)        000FAB
_RH_Decimal                                   bssCOMRAM    000037
_RH_Integral                                  bssCOMRAM    000036
_RX9D                                         (abs)        007D58
_Robot_Move_Backward                          text31       003AA0
_Robot_Move_Forward                           text29       0039E0
_Robot_Nav_Init                               text7        004152
_Robot_Steer_Left_Backward                    text28       003C1A
_Robot_Steer_Left_Forward                     text27       003920
_Robot_Steer_Right_Backward                   text26       003B60
_Robot_Steer_Right_Forward                    text25       003860
_Robot_Steer_Stop                             text38       004B7E
_SPBRG                                        (abs)        000FAF
_SPBRGH                                       (abs)        000FB0
_SSPADD                                       (abs)        000FC8
_SSPBUF                                       (abs)        000FC9
_SSPCON1bits                                  (abs)        000FC6
_SSPCON2bits                                  (abs)        000FC5
_SSPSTATbits                                  (abs)        000FC7
_ServoDriver_Init                             text8        003792
_Servo_SetAngle                               text32       0034E2
_T0CONbits                                    (abs)        000FD5
_T1CONbits                                    (abs)        000FCD
_T2CONbits                                    (abs)        000FCA
_T3CONbits                                    (abs)        000FB1
_TEST_PIN                                     dataCOMRAM   000041
_TMR0H                                        (abs)        000FD7
_TMR0L                                        (abs)        000FD6
_TMR0_ISR                                     text69       004C62
_TMR1H                                        (abs)        000FCF
_TMR1L                                        (abs)        000FCE
_TMR2                                         (abs)        000FCC
_TRISA                                        (abs)        000F92
_TRISB                                        (abs)        000F93
_TRISBbits                                    (abs)        000F93
_TRISC                                        (abs)        000F94
_TRISCbits                                    (abs)        000F94
_TRISD                                        (abs)        000F95
_TRISDbits                                    (abs)        000F95
_TRISE                                        (abs)        000F96
_TXREG                                        (abs)        000FAD
_TXSTA1bits                                   (abs)        000FAC
_TXSTAbits                                    (abs)        000FAC
_T_Decimal                                    bssCOMRAM    000035
_T_Integral                                   bssCOMRAM    000034
_Timer1_Interrupt_Handler                     bssBANK0     0000D5
_Timer1_PreLoaded_Value_Store                 bssCOMRAM    000025
_Timer2_Init                                  text17       00441A
_Timer2_PreLoaded_Value_Store                 bssCOMRAM    000032
_Ultra_Sonic_Init                             text5        00488C
_W1_W3_W5_Motor_Control                       dataBANK0    0000D4
_W2_W4_W6_Motor_Control                       dataBANK0    0000D3
_WDTCONbits                                   (abs)        000FD1
__HRAM                                        (abs)        000000
__Habs1                                       abs1         000000
__Hbank0                                      bank0        000000
__Hbank1                                      bank1        000000
__Hbank10                                     bank10       000000
__Hbank11                                     bank11       000000
__Hbank12                                     bank12       000000
__Hbank13                                     bank13       000000
__Hbank14                                     bank14       000000
__Hbank15                                     bank15       000000
__Hbank2                                      bank2        000000
__Hbank3                                      bank3        000000
__Hbank4                                      bank4        000000
__Hbank5                                      bank5        000000
__Hbank6                                      bank6        000000
__Hbank7                                      bank7        000000
__Hbank8                                      bank8        000000
__Hbank9                                      bank9        000000
__Hbigbss                                     bigbss       000000
__Hbigdata                                    bigdata      000000
__Hbigram                                     bigram       000000
__Hbigsfr                                     bigsfr       000000
__Hbss                                        bss          000000
__HbssBANK0                                   bssBANK0     000000
__HbssBANK1                                   bssBANK1     000000
__HbssCOMRAM                                  bssCOMRAM    000000
__Hcinit                                      cinit        000000
__Hclrtext                                    clrtext      000000
__Hcomram                                     comram       000000
__Hconfig                                     config       30000E
__Hconst                                      const        000000
__HcstackBANK0                                cstackBANK0  000000
__HcstackBANK1                                cstackBANK1  000000
__HcstackCOMRAM                               cstackCOMRAM 000000
__Hdata                                       data         000000
__HdataBANK0                                  dataBANK0    000000
__HdataBANK1                                  dataBANK1    000000
__HdataCOMRAM                                 dataCOMRAM   000000
__Heeprom_data                                eeprom_data  000000
__Hfarbss                                     farbss       000000
__Hfardata                                    fardata      000000
__Hheap                                       heap         000000
__Hibigdata                                   ibigdata     000000
__Hidata                                      idata        000000
__HidataBANK0                                 idataBANK0   000000
__HidataBANK1                                 idataBANK1   000000
__HidataCOMRAM                                idataCOMRAM  000000
__Hidloc                                      idloc        200008
__Hifardata                                   ifardata     000000
__Hinit                                       init         00028A
__Hintcode                                    intcode      00000E
__Hintcode_body                               intcode_body 000000
__Hintcodelo                                  intcodelo    000286
__Hintentry                                   intentry     000000
__Hintret                                     intret       000000
__Hintsave_regs                               intsave_regs 000000
__Hirdata                                     irdata       000000
__Hmediumconst                                mediumconst  000000
__HnvFARRAM                                   nvFARRAM     000000
__Hnvbit                                      nvbit        000000
__Hnvrram                                     nvrram       000000
__Hparam                                      rparam       000000
__Hpowerup                                    powerup      000286
__Hram                                        ram          000000
__Hramtop                                     ramtop       001000
__Hrbit                                       rbit         000000
__Hrbss                                       rbss         000000
__Hrdata                                      rdata        000000
__Hreset_vec                                  reset_vec    000004
__Hrparam                                     rparam       000000
__Hsfr                                        sfr          000000
__Hsmallconst                                 smallconst   001048
__Hspace_0                                    (abs)        004C66
__Hspace_1                                    (abs)        000166
__Hspace_2                                    (abs)        000000
__Hspace_4                                    (abs)        60000E
__Hstack                                      stack        000000
__Hstruct                                     struct       000000
__Htemp                                       temp         000043
__Htext                                       text         000000
__Htext0                                      text0        000000
__Htext1                                      text1        000000
__Htext10                                     text10       000000
__Htext11                                     text11       000000
__Htext12                                     text12       000000
__Htext13                                     text13       000000
__Htext14                                     text14       000000
__Htext15                                     text15       000000
__Htext16                                     text16       000000
__Htext17                                     text17       000000
__Htext18                                     text18       000000
__Htext19                                     text19       000000
__Htext2                                      text2        000000
__Htext20                                     text20       000000
__Htext21                                     text21       000000
__Htext22                                     text22       000000
__Htext23                                     text23       000000
__Htext24                                     text24       000000
__Htext25                                     text25       000000
__Htext26                                     text26       000000
__Htext27                                     text27       000000
__Htext28                                     text28       000000
__Htext29                                     text29       000000
__Htext3                                      text3        000000
__Htext30                                     text30       000000
__Htext31                                     text31       000000
__Htext32                                     text32       000000
__Htext33                                     text33       000000
__Htext34                                     text34       000000
__Htext35                                     text35       000000
__Htext36                                     text36       000000
__Htext37                                     text37       000000
__Htext38                                     text38       000000
__Htext39                                     text39       000000
__Htext4                                      text4        000000
__Htext40                                     text40       000000
__Htext41                                     text41       000000
__Htext42                                     text42       000000
__Htext43                                     text43       000000
__Htext44                                     text44       000000
__Htext45                                     text45       000000
__Htext46                                     text46       000000
__Htext47                                     text47       000000
__Htext48                                     text48       000000
__Htext49                                     text49       000000
__Htext5                                      text5        000000
__Htext50                                     text50       000000
__Htext51                                     text51       000000
__Htext52                                     text52       000000
__Htext53                                     text53       000000
__Htext54                                     text54       000000
__Htext55                                     text55       000000
__Htext56                                     text56       000000
__Htext57                                     text57       000000
__Htext58                                     text58       000000
__Htext59                                     text59       000000
__Htext6                                      text6        000000
__Htext60                                     text60       000000
__Htext62                                     text62       000000
__Htext63                                     text63       000000
__Htext64                                     text64       000000
__Htext65                                     text65       000000
__Htext66                                     text66       000000
__Htext67                                     text67       000000
__Htext69                                     text69       000000
__Htext7                                      text7        000000
__Htext70                                     text70       000000
__Htext71                                     text71       000000
__Htext72                                     text72       000000
__Htext73                                     text73       000000
__Htext74                                     text74       000000
__Htext75                                     text75       000000
__Htext76                                     text76       000000
__Htext77                                     text77       000000
__Htext78                                     text78       000000
__Htext79                                     text79       000000
__Htext8                                      text8        000000
__Htext9                                      text9        000000
__LRAM                                        (abs)        000001
__Labs1                                       abs1         000000
__Lbank0                                      bank0        000000
__Lbank1                                      bank1        000000
__Lbank10                                     bank10       000000
__Lbank11                                     bank11       000000
__Lbank12                                     bank12       000000
__Lbank13                                     bank13       000000
__Lbank14                                     bank14       000000
__Lbank15                                     bank15       000000
__Lbank2                                      bank2        000000
__Lbank3                                      bank3        000000
__Lbank4                                      bank4        000000
__Lbank5                                      bank5        000000
__Lbank6                                      bank6        000000
__Lbank7                                      bank7        000000
__Lbank8                                      bank8        000000
__Lbank9                                      bank9        000000
__Lbigbss                                     bigbss       000000
__Lbigdata                                    bigdata      000000
__Lbigram                                     bigram       000000
__Lbigsfr                                     bigsfr       000000
__Lbss                                        bss          000000
__LbssBANK0                                   bssBANK0     000000
__LbssBANK1                                   bssBANK1     000000
__LbssCOMRAM                                  bssCOMRAM    000000
__Lcinit                                      cinit        000000
__Lclrtext                                    clrtext      000000
__Lcomram                                     comram       000000
__Lconfig                                     config       000000
__Lconst                                      const        000000
__LcstackBANK0                                cstackBANK0  000000
__LcstackBANK1                                cstackBANK1  000000
__LcstackCOMRAM                               cstackCOMRAM 000000
__Ldata                                       data         000000
__LdataBANK0                                  dataBANK0    000000
__LdataBANK1                                  dataBANK1    000000
__LdataCOMRAM                                 dataCOMRAM   000000
__Leeprom_data                                eeprom_data  000000
__Lfarbss                                     farbss       000000
__Lfardata                                    fardata      000000
__Lheap                                       heap         000000
__Libigdata                                   ibigdata     000000
__Lidata                                      idata        000000
__LidataBANK0                                 idataBANK0   000000
__LidataBANK1                                 idataBANK1   000000
__LidataCOMRAM                                idataCOMRAM  000000
__Lidloc                                      idloc        000000
__Lifardata                                   ifardata     000000
__Linit                                       init         000286
__Lintcode                                    intcode      000008
__Lintcode_body                               intcode_body 000000
__Lintcodelo                                  intcodelo    000018
__Lintentry                                   intentry     000000
__Lintret                                     intret       000000
__Lintsave_regs                               intsave_regs 000000
__Lirdata                                     irdata       000000
__Lmediumconst                                mediumconst  000000
__LnvFARRAM                                   nvFARRAM     000000
__Lnvbit                                      nvbit        000000
__Lnvrram                                     nvrram       000000
__Lparam                                      rparam       000000
__Lpowerup                                    powerup      000286
__Lram                                        ram          000000
__Lramtop                                     ramtop       001000
__Lrbit                                       rbit         000000
__Lrbss                                       rbss         000000
__Lrdata                                      rdata        000000
__Lreset_vec                                  reset_vec    000000
__Lrparam                                     rparam       000000
__Lsfr                                        sfr          000000
__Lsmallconst                                 smallconst   001000
__Lspace_0                                    (abs)        000000
__Lspace_1                                    (abs)        000000
__Lspace_2                                    (abs)        000000
__Lspace_4                                    (abs)        000000
__Lstack                                      stack        000000
__Lstruct                                     struct       000000
__Ltemp                                       temp         000042
__Ltext                                       text         000000
__Ltext0                                      text0        000000
__Ltext1                                      text1        000000
__Ltext10                                     text10       000000
__Ltext11                                     text11       000000
__Ltext12                                     text12       000000
__Ltext13                                     text13       000000
__Ltext14                                     text14       000000
__Ltext15                                     text15       000000
__Ltext16                                     text16       000000
__Ltext17                                     text17       000000
__Ltext18                                     text18       000000
__Ltext19                                     text19       000000
__Ltext2                                      text2        000000
__Ltext20                                     text20       000000
__Ltext21                                     text21       000000
__Ltext22                                     text22       000000
__Ltext23                                     text23       000000
__Ltext24                                     text24       000000
__Ltext25                                     text25       000000
__Ltext26                                     text26       000000
__Ltext27                                     text27       000000
__Ltext28                                     text28       000000
__Ltext29                                     text29       000000
__Ltext3                                      text3        000000
__Ltext30                                     text30       000000
__Ltext31                                     text31       000000
__Ltext32                                     text32       000000
__Ltext33                                     text33       000000
__Ltext34                                     text34       000000
__Ltext35                                     text35       000000
__Ltext36                                     text36       000000
__Ltext37                                     text37       000000
__Ltext38                                     text38       000000
__Ltext39                                     text39       000000
__Ltext4                                      text4        000000
__Ltext40                                     text40       000000
__Ltext41                                     text41       000000
__Ltext42                                     text42       000000
__Ltext43                                     text43       000000
__Ltext44                                     text44       000000
__Ltext45                                     text45       000000
__Ltext46                                     text46       000000
__Ltext47                                     text47       000000
__Ltext48                                     text48       000000
__Ltext49                                     text49       000000
__Ltext5                                      text5        000000
__Ltext50                                     text50       000000
__Ltext51                                     text51       000000
__Ltext52                                     text52       000000
__Ltext53                                     text53       000000
__Ltext54                                     text54       000000
__Ltext55                                     text55       000000
__Ltext56                                     text56       000000
__Ltext57                                     text57       000000
__Ltext58                                     text58       000000
__Ltext59                                     text59       000000
__Ltext6                                      text6        000000
__Ltext60                                     text60       000000
__Ltext62                                     text62       000000
__Ltext63                                     text63       000000
__Ltext64                                     text64       000000
__Ltext65                                     text65       000000
__Ltext66                                     text66       000000
__Ltext67                                     text67       000000
__Ltext69                                     text69       000000
__Ltext7                                      text7        000000
__Ltext70                                     text70       000000
__Ltext71                                     text71       000000
__Ltext72                                     text72       000000
__Ltext73                                     text73       000000
__Ltext74                                     text74       000000
__Ltext75                                     text75       000000
__Ltext76                                     text76       000000
__Ltext77                                     text77       000000
__Ltext78                                     text78       000000
__Ltext79                                     text79       000000
__Ltext8                                      text8        000000
__Ltext9                                      text9        000000
__S0                                          (abs)        004C66
__S1                                          (abs)        000166
__S4                                          (abs)        000000
__S5                                          (abs)        000000
___fladd                                      text33       001048
___fladd@a                                    cstackBANK0  0000A0
___fladd@aexp                                 cstackBANK1  000150
___fladd@b                                    cstackBANK0  00009C
___fladd@bexp                                 cstackBANK1  000151
___fladd@grs                                  cstackBANK1  000152
___fladd@signs                                cstackBANK1  00014F
___fldiv                                      text50       0019D2
___fldiv@a                                    cstackBANK0  00006E
___fldiv@aexp                                 cstackBANK0  000082
___fldiv@b                                    cstackBANK0  00006A
___fldiv@bexp                                 cstackBANK0  000081
___fldiv@grs                                  cstackBANK0  00007D
___fldiv@new_exp                              cstackBANK0  00007B
___fldiv@rem                                  cstackBANK0  000076
___fldiv@sign                                 cstackBANK0  00007A
___flmul                                      text41       0015A6
___flmul@a                                    cstackBANK0  000087
___flmul@aexp                                 cstackBANK0  000090
___flmul@b                                    cstackBANK0  000083
___flmul@bexp                                 cstackBANK0  000095
___flmul@grs                                  cstackBANK0  000091
___flmul@prod                                 cstackBANK0  000096
___flmul@sign                                 cstackBANK0  00008F
___flmul@temp                                 cstackBANK0  00009A
___fltol                                      text40       0031DE
___fltol@exp1                                 cstackCOMRAM 000023
___fltol@f1                                   cstackBANK1  000153
___fltol@sign1                                cstackCOMRAM 000022
___heap_hi                                    (abs)        000000
___heap_lo                                    (abs)        000000
___inthi_sp                                   stack        000000
___intlo_sp                                   stack        000000
___param_bank                                 (abs)        000000
___rparam_used                                (abs)        000001
___sp                                         stack        000000
___xxtofl                                     text49       002490
___xxtofl@arg                                 cstackBANK0  000066
___xxtofl@exp                                 cstackBANK0  000065
___xxtofl@sign                                cstackBANK0  000064
___xxtofl@val                                 cstackCOMRAM 00001E
__accesstop                                   (abs)        000060
__activetblptr                                (abs)        000003
__end_of_ADC_ISR                              text67       004C62
__end_of_Bluetooth_Send_Data_Non_Blocking     text75       004B08
__end_of_CCP_Capture_Mode_Config              text20       002D32
__end_of_CCP_Compare_Mode_Config              text19       00293C
__end_of_CCP_Init                             text15       0034E2
__end_of_CCP_Interrupt_Config                 text18       004C60
__end_of_CCP_Mode_Timer_Select                text21       00433A
__end_of_CCP_PWM_Mode_Config                  text16       004034
__end_of_CCP_PWM_Set_Duty                     text39       0027D0
__end_of_CCP_PWM_Start                        text14       00488C
__end_of_DHT11_Check_Response                 text46       004A5C
__end_of_DHT11_Read_Data                      text45       0040C4
__end_of_DHT11_Start                          text44       004BE4
__end_of_ECU_DC_Motor_Init                    text13       004B7E
__end_of_ECU_DC_Motor_Run_Left                text42       004B58
__end_of_ECU_DC_Motor_Run_Right               text30       004B30
__end_of_EUSART_Async_Read_Data               text57       002286
__end_of_EUSART_Async_Read_Data_Blocking      text56       0044F6
__end_of_EUSART_Async_Transmit_Data           text76       003792
__end_of_EUSART_Rx_ISR                        text71       004AB4
__end_of_EUSART_Tx_ISR                        text70       004C66
__end_of_Ecu_Stepper_Init                     text22       00425A
__end_of_Ecu_Stepper_Step                     text3        0042CA
__end_of_GPIO_Pin_Direction_Initialize        text24       002BEE
__end_of_GPIO_Pin_Initialize                  text23       00492C
__end_of_GPIO_Pin_Read_Logic                  text53       003EEC
__end_of_GPIO_Pin_Toggle_Logic                text60       0043AA
__end_of_GPIO_Pin_Write_Logic                 text55       0030D0
__end_of_GPS_Service                          text54       002AA8
__end_of_Get_Distance                         text47       0031DE
__end_of_Get_Temp_HUM                         text43       003F92
__end_of_HAL_Timer0_Init                      text6        0033E8
__end_of_HAL_Timer0_Read_Val                  text52       003E3E
__end_of_HAL_Timer0_Write_Val                 text51       004ADE
__end_of_I2C_Master_Mode_Clock_Configurations text12       003D8A
__end_of_I2C_Pin_Configurations               text11       004C5A
__end_of_I2C_Slave_Mode_Clock_Configurations  text10       0049CE
__end_of_INT1_ISR                             text66       004C5E
__end_of_InterruptManagerHigh                 intcode_body 0036AE
__end_of_InterruptManagerLow                  intcodelo    000286
__end_of_MSSP_I2C_Init                        text9        002E70
__end_of_MSSP_I2C_Master_Send_Start           text37       00499C
__end_of_MSSP_I2C_Master_Send_Stop            text36       004964
__end_of_MSSP_I2C_Master_Write_Blocking       text35       00455E
__end_of_PCA_Write_Reg                        text34       004830
__end_of_RB4_ISR                              text65       004C4C
__end_of_RB5_ISR                              text64       004C32
__end_of_RB6_ISR                              text63       004C18
__end_of_RB7_ISR                              text62       004BFE
__end_of_Robot_Move_Backward                  text31       003B60
__end_of_Robot_Move_Forward                   text29       003AA0
__end_of_Robot_Nav_Init                       text7        0041DE
__end_of_Robot_Steer_Left_Backward            text28       003CD4
__end_of_Robot_Steer_Left_Forward             text27       0039E0
__end_of_Robot_Steer_Right_Backward           text26       003C1A
__end_of_Robot_Steer_Right_Forward            text25       003920
__end_of_Robot_Steer_Stop                     text38       004BA4
__end_of_ServoDriver_Init                     text8        003860
__end_of_Servo_SetAngle                       text32       0035CA
__end_of_TMR0_ISR                             text69       004C64
__end_of_Timer2_Init                          text17       004488
__end_of_Ultra_Sonic_Init                     text5        0048E2
__end_of___fladd                              text33       0015A6
__end_of___fldiv                              text50       001D6E
__end_of___flmul                              text41       0019D2
__end_of___fltol                              text40       0032E6
__end_of___xxtofl                             text49       002648
__end_of__initialization                      cinit        004148
__end_of_application_intialize                text4        002FA2
__end_of_calc_parity_even                     text59       00462E
__end_of_calc_parity_odd                      text58       0045C6
__end_of_main                                 text0        002076
__end_of_send_trig_pulse                      text48       004A88
__end_of_stepper_move_one_deg_ccw             text2        0047CA
__end_of_stepper_move_one_deg_cw              text1        004764
__end_of_usart_isr                            text72       004A00
__end_ofi2_EUSART_Async_Read_Data             text74       002490
__end_ofi2_GPIO_Pin_Toggle_Logic              text73       00441A
__end_ofi2_calc_parity_even                   text78       0046FE
__end_ofi2_calc_parity_odd                    text77       004696
__initialization                              cinit        0040C4
__mediumconst                                 mediumconst  000000
__pbssBANK0                                   bssBANK0     0000D5
__pbssBANK1                                   bssBANK1     000100
__pbssCOMRAM                                  bssCOMRAM    000025
__pcinit                                      cinit        0040C4
__pcstackBANK0                                cstackBANK0  000060
__pcstackBANK1                                cstackBANK1  00014B
__pcstackCOMRAM                               cstackCOMRAM 000001
__pdataBANK0                                  dataBANK0    0000A6
__pdataBANK1                                  dataBANK1    000129
__pdataCOMRAM                                 dataCOMRAM   00003A
__pidataBANK0                                 idataBANK0   004A00
__pidataBANK1                                 idataBANK1   004BA4
__pidataCOMRAM                                idataCOMRAM  004C4C
__pintcode                                    intcode      000008
__pintcode_body                               intcode_body 0035CA
__pintcodelo                                  intcodelo    000018
__psmallconst                                 smallconst   001000
__ptext0                                      text0        001D6E
__ptext1                                      text1        0046FE
__ptext10                                     text10       00499C
__ptext11                                     text11       004C54
__ptext12                                     text12       003CD4
__ptext13                                     text13       004B58
__ptext14                                     text14       004830
__ptext15                                     text15       0033E8
__ptext16                                     text16       003F92
__ptext17                                     text17       00441A
__ptext18                                     text18       004C5E
__ptext19                                     text19       0027D0
__ptext2                                      text2        004764
__ptext20                                     text20       002BEE
__ptext21                                     text21       0042CA
__ptext22                                     text22       0041DE
__ptext23                                     text23       0048E2
__ptext24                                     text24       002AA8
__ptext25                                     text25       003860
__ptext26                                     text26       003B60
__ptext27                                     text27       003920
__ptext28                                     text28       003C1A
__ptext29                                     text29       0039E0
__ptext3                                      text3        00425A
__ptext30                                     text30       004B08
__ptext31                                     text31       003AA0
__ptext32                                     text32       0034E2
__ptext33                                     text33       001048
__ptext34                                     text34       0047CA
__ptext35                                     text35       0044F6
__ptext36                                     text36       00492C
__ptext37                                     text37       004964
__ptext38                                     text38       004B7E
__ptext39                                     text39       002648
__ptext4                                      text4        002E70
__ptext40                                     text40       0031DE
__ptext41                                     text41       0015A6
__ptext42                                     text42       004B30
__ptext43                                     text43       003EEC
__ptext44                                     text44       004BC6
__ptext45                                     text45       004034
__ptext46                                     text46       004A30
__ptext47                                     text47       0030D0
__ptext48                                     text48       004A5C
__ptext49                                     text49       002490
__ptext5                                      text5        00488C
__ptext50                                     text50       0019D2
__ptext51                                     text51       004AB4
__ptext52                                     text52       003D8A
__ptext53                                     text53       003E3E
__ptext54                                     text54       00293C
__ptext55                                     text55       002FA2
__ptext56                                     text56       004488
__ptext57                                     text57       002076
__ptext58                                     text58       00455E
__ptext59                                     text59       0045C6
__ptext6                                      text6        0032E6
__ptext60                                     text60       00433A
__ptext62                                     text62       004BE4
__ptext63                                     text63       004BFE
__ptext64                                     text64       004C18
__ptext65                                     text65       004C32
__ptext66                                     text66       004C5A
__ptext67                                     text67       004C60
__ptext69                                     text69       004C62
__ptext7                                      text7        004152
__ptext70                                     text70       004C64
__ptext71                                     text71       004A88
__ptext72                                     text72       0049CE
__ptext73                                     text73       0043AA
__ptext74                                     text74       002286
__ptext75                                     text75       004ADE
__ptext76                                     text76       0036AE
__ptext77                                     text77       00462E
__ptext78                                     text78       004696
__ptext79                                     text79       000000
__ptext8                                      text8        003792
__ptext9                                      text9        002D32
__ramtop                                      ramtop       001000
__smallconst                                  smallconst   001000
__uart_obj                                    dataBANK1    000133
_application_intialize                        text4        002E70
_blue                                         dataCOMRAM   00003B
_calc_parity_even                             text59       0045C6
_calc_parity_odd                              text58       00455E
_counter                                      bssCOMRAM    00002C
_datarecive                                   bssCOMRAM    000038
_datasend                                     dataCOMRAM   00003A
_distance                                     bssBANK0     0000FC
_eusart_Rx_InterruptHandler                   bssCOMRAM    000029
_eusart_frameerr_CallBack                     bssBANK0     0000F3
_eusart_overrunerr_CallBack                   bssBANK0     0000F5
_flags                                        dataCOMRAM   00003D
_gps                                          dataCOMRAM   00003C
_gpstemp                                      bssCOMRAM    000039
_i                                            bssCOMRAM    00002B
_i2c_obj                                      dataBANK0    0000C6
_lat_registers                                dataBANK0    0000A6
_latitude                                     bssBANK1     00011C
_longtude                                     bssBANK1     00010F
_main                                         text0        001D6E
_port_registers                               dataBANK1    000129
_preloaded_val                                bssBANK0     0000D7
_selector                                     dataCOMRAM   000040
_send_trig_pulse                              text48       004A5C
_servo1Pos                                    bssCOMRAM    000031
_servo2Pos                                    bssCOMRAM    000030
_servo3Pos                                    bssCOMRAM    00002F
_servo4Pos                                    bssCOMRAM    00002E
_servo_driver_obj                             dataBANK0    0000CD
_stepper_base                                 dataCOMRAM   00003E
_stepper_move_one_deg_ccw                     text2        004764
_stepper_move_one_deg_cw                      text1        0046FE
_stepper_pos                                  bssCOMRAM    00002D
_timer0                                       bssBANK0     0000F8
_tris_registers                               dataBANK0    0000B0
_ultrasonic                                   dataBANK0    0000D1
_usart_isr                                    text72       0049CE
btemp                                         temp         000042
calc_parity_even@data                         cstackCOMRAM 000020
calc_parity_even@l_counter                    cstackCOMRAM 000022
calc_parity_even@number_of_ones               cstackCOMRAM 000021
calc_parity_odd@data                          cstackCOMRAM 000020
calc_parity_odd@l_counter                     cstackCOMRAM 000022
calc_parity_odd@number_of_ones                cstackCOMRAM 000021
end_of_initialization                         cinit        004148
i2EUSART_Async_Read_Data@_eusart_obj          cstackCOMRAM 000006
i2EUSART_Async_Read_Data@data                 cstackCOMRAM 000008
i2EUSART_Async_Read_Data@l_temp_data          cstackCOMRAM 000012
i2GPIO_Pin_Toggle_Logic@_pin_config           cstackCOMRAM 000001
i2_EUSART_Async_Read_Data                     text74       002286
i2_EUSART_Async_Read_Data$2031                cstackCOMRAM 00000C
i2_EUSART_Async_Read_Data$2032                cstackCOMRAM 00000E
i2_EUSART_Async_Read_Data$2033                cstackCOMRAM 000010
i2_GPIO_Pin_Toggle_Logic                      text73       0043AA
i2_calc_parity_even                           text78       004696
i2_calc_parity_odd                            text77       00462E
i2calc_parity_even@data                       cstackCOMRAM 000003
i2calc_parity_even@l_counter                  cstackCOMRAM 000005
i2calc_parity_even@number_of_ones             cstackCOMRAM 000004
i2calc_parity_odd@data                        cstackCOMRAM 000003
i2calc_parity_odd@l_counter                   cstackCOMRAM 000005
i2calc_parity_odd@number_of_ones              cstackCOMRAM 000004
int$flags                                     temp         000042
int_func                                      intcode_body 0035CA
intlevel0                                     text         000000
intlevel1                                     text         000000
intlevel2                                     text         000000
intlevel3                                     text         000000
isa$std                                       (abs)        000001
isa$xinst                                     (abs)        000000
send_trig_pulse@ultrasonic_object             cstackCOMRAM 000022
stackhi                                       (abs)        000000
stacklo                                       (abs)        000000
start                                         init         000286
start_initialization                          cinit        0040C4
stepper_move_one_deg_ccw@i                    cstackBANK0  00006A
stepper_move_one_deg_ccw@stepper              cstackBANK0  000068
stepper_move_one_deg_cw@i                     cstackBANK0  00006A
stepper_move_one_deg_cw@stepper               cstackBANK0  000068
ttemp5                                        temp         000043
ttemp6                                        temp         000046
ttemp7                                        temp         00004A
wtemp8                                        temp         000043


MODULE INFORMATION

Module		Function		Class		Link	Load	Size
MCAL/TIMER2/mcal_timer2.c
		_Timer2_Init   		CODE           	441A	0000	110

MCAL/TIMER2/mcal_timer2.c estimated size: 110

C:\Program Files\Microchip\xc8\v2.36\pic\sources\c99\common\sprcmul.c
		___flmul       		CODE           	15A6	0000	1068

C:\Program Files\Microchip\xc8\v2.36\pic\sources\c99\common\sprcmul.c estimated size: 1068

MCAL/Interrupts/mcal_external_interrupt.c
		_RB4_ISR       		CODE           	4C32	0000	26
		_RB5_ISR       		CODE           	4C18	0000	26
		_RB6_ISR       		CODE           	4BFE	0000	26
		_RB7_ISR       		CODE           	4BE4	0000	26
		_INT1_ISR      		CODE           	4C5A	0000	4

MCAL/Interrupts/mcal_external_interrupt.c estimated size: 108

MCAL/I2C/mcal_i2c.c
		_MSSP_I2C_Init 		CODE           	2D32	0000	318
		_MSSP_I2C_Master_Send_Stop		CODE           	492C	0000	56
		_MSSP_I2C_Master_Send_Start		CODE           	4964	0000	56
		_I2C_Slave_Mode_Clock_Configurations		CODE           	499C	0000	50
		_I2C_Master_Mode_Clock_Configurations		CODE           	3CD4	0000	182
		_MSSP_I2C_Master_Write_Blocking		CODE           	44F6	0000	104
		_I2C_Pin_Configurations		CODE           	4C54	0000	6

MCAL/I2C/mcal_i2c.c estimated size: 772

C:\Program Files\Microchip\xc8\v2.36\pic\sources\c99\common\sprcdiv.c
		___fldiv       		CODE           	19D2	0000	924

C:\Program Files\Microchip\xc8\v2.36\pic\sources\c99\common\sprcdiv.c estimated size: 924

MCAL/Timer0/hal_timer0.c
		_HAL_Timer0_Write_Val		CODE           	4AB4	0000	42
		_HAL_Timer0_Init		CODE           	32E6	0000	258
		_TMR0_ISR      		CODE           	4C62	0000	2
		_HAL_Timer0_Read_Val		CODE           	3D8A	0000	180

MCAL/Timer0/hal_timer0.c estimated size: 482

C:\Program Files\Microchip\xc8\v2.36\pic\sources\c99\common\xxtofl.c
		___xxtofl      		CODE           	2490	0000	440

C:\Program Files\Microchip\xc8\v2.36\pic\sources\c99\common\xxtofl.c estimated size: 440

ECU/DC_Motor/ecu_dc_motor.c
		_ECU_DC_Motor_Run_Left		CODE           	4B30	0000	40
		_ECU_DC_Motor_Run_Right		CODE           	4B08	0000	40
		_ECU_DC_Motor_Init		CODE           	4B58	0000	38

ECU/DC_Motor/ecu_dc_motor.c estimated size: 118

MCAL/GPIO/hal_gpio.c
		_GPIO_Pin_Read_Logic		CODE           	3E3E	0000	174
		_GPIO_Pin_Toggle_Logic		CODE           	433A	0000	112
		_GPIO_Pin_Direction_Initialize		CODE           	2AA8	0000	326
		_GPIO_Pin_Initialize		CODE           	48E2	0000	74
		_GPIO_Pin_Write_Logic		CODE           	2FA2	0000	302

MCAL/GPIO/hal_gpio.c estimated size: 988

C:\Program Files\Microchip\xc8\v2.36\pic\sources\c99\common\sprcadd.c
		___fladd       		CODE           	1048	0000	1374

C:\Program Files\Microchip\xc8\v2.36\pic\sources\c99\common\sprcadd.c estimated size: 1374

MCAL/Interrupts/mcal_interrupt_manager.c
		_InterruptManagerLow		CODE           	0018	0000	622
		_InterruptManagerHigh		CODE           	0008	0000	234

MCAL/Interrupts/mcal_interrupt_manager.c estimated size: 856

C:\Program Files\Microchip\xc8\v2.36\pic\sources\c99\common\fltol.c
		___fltol       		CODE           	31DE	0000	264

C:\Program Files\Microchip\xc8\v2.36\pic\sources\c99\common\fltol.c estimated size: 264

shared
		i2_calc_parity_odd		CODE           	462E	0000	104
		__initialization		CODE           	40C4	0000	132
		i2_EUSART_Async_Read_Data		CODE           	2286	0000	522
		i2_GPIO_Pin_Toggle_Logic		CODE           	43AA	0000	112
		i2_calc_parity_even		CODE           	4696	0000	104

shared estimated size: 974

MCAL/CCP/hal_ccp.c
		_CCP_Capture_Mode_Config		CODE           	2BEE	0000	324
		_CCP_Mode_Timer_Select		CODE           	42CA	0000	112
		_CCP_PWM_Mode_Config		CODE           	3F92	0000	162
		_CCP_Init      		CODE           	33E8	0000	250
		_CCP_PWM_Start 		CODE           	4830	0000	92
		_CCP_PWM_Set_Duty		CODE           	2648	0000	392
		_CCP_Compare_Mode_Config		CODE           	27D0	0000	364
		_CCP_Interrupt_Config		CODE           	4C5E	0000	2

MCAL/CCP/hal_ccp.c estimated size: 1698

Robot/Navigation/robot_navigation.c
		_Robot_Steer_Stop		CODE           	4B7E	0000	38
		_Robot_Steer_Right_Forward		CODE           	3860	0000	192
		_Robot_Steer_Right_Backward		CODE           	3B60	0000	186
		_Robot_Steer_Left_Backward		CODE           	3C1A	0000	186
		_Robot_Move_Forward		CODE           	39E0	0000	192
		_Robot_Steer_Left_Forward		CODE           	3920	0000	192
		_Robot_Move_Backward		CODE           	3AA0	0000	192
		_Robot_Nav_Init		CODE           	4152	0000	140

Robot/Navigation/robot_navigation.c estimated size: 1318

ECU/SERVO_MOTOR_CONTROL_BY_I2C/ecu_servo_motor_i2c.c
		_ServoDriver_Init		CODE           	3792	0000	206
		_Servo_SetAngle		CODE           	34E2	0000	232
		_PCA_Write_Reg 		CODE           	47CA	0000	102

ECU/SERVO_MOTOR_CONTROL_BY_I2C/ecu_servo_motor_i2c.c estimated size: 540

Robot/sensors/ultrasonic/ultrasonic.c
		_send_trig_pulse		CODE           	4A5C	0000	44
		_Get_Distance  		CODE           	30D0	0000	270
		_Ultra_Sonic_Init		CODE           	488C	0000	86

Robot/sensors/ultrasonic/ultrasonic.c estimated size: 400

MCAL/EUSART/mcal_EUSART.c
		_EUSART_Async_Transmit_Data		CODE           	36AE	0000	228
		_calc_parity_even		CODE           	45C6	0000	104
		_EUSART_Rx_ISR 		CODE           	4A88	0000	44
		_EUSART_Tx_ISR 		CODE           	4C64	0000	2
		_calc_parity_odd		CODE           	455E	0000	104
		_EUSART_Async_Read_Data_Blocking		CODE           	4488	0000	110
		_EUSART_Async_Read_Data		CODE           	2076	0000	528

MCAL/EUSART/mcal_EUSART.c estimated size: 1120

application.c
		_main          		CODE           	1D6E	0000	776
		_application_intialize		CODE           	2E70	0000	306
		_usart_isr     		CODE           	49CE	0000	50
		_GPS_Service   		CODE           	293C	0000	364

application.c estimated size: 1496

Robot/sensors/DHT11/DHT.c
		_DHT11_Read_Data		CODE           	4034	0000	144
		_Get_Temp_HUM  		CODE           	3EEC	0000	166
		_DHT11_Start   		CODE           	4BC6	0000	30
		_DHT11_Check_Response		CODE           	4A30	0000	44

Robot/sensors/DHT11/DHT.c estimated size: 384

ECU/Bluetooth/Bluetooth.c
		_Bluetooth_Send_Data_Non_Blocking		CODE           	4ADE	0000	42

ECU/Bluetooth/Bluetooth.c estimated size: 42

MCAL/ADC/mcal_adc.c
		_ADC_ISR       		CODE           	4C60	0000	2

MCAL/ADC/mcal_adc.c estimated size: 2

ECU/stepper/ecu_stepper.c
		_stepper_move_one_deg_ccw		CODE           	4764	0000	102
		_Ecu_Stepper_Step		CODE           	425A	0000	112
		_stepper_move_one_deg_cw		CODE           	46FE	0000	102
		_Ecu_Stepper_Init		CODE           	41DE	0000	124

ECU/stepper/ecu_stepper.c estimated size: 440

