Microchip MPLAB XC8 Compiler V2.36

Linker command line:

-W-3 --edf=C:\Program Files\Microchip\xc8\v2.36\pic\dat\en_msgs.txt -cn \
  -h+dist/default/production\graduation_project.production.sym \
  --cmf=dist/default/production\graduation_project.production.cmf -z \
  -Q18F46K20 -oC:\Users\ahmed radwan\AppData\Local\Temp\xcAsl1s.4 \
  --defsym=__MPLAB_BUILD=1 \
  -Mdist/default/production/graduation_project.production.map \
  --md=C:\Users\ahmed radwan\AppData\Local\Temp\xcAsl1s.dat -E1 \
  -ver=XC8 Compiler --acfsm=1493 -ACODE=00h-0FFFFh -ACONST=00h-0FFFFh \
  -ASMALLCONST=01000h-010FFhx240 -AMEDIUMCONST=01000h-0FFFFh \
  -ACOMRAM=01h-05Fh -AABS1=00h-0F5Fh -ABIGRAM=01h-0F5Fh \
  -ARAM=060h-0FFh,0100h-01FFhx14,0F00h-0F5Fh -ABANK0=060h-0FFh \
  -ABANK1=0100h-01FFh -ABANK2=0200h-02FFh -ABANK3=0300h-03FFh \
  -ABANK4=0400h-04FFh -ABANK5=0500h-05FFh -ABANK6=0600h-06FFh \
  -ABANK7=0700h-07FFh -ABANK8=0800h-08FFh -ABANK9=0900h-09FFh \
  -ABANK10=0A00h-0AFFh -ABANK11=0B00h-0BFFh -ABANK12=0C00h-0CFFh \
  -ABANK13=0D00h-0DFFh -ABANK14=0E00h-0EFFh -ABANK15=0F00h-0F5Fh \
  -ASFR=0F60h-0FFFh -ABIGSFR=0F60h-0FFFh -ACONFIG=0300000h-030000Dh \
  -AIDLOC=0200000h-0200007h -AEEDATA=0F00000h-0F003FFh -peeprom_data=EEDATA \
  -preset_vec=00h,intcode=08h,intcodelo=018h,powerup,init -pramtop=01000h \
  -psmallconst=SMALLCONST -pmediumconst=MEDIUMCONST -pconst=CONST \
  -AFARRAM=00h-00h \
  -prdata=COMRAM,nvrram=COMRAM,nvbit=COMRAM,rbss=COMRAM,rbit=COMRAM \
  -pfarbss=FARRAM,fardata=FARRAM,nvFARRAM=FARRAM \
  -pintsave_regs=BIGRAM,bigbss=BIGRAM,bigdata=BIGRAM -pbss=RAM \
  -pidata=CODE,irdata=CODE,ibigdata=CODE,ifardata=CODE -prparam=COMRAM \
  C:\Users\ahmed radwan\AppData\Local\Temp\xcAsl1s.o \
  dist/default/production\graduation_project.production.o 

Object code version is 3.11

Machine type is 18F46K20



                Name                               Link     Load   Length Selector   Space Scale
C:\Users\ahmed radwan\AppData\Local\Temp\xcAsl1s.o
                idloc                            200000   200000        8        0       5
                config                           300000   300000        E        0       4
                init                                286      286        4        C       0
                reset_vec                             0        0        4        0       0
dist/default/production\graduation_project.production.o
                intcodelo                            18       18      26E        C       0
                intcode                               8        8        6        4       0
                idloc                            200000   200000        8        0       5
                config                           300000   300000        E        0       4
                temp                                 42       42        1        1       1
                smallconst                         1000     1000       48      800       0
                text83                             494A     494A       68      824       0
                text82                             48E2     48E2       68      824       0
                text81                             38F4     38F4       E4      824       0
                text80                             4E3A     4E3A       2A     26C6       0
                text79                             25FE     25FE      20A      824       0
                text78                             465E     465E       70      824       0
                text77                             4D2C     4D2C       32      824       0
                text76                             4DE4     4DE4       2C     26C6       0
                text75                             4FC6     4FC6        2     26C6       0
                text74                             4FC4     4FC4        2     26C6       0
                intcode_body                       3810     3810       E4      824       0
                text72                             4FC2     4FC2        2     26C6       0
                text71                             4FB8     4FB8        4     26C6       0
                text70                             4F90     4F90       1A     26C6       0
                text69                             4F76     4F76       1A     26C6       0
                text68                             4F5C     4F5C       1A     26C6       0
                text67                             4F42     4F42       1A     26C6       0
                text65                             45EE     45EE       70      824       0
                text64                             487A     487A       68      824       0
                text63                             4812     4812       68      824       0
                text62                             23EE     23EE      210      824       0
                text61                             473C     473C       6E      824       0
                text60                             31E8     31E8      12E      824       0
                text59                             2CB4     2CB4      16C      824       0
                text58                             3FC0     3FC0       AE      824       0
                text57                             3E5E     3E5E       B4      824       0
                text56                             4E10     4E10       2A     26C6       0
                text55                             1D66     1D66      39C      824       0
                text54                             2808     2808      1B8      824       0
                text53                             4DB8     4DB8       2C     26C6       0
                text52                             3316     3316      10E      824       0
                text51                             4D8C     4D8C       2C     26C6       0
                text50                             42E8     42E8       90      824       0
                text49                             4F24     4F24       1E     26C6       0
                text48                             406E     406E       A6      824       0
                text47                             4E8C     4E8C       28     26C6       0
                text46                             1582     1582      42C      824       0
                text45                             3424     3424      108      824       0
                text44                             29C0     29C0      188      824       0
                text43                             4EDA     4EDA       26     26C6       0
                text42                             4CC2     4CC2       38      824       0
                text41                             4C8A     4C8A       38      824       0
                text40                             47AA     47AA       68      824       0
                text39                             4A7E     4A7E       66      824       0
                text38                             1048     1048      53A      824       0
                text37                             3728     3728       E8      824       0
                text36                             3CE6     3CE6       C0      824       0
                text35                             4E64     4E64       28     26C6       0
                text34                             3C26     3C26       C0      824       0
                text33                             4FC0     4FC0        2     26C6       0
                text32                             3B66     3B66       C0      824       0
                text31                             4FBE     4FBE        2     26C6       0
                text30                             3AA6     3AA6       C0      824       0
                text29                             41B6     41B6       A2      824       0
                text28                             3F12     3F12       AE      824       0
                text27                             4258     4258       90      824       0
                text26                             19AE     19AE      3B8      824       0
                text25                             4B40     4B40       5A      824       0
                text24                             2E20     2E20      146      824       0
                text23                             4C40     4C40       4A      824       0
                text22                             4492     4492       7C      824       0
                text21                             457E     457E       70      824       0
                text20                             2F66     2F66      144      824       0
                text19                             2B48     2B48      16C      824       0
                text18                             4FBC     4FBC        2     26C6       0
                text17                             46CE     46CE       6E      824       0
                text16                             4114     4114       A2      824       0
                text15                             362E     362E       FA      824       0
                text14                             4AE4     4AE4       5C      824       0
                text13                             4EB4     4EB4       26     26C6       0
                text12                             3DA6     3DA6       B8      824       0
                text11                             4FB2     4FB2        6     26C6       0
                text10                             4CFA     4CFA       32      824       0
                text9                              30AA     30AA      13E      824       0
                text8                              39D8     39D8       CE      824       0
                text7                              4406     4406       8C      824       0
                text6                              352C     352C      102      824       0
                text5                              4B9A     4B9A       56      824       0
                text4                              4BF0     4BF0       50      824       0
                text3                              450E     450E       70      824       0
                text2                              4A18     4A18       66      824       0
                text1                              49B2     49B2       66      824       0
                text0                              2102     2102      2EC      824       0
                cstackCOMRAM                          1        1       24        1       1
                cstackBANK0                          60       60       48       60       1
                cstackBANK1                         14D      14D       1D      100       1
                dataBANK1                           129      129       24      100       1
                bssBANK1                            100      100       29      100       1
                dataBANK0                            A8       A8       2D       60       1
                bssBANK0                             D5       D5       2B       60       1
                dataCOMRAM                           3A       3A        8        1       1
                bssCOMRAM                            25       25       15        1       1
                cinit                              4378     4378       8E      824       0
                idataBANK1                         4F00     4F00       24     26C6       0
                idataBANK0                         4D5E     4D5E       2D      824       0
                idataCOMRAM                        4FAA     4FAA        8     26C6       0

TOTAL           Name                               Link     Load   Length     Space
        CLASS   CODE           
                intcodelo                            18       18      26E         0
                intcode                               8        8        6         0
                init                                286      286        4         0
                reset_vec                             0        0        4         0
                text83                             494A     494A       68         0
                text82                             48E2     48E2       68         0
                text81                             38F4     38F4       E4         0
                text80                             4E3A     4E3A       2A         0
                text79                             25FE     25FE      20A         0
                text78                             465E     465E       70         0
                text77                             4D2C     4D2C       32         0
                text76                             4DE4     4DE4       2C         0
                text75                             4FC6     4FC6        2         0
                text74                             4FC4     4FC4        2         0
                intcode_body                       3810     3810       E4         0
                text72                             4FC2     4FC2        2         0
                text71                             4FB8     4FB8        4         0
                text70                             4F90     4F90       1A         0
                text69                             4F76     4F76       1A         0
                text68                             4F5C     4F5C       1A         0
                text67                             4F42     4F42       1A         0
                text65                             45EE     45EE       70         0
                text64                             487A     487A       68         0
                text63                             4812     4812       68         0
                text62                             23EE     23EE      210         0
                text61                             473C     473C       6E         0
                text60                             31E8     31E8      12E         0
                text59                             2CB4     2CB4      16C         0
                text58                             3FC0     3FC0       AE         0
                text57                             3E5E     3E5E       B4         0
                text56                             4E10     4E10       2A         0
                text55                             1D66     1D66      39C         0
                text54                             2808     2808      1B8         0
                text53                             4DB8     4DB8       2C         0
                text52                             3316     3316      10E         0
                text51                             4D8C     4D8C       2C         0
                text50                             42E8     42E8       90         0
                text49                             4F24     4F24       1E         0
                text48                             406E     406E       A6         0
                text47                             4E8C     4E8C       28         0
                text46                             1582     1582      42C         0
                text45                             3424     3424      108         0
                text44                             29C0     29C0      188         0
                text43                             4EDA     4EDA       26         0
                text42                             4CC2     4CC2       38         0
                text41                             4C8A     4C8A       38         0
                text40                             47AA     47AA       68         0
                text39                             4A7E     4A7E       66         0
                text38                             1048     1048      53A         0
                text37                             3728     3728       E8         0
                text36                             3CE6     3CE6       C0         0
                text35                             4E64     4E64       28         0
                text34                             3C26     3C26       C0         0
                text33                             4FC0     4FC0        2         0
                text32                             3B66     3B66       C0         0
                text31                             4FBE     4FBE        2         0
                text30                             3AA6     3AA6       C0         0
                text29                             41B6     41B6       A2         0
                text28                             3F12     3F12       AE         0
                text27                             4258     4258       90         0
                text26                             19AE     19AE      3B8         0
                text25                             4B40     4B40       5A         0
                text24                             2E20     2E20      146         0
                text23                             4C40     4C40       4A         0
                text22                             4492     4492       7C         0
                text21                             457E     457E       70         0
                text20                             2F66     2F66      144         0
                text19                             2B48     2B48      16C         0
                text18                             4FBC     4FBC        2         0
                text17                             46CE     46CE       6E         0
                text16                             4114     4114       A2         0
                text15                             362E     362E       FA         0
                text14                             4AE4     4AE4       5C         0
                text13                             4EB4     4EB4       26         0
                text12                             3DA6     3DA6       B8         0
                text11                             4FB2     4FB2        6         0
                text10                             4CFA     4CFA       32         0
                text9                              30AA     30AA      13E         0
                text8                              39D8     39D8       CE         0
                text7                              4406     4406       8C         0
                text6                              352C     352C      102         0
                text5                              4B9A     4B9A       56         0
                text4                              4BF0     4BF0       50         0
                text3                              450E     450E       70         0
                text2                              4A18     4A18       66         0
                text1                              49B2     49B2       66         0
                text0                              2102     2102      2EC         0
                cinit                              4378     4378       8E         0
                idataBANK1                         4F00     4F00       24         0
                idataBANK0                         4D5E     4D5E       2D         0
                idataCOMRAM                        4FAA     4FAA        8         0

        CLASS   CONST          

        CLASS   SMALLCONST     
                smallconst                         1000     1000       48         0

        CLASS   MEDIUMCONST    

        CLASS   COMRAM         
                temp                                 42       42        1         1
                cstackCOMRAM                          1        1       24         1
                dataCOMRAM                           3A       3A        8         1
                bssCOMRAM                            25       25       15         1

        CLASS   ABS1           

        CLASS   BIGRAM         

        CLASS   RAM            

        CLASS   BANK0          
                cstackBANK0                          60       60       48         1
                dataBANK0                            A8       A8       2D         1
                bssBANK0                             D5       D5       2B         1

        CLASS   BANK1          
                cstackBANK1                         14D      14D       1D         1
                dataBANK1                           129      129       24         1
                bssBANK1                            100      100       29         1

        CLASS   BANK2          

        CLASS   BANK3          

        CLASS   BANK4          

        CLASS   BANK5          

        CLASS   BANK6          

        CLASS   BANK7          

        CLASS   BANK8          

        CLASS   BANK9          

        CLASS   BANK10         

        CLASS   BANK11         

        CLASS   BANK12         

        CLASS   BANK13         

        CLASS   BANK14         

        CLASS   BANK15         

        CLASS   SFR            

        CLASS   BIGSFR         

        CLASS   CONFIG         
                config                           300000   300000        E         4

        CLASS   IDLOC          
                idloc                            200000   200000        8         5

        CLASS   EEDATA         

        CLASS   FARRAM         

        CLASS   HEAP           

        CLASS   STACK          



SEGMENTS        Name                           Load    Length   Top    Selector   Space  Class

                reset_vec                      000000  000004  000004         0       0  CODE    
                cstackCOMRAM                   000001  000042  000043         1       1  COMRAM  
                intcode                        000008  000006  00000E         4       0  CODE    
                intcodelo                      000018  000272  00028A         C       0  CODE    
                cstackBANK0                    000060  0000A0  000100        60       1  BANK0   
                bssBANK1                       000100  00006A  00016A       100       1  BANK1   
                smallconst                     001000  000048  001048       800       0  SMALLCON
                text38                         001048  003D43  004D8B       824       0  CODE    
                text51                         004D8C  00023C  004FC8      26C6       0  CODE    


UNUSED ADDRESS RANGES

        Name                Unused          Largest block    Delta
        BANK1            00016A-0001FF               96
        BANK10           000A00-000AFF              100
        BANK11           000B00-000BFF              100
        BANK12           000C00-000CFF              100
        BANK13           000D00-000DFF              100
        BANK14           000E00-000EFF              100
        BANK15           000F00-000F5F               60
        BANK2            000200-0002FF              100
        BANK3            000300-0003FF              100
        BANK4            000400-0004FF              100
        BANK5            000500-0005FF              100
        BANK6            000600-0006FF              100
        BANK7            000700-0007FF              100
        BANK8            000800-0008FF              100
        BANK9            000900-0009FF              100
        BIGRAM           000043-00005F               1D
                         00016A-000F5F              DF6
        BIGSFR           000F60-000FFF               A0
        CODE             000004-000007                4
                         00000E-000017                A
                         00028A-000FFF              D76
                         004D8B-004D8B                1
                         004FC8-00FFFF             B038
        COMRAM           000043-00005F               1D
        CONST            000004-000007                4
                         00000E-000017                A
                         00028A-000FFF              D76
                         004D8B-004D8B                1
                         004FC8-00FFFF             B038
        EEDATA           F00000-F003FF              400
        MEDIUMCONST      004D8B-004D8B                1
                         004FC8-00FFFF             B038
        RAM              00016A-000F5F              100
        SFR              000F60-000FFF               A0
        SMALLCONST       004D8B-004D8B                1
                         004FC8-00FFFF              100

                                  Symbol Table

?___fladd                                     cstackBANK0  00009C
?___fldiv                                     cstackBANK0  00006A
?___flmul                                     cstackBANK0  000083
?___fltol                                     cstackBANK1  000151
?___xxtofl                                    cstackCOMRAM 00001E
Bluetooth_Send_Data_Non_Blocking@_uart_obj    cstackCOMRAM 00000C
Bluetooth_Send_Data_Non_Blocking@data         cstackCOMRAM 00000E
CCP_Capture_Mode_Config@_ccp_obj              cstackCOMRAM 000021
CCP_Capture_Mode_Config@ret                   cstackBANK0  000060
CCP_Compare_Mode_Config@_ccp_obj              cstackCOMRAM 000021
CCP_Compare_Mode_Config@ret                   cstackBANK0  000060
CCP_Init@_ccp_obj                             cstackBANK0  000066
CCP_Interrupt_Config@_ccp_obj                 cstackCOMRAM 00001E
CCP_Mode_Timer_Select@_ccp_obj                cstackCOMRAM 00001E
CCP_PWM_Mode_Config@_ccp_obj                  cstackCOMRAM 000021
CCP_PWM_Set_Duty@_ccp_obj                     cstackBANK1  000159
CCP_PWM_Set_Duty@_duty                        cstackBANK1  00015B
CCP_PWM_Set_Duty@l_duty_temp                  cstackBANK1  000162
CCP_PWM_Start@_ccp_obj                        cstackCOMRAM 00001E
DHT11_Read_Data@data                          cstackCOMRAM 00001E
DHT11_Read_Data@i                             cstackCOMRAM 000021
ECU_DC_Motor_Init@dc_motor                    cstackBANK0  000066
ECU_DC_Motor_Run_Left@dc_motor                cstackCOMRAM 000022
ECU_DC_Motor_Run_Right@dc_motor               cstackCOMRAM 000022
EUSART_Async_Init@_eusart_obj                 cstackBANK1  000166
EUSART_Async_Init@ret_val                     cstackCOMRAM 000024
EUSART_Async_Read_Data@_eusart_obj            cstackBANK0  000060
EUSART_Async_Read_Data@data                   cstackBANK0  000062
EUSART_Async_Read_Data@l_temp_data            cstackBANK0  00006A
EUSART_Async_Read_Data_Blocking@_eusart_obj   cstackBANK0  00006C
EUSART_Async_Read_Data_Blocking@data          cstackBANK0  00006E
EUSART_Async_Transmit_Data@_eusart_obj        cstackCOMRAM 000006
EUSART_Async_Transmit_Data@data               cstackCOMRAM 000008
Ecu_Stepper_Init@stepper                      cstackBANK0  000066
Ecu_Stepper_Step@stepper                      cstackCOMRAM 000022
GPIO_Pin_Direction_Initialize@ERRORSTATUS     cstackCOMRAM 000020
GPIO_Pin_Direction_Initialize@_pin_config     cstackCOMRAM 00001E
GPIO_Pin_Initialize@ERRORSTATUS               cstackCOMRAM 000024
GPIO_Pin_Initialize@_pin_config               cstackCOMRAM 000022
GPIO_Pin_Read_Logic@_pin_config               cstackCOMRAM 00001E
GPIO_Pin_Read_Logic@logic                     cstackCOMRAM 000020
GPIO_Pin_Toggle_Logic@_pin_config             cstackCOMRAM 00001E
GPIO_Pin_Write_Logic@ERRORSTATUS              cstackCOMRAM 000021
GPIO_Pin_Write_Logic@_pin_config              cstackCOMRAM 00001E
GPIO_Pin_Write_Logic@logic                    cstackCOMRAM 000020
GPS_Service@key                               cstackBANK0  000072
Get_Distance@_tmr0_config                     cstackBANK0  000085
Get_Distance@distance                         cstackBANK0  000087
Get_Distance@logic                            cstackBANK0  00008B
Get_Distance@timer_val                        cstackBANK0  000089
Get_Distance@ultrasonic_object                cstackBANK0  000083
Get_Temp_HUM@Checksum                         cstackBANK0  000068
Get_Temp_HUM@RH_Decimal                       cstackBANK0  000060
Get_Temp_HUM@RH_Integral                      cstackBANK0  000062
Get_Temp_HUM@T_Decimal                        cstackBANK0  000064
Get_Temp_HUM@T_Integral                       cstackBANK0  000066
HAL_Timer0_Init@_tmr0_config                  cstackCOMRAM 000023
HAL_Timer0_Read_Val@_tmr0_config              cstackCOMRAM 00001E
HAL_Timer0_Read_Val@l_high_byte               cstackCOMRAM 000022
HAL_Timer0_Read_Val@l_low_byte                cstackCOMRAM 000023
HAL_Timer0_Read_Val@result                    cstackCOMRAM 000020
HAL_Timer0_Write_Val@_tmr0_config             cstackCOMRAM 00001E
HAL_Timer0_Write_Val@ret_value                cstackCOMRAM 000022
HAL_Timer0_Write_Val@val                      cstackCOMRAM 000020
I2C_Master_Mode_Clock_Configurations@i2c_obj  cstackBANK1  000159
I2C_Slave_Mode_Clock_Configurations@i2c_obj   cstackCOMRAM 00001E
MSSP_I2C_Init@i2c_obj                         cstackBANK1  00015B
MSSP_I2C_Master_Send_Start@i2c_obj            cstackCOMRAM 00001E
MSSP_I2C_Master_Send_Stop@i2c_obj             cstackCOMRAM 00001E
MSSP_I2C_Master_Write_Blocking@_ack           cstackCOMRAM 000021
MSSP_I2C_Master_Write_Blocking@i2c_data       cstackCOMRAM 000020
MSSP_I2C_Master_Write_Blocking@i2c_obj        cstackCOMRAM 00001E
PCA_Write_Reg@ack                             cstackCOMRAM 000023
PCA_Write_Reg@data                            cstackBANK0  000064
PCA_Write_Reg@i2c_obj                         cstackBANK0  000060
PCA_Write_Reg@reg_address                     cstackBANK0  000063
PCA_Write_Reg@slave_address                   cstackBANK0  000062
RB4_ISR@Handler_Select                        cstackCOMRAM 00001A
RB5_ISR@Handler_Select                        cstackCOMRAM 00001A
RB6_ISR@Handler_Select                        cstackCOMRAM 00001A
RB7_ISR@Handler_Select                        cstackCOMRAM 00001A
Rx_config_interrupt@_rx_obj                   cstackCOMRAM 00001E
Rx_config_interrupt@ret_val                   cstackCOMRAM 000020
ServoDriver_Init@i2c_obj                      cstackBANK1  00015D
ServoDriver_Init@servo_driver_obj             cstackBANK1  00015F
Servo_SetAngle@angle                          cstackBANK1  00015E
Servo_SetAngle@angle_in_reg                   cstackBANK1  00015F
Servo_SetAngle@i2c_obj                        cstackBANK1  000159
Servo_SetAngle@reg_addrees                    cstackBANK1  000161
Servo_SetAngle@servo_driver_obj               cstackBANK1  00015B
Servo_SetAngle@servo_no                       cstackBANK1  00015D
Timer2_Init@_timer2                           cstackCOMRAM 00001E
Ultra_Sonic_Init@_tmr0_config                 cstackBANK0  000068
Ultra_Sonic_Init@ultrasonic_object            cstackBANK0  000066
_ADCON0bits                                   (abs)        000FC2
_ADCON1bits                                   (abs)        000FC1
_ADCON2bits                                   (abs)        000FC0
_ADC_ISR                                      text72       004FC2
_ADRESH                                       (abs)        000FC4
_ADRESL                                       (abs)        000FC3
_BAUDCONbits                                  (abs)        000FB8
_Bluetooth_Send_Data_Non_Blocking             text80       004E3A
_CCP1CONbits                                  (abs)        000FBD
_CCP1_Obj                                     dataBANK1    000141
_CCP2CONbits                                  (abs)        000FBA
_CCP2_Obj                                     dataBANK1    000135
_CCPR1L                                       (abs)        000FBE
_CCPR2L                                       (abs)        000FBB
_CCP_Capture_Mode_Config                      text20       002F66
_CCP_Compare_Mode_Config                      text19       002B48
_CCP_Init                                     text15       00362E
_CCP_Interrupt_Config                         text18       004FBC
_CCP_Mode_Timer_Select                        text21       00457E
_CCP_PWM_Mode_Config                          text16       004114
_CCP_PWM_Set_Duty                             text44       0029C0
_CCP_PWM_Set_Duty$5750                        cstackBANK1  00015E
_CCP_PWM_Start                                text14       004AE4
_Checksum                                     bssCOMRAM    000033
_DHT11_Check_Response                         text51       004D8C
_DHT11_Read_Data                              text50       0042E8
_DHT11_Start                                  text49       004F24
_ECU_DC_Motor_Init                            text13       004EB4
_ECU_DC_Motor_Run_Left                        text47       004E8C
_ECU_DC_Motor_Run_Right                       text35       004E64
_EUSART_Async_Init                            text25       004B40
_EUSART_Async_Read_Data                       text62       0023EE
_EUSART_Async_Read_Data$2031                  cstackBANK0  000064
_EUSART_Async_Read_Data$2032                  cstackBANK0  000066
_EUSART_Async_Read_Data$2033                  cstackBANK0  000068
_EUSART_Async_Read_Data_Blocking              text61       00473C
_EUSART_Async_Transmit_Data                   text81       0038F4
_EUSART_Rx_ISR                                text76       004DE4
_EUSART_Tx_ISR                                text75       004FC6
_Ecu_Stepper_Init                             text22       004492
_Ecu_Stepper_Step                             text3        00450E
_GPIO_Pin_Direction_Initialize                text24       002E20
_GPIO_Pin_Initialize                          text23       004C40
_GPIO_Pin_Read_Logic                          text58       003FC0
_GPIO_Pin_Toggle_Logic                        text65       0045EE
_GPIO_Pin_Write_Logic                         text60       0031E8
_GPS_Service                                  text59       002CB4
_Get_Distance                                 text52       003316
_Get_Temp_HUM                                 text48       00406E
_HAL_Timer0_Init                              text6        00352C
_HAL_Timer0_Read_Val                          text57       003E5E
_HAL_Timer0_Write_Val                         text56       004E10
_I2C_Master_Mode_Clock_Configurations         text12       003DA6
_I2C_Pin_Configurations                       text11       004FB2
_I2C_Slave_Mode_Clock_Configurations          text10       004CFA
_INT0_InterruptHandler                        bssBANK0     0000EB
_INT1_ISR                                     text71       004FB8
_INT1_InterruptHandler                        bssCOMRAM    000027
_INT2_InterruptHandler                        bssBANK0     0000E9
_INTCON2bits                                  (abs)        000FF1
_INTCON3bits                                  (abs)        000FF0
_INTCONbits                                   (abs)        000FF2
_IPR1bits                                     (abs)        000F9F
_InterruptManagerHigh                         intcode      000008
_InterruptManagerLow                          intcodelo    000018
_LATA                                         (abs)        000F89
_LATB                                         (abs)        000F8A
_LATC                                         (abs)        000F8B
_LATD                                         (abs)        000F8C
_LATDbits                                     (abs)        000F8C
_LATE                                         (abs)        000F8D
_MSSP_I2C_Init                                text9        0030AA
_MSSP_I2C_Master_Send_Start                   text42       004CC2
_MSSP_I2C_Master_Send_Stop                    text41       004C8A
_MSSP_I2C_Master_Write_Blocking               text40       0047AA
_Movement_State                               bssBANK0     0000F7
_PCA_Write_Reg                                text39       004A7E
_PIE1bits                                     (abs)        000F9D
_PIE2bits                                     (abs)        000FA0
_PIR1bits                                     (abs)        000F9E
_PIR2bits                                     (abs)        000FA1
_PORTA                                        (abs)        000F80
_PORTB                                        (abs)        000F81
_PORTBbits                                    (abs)        000F81
_PORTC                                        (abs)        000F82
_PORTD                                        (abs)        000F83
_PORTDbits                                    (abs)        000F83
_PORTE                                        (abs)        000F84
_PR2                                          (abs)        000FCB
_RB4_ISR                                      text70       004F90
_RB4_InterruptHandler_HIGH                    bssBANK0     0000E7
_RB4_InterruptHandler_LOW                     bssBANK0     0000E5
_RB5_ISR                                      text69       004F76
_RB5_InterruptHandler_HIGH                    bssBANK0     0000E3
_RB5_InterruptHandler_LOW                     bssBANK0     0000E1
_RB6_ISR                                      text68       004F5C
_RB6_InterruptHandler_HIGH                    bssBANK0     0000DF
_RB6_InterruptHandler_LOW                     bssBANK0     0000DD
_RB7_ISR                                      text67       004F42
_RB7_InterruptHandler_HIGH                    bssBANK0     0000DB
_RB7_InterruptHandler_LOW                     bssBANK0     0000D9
_RCONbits                                     (abs)        000FD0
_RCREG                                        (abs)        000FAE
_RCSTA1bits                                   (abs)        000FAB
_RCSTAbits                                    (abs)        000FAB
_RH_Decimal                                   bssCOMRAM    000037
_RH_Integral                                  bssCOMRAM    000036
_RX9D                                         (abs)        007D58
_Robot_Move_Backward                          text36       003CE6
_Robot_Move_Forward                           text34       003C26
_Robot_Nav_Init                               text7        004406
_Robot_Steer_Left_Backward                    text33       004FC0
_Robot_Steer_Left_Forward                     text32       003B66
_Robot_Steer_Right_Backward                   text31       004FBE
_Robot_Steer_Right_Forward                    text30       003AA6
_Robot_Steer_Stop                             text43       004EDA
_Rx_config_interrupt                          text29       0041B6
_SPBRG                                        (abs)        000FAF
_SPBRGH                                       (abs)        000FB0
_SSPADD                                       (abs)        000FC8
_SSPBUF                                       (abs)        000FC9
_SSPCON1bits                                  (abs)        000FC6
_SSPCON2bits                                  (abs)        000FC5
_SSPSTATbits                                  (abs)        000FC7
_ServoDriver_Init                             text8        0039D8
_Servo_SetAngle                               text37       003728
_T0CONbits                                    (abs)        000FD5
_T1CONbits                                    (abs)        000FCD
_T2CONbits                                    (abs)        000FCA
_T3CONbits                                    (abs)        000FB1
_TEST_PIN                                     dataCOMRAM   000041
_TMR0H                                        (abs)        000FD7
_TMR0L                                        (abs)        000FD6
_TMR0_ISR                                     text74       004FC4
_TMR1H                                        (abs)        000FCF
_TMR1L                                        (abs)        000FCE
_TMR2                                         (abs)        000FCC
_TRISA                                        (abs)        000F92
_TRISB                                        (abs)        000F93
_TRISBbits                                    (abs)        000F93
_TRISC                                        (abs)        000F94
_TRISCbits                                    (abs)        000F94
_TRISD                                        (abs)        000F95
_TRISDbits                                    (abs)        000F95
_TRISE                                        (abs)        000F96
_TXREG                                        (abs)        000FAD
_TXSTA1bits                                   (abs)        000FAC
_TXSTAbits                                    (abs)        000FAC
_T_Decimal                                    bssCOMRAM    000035
_T_Integral                                   bssCOMRAM    000034
_Timer1_Interrupt_Handler                     bssBANK0     0000D5
_Timer1_PreLoaded_Value_Store                 bssCOMRAM    000025
_Timer2_Init                                  text17       0046CE
_Timer2_PreLoaded_Value_Store                 bssCOMRAM    00002B
_Ultra_Sonic_Init                             text5        004B9A
_W1_W3_W5_Motor_Control                       dataBANK0    0000D4
_W2_W4_W6_Motor_Control                       dataBANK0    0000D3
_WDTCONbits                                   (abs)        000FD1
__HRAM                                        (abs)        000000
__Habs1                                       abs1         000000
__Hbank0                                      bank0        000000
__Hbank1                                      bank1        000000
__Hbank10                                     bank10       000000
__Hbank11                                     bank11       000000
__Hbank12                                     bank12       000000
__Hbank13                                     bank13       000000
__Hbank14                                     bank14       000000
__Hbank15                                     bank15       000000
__Hbank2                                      bank2        000000
__Hbank3                                      bank3        000000
__Hbank4                                      bank4        000000
__Hbank5                                      bank5        000000
__Hbank6                                      bank6        000000
__Hbank7                                      bank7        000000
__Hbank8                                      bank8        000000
__Hbank9                                      bank9        000000
__Hbigbss                                     bigbss       000000
__Hbigdata                                    bigdata      000000
__Hbigram                                     bigram       000000
__Hbigsfr                                     bigsfr       000000
__Hbss                                        bss          000000
__HbssBANK0                                   bssBANK0     000000
__HbssBANK1                                   bssBANK1     000000
__HbssCOMRAM                                  bssCOMRAM    000000
__Hcinit                                      cinit        000000
__Hclrtext                                    clrtext      000000
__Hcomram                                     comram       000000
__Hconfig                                     config       30000E
__Hconst                                      const        000000
__HcstackBANK0                                cstackBANK0  000000
__HcstackBANK1                                cstackBANK1  000000
__HcstackCOMRAM                               cstackCOMRAM 000000
__Hdata                                       data         000000
__HdataBANK0                                  dataBANK0    000000
__HdataBANK1                                  dataBANK1    000000
__HdataCOMRAM                                 dataCOMRAM   000000
__Heeprom_data                                eeprom_data  000000
__Hfarbss                                     farbss       000000
__Hfardata                                    fardata      000000
__Hheap                                       heap         000000
__Hibigdata                                   ibigdata     000000
__Hidata                                      idata        000000
__HidataBANK0                                 idataBANK0   000000
__HidataBANK1                                 idataBANK1   000000
__HidataCOMRAM                                idataCOMRAM  000000
__Hidloc                                      idloc        200008
__Hifardata                                   ifardata     000000
__Hinit                                       init         00028A
__Hintcode                                    intcode      00000E
__Hintcode_body                               intcode_body 000000
__Hintcodelo                                  intcodelo    000286
__Hintentry                                   intentry     000000
__Hintret                                     intret       000000
__Hintsave_regs                               intsave_regs 000000
__Hirdata                                     irdata       000000
__Hmediumconst                                mediumconst  000000
__HnvFARRAM                                   nvFARRAM     000000
__Hnvbit                                      nvbit        000000
__Hnvrram                                     nvrram       000000
__Hparam                                      rparam       000000
__Hpowerup                                    powerup      000286
__Hram                                        ram          000000
__Hramtop                                     ramtop       001000
__Hrbit                                       rbit         000000
__Hrbss                                       rbss         000000
__Hrdata                                      rdata        000000
__Hreset_vec                                  reset_vec    000004
__Hrparam                                     rparam       000000
__Hsfr                                        sfr          000000
__Hsmallconst                                 smallconst   001048
__Hspace_0                                    (abs)        004FC8
__Hspace_1                                    (abs)        00016A
__Hspace_2                                    (abs)        000000
__Hspace_4                                    (abs)        60000E
__Hstack                                      stack        000000
__Hstruct                                     struct       000000
__Htemp                                       temp         000043
__Htext                                       text         000000
__Htext0                                      text0        000000
__Htext1                                      text1        000000
__Htext10                                     text10       000000
__Htext11                                     text11       000000
__Htext12                                     text12       000000
__Htext13                                     text13       000000
__Htext14                                     text14       000000
__Htext15                                     text15       000000
__Htext16                                     text16       000000
__Htext17                                     text17       000000
__Htext18                                     text18       000000
__Htext19                                     text19       000000
__Htext2                                      text2        000000
__Htext20                                     text20       000000
__Htext21                                     text21       000000
__Htext22                                     text22       000000
__Htext23                                     text23       000000
__Htext24                                     text24       000000
__Htext25                                     text25       000000
__Htext26                                     text26       000000
__Htext27                                     text27       000000
__Htext28                                     text28       000000
__Htext29                                     text29       000000
__Htext3                                      text3        000000
__Htext30                                     text30       000000
__Htext31                                     text31       000000
__Htext32                                     text32       000000
__Htext33                                     text33       000000
__Htext34                                     text34       000000
__Htext35                                     text35       000000
__Htext36                                     text36       000000
__Htext37                                     text37       000000
__Htext38                                     text38       000000
__Htext39                                     text39       000000
__Htext4                                      text4        000000
__Htext40                                     text40       000000
__Htext41                                     text41       000000
__Htext42                                     text42       000000
__Htext43                                     text43       000000
__Htext44                                     text44       000000
__Htext45                                     text45       000000
__Htext46                                     text46       000000
__Htext47                                     text47       000000
__Htext48                                     text48       000000
__Htext49                                     text49       000000
__Htext5                                      text5        000000
__Htext50                                     text50       000000
__Htext51                                     text51       000000
__Htext52                                     text52       000000
__Htext53                                     text53       000000
__Htext54                                     text54       000000
__Htext55                                     text55       000000
__Htext56                                     text56       000000
__Htext57                                     text57       000000
__Htext58                                     text58       000000
__Htext59                                     text59       000000
__Htext6                                      text6        000000
__Htext60                                     text60       000000
__Htext61                                     text61       000000
__Htext62                                     text62       000000
__Htext63                                     text63       000000
__Htext64                                     text64       000000
__Htext65                                     text65       000000
__Htext67                                     text67       000000
__Htext68                                     text68       000000
__Htext69                                     text69       000000
__Htext7                                      text7        000000
__Htext70                                     text70       000000
__Htext71                                     text71       000000
__Htext72                                     text72       000000
__Htext74                                     text74       000000
__Htext75                                     text75       000000
__Htext76                                     text76       000000
__Htext77                                     text77       000000
__Htext78                                     text78       000000
__Htext79                                     text79       000000
__Htext8                                      text8        000000
__Htext80                                     text80       000000
__Htext81                                     text81       000000
__Htext82                                     text82       000000
__Htext83                                     text83       000000
__Htext84                                     text84       000000
__Htext9                                      text9        000000
__LRAM                                        (abs)        000001
__Labs1                                       abs1         000000
__Lbank0                                      bank0        000000
__Lbank1                                      bank1        000000
__Lbank10                                     bank10       000000
__Lbank11                                     bank11       000000
__Lbank12                                     bank12       000000
__Lbank13                                     bank13       000000
__Lbank14                                     bank14       000000
__Lbank15                                     bank15       000000
__Lbank2                                      bank2        000000
__Lbank3                                      bank3        000000
__Lbank4                                      bank4        000000
__Lbank5                                      bank5        000000
__Lbank6                                      bank6        000000
__Lbank7                                      bank7        000000
__Lbank8                                      bank8        000000
__Lbank9                                      bank9        000000
__Lbigbss                                     bigbss       000000
__Lbigdata                                    bigdata      000000
__Lbigram                                     bigram       000000
__Lbigsfr                                     bigsfr       000000
__Lbss                                        bss          000000
__LbssBANK0                                   bssBANK0     000000
__LbssBANK1                                   bssBANK1     000000
__LbssCOMRAM                                  bssCOMRAM    000000
__Lcinit                                      cinit        000000
__Lclrtext                                    clrtext      000000
__Lcomram                                     comram       000000
__Lconfig                                     config       000000
__Lconst                                      const        000000
__LcstackBANK0                                cstackBANK0  000000
__LcstackBANK1                                cstackBANK1  000000
__LcstackCOMRAM                               cstackCOMRAM 000000
__Ldata                                       data         000000
__LdataBANK0                                  dataBANK0    000000
__LdataBANK1                                  dataBANK1    000000
__LdataCOMRAM                                 dataCOMRAM   000000
__Leeprom_data                                eeprom_data  000000
__Lfarbss                                     farbss       000000
__Lfardata                                    fardata      000000
__Lheap                                       heap         000000
__Libigdata                                   ibigdata     000000
__Lidata                                      idata        000000
__LidataBANK0                                 idataBANK0   000000
__LidataBANK1                                 idataBANK1   000000
__LidataCOMRAM                                idataCOMRAM  000000
__Lidloc                                      idloc        000000
__Lifardata                                   ifardata     000000
__Linit                                       init         000286
__Lintcode                                    intcode      000008
__Lintcode_body                               intcode_body 000000
__Lintcodelo                                  intcodelo    000018
__Lintentry                                   intentry     000000
__Lintret                                     intret       000000
__Lintsave_regs                               intsave_regs 000000
__Lirdata                                     irdata       000000
__Lmediumconst                                mediumconst  000000
__LnvFARRAM                                   nvFARRAM     000000
__Lnvbit                                      nvbit        000000
__Lnvrram                                     nvrram       000000
__Lparam                                      rparam       000000
__Lpowerup                                    powerup      000286
__Lram                                        ram          000000
__Lramtop                                     ramtop       001000
__Lrbit                                       rbit         000000
__Lrbss                                       rbss         000000
__Lrdata                                      rdata        000000
__Lreset_vec                                  reset_vec    000000
__Lrparam                                     rparam       000000
__Lsfr                                        sfr          000000
__Lsmallconst                                 smallconst   001000
__Lspace_0                                    (abs)        000000
__Lspace_1                                    (abs)        000000
__Lspace_2                                    (abs)        000000
__Lspace_4                                    (abs)        000000
__Lstack                                      stack        000000
__Lstruct                                     struct       000000
__Ltemp                                       temp         000042
__Ltext                                       text         000000
__Ltext0                                      text0        000000
__Ltext1                                      text1        000000
__Ltext10                                     text10       000000
__Ltext11                                     text11       000000
__Ltext12                                     text12       000000
__Ltext13                                     text13       000000
__Ltext14                                     text14       000000
__Ltext15                                     text15       000000
__Ltext16                                     text16       000000
__Ltext17                                     text17       000000
__Ltext18                                     text18       000000
__Ltext19                                     text19       000000
__Ltext2                                      text2        000000
__Ltext20                                     text20       000000
__Ltext21                                     text21       000000
__Ltext22                                     text22       000000
__Ltext23                                     text23       000000
__Ltext24                                     text24       000000
__Ltext25                                     text25       000000
__Ltext26                                     text26       000000
__Ltext27                                     text27       000000
__Ltext28                                     text28       000000
__Ltext29                                     text29       000000
__Ltext3                                      text3        000000
__Ltext30                                     text30       000000
__Ltext31                                     text31       000000
__Ltext32                                     text32       000000
__Ltext33                                     text33       000000
__Ltext34                                     text34       000000
__Ltext35                                     text35       000000
__Ltext36                                     text36       000000
__Ltext37                                     text37       000000
__Ltext38                                     text38       000000
__Ltext39                                     text39       000000
__Ltext4                                      text4        000000
__Ltext40                                     text40       000000
__Ltext41                                     text41       000000
__Ltext42                                     text42       000000
__Ltext43                                     text43       000000
__Ltext44                                     text44       000000
__Ltext45                                     text45       000000
__Ltext46                                     text46       000000
__Ltext47                                     text47       000000
__Ltext48                                     text48       000000
__Ltext49                                     text49       000000
__Ltext5                                      text5        000000
__Ltext50                                     text50       000000
__Ltext51                                     text51       000000
__Ltext52                                     text52       000000
__Ltext53                                     text53       000000
__Ltext54                                     text54       000000
__Ltext55                                     text55       000000
__Ltext56                                     text56       000000
__Ltext57                                     text57       000000
__Ltext58                                     text58       000000
__Ltext59                                     text59       000000
__Ltext6                                      text6        000000
__Ltext60                                     text60       000000
__Ltext61                                     text61       000000
__Ltext62                                     text62       000000
__Ltext63                                     text63       000000
__Ltext64                                     text64       000000
__Ltext65                                     text65       000000
__Ltext67                                     text67       000000
__Ltext68                                     text68       000000
__Ltext69                                     text69       000000
__Ltext7                                      text7        000000
__Ltext70                                     text70       000000
__Ltext71                                     text71       000000
__Ltext72                                     text72       000000
__Ltext74                                     text74       000000
__Ltext75                                     text75       000000
__Ltext76                                     text76       000000
__Ltext77                                     text77       000000
__Ltext78                                     text78       000000
__Ltext79                                     text79       000000
__Ltext8                                      text8        000000
__Ltext80                                     text80       000000
__Ltext81                                     text81       000000
__Ltext82                                     text82       000000
__Ltext83                                     text83       000000
__Ltext84                                     text84       000000
__Ltext9                                      text9        000000
__S0                                          (abs)        004FC8
__S1                                          (abs)        00016A
__S4                                          (abs)        000000
__S5                                          (abs)        000000
___fladd                                      text38       001048
___fladd@a                                    cstackBANK0  0000A0
___fladd@aexp                                 cstackBANK1  00014E
___fladd@b                                    cstackBANK0  00009C
___fladd@bexp                                 cstackBANK1  00014F
___fladd@grs                                  cstackBANK1  000150
___fladd@signs                                cstackBANK1  00014D
___fldiv                                      text55       001D66
___fldiv@a                                    cstackBANK0  00006E
___fldiv@aexp                                 cstackBANK0  000082
___fldiv@b                                    cstackBANK0  00006A
___fldiv@bexp                                 cstackBANK0  000081
___fldiv@grs                                  cstackBANK0  00007D
___fldiv@new_exp                              cstackBANK0  00007B
___fldiv@rem                                  cstackBANK0  000076
___fldiv@sign                                 cstackBANK0  00007A
___flmul                                      text46       001582
___flmul@a                                    cstackBANK0  000087
___flmul@aexp                                 cstackBANK0  000090
___flmul@b                                    cstackBANK0  000083
___flmul@bexp                                 cstackBANK0  000095
___flmul@grs                                  cstackBANK0  000091
___flmul@prod                                 cstackBANK0  000096
___flmul@sign                                 cstackBANK0  00008F
___flmul@temp                                 cstackBANK0  00009A
___fltol                                      text45       003424
___fltol@exp1                                 cstackCOMRAM 000023
___fltol@f1                                   cstackBANK1  000151
___fltol@sign1                                cstackCOMRAM 000022
___heap_hi                                    (abs)        000000
___heap_lo                                    (abs)        000000
___inthi_sp                                   stack        000000
___intlo_sp                                   stack        000000
___param_bank                                 (abs)        000000
___rparam_used                                (abs)        000001
___sp                                         stack        000000
___xxtofl                                     text54       002808
___xxtofl@arg                                 cstackBANK0  000066
___xxtofl@exp                                 cstackBANK0  000065
___xxtofl@sign                                cstackBANK0  000064
___xxtofl@val                                 cstackCOMRAM 00001E
__accesstop                                   (abs)        000060
__activetblptr                                (abs)        000003
__end_of_ADC_ISR                              text72       004FC4
__end_of_Bluetooth_Send_Data_Non_Blocking     text80       004E64
__end_of_CCP_Capture_Mode_Config              text20       0030AA
__end_of_CCP_Compare_Mode_Config              text19       002CB4
__end_of_CCP_Init                             text15       003728
__end_of_CCP_Interrupt_Config                 text18       004FBE
__end_of_CCP_Mode_Timer_Select                text21       0045EE
__end_of_CCP_PWM_Mode_Config                  text16       0041B6
__end_of_CCP_PWM_Set_Duty                     text44       002B48
__end_of_CCP_PWM_Start                        text14       004B40
__end_of_DHT11_Check_Response                 text51       004DB8
__end_of_DHT11_Read_Data                      text50       004378
__end_of_DHT11_Start                          text49       004F42
__end_of_ECU_DC_Motor_Init                    text13       004EDA
__end_of_ECU_DC_Motor_Run_Left                text47       004EB4
__end_of_ECU_DC_Motor_Run_Right               text35       004E8C
__end_of_EUSART_Async_Init                    text25       004B9A
__end_of_EUSART_Async_Read_Data               text62       0025FE
__end_of_EUSART_Async_Read_Data_Blocking      text61       0047AA
__end_of_EUSART_Async_Transmit_Data           text81       0039D8
__end_of_EUSART_Rx_ISR                        text76       004E10
__end_of_EUSART_Tx_ISR                        text75       004FC8
__end_of_Ecu_Stepper_Init                     text22       00450E
__end_of_Ecu_Stepper_Step                     text3        00457E
__end_of_GPIO_Pin_Direction_Initialize        text24       002F66
__end_of_GPIO_Pin_Initialize                  text23       004C8A
__end_of_GPIO_Pin_Read_Logic                  text58       00406E
__end_of_GPIO_Pin_Toggle_Logic                text65       00465E
__end_of_GPIO_Pin_Write_Logic                 text60       003316
__end_of_GPS_Service                          text59       002E20
__end_of_Get_Distance                         text52       003424
__end_of_Get_Temp_HUM                         text48       004114
__end_of_HAL_Timer0_Init                      text6        00362E
__end_of_HAL_Timer0_Read_Val                  text57       003F12
__end_of_HAL_Timer0_Write_Val                 text56       004E3A
__end_of_I2C_Master_Mode_Clock_Configurations text12       003E5E
__end_of_I2C_Pin_Configurations               text11       004FB8
__end_of_I2C_Slave_Mode_Clock_Configurations  text10       004D2C
__end_of_INT1_ISR                             text71       004FBC
__end_of_InterruptManagerHigh                 intcode_body 0038F4
__end_of_InterruptManagerLow                  intcodelo    000286
__end_of_MSSP_I2C_Init                        text9        0031E8
__end_of_MSSP_I2C_Master_Send_Start           text42       004CFA
__end_of_MSSP_I2C_Master_Send_Stop            text41       004CC2
__end_of_MSSP_I2C_Master_Write_Blocking       text40       004812
__end_of_PCA_Write_Reg                        text39       004AE4
__end_of_RB4_ISR                              text70       004FAA
__end_of_RB5_ISR                              text69       004F90
__end_of_RB6_ISR                              text68       004F76
__end_of_RB7_ISR                              text67       004F5C
__end_of_Robot_Move_Backward                  text36       003DA6
__end_of_Robot_Move_Forward                   text34       003CE6
__end_of_Robot_Nav_Init                       text7        004492
__end_of_Robot_Steer_Left_Backward            text33       004FC2
__end_of_Robot_Steer_Left_Forward             text32       003C26
__end_of_Robot_Steer_Right_Backward           text31       004FC0
__end_of_Robot_Steer_Right_Forward            text30       003B66
__end_of_Robot_Steer_Stop                     text43       004F00
__end_of_Rx_config_interrupt                  text29       004258
__end_of_ServoDriver_Init                     text8        003AA6
__end_of_Servo_SetAngle                       text37       003810
__end_of_TMR0_ISR                             text74       004FC6
__end_of_Timer2_Init                          text17       00473C
__end_of_Ultra_Sonic_Init                     text5        004BF0
__end_of___fladd                              text38       001582
__end_of___fldiv                              text55       002102
__end_of___flmul                              text46       0019AE
__end_of___fltol                              text45       00352C
__end_of___xxtofl                             text54       0029C0
__end_of__initialization                      cinit        0043FC
__end_of_application_intialize                text4        004C40
__end_of_async_Rx_config                      text28       003FC0
__end_of_async_Tx_config                      text27       0042E8
__end_of_async_config_baud_rate_gen           text26       001D66
__end_of_calc_parity_even                     text64       0048E2
__end_of_calc_parity_odd                      text63       00487A
__end_of_main                                 text0        0023EE
__end_of_send_trig_pulse                      text53       004DE4
__end_of_stepper_move_one_deg_ccw             text2        004A7E
__end_of_stepper_move_one_deg_cw              text1        004A18
__end_of_usart_isr                            text77       004D5E
__end_ofi2_EUSART_Async_Read_Data             text79       002808
__end_ofi2_GPIO_Pin_Toggle_Logic              text78       0046CE
__end_ofi2_calc_parity_even                   text83       0049B2
__end_ofi2_calc_parity_odd                    text82       00494A
__initialization                              cinit        004378
__mediumconst                                 mediumconst  000000
__pbssBANK0                                   bssBANK0     0000D5
__pbssBANK1                                   bssBANK1     000100
__pbssCOMRAM                                  bssCOMRAM    000025
__pcinit                                      cinit        004378
__pcstackBANK0                                cstackBANK0  000060
__pcstackBANK1                                cstackBANK1  00014D
__pcstackCOMRAM                               cstackCOMRAM 000001
__pdataBANK0                                  dataBANK0    0000A8
__pdataBANK1                                  dataBANK1    000129
__pdataCOMRAM                                 dataCOMRAM   00003A
__pidataBANK0                                 idataBANK0   004D5E
__pidataBANK1                                 idataBANK1   004F00
__pidataCOMRAM                                idataCOMRAM  004FAA
__pintcode                                    intcode      000008
__pintcode_body                               intcode_body 003810
__pintcodelo                                  intcodelo    000018
__psmallconst                                 smallconst   001000
__ptext0                                      text0        002102
__ptext1                                      text1        0049B2
__ptext10                                     text10       004CFA
__ptext11                                     text11       004FB2
__ptext12                                     text12       003DA6
__ptext13                                     text13       004EB4
__ptext14                                     text14       004AE4
__ptext15                                     text15       00362E
__ptext16                                     text16       004114
__ptext17                                     text17       0046CE
__ptext18                                     text18       004FBC
__ptext19                                     text19       002B48
__ptext2                                      text2        004A18
__ptext20                                     text20       002F66
__ptext21                                     text21       00457E
__ptext22                                     text22       004492
__ptext23                                     text23       004C40
__ptext24                                     text24       002E20
__ptext25                                     text25       004B40
__ptext26                                     text26       0019AE
__ptext27                                     text27       004258
__ptext28                                     text28       003F12
__ptext29                                     text29       0041B6
__ptext3                                      text3        00450E
__ptext30                                     text30       003AA6
__ptext31                                     text31       004FBE
__ptext32                                     text32       003B66
__ptext33                                     text33       004FC0
__ptext34                                     text34       003C26
__ptext35                                     text35       004E64
__ptext36                                     text36       003CE6
__ptext37                                     text37       003728
__ptext38                                     text38       001048
__ptext39                                     text39       004A7E
__ptext4                                      text4        004BF0
__ptext40                                     text40       0047AA
__ptext41                                     text41       004C8A
__ptext42                                     text42       004CC2
__ptext43                                     text43       004EDA
__ptext44                                     text44       0029C0
__ptext45                                     text45       003424
__ptext46                                     text46       001582
__ptext47                                     text47       004E8C
__ptext48                                     text48       00406E
__ptext49                                     text49       004F24
__ptext5                                      text5        004B9A
__ptext50                                     text50       0042E8
__ptext51                                     text51       004D8C
__ptext52                                     text52       003316
__ptext53                                     text53       004DB8
__ptext54                                     text54       002808
__ptext55                                     text55       001D66
__ptext56                                     text56       004E10
__ptext57                                     text57       003E5E
__ptext58                                     text58       003FC0
__ptext59                                     text59       002CB4
__ptext6                                      text6        00352C
__ptext60                                     text60       0031E8
__ptext61                                     text61       00473C
__ptext62                                     text62       0023EE
__ptext63                                     text63       004812
__ptext64                                     text64       00487A
__ptext65                                     text65       0045EE
__ptext67                                     text67       004F42
__ptext68                                     text68       004F5C
__ptext69                                     text69       004F76
__ptext7                                      text7        004406
__ptext70                                     text70       004F90
__ptext71                                     text71       004FB8
__ptext72                                     text72       004FC2
__ptext74                                     text74       004FC4
__ptext75                                     text75       004FC6
__ptext76                                     text76       004DE4
__ptext77                                     text77       004D2C
__ptext78                                     text78       00465E
__ptext79                                     text79       0025FE
__ptext8                                      text8        0039D8
__ptext80                                     text80       004E3A
__ptext81                                     text81       0038F4
__ptext82                                     text82       0048E2
__ptext83                                     text83       00494A
__ptext84                                     text84       000000
__ptext9                                      text9        0030AA
__ramtop                                      ramtop       001000
__smallconst                                  smallconst   001000
__uart_obj                                    dataBANK1    000129
_application_intialize                        text4        004BF0
_async_Rx_config                              text28       003F12
_async_Tx_config                              text27       004258
_async_config_baud_rate_gen                   text26       0019AE
_async_config_baud_rate_gen$5751              cstackBANK1  000162
_blue                                         dataCOMRAM   00003B
_calc_parity_even                             text64       00487A
_calc_parity_odd                              text63       004812
_counter                                      bssCOMRAM    00002D
_datarecive                                   bssCOMRAM    000038
_datasend                                     dataCOMRAM   00003A
_distance                                     bssBANK0     0000FC
_eusart_Rx_InterruptHandler                   bssCOMRAM    000029
_eusart_frameerr_CallBack                     bssBANK0     0000F3
_eusart_overrunerr_CallBack                   bssBANK0     0000F5
_flags                                        dataCOMRAM   00003D
_gps                                          dataCOMRAM   00003C
_gpstemp                                      bssCOMRAM    000039
_i                                            bssCOMRAM    00002C
_i2c_obj                                      dataBANK0    0000C6
_lat_registers                                dataBANK0    0000B2
_latitude                                     bssBANK1     00011C
_longtude                                     bssBANK1     00010F
_main                                         text0        002102
_port_registers                               dataBANK0    0000A8
_preloaded_val                                bssBANK0     0000D7
_selector                                     dataCOMRAM   000040
_send_trig_pulse                              text53       004DB8
_servo1Pos                                    bssCOMRAM    000032
_servo2Pos                                    bssCOMRAM    000031
_servo3Pos                                    bssCOMRAM    000030
_servo4Pos                                    bssCOMRAM    00002F
_servo_driver_obj                             dataBANK0    0000CD
_stepper_base                                 dataCOMRAM   00003E
_stepper_move_one_deg_ccw                     text2        004A18
_stepper_move_one_deg_cw                      text1        0049B2
_stepper_pos                                  bssCOMRAM    00002E
_timer0                                       bssBANK0     0000F8
_tris_registers                               dataBANK0    0000BC
_ultrasonic                                   dataBANK0    0000D1
_usart_isr                                    text77       004D2C
async_Rx_config@_rx_obj                       cstackCOMRAM 000021
async_Rx_config@ret_val                       cstackCOMRAM 000023
async_Tx_config@_tx_obj                       cstackCOMRAM 00001E
async_Tx_config@ret_val                       cstackCOMRAM 000020
async_config_baud_rate_gen@Baudrate_temp      cstackBANK1  00015E
async_config_baud_rate_gen@_eusart_obj        cstackBANK1  000159
async_config_baud_rate_gen@ret_val            cstackBANK1  00015D
btemp                                         temp         000042
calc_parity_even@data                         cstackCOMRAM 000020
calc_parity_even@l_counter                    cstackCOMRAM 000022
calc_parity_even@number_of_ones               cstackCOMRAM 000021
calc_parity_odd@data                          cstackCOMRAM 000020
calc_parity_odd@l_counter                     cstackCOMRAM 000022
calc_parity_odd@number_of_ones                cstackCOMRAM 000021
end_of_initialization                         cinit        0043FC
i2EUSART_Async_Read_Data@_eusart_obj          cstackCOMRAM 000006
i2EUSART_Async_Read_Data@data                 cstackCOMRAM 000008
i2EUSART_Async_Read_Data@l_temp_data          cstackCOMRAM 000012
i2GPIO_Pin_Toggle_Logic@_pin_config           cstackCOMRAM 000001
i2_EUSART_Async_Read_Data                     text79       0025FE
i2_EUSART_Async_Read_Data$2031                cstackCOMRAM 00000C
i2_EUSART_Async_Read_Data$2032                cstackCOMRAM 00000E
i2_EUSART_Async_Read_Data$2033                cstackCOMRAM 000010
i2_GPIO_Pin_Toggle_Logic                      text78       00465E
i2_calc_parity_even                           text83       00494A
i2_calc_parity_odd                            text82       0048E2
i2calc_parity_even@data                       cstackCOMRAM 000003
i2calc_parity_even@l_counter                  cstackCOMRAM 000005
i2calc_parity_even@number_of_ones             cstackCOMRAM 000004
i2calc_parity_odd@data                        cstackCOMRAM 000003
i2calc_parity_odd@l_counter                   cstackCOMRAM 000005
i2calc_parity_odd@number_of_ones              cstackCOMRAM 000004
int$flags                                     temp         000042
int_func                                      intcode_body 003810
intlevel0                                     text         000000
intlevel1                                     text         000000
intlevel2                                     text         000000
intlevel3                                     text         000000
isa$std                                       (abs)        000001
isa$xinst                                     (abs)        000000
send_trig_pulse@ultrasonic_object             cstackCOMRAM 000022
stackhi                                       (abs)        000000
stacklo                                       (abs)        000000
start                                         init         000286
start_initialization                          cinit        004378
stepper_move_one_deg_ccw@i                    cstackBANK0  00006A
stepper_move_one_deg_ccw@stepper              cstackBANK0  000068
stepper_move_one_deg_cw@i                     cstackBANK0  00006A
stepper_move_one_deg_cw@stepper               cstackBANK0  000068
ttemp5                                        temp         000043
ttemp6                                        temp         000046
ttemp7                                        temp         00004A
wtemp8                                        temp         000043


MODULE INFORMATION

Module		Function		Class		Link	Load	Size
MCAL/TIMER2/mcal_timer2.c
		_Timer2_Init   		CODE           	46CE	0000	110

MCAL/TIMER2/mcal_timer2.c estimated size: 110

C:\Program Files\Microchip\xc8\v2.36\pic\sources\c99\common\sprcmul.c
		___flmul       		CODE           	1582	0000	1068

C:\Program Files\Microchip\xc8\v2.36\pic\sources\c99\common\sprcmul.c estimated size: 1068

MCAL/Interrupts/mcal_external_interrupt.c
		_RB4_ISR       		CODE           	4F90	0000	26
		_RB5_ISR       		CODE           	4F76	0000	26
		_RB6_ISR       		CODE           	4F5C	0000	26
		_RB7_ISR       		CODE           	4F42	0000	26
		_INT1_ISR      		CODE           	4FB8	0000	4

MCAL/Interrupts/mcal_external_interrupt.c estimated size: 108

MCAL/I2C/mcal_i2c.c
		_MSSP_I2C_Init 		CODE           	30AA	0000	318
		_MSSP_I2C_Master_Send_Stop		CODE           	4C8A	0000	56
		_MSSP_I2C_Master_Send_Start		CODE           	4CC2	0000	56
		_I2C_Slave_Mode_Clock_Configurations		CODE           	4CFA	0000	50
		_I2C_Master_Mode_Clock_Configurations		CODE           	3DA6	0000	184
		_MSSP_I2C_Master_Write_Blocking		CODE           	47AA	0000	104
		_I2C_Pin_Configurations		CODE           	4FB2	0000	6

MCAL/I2C/mcal_i2c.c estimated size: 774

C:\Program Files\Microchip\xc8\v2.36\pic\sources\c99\common\sprcdiv.c
		___fldiv       		CODE           	1D66	0000	924

C:\Program Files\Microchip\xc8\v2.36\pic\sources\c99\common\sprcdiv.c estimated size: 924

MCAL/Timer0/hal_timer0.c
		_HAL_Timer0_Write_Val		CODE           	4E10	0000	42
		_HAL_Timer0_Init		CODE           	352C	0000	258
		_TMR0_ISR      		CODE           	4FC4	0000	2
		_HAL_Timer0_Read_Val		CODE           	3E5E	0000	180

MCAL/Timer0/hal_timer0.c estimated size: 482

C:\Program Files\Microchip\xc8\v2.36\pic\sources\c99\common\xxtofl.c
		___xxtofl      		CODE           	2808	0000	440

C:\Program Files\Microchip\xc8\v2.36\pic\sources\c99\common\xxtofl.c estimated size: 440

ECU/DC_Motor/ecu_dc_motor.c
		_ECU_DC_Motor_Run_Left		CODE           	4E8C	0000	40
		_ECU_DC_Motor_Run_Right		CODE           	4E64	0000	40
		_ECU_DC_Motor_Init		CODE           	4EB4	0000	38

ECU/DC_Motor/ecu_dc_motor.c estimated size: 118

MCAL/GPIO/hal_gpio.c
		_GPIO_Pin_Read_Logic		CODE           	3FC0	0000	174
		_GPIO_Pin_Toggle_Logic		CODE           	45EE	0000	112
		_GPIO_Pin_Direction_Initialize		CODE           	2E20	0000	326
		_GPIO_Pin_Initialize		CODE           	4C40	0000	74
		_GPIO_Pin_Write_Logic		CODE           	31E8	0000	302

MCAL/GPIO/hal_gpio.c estimated size: 988

C:\Program Files\Microchip\xc8\v2.36\pic\sources\c99\common\sprcadd.c
		___fladd       		CODE           	1048	0000	1338

C:\Program Files\Microchip\xc8\v2.36\pic\sources\c99\common\sprcadd.c estimated size: 1338

MCAL/Interrupts/mcal_interrupt_manager.c
		_InterruptManagerLow		CODE           	0018	0000	622
		_InterruptManagerHigh		CODE           	0008	0000	234

MCAL/Interrupts/mcal_interrupt_manager.c estimated size: 856

C:\Program Files\Microchip\xc8\v2.36\pic\sources\c99\common\fltol.c
		___fltol       		CODE           	3424	0000	264

C:\Program Files\Microchip\xc8\v2.36\pic\sources\c99\common\fltol.c estimated size: 264

shared
		i2_calc_parity_odd		CODE           	48E2	0000	104
		__initialization		CODE           	4378	0000	132
		i2_EUSART_Async_Read_Data		CODE           	25FE	0000	522
		i2_GPIO_Pin_Toggle_Logic		CODE           	465E	0000	112
		i2_calc_parity_even		CODE           	494A	0000	104

shared estimated size: 974

MCAL/CCP/hal_ccp.c
		_CCP_Capture_Mode_Config		CODE           	2F66	0000	324
		_CCP_Mode_Timer_Select		CODE           	457E	0000	112
		_CCP_PWM_Mode_Config		CODE           	4114	0000	162
		_CCP_Init      		CODE           	362E	0000	250
		_CCP_PWM_Start 		CODE           	4AE4	0000	92
		_CCP_PWM_Set_Duty		CODE           	29C0	0000	392
		_CCP_Compare_Mode_Config		CODE           	2B48	0000	364
		_CCP_Interrupt_Config		CODE           	4FBC	0000	2

MCAL/CCP/hal_ccp.c estimated size: 1698

Robot/Navigation/robot_navigation.c
		_Robot_Steer_Stop		CODE           	4EDA	0000	38
		_Robot_Steer_Right_Forward		CODE           	3AA6	0000	192
		_Robot_Steer_Right_Backward		CODE           	4FBE	0000	2
		_Robot_Steer_Left_Backward		CODE           	4FC0	0000	2
		_Robot_Move_Forward		CODE           	3C26	0000	192
		_Robot_Steer_Left_Forward		CODE           	3B66	0000	192
		_Robot_Move_Backward		CODE           	3CE6	0000	192
		_Robot_Nav_Init		CODE           	4406	0000	140

Robot/Navigation/robot_navigation.c estimated size: 950

ECU/SERVO_MOTOR_CONTROL_BY_I2C/ecu_servo_motor_i2c.c
		_ServoDriver_Init		CODE           	39D8	0000	206
		_Servo_SetAngle		CODE           	3728	0000	232
		_PCA_Write_Reg 		CODE           	4A7E	0000	102

ECU/SERVO_MOTOR_CONTROL_BY_I2C/ecu_servo_motor_i2c.c estimated size: 540

Robot/sensors/ultrasonic/ultrasonic.c
		_send_trig_pulse		CODE           	4DB8	0000	44
		_Get_Distance  		CODE           	3316	0000	270
		_Ultra_Sonic_Init		CODE           	4B9A	0000	86

Robot/sensors/ultrasonic/ultrasonic.c estimated size: 400

MCAL/EUSART/mcal_EUSART.c
		_EUSART_Async_Transmit_Data		CODE           	38F4	0000	228
		_Rx_config_interrupt		CODE           	41B6	0000	162
		_calc_parity_even		CODE           	487A	0000	104
		_EUSART_Rx_ISR 		CODE           	4DE4	0000	44
		_EUSART_Tx_ISR 		CODE           	4FC6	0000	2
		_async_Tx_config		CODE           	4258	0000	144
		_EUSART_Async_Init		CODE           	4B40	0000	90
		_calc_parity_odd		CODE           	4812	0000	104
		_async_config_baud_rate_gen		CODE           	19AE	0000	952
		_EUSART_Async_Read_Data_Blocking		CODE           	473C	0000	110
		_EUSART_Async_Read_Data		CODE           	23EE	0000	528
		_async_Rx_config		CODE           	3F12	0000	174

MCAL/EUSART/mcal_EUSART.c estimated size: 2642

application.c
		_main          		CODE           	2102	0000	748
		_application_intialize		CODE           	4BF0	0000	80
		_usart_isr     		CODE           	4D2C	0000	50
		_GPS_Service   		CODE           	2CB4	0000	364

application.c estimated size: 1242

Robot/sensors/DHT11/DHT.c
		_DHT11_Read_Data		CODE           	42E8	0000	144
		_Get_Temp_HUM  		CODE           	406E	0000	166
		_DHT11_Start   		CODE           	4F24	0000	30
		_DHT11_Check_Response		CODE           	4D8C	0000	44

Robot/sensors/DHT11/DHT.c estimated size: 384

ECU/Bluetooth/Bluetooth.c
		_Bluetooth_Send_Data_Non_Blocking		CODE           	4E3A	0000	42

ECU/Bluetooth/Bluetooth.c estimated size: 42

MCAL/ADC/mcal_adc.c
		_ADC_ISR       		CODE           	4FC2	0000	2

MCAL/ADC/mcal_adc.c estimated size: 2

ECU/stepper/ecu_stepper.c
		_stepper_move_one_deg_ccw		CODE           	4A18	0000	102
		_Ecu_Stepper_Step		CODE           	450E	0000	112
		_stepper_move_one_deg_cw		CODE           	49B2	0000	102
		_Ecu_Stepper_Init		CODE           	4492	0000	124

ECU/stepper/ecu_stepper.c estimated size: 440

