Microchip MPLAB XC8 Compiler V2.30

Linker command line:

-W-3 --edf=C:\Program Files\Microchip\xc8\v2.30\pic\dat\en_msgs.txt -cn \
  -h+dist/default/production\graduation_project.production.sym \
  --cmf=dist/default/production\graduation_project.production.cmf -z \
  -Q18F4620 -oC:\Users\ahmed radwan\AppData\Local\Temp\sht8x2 \
  --defsym=__MPLAB_BUILD=1 \
  -Mdist/default/production/graduation_project.production.map -E1 \
  -ver=XC8 Compiler --acfsm=1493 -ASTACK=0ADh-0F7Fh -pstack=STACK \
  -ACODE=00h-0FFFFh -ACONST=00h-0FFFFh -ASMALLCONST=01000h-010FFhx240 \
  -AMEDIUMCONST=01000h-0FFFFh -ACOMRAM=01h-07Fh -AABS1=00h-0F7Fh \
  -ABIGRAM=01h-0F7Fh -ARAM=080h-0FFh,0100h-01FFhx14,0F00h-0F7Fh \
  -ABANK0=080h-0FFh -ABANK1=0100h-01FFh -ABANK2=0200h-02FFh \
  -ABANK3=0300h-03FFh -ABANK4=0400h-04FFh -ABANK5=0500h-05FFh \
  -ABANK6=0600h-06FFh -ABANK7=0700h-07FFh -ABANK8=0800h-08FFh \
  -ABANK9=0900h-09FFh -ABANK10=0A00h-0AFFh -ABANK11=0B00h-0BFFh \
  -ABANK12=0C00h-0CFFh -ABANK13=0D00h-0DFFh -ABANK14=0E00h-0EFFh \
  -ABANK15=0F00h-0F7Fh -ASFR=0F80h-0FFFh -ACONFIG=0300000h-030000Dh \
  -AIDLOC=0200000h-0200007h -AEEDATA=0F00000h-0F003FFh -peeprom_data=EEDATA \
  -preset_vec=00h,intcode=08h,intcodelo=018h,powerup,init -pramtop=01000h \
  -psmallconst=SMALLCONST -pmediumconst=MEDIUMCONST -pconst=CONST \
  -AFARRAM=00h-00h \
  -prdata=COMRAM,nvrram=COMRAM,nvbit=COMRAM,rbss=COMRAM,rbit=COMRAM \
  -pfarbss=FARRAM,fardata=FARRAM,nvFARRAM=FARRAM \
  -pintsave_regs=BIGRAM,bigbss=BIGRAM,bigdata=BIGRAM -pbss=RAM \
  -pidata=CODE,irdata=CODE,ibigdata=CODE,ifardata=CODE -prparam=COMRAM \
  C:\Users\ahmed radwan\AppData\Local\Temp\sht8x8.o \
  dist/default/production\graduation_project.production.o 

Object code version is 3.11

Machine type is 18F4620



                Name                               Link     Load   Length Selector   Space Scale
C:\Users\ahmed radwan\AppData\Local\Temp\sht8x8.o
                idloc                            200000   200000        8        0       5
                config                           300000   300000        E        0       4
                init                                276      276        4        C       0
                reset_vec                             0        0        4        0       0
dist/default/production\graduation_project.production.o
                intcodelo                            18       18      25E        C       0
                intcode                               8        8        6        4       0
                idloc                            200000   200000        8        0       5
                config                           300000   300000        E        0       4
                temp                                 76       76        1        1       1
                text26                             19C6     19C6        4      CDF       0
                text25                             19C2     19C2        4      CDF       0
                intcode_body                       14AC     14AC       C6        C       0
                text23                             19BE     19BE        4      CDF       0
                text22                             1998     1998       1A      C94       0
                text21                             197E     197E       1A      C94       0
                text20                             1964     1964       1A      C94       0
                text19                             194A     194A       1A      C94       0
                text17                             1890     1890       38        C       0
                text16                             1858     1858       38        C       0
                text15                             16DC     16DC       68        C       0
                text14                             1744     1744       66        C       0
                text13                              27A      27A      4C0        C       0
                text12                              73A      73A      42A        C       0
                text11                             11F8     11F8      106        C       0
                text10                              EFE      EFE      1B4        C       0
                text9                              12FE     12FE       D8        C       0
                text8                              13D6     13D6       D6        C       0
                text7                               B64      B64      39A        C       0
                text6                              162C     162C       B0        C       0
                text5                              19B2     19B2        6      C94       0
                text4                              18C8     18C8       32        C       0
                text3                              10B2     10B2      146        C       0
                text2                              1572     1572       BA        C       0
                text1                              1928     1928       22      C94       0
                text0                              1804     1804       54        C       0
                cstackCOMRAM                          1        1       53        1       1
                dataBANK0                            80       80       2D       80       1
                dataCOMRAM                           71       71        5        1       1
                bssCOMRAM                            54       54       1D        1       1
                cinit                              17AA     17AA       5A        C       0
                idataBANK0                         18FA     18FA       2D        C       0
                idataCOMRAM                        19B8     19B8        5      C94       0

TOTAL           Name                               Link     Load   Length     Space
        CLASS   STACK          

        CLASS   CODE           
                intcodelo                            18       18      25E         0
                intcode                               8        8        6         0
                init                                276      276        4         0
                reset_vec                             0        0        4         0
                text26                             19C6     19C6        4         0
                text25                             19C2     19C2        4         0
                intcode_body                       14AC     14AC       C6         0
                text23                             19BE     19BE        4         0
                text22                             1998     1998       1A         0
                text21                             197E     197E       1A         0
                text20                             1964     1964       1A         0
                text19                             194A     194A       1A         0
                text17                             1890     1890       38         0
                text16                             1858     1858       38         0
                text15                             16DC     16DC       68         0
                text14                             1744     1744       66         0
                text13                              27A      27A      4C0         0
                text12                              73A      73A      42A         0
                text11                             11F8     11F8      106         0
                text10                              EFE      EFE      1B4         0
                text9                              12FE     12FE       D8         0
                text8                              13D6     13D6       D6         0
                text7                               B64      B64      39A         0
                text6                              162C     162C       B0         0
                text5                              19B2     19B2        6         0
                text4                              18C8     18C8       32         0
                text3                              10B2     10B2      146         0
                text2                              1572     1572       BA         0
                text1                              1928     1928       22         0
                text0                              1804     1804       54         0
                cinit                              17AA     17AA       5A         0
                idataBANK0                         18FA     18FA       2D         0
                idataCOMRAM                        19B8     19B8        5         0

        CLASS   CONST          

        CLASS   SMALLCONST     

        CLASS   MEDIUMCONST    

        CLASS   COMRAM         
                temp                                 76       76        1         1
                cstackCOMRAM                          1        1       53         1
                dataCOMRAM                           71       71        5         1
                bssCOMRAM                            54       54       1D         1

        CLASS   ABS1           

        CLASS   BIGRAM         

        CLASS   RAM            

        CLASS   BANK0          
                dataBANK0                            80       80       2D         1

        CLASS   BANK1          

        CLASS   BANK2          

        CLASS   BANK3          

        CLASS   BANK4          

        CLASS   BANK5          

        CLASS   BANK6          

        CLASS   BANK7          

        CLASS   BANK8          

        CLASS   BANK9          

        CLASS   BANK10         

        CLASS   BANK11         

        CLASS   BANK12         

        CLASS   BANK13         

        CLASS   BANK14         

        CLASS   BANK15         

        CLASS   SFR            

        CLASS   CONFIG         
                config                           300000   300000        E         4

        CLASS   IDLOC          
                idloc                            200000   200000        8         5

        CLASS   EEDATA         

        CLASS   FARRAM         



SEGMENTS        Name                           Load    Length   Top    Selector   Space  Class

                reset_vec                      000000  000004  000004         0       0  CODE    
                cstackCOMRAM                   000001  000076  000077         1       1  COMRAM  
                intcode                        000008  000006  00000E         4       0  CODE    
                intcodelo                      000018  00190F  001927         C       0  CODE    
                dataBANK0                      000080  00002D  0000AD        80       1  BANK0   
                text1                          001928  000095  0019BD       C94       0  CODE    
                text23                         0019BE  00000C  0019CA       CDF       0  CODE    


UNUSED ADDRESS RANGES

        Name                Unused          Largest block    Delta
        BANK0            0000AD-0000FF               53
        BANK1            000100-0001FF              100
        BANK10           000A00-000AFF              100
        BANK11           000B00-000BFF              100
        BANK12           000C00-000CFF              100
        BANK13           000D00-000DFF              100
        BANK14           000E00-000EFF              100
        BANK15           000F00-000F7F               80
        BANK2            000200-0002FF              100
        BANK3            000300-0003FF              100
        BANK4            000400-0004FF              100
        BANK5            000500-0005FF              100
        BANK6            000600-0006FF              100
        BANK7            000700-0007FF              100
        BANK8            000800-0008FF              100
        BANK9            000900-0009FF              100
        BIGRAM           000077-00007F                9
                         0000AD-000F7F              ED3
        CODE             000004-000007                4
                         00000E-000017                A
                         001927-001927                1
                         0019BD-0019BD                1
                         0019CA-00FFFF             E636
        COMRAM           000077-00007F                9
        CONST            000004-000007                4
                         00000E-000017                A
                         001927-001927                1
                         0019BD-0019BD                1
                         0019CA-00FFFF             E636
        EEDATA           F00000-F003FF              400
        MEDIUMCONST      001927-001927                1
                         0019BD-0019BD                1
                         0019CA-00FFFF             E636
        RAM              0000AD-000F7F              100
        SFR              000F80-000FFF               80
        SMALLCONST       001927-001927                1
                         0019BD-0019BD                1
                         0019CA-00FFFF              100
        STACK            0000AD-000F7F              ED3

                                  Symbol Table

?___fladd                                      cstackCOMRAM 00002C
?___fldiv                                      cstackCOMRAM 000013
?___flmul                                      cstackCOMRAM 000013
?___fltol                                      cstackCOMRAM 00003C
?___xxtofl                                     cstackCOMRAM 000005
I2C_Interrupt_configuration@i2c_obj            cstackCOMRAM 000005
I2C_Master_Mode_Clock_Configurations@i2c_obj   cstackCOMRAM 000046
I2C_Slave_Mode_Clock_Configurations@i2c_obj    cstackCOMRAM 000005
MSSP_I2C_Init@i2c_obj                          cstackCOMRAM 00004A
MSSP_I2C_Master_Send_Start@i2c_obj             cstackCOMRAM 000005
MSSP_I2C_Master_Send_Stop@i2c_obj              cstackCOMRAM 000005
MSSP_I2C_Master_Write_Blocking@_ack            cstackCOMRAM 000008
MSSP_I2C_Master_Write_Blocking@i2c_data        cstackCOMRAM 000007
MSSP_I2C_Master_Write_Blocking@i2c_obj         cstackCOMRAM 000005
PCA_Write_Reg@ack                              cstackCOMRAM 000010
PCA_Write_Reg@data                             cstackCOMRAM 00000F
PCA_Write_Reg@i2c_obj                          cstackCOMRAM 00000B
PCA_Write_Reg@reg_address                      cstackCOMRAM 00000E
PCA_Write_Reg@slave_address                    cstackCOMRAM 00000D
RB4_ISR@Handler_Select                         cstackCOMRAM 000001
RB5_ISR@Handler_Select                         cstackCOMRAM 000001
RB6_ISR@Handler_Select                         cstackCOMRAM 000001
RB7_ISR@Handler_Select                         cstackCOMRAM 000001
ServoDriver_Init@i2c_obj                       cstackCOMRAM 00004D
ServoDriver_Init@servo_driver_obj              cstackCOMRAM 00004F
Servo_SetAngle@angle                           cstackCOMRAM 00004B
Servo_SetAngle@angle_in_reg                    cstackCOMRAM 00004D
Servo_SetAngle@i2c_obj                         cstackCOMRAM 000046
Servo_SetAngle@reg_addrees                     cstackCOMRAM 00004F
Servo_SetAngle@servo_driver_obj                cstackCOMRAM 000048
Servo_SetAngle@servo_no                        cstackCOMRAM 00004A
_I2C_DefaultInterruptHandler                   bssCOMRAM    000058
_I2C_Interrupt_configuration                   text8        0013D6
_I2C_Master_Mode_Clock_Configurations          text6        00162C
_I2C_Pin_Configurations                        text5        0019B2
_I2C_Report_Receive_Overflow                   bssCOMRAM    000056
_I2C_Report_Write_Collision                    bssCOMRAM    000054
_I2C_Slave_Mode_Clock_Configurations           text4        0018C8
_INT0_ISR                                      text26       0019C6
_INT0_InterruptHandler                         bssCOMRAM    00006E
_INT1_ISR                                      text23       0019BE
_INT1_InterruptHandler                         bssCOMRAM    00006C
_INT2_ISR                                      text25       0019C2
_INT2_InterruptHandler                         bssCOMRAM    00006A
_INTCON2bits                                   (abs)        000FF1
_INTCON3bits                                   (abs)        000FF0
_INTCONbits                                    (abs)        000FF2
_IPR1bits                                      (abs)        000F9F
_IPR2bits                                      (abs)        000FA2
_InterruptManagerHigh                          intcode      000008
_InterruptManagerLow                           intcodelo    000018
_LATA                                          (abs)        000F89
_LATB                                          (abs)        000F8A
_LATC                                          (abs)        000F8B
_LATD                                          (abs)        000F8C
_LATE                                          (abs)        000F8D
_MSSP_I2C_Init                                 text3        0010B2
_MSSP_I2C_Master_Send_Start                    text17       001890
_MSSP_I2C_Master_Send_Stop                     text16       001858
_MSSP_I2C_Master_Write_Blocking                text15       0016DC
_PCA_Write_Reg                                 text14       001744
_PIE1bits                                      (abs)        000F9D
_PIE2bits                                      (abs)        000FA0
_PIR1bits                                      (abs)        000F9E
_PIR2bits                                      (abs)        000FA1
_PORTA                                         (abs)        000F80
_PORTB                                         (abs)        000F81
_PORTBbits                                     (abs)        000F81
_PORTC                                         (abs)        000F82
_PORTD                                         (abs)        000F83
_PORTE                                         (abs)        000F84
_RB4_ISR                                       text22       001998
_RB4_InterruptHandler_HIGH                     bssCOMRAM    000068
_RB4_InterruptHandler_LOW                      bssCOMRAM    000066
_RB5_ISR                                       text21       00197E
_RB5_InterruptHandler_HIGH                     bssCOMRAM    000064
_RB5_InterruptHandler_LOW                      bssCOMRAM    000062
_RB6_ISR                                       text20       001964
_RB6_InterruptHandler_HIGH                     bssCOMRAM    000060
_RB6_InterruptHandler_LOW                      bssCOMRAM    00005E
_RB7_ISR                                       text19       00194A
_RB7_InterruptHandler_HIGH                     bssCOMRAM    00005C
_RB7_InterruptHandler_LOW                      bssCOMRAM    00005A
_RCONbits                                      (abs)        000FD0
_SSPADD                                        (abs)        000FC8
_SSPBUF                                        (abs)        000FC9
_SSPCON1bits                                   (abs)        000FC6
_SSPCON2bits                                   (abs)        000FC5
_SSPSTATbits                                   (abs)        000FC7
_ServoDriver_Init                              text2        001572
_Servo_SetAngle                                text9        0012FE
_TRISA                                         (abs)        000F92
_TRISB                                         (abs)        000F93
_TRISBbits                                     (abs)        000F93
_TRISC                                         (abs)        000F94
_TRISCbits                                     (abs)        000F94
_TRISD                                         (abs)        000F95
_TRISE                                         (abs)        000F96
__HRAM                                         (abs)        000000
__Habs1                                        abs1         000000
__Hbank0                                       bank0        000000
__Hbank1                                       bank1        000000
__Hbank10                                      bank10       000000
__Hbank11                                      bank11       000000
__Hbank12                                      bank12       000000
__Hbank13                                      bank13       000000
__Hbank14                                      bank14       000000
__Hbank15                                      bank15       000000
__Hbank2                                       bank2        000000
__Hbank3                                       bank3        000000
__Hbank4                                       bank4        000000
__Hbank5                                       bank5        000000
__Hbank6                                       bank6        000000
__Hbank7                                       bank7        000000
__Hbank8                                       bank8        000000
__Hbank9                                       bank9        000000
__Hbigbss                                      bigbss       000000
__Hbigdata                                     bigdata      000000
__Hbigram                                      bigram       000000
__Hbss                                         bss          000000
__HbssCOMRAM                                   bssCOMRAM    000000
__Hcinit                                       cinit        000000
__Hclrtext                                     clrtext      000000
__Hcomram                                      comram       000000
__Hconfig                                      config       30000E
__Hconst                                       const        000000
__HcstackCOMRAM                                cstackCOMRAM 000000
__Hdata                                        data         000000
__HdataBANK0                                   dataBANK0    000000
__HdataCOMRAM                                  dataCOMRAM   000000
__Heeprom_data                                 eeprom_data  000000
__Hfarbss                                      farbss       000000
__Hfardata                                     fardata      000000
__Hibigdata                                    ibigdata     000000
__Hidata                                       idata        000000
__HidataBANK0                                  idataBANK0   000000
__HidataCOMRAM                                 idataCOMRAM  000000
__Hidloc                                       idloc        200008
__Hifardata                                    ifardata     000000
__Hinit                                        init         00027A
__Hintcode                                     intcode      00000E
__Hintcode_body                                intcode_body 000000
__Hintcodelo                                   intcodelo    000276
__Hintentry                                    intentry     000000
__Hintret                                      intret       000000
__Hintsave_regs                                intsave_regs 000000
__Hirdata                                      irdata       000000
__Hmediumconst                                 mediumconst  000000
__HnvFARRAM                                    nvFARRAM     000000
__Hnvbit                                       nvbit        000000
__Hnvrram                                      nvrram       000000
__Hparam                                       rparam       000000
__Hpowerup                                     powerup      000276
__Hram                                         ram          000000
__Hramtop                                      ramtop       001000
__Hrbit                                        rbit         000000
__Hrbss                                        rbss         000000
__Hrdata                                       rdata        000000
__Hreset_vec                                   reset_vec    000004
__Hrparam                                      rparam       000000
__Hsfr                                         sfr          000000
__Hsmallconst                                  smallconst   000000
__Hspace_0                                     (abs)        0019CA
__Hspace_1                                     (abs)        0000AD
__Hspace_2                                     (abs)        000000
__Hspace_4                                     (abs)        60000E
__Hstack                                       stack        000000
__Hstruct                                      struct       000000
__Htemp                                        temp         000077
__Htext                                        text         000000
__Htext0                                       text0        000000
__Htext1                                       text1        000000
__Htext10                                      text10       000000
__Htext11                                      text11       000000
__Htext12                                      text12       000000
__Htext13                                      text13       000000
__Htext14                                      text14       000000
__Htext15                                      text15       000000
__Htext16                                      text16       000000
__Htext17                                      text17       000000
__Htext19                                      text19       000000
__Htext2                                       text2        000000
__Htext20                                      text20       000000
__Htext21                                      text21       000000
__Htext22                                      text22       000000
__Htext23                                      text23       000000
__Htext25                                      text25       000000
__Htext26                                      text26       000000
__Htext3                                       text3        000000
__Htext4                                       text4        000000
__Htext5                                       text5        000000
__Htext6                                       text6        000000
__Htext7                                       text7        000000
__Htext8                                       text8        000000
__Htext9                                       text9        000000
__LRAM                                         (abs)        000001
__Labs1                                        abs1         000000
__Lbank0                                       bank0        000000
__Lbank1                                       bank1        000000
__Lbank10                                      bank10       000000
__Lbank11                                      bank11       000000
__Lbank12                                      bank12       000000
__Lbank13                                      bank13       000000
__Lbank14                                      bank14       000000
__Lbank15                                      bank15       000000
__Lbank2                                       bank2        000000
__Lbank3                                       bank3        000000
__Lbank4                                       bank4        000000
__Lbank5                                       bank5        000000
__Lbank6                                       bank6        000000
__Lbank7                                       bank7        000000
__Lbank8                                       bank8        000000
__Lbank9                                       bank9        000000
__Lbigbss                                      bigbss       000000
__Lbigdata                                     bigdata      000000
__Lbigram                                      bigram       000000
__Lbss                                         bss          000000
__LbssCOMRAM                                   bssCOMRAM    000000
__Lcinit                                       cinit        000000
__Lclrtext                                     clrtext      000000
__Lcomram                                      comram       000000
__Lconfig                                      config       000000
__Lconst                                       const        000000
__LcstackCOMRAM                                cstackCOMRAM 000000
__Ldata                                        data         000000
__LdataBANK0                                   dataBANK0    000000
__LdataCOMRAM                                  dataCOMRAM   000000
__Leeprom_data                                 eeprom_data  000000
__Lfarbss                                      farbss       000000
__Lfardata                                     fardata      000000
__Libigdata                                    ibigdata     000000
__Lidata                                       idata        000000
__LidataBANK0                                  idataBANK0   000000
__LidataCOMRAM                                 idataCOMRAM  000000
__Lidloc                                       idloc        000000
__Lifardata                                    ifardata     000000
__Linit                                        init         000276
__Lintcode                                     intcode      000008
__Lintcode_body                                intcode_body 000000
__Lintcodelo                                   intcodelo    000018
__Lintentry                                    intentry     000000
__Lintret                                      intret       000000
__Lintsave_regs                                intsave_regs 000000
__Lirdata                                      irdata       000000
__Lmediumconst                                 mediumconst  000000
__LnvFARRAM                                    nvFARRAM     000000
__Lnvbit                                       nvbit        000000
__Lnvrram                                      nvrram       000000
__Lparam                                       rparam       000000
__Lpowerup                                     powerup      000276
__Lram                                         ram          000000
__Lramtop                                      ramtop       001000
__Lrbit                                        rbit         000000
__Lrbss                                        rbss         000000
__Lrdata                                       rdata        000000
__Lreset_vec                                   reset_vec    000000
__Lrparam                                      rparam       000000
__Lsfr                                         sfr          000000
__Lsmallconst                                  smallconst   000000
__Lspace_0                                     (abs)        000000
__Lspace_1                                     (abs)        000000
__Lspace_2                                     (abs)        000000
__Lspace_4                                     (abs)        000000
__Lstack                                       stack        000000
__Lstruct                                      struct       000000
__Ltemp                                        temp         000076
__Ltext                                        text         000000
__Ltext0                                       text0        000000
__Ltext1                                       text1        000000
__Ltext10                                      text10       000000
__Ltext11                                      text11       000000
__Ltext12                                      text12       000000
__Ltext13                                      text13       000000
__Ltext14                                      text14       000000
__Ltext15                                      text15       000000
__Ltext16                                      text16       000000
__Ltext17                                      text17       000000
__Ltext19                                      text19       000000
__Ltext2                                       text2        000000
__Ltext20                                      text20       000000
__Ltext21                                      text21       000000
__Ltext22                                      text22       000000
__Ltext23                                      text23       000000
__Ltext25                                      text25       000000
__Ltext26                                      text26       000000
__Ltext3                                       text3        000000
__Ltext4                                       text4        000000
__Ltext5                                       text5        000000
__Ltext6                                       text6        000000
__Ltext7                                       text7        000000
__Ltext8                                       text8        000000
__Ltext9                                       text9        000000
__S0                                           (abs)        0019CA
__S1                                           (abs)        0000AD
__S2                                           (abs)        000000
__S4                                           (abs)        000000
__S5                                           (abs)        000000
___fladd                                       text13       00027A
___fladd@a                                     cstackCOMRAM 000030
___fladd@aexp                                  cstackCOMRAM 000039
___fladd@b                                     cstackCOMRAM 00002C
___fladd@bexp                                  cstackCOMRAM 00003A
___fladd@grs                                   cstackCOMRAM 00003B
___fladd@signs                                 cstackCOMRAM 000038
___fldiv                                       text7        000B64
___fldiv@a                                     cstackCOMRAM 000017
___fldiv@aexp                                  cstackCOMRAM 00002B
___fldiv@b                                     cstackCOMRAM 000013
___fldiv@bexp                                  cstackCOMRAM 00002A
___fldiv@grs                                   cstackCOMRAM 000026
___fldiv@new_exp                               cstackCOMRAM 000024
___fldiv@rem                                   cstackCOMRAM 00001F
___fldiv@sign                                  cstackCOMRAM 000023
___flmul                                       text12       00073A
___flmul@a                                     cstackCOMRAM 000017
___flmul@aexp                                  cstackCOMRAM 000024
___flmul@b                                     cstackCOMRAM 000013
___flmul@bexp                                  cstackCOMRAM 000025
___flmul@grs                                   cstackCOMRAM 000020
___flmul@prod                                  cstackCOMRAM 000026
___flmul@sign                                  cstackCOMRAM 00001F
___flmul@temp                                  cstackCOMRAM 00002A
___fltol                                       text11       0011F8
___fltol@exp1                                  cstackCOMRAM 000045
___fltol@f1                                    cstackCOMRAM 00003C
___fltol@sign1                                 cstackCOMRAM 000044
___inthi_sp                                    stack        000000
___intlo_sp                                    stack        000000
___param_bank                                  (abs)        000000
___rparam_used                                 (abs)        000001
___sp                                          stack        000000
___xxtofl                                      text10       000EFE
___xxtofl@arg                                  cstackCOMRAM 00000F
___xxtofl@exp                                  cstackCOMRAM 00000E
___xxtofl@sign                                 cstackCOMRAM 00000D
___xxtofl@val                                  cstackCOMRAM 000005
__accesstop                                    (abs)        000080
__activetblptr                                 (abs)        000002
__end_of_I2C_Interrupt_configuration           text8        0014AC
__end_of_I2C_Master_Mode_Clock_Configurations  text6        0016DC
__end_of_I2C_Pin_Configurations                text5        0019B8
__end_of_I2C_Slave_Mode_Clock_Configurations   text4        0018FA
__end_of_INT0_ISR                              text26       0019CA
__end_of_INT1_ISR                              text23       0019C2
__end_of_INT2_ISR                              text25       0019C6
__end_of_InterruptManagerHigh                  intcode_body 001572
__end_of_InterruptManagerLow                   intcodelo    000276
__end_of_MSSP_I2C_Init                         text3        0011F8
__end_of_MSSP_I2C_Master_Send_Start            text17       0018C8
__end_of_MSSP_I2C_Master_Send_Stop             text16       001890
__end_of_MSSP_I2C_Master_Write_Blocking        text15       001744
__end_of_PCA_Write_Reg                         text14       0017AA
__end_of_RB4_ISR                               text22       0019B2
__end_of_RB5_ISR                               text21       001998
__end_of_RB6_ISR                               text20       00197E
__end_of_RB7_ISR                               text19       001964
__end_of_ServoDriver_Init                      text2        00162C
__end_of_Servo_SetAngle                        text9        0013D6
__end_of___fladd                               text13       00073A
__end_of___fldiv                               text7        000EFE
__end_of___flmul                               text12       000B64
__end_of___fltol                               text11       0012FE
__end_of___xxtofl                              text10       0010B2
__end_of__initialization                       cinit        0017F6
__end_of_application_intialize                 text1        00194A
__end_of_main                                  text0        001858
__initialization                               cinit        0017AA
__mediumconst                                  mediumconst  000000
__pbssCOMRAM                                   bssCOMRAM    000054
__pcinit                                       cinit        0017AA
__pcstackCOMRAM                                cstackCOMRAM 000001
__pdataBANK0                                   dataBANK0    000080
__pdataCOMRAM                                  dataCOMRAM   000071
__pidataBANK0                                  idataBANK0   0018FA
__pidataCOMRAM                                 idataCOMRAM  0019B8
__pintcode                                     intcode      000008
__pintcode_body                                intcode_body 0014AC
__pintcodelo                                   intcodelo    000018
__ptext0                                       text0        001804
__ptext1                                       text1        001928
__ptext10                                      text10       000EFE
__ptext11                                      text11       0011F8
__ptext12                                      text12       00073A
__ptext13                                      text13       00027A
__ptext14                                      text14       001744
__ptext15                                      text15       0016DC
__ptext16                                      text16       001858
__ptext17                                      text17       001890
__ptext19                                      text19       00194A
__ptext2                                       text2        001572
__ptext20                                      text20       001964
__ptext21                                      text21       00197E
__ptext22                                      text22       001998
__ptext23                                      text23       0019BE
__ptext25                                      text25       0019C2
__ptext26                                      text26       0019C6
__ptext3                                       text3        0010B2
__ptext4                                       text4        0018C8
__ptext5                                       text5        0019B2
__ptext6                                       text6        00162C
__ptext7                                       text7        000B64
__ptext8                                       text8        0013D6
__ptext9                                       text9        0012FE
__ramtop                                       ramtop       001000
__size_of_I2C_Interrupt_configuration          (abs)        000000
__size_of_I2C_Master_Mode_Clock_Configurations (abs)        000000
__size_of_I2C_Pin_Configurations               (abs)        000000
__size_of_I2C_Slave_Mode_Clock_Configurations  (abs)        000000
__size_of_INT0_ISR                             (abs)        000000
__size_of_INT1_ISR                             (abs)        000000
__size_of_INT2_ISR                             (abs)        000000
__size_of_InterruptManagerHigh                 (abs)        000000
__size_of_InterruptManagerLow                  (abs)        000000
__size_of_MSSP_I2C_Init                        (abs)        000000
__size_of_MSSP_I2C_Master_Send_Start           (abs)        000000
__size_of_MSSP_I2C_Master_Send_Stop            (abs)        000000
__size_of_MSSP_I2C_Master_Write_Blocking       (abs)        000000
__size_of_PCA_Write_Reg                        (abs)        000000
__size_of_RB4_ISR                              (abs)        000000
__size_of_RB5_ISR                              (abs)        000000
__size_of_RB6_ISR                              (abs)        000000
__size_of_RB7_ISR                              (abs)        000000
__size_of_ServoDriver_Init                     (abs)        000000
__size_of_Servo_SetAngle                       (abs)        000000
__size_of___fladd                              (abs)        000000
__size_of___fldiv                              (abs)        000000
__size_of___flmul                              (abs)        000000
__size_of___fltol                              (abs)        000000
__size_of___xxtofl                             (abs)        000000
__size_of_application_intialize                (abs)        000000
__size_of_main                                 (abs)        000000
__smallconst                                   smallconst   000000
_angle                                         bssCOMRAM    000070
_application_intialize                         text1        001928
_flags                                         dataCOMRAM   000071
_i2c_obj                                       dataBANK0    00009E
_lat_registers                                 dataBANK0    00008A
_main                                          text0        001804
_port_registers                                dataBANK0    000080
_s1_obj                                        dataCOMRAM   000072
_tris_registers                                dataBANK0    000094
btemp                                          temp         000076
end_of_initialization                          cinit        0017F6
int$flags                                      temp         000076
int_func                                       intcode_body 0014AC
intlevel0                                      text         000000
intlevel1                                      text         000000
intlevel2                                      text         000000
intlevel3                                      text         000000
main@i                                         cstackCOMRAM 000052
stackhi                                        (abs)        000F7F
stacklo                                        (abs)        0000AD
start                                          init         000276
start_initialization                           cinit        0017AA
ttemp5                                         temp         000077
ttemp6                                         temp         00007A
ttemp7                                         temp         00007E
wtemp8                                         temp         000077


FUNCTION INFORMATION:

 *************** function _main *****************
 Defined at:
		line 32 in file "application.c"
 Parameters:    Size  Location     Type
		None
 Auto vars:     Size  Location     Type
  i               2   81[COMRAM] int 
 Return value:  Size  Location     Type
                  2  131[None  ] int 
 Registers used:
		wreg, fsr2l, fsr2h, status,2, status,0, prodl, prodh, cstack
 Tracked objects:
		On entry : 
		On exit  : 
		Unchanged: 
 Data sizes:     COMRAM   BANK0   BANK1   BANK2   BANK3   BANK4   BANK5   BANK6   BANK7   BANK8   BANK9  BANK10  BANK11  BANK12  BANK13  BANK14  BANK15
      Params:         0       0       0       0       0       0       0       0       0       0       0       0       0       0       0       0       0
      Locals:         2       0       0       0       0       0       0       0       0       0       0       0       0       0       0       0       0
      Temps:          0       0       0       0       0       0       0       0       0       0       0       0       0       0       0       0       0
      Totals:         2       0       0       0       0       0       0       0       0       0       0       0       0       0       0       0       0
Total ram usage:        2 bytes
 Hardware stack levels required when called:    9
 This function calls:
		_Servo_SetAngle
		_application_intialize
 This function is called by:
		Startup code after reset
 This function uses a non-reentrant model


 *************** function _application_intialize *****************
 Defined at:
		line 49 in file "application.c"
 Parameters:    Size  Location     Type
		None
 Auto vars:     Size  Location     Type
		None
 Return value:  Size  Location     Type
                  1    wreg      void 
 Registers used:
		wreg, fsr2l, fsr2h, status,2, status,0, cstack
 Tracked objects:
		On entry : 
		On exit  : 
		Unchanged: 
 Data sizes:     COMRAM   BANK0   BANK1   BANK2   BANK3   BANK4   BANK5   BANK6   BANK7   BANK8   BANK9  BANK10  BANK11  BANK12  BANK13  BANK14  BANK15
      Params:         0       0       0       0       0       0       0       0       0       0       0       0       0       0       0       0       0
      Locals:         0       0       0       0       0       0       0       0       0       0       0       0       0       0       0       0       0
      Temps:          0       0       0       0       0       0       0       0       0       0       0       0       0       0       0       0       0
      Totals:         0       0       0       0       0       0       0       0       0       0       0       0       0       0       0       0       0
Total ram usage:        0 bytes
 Hardware stack levels used:    1
 Hardware stack levels required when called:    8
 This function calls:
		_MSSP_I2C_Init
		_ServoDriver_Init
 This function is called by:
		_main
 This function uses a non-reentrant model


 *************** function _ServoDriver_Init *****************
 Defined at:
		line 13 in file "ECU/SERVO_MOTOR_CONTROL_BY_I2C/ecu_servo_motor_i2c.c"
 Parameters:    Size  Location     Type
  i2c_obj         2   76[COMRAM] PTR const struct .
		 -> i2c_obj(15), 
  servo_driver    2   78[COMRAM] PTR const struct .
		 -> s1_obj(4), 
 Auto vars:     Size  Location     Type
  ERRORSTATUS     1    0        unsigned char 
 Return value:  Size  Location     Type
                  1    wreg      unsigned char 
 Registers used:
		wreg, fsr2l, fsr2h, status,2, status,0, cstack
 Tracked objects:
		On entry : 
		On exit  : 
		Unchanged: 
 Data sizes:     COMRAM   BANK0   BANK1   BANK2   BANK3   BANK4   BANK5   BANK6   BANK7   BANK8   BANK9  BANK10  BANK11  BANK12  BANK13  BANK14  BANK15
      Params:         4       0       0       0       0       0       0       0       0       0       0       0       0       0       0       0       0
      Locals:         1       0       0       0       0       0       0       0       0       0       0       0       0       0       0       0       0
      Temps:          0       0       0       0       0       0       0       0       0       0       0       0       0       0       0       0       0
      Totals:         5       0       0       0       0       0       0       0       0       0       0       0       0       0       0       0       0
Total ram usage:        5 bytes
 Hardware stack levels used:    1
 Hardware stack levels required when called:    7
 This function calls:
		_MSSP_I2C_Init
		_PCA_Write_Reg
 This function is called by:
		_application_intialize
 This function uses a non-reentrant model


 *************** function _MSSP_I2C_Init *****************
 Defined at:
		line 23 in file "MCAL/I2C/mcal_i2c.c"
 Parameters:    Size  Location     Type
  i2c_obj         2   73[COMRAM] PTR const struct .
		 -> i2c_obj(15), 
 Auto vars:     Size  Location     Type
  ERRORSTATUS     1    0        unsigned char 
 Return value:  Size  Location     Type
                  1    wreg      unsigned char 
 Registers used:
		wreg, fsr2l, fsr2h, status,2, status,0, cstack
 Tracked objects:
		On entry : 
		On exit  : 
		Unchanged: 
 Data sizes:     COMRAM   BANK0   BANK1   BANK2   BANK3   BANK4   BANK5   BANK6   BANK7   BANK8   BANK9  BANK10  BANK11  BANK12  BANK13  BANK14  BANK15
      Params:         2       0       0       0       0       0       0       0       0       0       0       0       0       0       0       0       0
      Locals:         1       0       0       0       0       0       0       0       0       0       0       0       0       0       0       0       0
      Temps:          0       0       0       0       0       0       0       0       0       0       0       0       0       0       0       0       0
      Totals:         3       0       0       0       0       0       0       0       0       0       0       0       0       0       0       0       0
Total ram usage:        3 bytes
 Hardware stack levels used:    1
 Hardware stack levels required when called:    6
 This function calls:
		_I2C_Interrupt_configuration
		_I2C_Master_Mode_Clock_Configurations
		_I2C_Pin_Configurations
		_I2C_Slave_Mode_Clock_Configurations
 This function is called by:
		_application_intialize
		_ServoDriver_Init
 This function uses a non-reentrant model


 *************** function _I2C_Slave_Mode_Clock_Configurations *****************
 Defined at:
		line 325 in file "MCAL/I2C/mcal_i2c.c"
 Parameters:    Size  Location     Type
  i2c_obj         2    4[COMRAM] PTR const struct .
		 -> i2c_obj(15), 
 Auto vars:     Size  Location     Type
  ERRORSTATUS     1    0        unsigned char 
 Return value:  Size  Location     Type
                  1    wreg      void 
 Registers used:
		wreg, fsr2l, fsr2h, status,2, status,0
 Tracked objects:
		On entry : 
		On exit  : 
		Unchanged: 
 Data sizes:     COMRAM   BANK0   BANK1   BANK2   BANK3   BANK4   BANK5   BANK6   BANK7   BANK8   BANK9  BANK10  BANK11  BANK12  BANK13  BANK14  BANK15
      Params:         2       0       0       0       0       0       0       0       0       0       0       0       0       0       0       0       0
      Locals:         1       0       0       0       0       0       0       0       0       0       0       0       0       0       0       0       0
      Temps:          1       0       0       0       0       0       0       0       0       0       0       0       0       0       0       0       0
      Totals:         4       0       0       0       0       0       0       0       0       0       0       0       0       0       0       0       0
Total ram usage:        4 bytes
 Hardware stack levels used:    1
 Hardware stack levels required when called:    4
 This function calls:
		Nothing
 This function is called by:
		_MSSP_I2C_Init
 This function uses a non-reentrant model


 *************** function _I2C_Pin_Configurations *****************
 Defined at:
		line 339 in file "MCAL/I2C/mcal_i2c.c"
 Parameters:    Size  Location     Type
		None
 Auto vars:     Size  Location     Type
		None
 Return value:  Size  Location     Type
                  1    wreg      void 
 Registers used:
		None
 Tracked objects:
		On entry : 
		On exit  : 
		Unchanged: 
 Data sizes:     COMRAM   BANK0   BANK1   BANK2   BANK3   BANK4   BANK5   BANK6   BANK7   BANK8   BANK9  BANK10  BANK11  BANK12  BANK13  BANK14  BANK15
      Params:         0       0       0       0       0       0       0       0       0       0       0       0       0       0       0       0       0
      Locals:         0       0       0       0       0       0       0       0       0       0       0       0       0       0       0       0       0
      Temps:          0       0       0       0       0       0       0       0       0       0       0       0       0       0       0       0       0
      Totals:         0       0       0       0       0       0       0       0       0       0       0       0       0       0       0       0       0
Total ram usage:        0 bytes
 Hardware stack levels used:    1
 Hardware stack levels required when called:    4
 This function calls:
		Nothing
 This function is called by:
		_MSSP_I2C_Init
 This function uses a non-reentrant model


 *************** function _I2C_Master_Mode_Clock_Configurations *****************
 Defined at:
		line 310 in file "MCAL/I2C/mcal_i2c.c"
 Parameters:    Size  Location     Type
  i2c_obj         2   69[COMRAM] PTR const struct .
		 -> i2c_obj(15), 
 Auto vars:     Size  Location     Type
  ERRORSTATUS     1    0        unsigned char 
 Return value:  Size  Location     Type
                  1    wreg      void 
 Registers used:
		wreg, fsr2l, fsr2h, status,2, status,0, cstack
 Tracked objects:
		On entry : 
		On exit  : 
		Unchanged: 
 Data sizes:     COMRAM   BANK0   BANK1   BANK2   BANK3   BANK4   BANK5   BANK6   BANK7   BANK8   BANK9  BANK10  BANK11  BANK12  BANK13  BANK14  BANK15
      Params:         2       0       0       0       0       0       0       0       0       0       0       0       0       0       0       0       0
      Locals:         1       0       0       0       0       0       0       0       0       0       0       0       0       0       0       0       0
      Temps:          1       0       0       0       0       0       0       0       0       0       0       0       0       0       0       0       0
      Totals:         4       0       0       0       0       0       0       0       0       0       0       0       0       0       0       0       0
Total ram usage:        4 bytes
 Hardware stack levels used:    1
 Hardware stack levels required when called:    5
 This function calls:
		___fladd
		___fldiv
		___fltol
		___xxtofl
 This function is called by:
		_MSSP_I2C_Init
 This function uses a non-reentrant model


 *************** function ___fldiv *****************
 Defined at:
		line 11 in file "C:\Program Files\Microchip\xc8\v2.30\pic\sources\c99\common\sprcdiv.c"
 Parameters:    Size  Location     Type
  b               4   18[COMRAM] void 
  a               4   22[COMRAM] void 
 Auto vars:     Size  Location     Type
  grs             4   37[COMRAM] unsigned long 
  rem             4   30[COMRAM] unsigned long 
  new_exp         2   35[COMRAM] short 
  aexp            1   42[COMRAM] unsigned char 
  bexp            1   41[COMRAM] unsigned char 
  sign            1   34[COMRAM] unsigned char 
 Return value:  Size  Location     Type
                  4   18[COMRAM] unsigned char 
 Registers used:
		wreg, status,2, status,0
 Tracked objects:
		On entry : 
		On exit  : 
		Unchanged: 
 Data sizes:     COMRAM   BANK0   BANK1   BANK2   BANK3   BANK4   BANK5   BANK6   BANK7   BANK8   BANK9  BANK10  BANK11  BANK12  BANK13  BANK14  BANK15
      Params:         8       0       0       0       0       0       0       0       0       0       0       0       0       0       0       0       0
      Locals:        13       0       0       0       0       0       0       0       0       0       0       0       0       0       0       0       0
      Temps:          4       0       0       0       0       0       0       0       0       0       0       0       0       0       0       0       0
      Totals:        25       0       0       0       0       0       0       0       0       0       0       0       0       0       0       0       0
Total ram usage:       25 bytes
 Hardware stack levels used:    1
 Hardware stack levels required when called:    4
 This function calls:
		Nothing
 This function is called by:
		_I2C_Master_Mode_Clock_Configurations
 This function uses a non-reentrant model


 *************** function _I2C_Interrupt_configuration *****************
 Defined at:
		line 346 in file "MCAL/I2C/mcal_i2c.c"
 Parameters:    Size  Location     Type
  i2c_obj         2    4[COMRAM] PTR const struct .
		 -> i2c_obj(15), 
 Auto vars:     Size  Location     Type
		None
 Return value:  Size  Location     Type
                  1    wreg      void 
 Registers used:
		wreg, fsr2l, fsr2h, status,2, status,0
 Tracked objects:
		On entry : 
		On exit  : 
		Unchanged: 
 Data sizes:     COMRAM   BANK0   BANK1   BANK2   BANK3   BANK4   BANK5   BANK6   BANK7   BANK8   BANK9  BANK10  BANK11  BANK12  BANK13  BANK14  BANK15
      Params:         2       0       0       0       0       0       0       0       0       0       0       0       0       0       0       0       0
      Locals:         0       0       0       0       0       0       0       0       0       0       0       0       0       0       0       0       0
      Temps:          1       0       0       0       0       0       0       0       0       0       0       0       0       0       0       0       0
      Totals:         3       0       0       0       0       0       0       0       0       0       0       0       0       0       0       0       0
Total ram usage:        3 bytes
 Hardware stack levels used:    1
 Hardware stack levels required when called:    4
 This function calls:
		Nothing
 This function is called by:
		_MSSP_I2C_Init
 This function uses a non-reentrant model


 *************** function _Servo_SetAngle *****************
 Defined at:
		line 43 in file "ECU/SERVO_MOTOR_CONTROL_BY_I2C/ecu_servo_motor_i2c.c"
 Parameters:    Size  Location     Type
  i2c_obj         2   69[COMRAM] PTR const struct .
		 -> i2c_obj(15), 
  servo_driver    2   71[COMRAM] PTR const struct .
		 -> s1_obj(4), 
  servo_no        1   73[COMRAM] const enum E3073
  angle           1   74[COMRAM] const unsigned char 
 Auto vars:     Size  Location     Type
  angle_in_reg    2   76[COMRAM] unsigned short 
  reg_addrees     1   78[COMRAM] unsigned char 
  ERRORSTATUS     1    0        unsigned char 
 Return value:  Size  Location     Type
                  1    wreg      unsigned char 
 Registers used:
		wreg, fsr2l, fsr2h, status,2, status,0, prodl, prodh, cstack
 Tracked objects:
		On entry : 
		On exit  : 
		Unchanged: 
 Data sizes:     COMRAM   BANK0   BANK1   BANK2   BANK3   BANK4   BANK5   BANK6   BANK7   BANK8   BANK9  BANK10  BANK11  BANK12  BANK13  BANK14  BANK15
      Params:         6       0       0       0       0       0       0       0       0       0       0       0       0       0       0       0       0
      Locals:         4       0       0       0       0       0       0       0       0       0       0       0       0       0       0       0       0
      Temps:          0       0       0       0       0       0       0       0       0       0       0       0       0       0       0       0       0
      Totals:        10       0       0       0       0       0       0       0       0       0       0       0       0       0       0       0       0
Total ram usage:       10 bytes
 Hardware stack levels used:    1
 Hardware stack levels required when called:    6
 This function calls:
		_PCA_Write_Reg
		___fladd
		___flmul
		___fltol
		___xxtofl
 This function is called by:
		_main
 This function uses a non-reentrant model


 *************** function ___xxtofl *****************
 Defined at:
		line 10 in file "C:\Program Files\Microchip\xc8\v2.30\pic\sources\c99\common\xxtofl.c"
 Parameters:    Size  Location     Type
  sign            1    wreg     unsigned char 
  val             4    4[COMRAM] long 
 Auto vars:     Size  Location     Type
  sign            1   12[COMRAM] unsigned char 
  arg             4   14[COMRAM] unsigned long 
  exp             1   13[COMRAM] unsigned char 
 Return value:  Size  Location     Type
                  4    4[COMRAM] unsigned char 
 Registers used:
		wreg, status,2, status,0
 Tracked objects:
		On entry : 
		On exit  : 
		Unchanged: 
 Data sizes:     COMRAM   BANK0   BANK1   BANK2   BANK3   BANK4   BANK5   BANK6   BANK7   BANK8   BANK9  BANK10  BANK11  BANK12  BANK13  BANK14  BANK15
      Params:         4       0       0       0       0       0       0       0       0       0       0       0       0       0       0       0       0
      Locals:         6       0       0       0       0       0       0       0       0       0       0       0       0       0       0       0       0
      Temps:          4       0       0       0       0       0       0       0       0       0       0       0       0       0       0       0       0
      Totals:        14       0       0       0       0       0       0       0       0       0       0       0       0       0       0       0       0
Total ram usage:       14 bytes
 Hardware stack levels used:    1
 Hardware stack levels required when called:    4
 This function calls:
		Nothing
 This function is called by:
		_I2C_Master_Mode_Clock_Configurations
		_Servo_SetAngle
 This function uses a non-reentrant model


 *************** function ___fltol *****************
 Defined at:
		line 43 in file "C:\Program Files\Microchip\xc8\v2.30\pic\sources\c99\common\fltol.c"
 Parameters:    Size  Location     Type
  f1              4   59[COMRAM] unsigned char 
 Auto vars:     Size  Location     Type
  exp1            1   68[COMRAM] unsigned char 
  sign1           1   67[COMRAM] unsigned char 
 Return value:  Size  Location     Type
                  4   59[COMRAM] long 
 Registers used:
		wreg, status,2, status,0
 Tracked objects:
		On entry : 
		On exit  : 
		Unchanged: 
 Data sizes:     COMRAM   BANK0   BANK1   BANK2   BANK3   BANK4   BANK5   BANK6   BANK7   BANK8   BANK9  BANK10  BANK11  BANK12  BANK13  BANK14  BANK15
      Params:         4       0       0       0       0       0       0       0       0       0       0       0       0       0       0       0       0
      Locals:         2       0       0       0       0       0       0       0       0       0       0       0       0       0       0       0       0
      Temps:          4       0       0       0       0       0       0       0       0       0       0       0       0       0       0       0       0
      Totals:        10       0       0       0       0       0       0       0       0       0       0       0       0       0       0       0       0
Total ram usage:       10 bytes
 Hardware stack levels used:    1
 Hardware stack levels required when called:    4
 This function calls:
		Nothing
 This function is called by:
		_I2C_Master_Mode_Clock_Configurations
		_Servo_SetAngle
 This function uses a non-reentrant model


 *************** function ___flmul *****************
 Defined at:
		line 8 in file "C:\Program Files\Microchip\xc8\v2.30\pic\sources\c99\common\sprcmul.c"
 Parameters:    Size  Location     Type
  b               4   18[COMRAM] long 
  a               4   22[COMRAM] long 
 Auto vars:     Size  Location     Type
  prod            4   37[COMRAM] struct .
  grs             4   31[COMRAM] unsigned long 
  temp            2   41[COMRAM] struct .
  bexp            1   36[COMRAM] unsigned char 
  aexp            1   35[COMRAM] unsigned char 
  sign            1   30[COMRAM] unsigned char 
 Return value:  Size  Location     Type
                  4   18[COMRAM] unsigned char 
 Registers used:
		wreg, status,2, status,0, prodl, prodh
 Tracked objects:
		On entry : 
		On exit  : 
		Unchanged: 
 Data sizes:     COMRAM   BANK0   BANK1   BANK2   BANK3   BANK4   BANK5   BANK6   BANK7   BANK8   BANK9  BANK10  BANK11  BANK12  BANK13  BANK14  BANK15
      Params:         8       0       0       0       0       0       0       0       0       0       0       0       0       0       0       0       0
      Locals:        13       0       0       0       0       0       0       0       0       0       0       0       0       0       0       0       0
      Temps:          4       0       0       0       0       0       0       0       0       0       0       0       0       0       0       0       0
      Totals:        25       0       0       0       0       0       0       0       0       0       0       0       0       0       0       0       0
Total ram usage:       25 bytes
 Hardware stack levels used:    1
 Hardware stack levels required when called:    4
 This function calls:
		Nothing
 This function is called by:
		_Servo_SetAngle
 This function uses a non-reentrant model


 *************** function ___fladd *****************
 Defined at:
		line 10 in file "C:\Program Files\Microchip\xc8\v2.30\pic\sources\c99\common\sprcadd.c"
 Parameters:    Size  Location     Type
  b               4   43[COMRAM] unsigned char 
  a               4   47[COMRAM] unsigned char 
 Auto vars:     Size  Location     Type
  grs             1   58[COMRAM] unsigned char 
  bexp            1   57[COMRAM] unsigned char 
  aexp            1   56[COMRAM] unsigned char 
  signs           1   55[COMRAM] unsigned char 
 Return value:  Size  Location     Type
                  4   43[COMRAM] unsigned char 
 Registers used:
		wreg, status,2, status,0
 Tracked objects:
		On entry : 
		On exit  : 
		Unchanged: 
 Data sizes:     COMRAM   BANK0   BANK1   BANK2   BANK3   BANK4   BANK5   BANK6   BANK7   BANK8   BANK9  BANK10  BANK11  BANK12  BANK13  BANK14  BANK15
      Params:         8       0       0       0       0       0       0       0       0       0       0       0       0       0       0       0       0
      Locals:         4       0       0       0       0       0       0       0       0       0       0       0       0       0       0       0       0
      Temps:          4       0       0       0       0       0       0       0       0       0       0       0       0       0       0       0       0
      Totals:        16       0       0       0       0       0       0       0       0       0       0       0       0       0       0       0       0
Total ram usage:       16 bytes
 Hardware stack levels used:    1
 Hardware stack levels required when called:    4
 This function calls:
		Nothing
 This function is called by:
		_I2C_Master_Mode_Clock_Configurations
		_Servo_SetAngle
 This function uses a non-reentrant model


 *************** function _PCA_Write_Reg *****************
 Defined at:
		line 65 in file "ECU/SERVO_MOTOR_CONTROL_BY_I2C/ecu_servo_motor_i2c.c"
 Parameters:    Size  Location     Type
  i2c_obj         2   10[COMRAM] PTR const struct .
		 -> i2c_obj(15), 
  slave_addres    1   12[COMRAM] unsigned char 
  reg_address     1   13[COMRAM] unsigned char 
  data            1   14[COMRAM] unsigned char 
 Auto vars:     Size  Location     Type
  ack             1   15[COMRAM] unsigned char 
 Return value:  Size  Location     Type
                  1    wreg      void 
 Registers used:
		wreg, fsr2l, fsr2h, status,2, status,0, cstack
 Tracked objects:
		On entry : 
		On exit  : 
		Unchanged: 
 Data sizes:     COMRAM   BANK0   BANK1   BANK2   BANK3   BANK4   BANK5   BANK6   BANK7   BANK8   BANK9  BANK10  BANK11  BANK12  BANK13  BANK14  BANK15
      Params:         5       0       0       0       0       0       0       0       0       0       0       0       0       0       0       0       0
      Locals:         1       0       0       0       0       0       0       0       0       0       0       0       0       0       0       0       0
      Temps:          0       0       0       0       0       0       0       0       0       0       0       0       0       0       0       0       0
      Totals:         6       0       0       0       0       0       0       0       0       0       0       0       0       0       0       0       0
Total ram usage:        6 bytes
 Hardware stack levels used:    1
 Hardware stack levels required when called:    5
 This function calls:
		_MSSP_I2C_Master_Send_Start
		_MSSP_I2C_Master_Send_Stop
		_MSSP_I2C_Master_Write_Blocking
 This function is called by:
		_ServoDriver_Init
		_Servo_SetAngle
 This function uses a non-reentrant model


 *************** function _MSSP_I2C_Master_Write_Blocking *****************
 Defined at:
		line 196 in file "MCAL/I2C/mcal_i2c.c"
 Parameters:    Size  Location     Type
  i2c_obj         2    4[COMRAM] PTR const struct .
		 -> i2c_obj(15), 
  i2c_data        1    6[COMRAM] unsigned char 
  _ack            2    7[COMRAM] PTR unsigned char 
		 -> PCA_Write_Reg@ack(1), 
 Auto vars:     Size  Location     Type
  ERRORSTATUS     1    0        unsigned char 
 Return value:  Size  Location     Type
                  1    wreg      unsigned char 
 Registers used:
		wreg, fsr2l, fsr2h, status,2, status,0
 Tracked objects:
		On entry : 
		On exit  : 
		Unchanged: 
 Data sizes:     COMRAM   BANK0   BANK1   BANK2   BANK3   BANK4   BANK5   BANK6   BANK7   BANK8   BANK9  BANK10  BANK11  BANK12  BANK13  BANK14  BANK15
      Params:         5       0       0       0       0       0       0       0       0       0       0       0       0       0       0       0       0
      Locals:         1       0       0       0       0       0       0       0       0       0       0       0       0       0       0       0       0
      Temps:          0       0       0       0       0       0       0       0       0       0       0       0       0       0       0       0       0
      Totals:         6       0       0       0       0       0       0       0       0       0       0       0       0       0       0       0       0
Total ram usage:        6 bytes
 Hardware stack levels used:    1
 Hardware stack levels required when called:    4
 This function calls:
		Nothing
 This function is called by:
		_PCA_Write_Reg
 This function uses a non-reentrant model


 *************** function _MSSP_I2C_Master_Send_Stop *****************
 Defined at:
		line 166 in file "MCAL/I2C/mcal_i2c.c"
 Parameters:    Size  Location     Type
  i2c_obj         2    4[COMRAM] PTR const struct .
		 -> i2c_obj(15), 
 Auto vars:     Size  Location     Type
  ERRORSTATUS     1    0        unsigned char 
 Return value:  Size  Location     Type
                  1    wreg      unsigned char 
 Registers used:
		wreg, status,2, status,0
 Tracked objects:
		On entry : 
		On exit  : 
		Unchanged: 
 Data sizes:     COMRAM   BANK0   BANK1   BANK2   BANK3   BANK4   BANK5   BANK6   BANK7   BANK8   BANK9  BANK10  BANK11  BANK12  BANK13  BANK14  BANK15
      Params:         2       0       0       0       0       0       0       0       0       0       0       0       0       0       0       0       0
      Locals:         1       0       0       0       0       0       0       0       0       0       0       0       0       0       0       0       0
      Temps:          0       0       0       0       0       0       0       0       0       0       0       0       0       0       0       0       0
      Totals:         3       0       0       0       0       0       0       0       0       0       0       0       0       0       0       0       0
Total ram usage:        3 bytes
 Hardware stack levels used:    1
 Hardware stack levels required when called:    4
 This function calls:
		Nothing
 This function is called by:
		_PCA_Write_Reg
 This function uses a non-reentrant model


 *************** function _MSSP_I2C_Master_Send_Start *****************
 Defined at:
		line 116 in file "MCAL/I2C/mcal_i2c.c"
 Parameters:    Size  Location     Type
  i2c_obj         2    4[COMRAM] PTR const struct .
		 -> i2c_obj(15), 
 Auto vars:     Size  Location     Type
  ERRORSTATUS     1    0        unsigned char 
 Return value:  Size  Location     Type
                  1    wreg      unsigned char 
 Registers used:
		wreg, status,2, status,0
 Tracked objects:
		On entry : 
		On exit  : 
		Unchanged: 
 Data sizes:     COMRAM   BANK0   BANK1   BANK2   BANK3   BANK4   BANK5   BANK6   BANK7   BANK8   BANK9  BANK10  BANK11  BANK12  BANK13  BANK14  BANK15
      Params:         2       0       0       0       0       0       0       0       0       0       0       0       0       0       0       0       0
      Locals:         1       0       0       0       0       0       0       0       0       0       0       0       0       0       0       0       0
      Temps:          0       0       0       0       0       0       0       0       0       0       0       0       0       0       0       0       0
      Totals:         3       0       0       0       0       0       0       0       0       0       0       0       0       0       0       0       0
Total ram usage:        3 bytes
 Hardware stack levels used:    1
 Hardware stack levels required when called:    4
 This function calls:
		Nothing
 This function is called by:
		_PCA_Write_Reg
 This function uses a non-reentrant model


 *************** function _InterruptManagerLow *****************
 Defined at:
		line 101 in file "MCAL/Interrupts/mcal_interrupt_manager.c"
 Parameters:    Size  Location     Type
		None
 Auto vars:     Size  Location     Type
		None
 Return value:  Size  Location     Type
                  1    wreg      void 
 Registers used:
		wreg, status,2, cstack
 Tracked objects:
		On entry : 
		On exit  : 
		Unchanged: 
 Data sizes:     COMRAM   BANK0   BANK1   BANK2   BANK3   BANK4   BANK5   BANK6   BANK7   BANK8   BANK9  BANK10  BANK11  BANK12  BANK13  BANK14  BANK15
      Params:         0       0       0       0       0       0       0       0       0       0       0       0       0       0       0       0       0
      Locals:         0       0       0       0       0       0       0       0       0       0       0       0       0       0       0       0       0
      Temps:          3       0       0       0       0       0       0       0       0       0       0       0       0       0       0       0       0
      Totals:         3       0       0       0       0       0       0       0       0       0       0       0       0       0       0       0       0
Total ram usage:        3 bytes
 Hardware stack levels used:    1
 Hardware stack levels required when called:    3
 This function calls:
		_INT1_ISR
		_RB4_ISR
		_RB5_ISR
		_RB6_ISR
		_RB7_ISR
 This function is called by:
		Interrupt level 1
 This function uses a non-reentrant model


 *************** function _RB7_ISR *****************
 Defined at:
		line 175 in file "MCAL/Interrupts/mcal_external_interrupt.c"
 Parameters:    Size  Location     Type
  Handler_Sele    1    wreg     unsigned char 
 Auto vars:     Size  Location     Type
  Handler_Sele    1    0[COMRAM] unsigned char 
 Return value:  Size  Location     Type
                  1    wreg      void 
 Registers used:
		wreg, status,2
 Tracked objects:
		On entry : 
		On exit  : 
		Unchanged: 
 Data sizes:     COMRAM   BANK0   BANK1   BANK2   BANK3   BANK4   BANK5   BANK6   BANK7   BANK8   BANK9  BANK10  BANK11  BANK12  BANK13  BANK14  BANK15
      Params:         0       0       0       0       0       0       0       0       0       0       0       0       0       0       0       0       0
      Locals:         1       0       0       0       0       0       0       0       0       0       0       0       0       0       0       0       0
      Temps:          0       0       0       0       0       0       0       0       0       0       0       0       0       0       0       0       0
      Totals:         1       0       0       0       0       0       0       0       0       0       0       0       0       0       0       0       0
Total ram usage:        1 bytes
 Hardware stack levels used:    1
 Hardware stack levels required when called:    2
 This function calls:
		Nothing
 This function is called by:
		_InterruptManagerLow
 This function uses a non-reentrant model


 *************** function _RB6_ISR *****************
 Defined at:
		line 150 in file "MCAL/Interrupts/mcal_external_interrupt.c"
 Parameters:    Size  Location     Type
  Handler_Sele    1    wreg     unsigned char 
 Auto vars:     Size  Location     Type
  Handler_Sele    1    0[COMRAM] unsigned char 
 Return value:  Size  Location     Type
                  1    wreg      void 
 Registers used:
		wreg, status,2
 Tracked objects:
		On entry : 
		On exit  : 
		Unchanged: 
 Data sizes:     COMRAM   BANK0   BANK1   BANK2   BANK3   BANK4   BANK5   BANK6   BANK7   BANK8   BANK9  BANK10  BANK11  BANK12  BANK13  BANK14  BANK15
      Params:         0       0       0       0       0       0       0       0       0       0       0       0       0       0       0       0       0
      Locals:         1       0       0       0       0       0       0       0       0       0       0       0       0       0       0       0       0
      Temps:          0       0       0       0       0       0       0       0       0       0       0       0       0       0       0       0       0
      Totals:         1       0       0       0       0       0       0       0       0       0       0       0       0       0       0       0       0
Total ram usage:        1 bytes
 Hardware stack levels used:    1
 Hardware stack levels required when called:    2
 This function calls:
		Nothing
 This function is called by:
		_InterruptManagerLow
 This function uses a non-reentrant model


 *************** function _RB5_ISR *****************
 Defined at:
		line 125 in file "MCAL/Interrupts/mcal_external_interrupt.c"
 Parameters:    Size  Location     Type
  Handler_Sele    1    wreg     unsigned char 
 Auto vars:     Size  Location     Type
  Handler_Sele    1    0[COMRAM] unsigned char 
 Return value:  Size  Location     Type
                  1    wreg      void 
 Registers used:
		wreg, status,2
 Tracked objects:
		On entry : 
		On exit  : 
		Unchanged: 
 Data sizes:     COMRAM   BANK0   BANK1   BANK2   BANK3   BANK4   BANK5   BANK6   BANK7   BANK8   BANK9  BANK10  BANK11  BANK12  BANK13  BANK14  BANK15
      Params:         0       0       0       0       0       0       0       0       0       0       0       0       0       0       0       0       0
      Locals:         1       0       0       0       0       0       0       0       0       0       0       0       0       0       0       0       0
      Temps:          0       0       0       0       0       0       0       0       0       0       0       0       0       0       0       0       0
      Totals:         1       0       0       0       0       0       0       0       0       0       0       0       0       0       0       0       0
Total ram usage:        1 bytes
 Hardware stack levels used:    1
 Hardware stack levels required when called:    2
 This function calls:
		Nothing
 This function is called by:
		_InterruptManagerLow
 This function uses a non-reentrant model


 *************** function _RB4_ISR *****************
 Defined at:
		line 101 in file "MCAL/Interrupts/mcal_external_interrupt.c"
 Parameters:    Size  Location     Type
  Handler_Sele    1    wreg     unsigned char 
 Auto vars:     Size  Location     Type
  Handler_Sele    1    0[COMRAM] unsigned char 
 Return value:  Size  Location     Type
                  1    wreg      void 
 Registers used:
		wreg, status,2
 Tracked objects:
		On entry : 
		On exit  : 
		Unchanged: 
 Data sizes:     COMRAM   BANK0   BANK1   BANK2   BANK3   BANK4   BANK5   BANK6   BANK7   BANK8   BANK9  BANK10  BANK11  BANK12  BANK13  BANK14  BANK15
      Params:         0       0       0       0       0       0       0       0       0       0       0       0       0       0       0       0       0
      Locals:         1       0       0       0       0       0       0       0       0       0       0       0       0       0       0       0       0
      Temps:          0       0       0       0       0       0       0       0       0       0       0       0       0       0       0       0       0
      Totals:         1       0       0       0       0       0       0       0       0       0       0       0       0       0       0       0       0
Total ram usage:        1 bytes
 Hardware stack levels used:    1
 Hardware stack levels required when called:    2
 This function calls:
		Nothing
 This function is called by:
		_InterruptManagerLow
 This function uses a non-reentrant model


 *************** function _INT1_ISR *****************
 Defined at:
		line 73 in file "MCAL/Interrupts/mcal_external_interrupt.c"
 Parameters:    Size  Location     Type
		None
 Auto vars:     Size  Location     Type
		None
 Return value:  Size  Location     Type
                  1    wreg      void 
 Registers used:
		None
 Tracked objects:
		On entry : 
		On exit  : 
		Unchanged: 
 Data sizes:     COMRAM   BANK0   BANK1   BANK2   BANK3   BANK4   BANK5   BANK6   BANK7   BANK8   BANK9  BANK10  BANK11  BANK12  BANK13  BANK14  BANK15
      Params:         0       0       0       0       0       0       0       0       0       0       0       0       0       0       0       0       0
      Locals:         0       0       0       0       0       0       0       0       0       0       0       0       0       0       0       0       0
      Temps:          0       0       0       0       0       0       0       0       0       0       0       0       0       0       0       0       0
      Totals:         0       0       0       0       0       0       0       0       0       0       0       0       0       0       0       0       0
Total ram usage:        0 bytes
 Hardware stack levels used:    1
 Hardware stack levels required when called:    2
 This function calls:
		Nothing
 This function is called by:
		_InterruptManagerLow
 This function uses a non-reentrant model


 *************** function _InterruptManagerHigh *****************
 Defined at:
		line 33 in file "MCAL/Interrupts/mcal_interrupt_manager.c"
 Parameters:    Size  Location     Type
		None
 Auto vars:     Size  Location     Type
		None
 Return value:  Size  Location     Type
                  1    wreg      void 
 Registers used:
		wreg, cstack
 Tracked objects:
		On entry : 
		On exit  : 
		Unchanged: 
 Data sizes:     COMRAM   BANK0   BANK1   BANK2   BANK3   BANK4   BANK5   BANK6   BANK7   BANK8   BANK9  BANK10  BANK11  BANK12  BANK13  BANK14  BANK15
      Params:         0       0       0       0       0       0       0       0       0       0       0       0       0       0       0       0       0
      Locals:         0       0       0       0       0       0       0       0       0       0       0       0       0       0       0       0       0
      Temps:          0       0       0       0       0       0       0       0       0       0       0       0       0       0       0       0       0
      Totals:         0       0       0       0       0       0       0       0       0       0       0       0       0       0       0       0       0
Total ram usage:        0 bytes
 Hardware stack levels used:    1
 Hardware stack levels required when called:    1
 This function calls:
		_INT0_ISR
		_INT2_ISR
 This function is called by:
		Interrupt level 2
 This function uses a non-reentrant model


 *************** function _INT2_ISR *****************
 Defined at:
		line 86 in file "MCAL/Interrupts/mcal_external_interrupt.c"
 Parameters:    Size  Location     Type
		None
 Auto vars:     Size  Location     Type
		None
 Return value:  Size  Location     Type
                  1    wreg      void 
 Registers used:
		None
 Tracked objects:
		On entry : 
		On exit  : 
		Unchanged: 
 Data sizes:     COMRAM   BANK0   BANK1   BANK2   BANK3   BANK4   BANK5   BANK6   BANK7   BANK8   BANK9  BANK10  BANK11  BANK12  BANK13  BANK14  BANK15
      Params:         0       0       0       0       0       0       0       0       0       0       0       0       0       0       0       0       0
      Locals:         0       0       0       0       0       0       0       0       0       0       0       0       0       0       0       0       0
      Temps:          0       0       0       0       0       0       0       0       0       0       0       0       0       0       0       0       0
      Totals:         0       0       0       0       0       0       0       0       0       0       0       0       0       0       0       0       0
Total ram usage:        0 bytes
 Hardware stack levels used:    1
 This function calls:
		Nothing
 This function is called by:
		_InterruptManagerHigh
 This function uses a non-reentrant model


 *************** function _INT0_ISR *****************
 Defined at:
		line 60 in file "MCAL/Interrupts/mcal_external_interrupt.c"
 Parameters:    Size  Location     Type
		None
 Auto vars:     Size  Location     Type
		None
 Return value:  Size  Location     Type
                  1    wreg      void 
 Registers used:
		None
 Tracked objects:
		On entry : 
		On exit  : 
		Unchanged: 
 Data sizes:     COMRAM   BANK0   BANK1   BANK2   BANK3   BANK4   BANK5   BANK6   BANK7   BANK8   BANK9  BANK10  BANK11  BANK12  BANK13  BANK14  BANK15
      Params:         0       0       0       0       0       0       0       0       0       0       0       0       0       0       0       0       0
      Locals:         0       0       0       0       0       0       0       0       0       0       0       0       0       0       0       0       0
      Temps:          0       0       0       0       0       0       0       0       0       0       0       0       0       0       0       0       0
      Totals:         0       0       0       0       0       0       0       0       0       0       0       0       0       0       0       0       0
Total ram usage:        0 bytes
 Hardware stack levels used:    1
 This function calls:
		Nothing
 This function is called by:
		_InterruptManagerHigh
 This function uses a non-reentrant model



MODULE INFORMATION

Module		Function		Class		Link	Load	Size
C:\Program Files\Microchip\xc8\v2.30\pic\sources\c99\common\sprcmul.c
		___flmul       		CODE           	073A	0000	1066

C:\Program Files\Microchip\xc8\v2.30\pic\sources\c99\common\sprcmul.c estimated size: 1066

C:\Program Files\Microchip\xc8\v2.30\pic\sources\c99\common\sprcdiv.c
		___fldiv       		CODE           	0B64	0000	922

C:\Program Files\Microchip\xc8\v2.30\pic\sources\c99\common\sprcdiv.c estimated size: 922

MCAL/Interrupts/mcal_external_interrupt.c
		_RB4_ISR       		CODE           	1998	0000	26
		_RB5_ISR       		CODE           	197E	0000	26
		_RB6_ISR       		CODE           	1964	0000	26
		_RB7_ISR       		CODE           	194A	0000	26
		_INT0_ISR      		CODE           	19C6	0000	4
		_INT1_ISR      		CODE           	19BE	0000	4
		_INT2_ISR      		CODE           	19C2	0000	4

MCAL/Interrupts/mcal_external_interrupt.c estimated size: 116

MCAL/I2C/mcal_i2c.c
		_MSSP_I2C_Init 		CODE           	10B2	0000	326
		_MSSP_I2C_Master_Send_Stop		CODE           	1858	0000	56
		_I2C_Interrupt_configuration		CODE           	13D6	0000	214
		_MSSP_I2C_Master_Send_Start		CODE           	1890	0000	56
		_I2C_Slave_Mode_Clock_Configurations		CODE           	18C8	0000	50
		_I2C_Master_Mode_Clock_Configurations		CODE           	162C	0000	176
		_MSSP_I2C_Master_Write_Blocking		CODE           	16DC	0000	104
		_I2C_Pin_Configurations		CODE           	19B2	0000	6

MCAL/I2C/mcal_i2c.c estimated size: 988

C:\Program Files\Microchip\xc8\v2.30\pic\sources\c99\common\sprcadd.c
		___fladd       		CODE           	027A	0000	1216

C:\Program Files\Microchip\xc8\v2.30\pic\sources\c99\common\sprcadd.c estimated size: 1216

C:\Program Files\Microchip\xc8\v2.30\pic\sources\c99\common\fltol.c
		___fltol       		CODE           	11F8	0000	262

C:\Program Files\Microchip\xc8\v2.30\pic\sources\c99\common\fltol.c estimated size: 262

MCAL/Interrupts/mcal_interrupt_manager.c
		_InterruptManagerLow		CODE           	0018	0000	606
		_InterruptManagerHigh		CODE           	0008	0000	204

MCAL/Interrupts/mcal_interrupt_manager.c estimated size: 810

C:\Program Files\Microchip\xc8\v2.30\pic\sources\c99\common\xxtofl.c
		___xxtofl      		CODE           	0EFE	0000	436

C:\Program Files\Microchip\xc8\v2.30\pic\sources\c99\common\xxtofl.c estimated size: 436

shared
		__initialization		CODE           	17AA	0000	76

shared estimated size: 76

ECU/SERVO_MOTOR_CONTROL_BY_I2C/ecu_servo_motor_i2c.c
		_ServoDriver_Init		CODE           	1572	0000	186
		_Servo_SetAngle		CODE           	12FE	0000	216
		_PCA_Write_Reg 		CODE           	1744	0000	102

ECU/SERVO_MOTOR_CONTROL_BY_I2C/ecu_servo_motor_i2c.c estimated size: 504

application.c
		_main          		CODE           	1804	0000	84
		_application_intialize		CODE           	1928	0000	34

application.c estimated size: 118

