Microchip MPLAB XC8 Compiler V2.30

Linker command line:

-W-3 --edf=C:\Program Files\Microchip\xc8\v2.30\pic\dat\en_msgs.txt -cn \
  -h+dist/default/production\graduation_project.production.sym \
  --cmf=dist/default/production\graduation_project.production.cmf -z \
  -Q18F4620 -oC:\Users\ahmed radwan\AppData\Local\Temp\sg6sx2 \
  --defsym=__MPLAB_BUILD=1 \
  -Mdist/default/production/graduation_project.production.map -E1 \
  -ver=XC8 Compiler --acfsm=1493 -ASTACK=013Fh-0F7Fh -pstack=STACK \
  -ACODE=00h-0FFFFh -ACONST=00h-0FFFFh -ASMALLCONST=01000h-010FFhx240 \
  -AMEDIUMCONST=01000h-0FFFFh -ACOMRAM=01h-07Fh -AABS1=00h-0F7Fh \
  -ABIGRAM=01h-0F7Fh -ARAM=080h-0FFh,0100h-01FFhx14,0F00h-0F7Fh \
  -ABANK0=080h-0FFh -ABANK1=0100h-01FFh -ABANK2=0200h-02FFh \
  -ABANK3=0300h-03FFh -ABANK4=0400h-04FFh -ABANK5=0500h-05FFh \
  -ABANK6=0600h-06FFh -ABANK7=0700h-07FFh -ABANK8=0800h-08FFh \
  -ABANK9=0900h-09FFh -ABANK10=0A00h-0AFFh -ABANK11=0B00h-0BFFh \
  -ABANK12=0C00h-0CFFh -ABANK13=0D00h-0DFFh -ABANK14=0E00h-0EFFh \
  -ABANK15=0F00h-0F7Fh -ASFR=0F80h-0FFFh -ACONFIG=0300000h-030000Dh \
  -AIDLOC=0200000h-0200007h -AEEDATA=0F00000h-0F003FFh -peeprom_data=EEDATA \
  -preset_vec=00h,intcode=08h,intcodelo=018h,powerup,init -pramtop=01000h \
  -psmallconst=SMALLCONST -pmediumconst=MEDIUMCONST -pconst=CONST \
  -AFARRAM=00h-00h \
  -prdata=COMRAM,nvrram=COMRAM,nvbit=COMRAM,rbss=COMRAM,rbit=COMRAM \
  -pfarbss=FARRAM,fardata=FARRAM,nvFARRAM=FARRAM \
  -pintsave_regs=BIGRAM,bigbss=BIGRAM,bigdata=BIGRAM -pbss=RAM \
  -pidata=CODE,irdata=CODE,ibigdata=CODE,ifardata=CODE -prparam=COMRAM \
  C:\Users\ahmed radwan\AppData\Local\Temp\sg6sx8.o \
  dist/default/production\graduation_project.production.o 

Object code version is 3.11

Machine type is 18F4620



                Name                               Link     Load   Length Selector   Space Scale
C:\Users\ahmed radwan\AppData\Local\Temp\sg6sx8.o
                idloc                            200000   200000        8        0       5
                config                           300000   300000        E        0       4
                init                                276      276        4        C       0
                reset_vec                             0        0        4        0       0
dist/default/production\graduation_project.production.o
                intcodelo                            18       18      25E        C       0
                intcode                               8        8        6        4       0
                idloc                            200000   200000        8        0       5
                config                           300000   300000        E        0       4
                temp                                 56       56        1        1       1
                smallconst                         1000     1000       E0      800       0
                text52                             39B4     39B4       68      870       0
                text51                             394C     394C       68      870       0
                text50                             306C     306C       E4      870       0
                text49                             3E50     3E50       2A      870       0
                text48                             2D56     2D56      128      870       0
                text47                             3D20     3D20       48      870       0
                text46                             35C6     35C6       7A      870       0
                text45                             3B46     3B46       62      870       0
                text44                             3AE4     3AE4       62      870       0
                text43                             32B4     32B4       B0      870       0
                text42                             3DE8     3DE8       3C      870       0
                text41                             2404     2404      20A      870       0
                text40                             3724     3724       70      870       0
                text39                             3C8E     3C8E       4A      870       0
                text38                             3E24     3E24       2C      870       0
                text37                             3F20     3F20        2     1F8E       0
                text36                             3DAC     3DAC       3C      870       0
                text35                             3E7A     3E7A       26      870       0
                text34                             3C44     3C44       4A      870       0
                intcode_body                       2F86     2F86       E6      870       0
                text32                             3F1C     3F1C        4     1F8E       0
                text31                             3EEE     3EEE       1A      870       0
                text30                             3ED4     3ED4       1A      870       0
                text29                             3EBA     3EBA       1A      870       0
                text28                             3EA0     3EA0       1A      870       0
                text26                             3640     3640       74      870       0
                text25                             38DE     38DE       6E      870       0
                text24                             3870     3870       6E      870       0
                text23                             21F4     21F4      210      870       0
                text22                             3802     3802       6E      870       0
                text21                             2C28     2C28      12E      870       0
                text20                             3BF8     3BF8       4C      870       0
                text19                             3544     3544       82      870       0
                text18                             3A1C     3A1C       66      870       0
                text17                             36B4     36B4       70      870       0
                text16                             3202     3202       B2      870       0
                text15                             3364     3364       AE      870       0
                text14                             260E     260E      1E2      870       0
                text13                             3412     3412       A2      870       0
                text12                             3150     3150       B2      870       0
                text11                             34B4     34B4       90      870       0
                text10                             10E0     10E0      55E      870       0
                text9                              163E     163E      42E      870       0
                text8                              2E7E     2E7E      108      870       0
                text7                              27F0     27F0      1B8      870       0
                text6                              1E34     1E34      3C0      870       0
                text5                              3A82     3A82       62      870       0
                text4                              29A8     29A8      146      870       0
                text3                              3BA8     3BA8       50      870       0
                text2                              2AEE     2AEE      13A      870       0
                text1                              3CD8     3CD8       48      870       0
                text0                              1A6C     1A6C      3C8      870       0
                cstackCOMRAM                          1        1       2D        1       1
                cstackBANK0                          C4       C4       20       80       1
                cstackBANK1                         100      100       25      100       1
                bssBANK1                            125      125       1A      100       1
                dataBANK0                            80       80       44       80       1
                bssBANK0                             E4       E4       1C       80       1
                dataCOMRAM                           43       43       13        1       1
                bssCOMRAM                            2E       2E       15        1       1
                cinit                              3794     3794       6E      870       0
                idataBANK0                         3D68     3D68       44      870       0
                idataCOMRAM                        3F08     3F08       13      870       0

TOTAL           Name                               Link     Load   Length     Space
        CLASS   STACK          

        CLASS   CODE           
                intcodelo                            18       18      25E         0
                intcode                               8        8        6         0
                init                                276      276        4         0
                reset_vec                             0        0        4         0
                text52                             39B4     39B4       68         0
                text51                             394C     394C       68         0
                text50                             306C     306C       E4         0
                text49                             3E50     3E50       2A         0
                text48                             2D56     2D56      128         0
                text47                             3D20     3D20       48         0
                text46                             35C6     35C6       7A         0
                text45                             3B46     3B46       62         0
                text44                             3AE4     3AE4       62         0
                text43                             32B4     32B4       B0         0
                text42                             3DE8     3DE8       3C         0
                text41                             2404     2404      20A         0
                text40                             3724     3724       70         0
                text39                             3C8E     3C8E       4A         0
                text38                             3E24     3E24       2C         0
                text37                             3F20     3F20        2         0
                text36                             3DAC     3DAC       3C         0
                text35                             3E7A     3E7A       26         0
                text34                             3C44     3C44       4A         0
                intcode_body                       2F86     2F86       E6         0
                text32                             3F1C     3F1C        4         0
                text31                             3EEE     3EEE       1A         0
                text30                             3ED4     3ED4       1A         0
                text29                             3EBA     3EBA       1A         0
                text28                             3EA0     3EA0       1A         0
                text26                             3640     3640       74         0
                text25                             38DE     38DE       6E         0
                text24                             3870     3870       6E         0
                text23                             21F4     21F4      210         0
                text22                             3802     3802       6E         0
                text21                             2C28     2C28      12E         0
                text20                             3BF8     3BF8       4C         0
                text19                             3544     3544       82         0
                text18                             3A1C     3A1C       66         0
                text17                             36B4     36B4       70         0
                text16                             3202     3202       B2         0
                text15                             3364     3364       AE         0
                text14                             260E     260E      1E2         0
                text13                             3412     3412       A2         0
                text12                             3150     3150       B2         0
                text11                             34B4     34B4       90         0
                text10                             10E0     10E0      55E         0
                text9                              163E     163E      42E         0
                text8                              2E7E     2E7E      108         0
                text7                              27F0     27F0      1B8         0
                text6                              1E34     1E34      3C0         0
                text5                              3A82     3A82       62         0
                text4                              29A8     29A8      146         0
                text3                              3BA8     3BA8       50         0
                text2                              2AEE     2AEE      13A         0
                text1                              3CD8     3CD8       48         0
                text0                              1A6C     1A6C      3C8         0
                cinit                              3794     3794       6E         0
                idataBANK0                         3D68     3D68       44         0
                idataCOMRAM                        3F08     3F08       13         0

        CLASS   CONST          

        CLASS   SMALLCONST     
                smallconst                         1000     1000       E0         0

        CLASS   MEDIUMCONST    

        CLASS   COMRAM         
                temp                                 56       56        1         1
                cstackCOMRAM                          1        1       2D         1
                dataCOMRAM                           43       43       13         1
                bssCOMRAM                            2E       2E       15         1

        CLASS   ABS1           

        CLASS   BIGRAM         

        CLASS   RAM            

        CLASS   BANK0          
                cstackBANK0                          C4       C4       20         1
                dataBANK0                            80       80       44         1
                bssBANK0                             E4       E4       1C         1

        CLASS   BANK1          
                cstackBANK1                         100      100       25         1
                bssBANK1                            125      125       1A         1

        CLASS   BANK2          

        CLASS   BANK3          

        CLASS   BANK4          

        CLASS   BANK5          

        CLASS   BANK6          

        CLASS   BANK7          

        CLASS   BANK8          

        CLASS   BANK9          

        CLASS   BANK10         

        CLASS   BANK11         

        CLASS   BANK12         

        CLASS   BANK13         

        CLASS   BANK14         

        CLASS   BANK15         

        CLASS   SFR            

        CLASS   CONFIG         
                config                           300000   300000        E         4

        CLASS   IDLOC          
                idloc                            200000   200000        8         5

        CLASS   EEDATA         

        CLASS   FARRAM         



SEGMENTS        Name                           Load    Length   Top    Selector   Space  Class

                reset_vec                      000000  000004  000004         0       0  CODE    
                cstackCOMRAM                   000001  000056  000057         1       1  COMRAM  
                intcode                        000008  000006  00000E         4       0  CODE    
                intcodelo                      000018  000262  00027A         C       0  CODE    
                dataBANK0                      000080  000080  000100        80       1  BANK0   
                cstackBANK1                    000100  00003F  00013F       100       1  BANK1   
                smallconst                     001000  0000E0  0010E0       800       0  SMALLCON
                text10                         0010E0  002E3B  003F1B       870       0  CODE    
                text32                         003F1C  000006  003F22      1F8E       0  CODE    


UNUSED ADDRESS RANGES

        Name                Unused          Largest block    Delta
        BANK1            00013F-0001FF               C1
        BANK10           000A00-000AFF              100
        BANK11           000B00-000BFF              100
        BANK12           000C00-000CFF              100
        BANK13           000D00-000DFF              100
        BANK14           000E00-000EFF              100
        BANK15           000F00-000F7F               80
        BANK2            000200-0002FF              100
        BANK3            000300-0003FF              100
        BANK4            000400-0004FF              100
        BANK5            000500-0005FF              100
        BANK6            000600-0006FF              100
        BANK7            000700-0007FF              100
        BANK8            000800-0008FF              100
        BANK9            000900-0009FF              100
        BIGRAM           000057-00007F               29
                         00013F-000F7F              E41
        CODE             000004-000007                4
                         00000E-000017                A
                         00027A-000FFF              D86
                         003F1B-003F1B                1
                         003F22-00FFFF             C0DE
        COMRAM           000057-00007F               29
        CONST            000004-000007                4
                         00000E-000017                A
                         00027A-000FFF              D86
                         003F1B-003F1B                1
                         003F22-00FFFF             C0DE
        EEDATA           F00000-F003FF              400
        MEDIUMCONST      003F1B-003F1B                1
                         003F22-00FFFF             C0DE
        RAM              00013F-000F7F              100
        SFR              000F80-000FFF               80
        SMALLCONST       003F1B-003F1B                1
                         003F22-00FFFF              100
        STACK            00013F-000F7F              E41

                                  Symbol Table

?___fladd                                   cstackBANK0  0000DA
?___fldiv                                   cstackBANK0  0000CE
?___fltol                                   cstackCOMRAM 00002A
?___xxtofl                                  cstackCOMRAM 00002A
Bluetooth_Send_Data_Non_Blocking@_uart_obj  cstackCOMRAM 00000D
Bluetooth_Send_Data_Non_Blocking@data       cstackCOMRAM 00000F
ECU_DC_Motor_Stop@dc_motor                  cstackCOMRAM 00000B
EUSART_Async_Init@_eusart_obj               cstackBANK1  000120
EUSART_Async_Init@ret_val                   cstackBANK1  000122
EUSART_Async_Read_Data@_eusart_obj          cstackBANK0  0000C7
EUSART_Async_Read_Data@data                 cstackBANK0  0000C9
EUSART_Async_Read_Data@l_temp_data          cstackBANK0  0000D2
EUSART_Async_Read_Data_Blocking@_eusart_obj cstackBANK0  0000D4
EUSART_Async_Read_Data_Blocking@data        cstackBANK0  0000D6
EUSART_Async_Transmit_Data@_eusart_obj      cstackCOMRAM 000006
EUSART_Async_Transmit_Data@data             cstackCOMRAM 000008
GPIO_Pin_Direction_Initialize@ERRORSTATUS   cstackCOMRAM 00002C
GPIO_Pin_Direction_Initialize@_pin_config   cstackCOMRAM 00002A
GPIO_Pin_Initialize@ERRORSTATUS             cstackBANK0  0000CC
GPIO_Pin_Initialize@_pin_config             cstackBANK0  0000CA
GPIO_Pin_Toggle_Logic@_pin_config           cstackCOMRAM 00002A
GPIO_Pin_Write_Logic@ERRORSTATUS            cstackCOMRAM 00002D
GPIO_Pin_Write_Logic@_pin_config            cstackCOMRAM 00002A
GPIO_Pin_Write_Logic@logic                  cstackCOMRAM 00002C
GPS_Service@key                             cstackBANK0  0000E2
RB4_ISR@Handler_Select                      cstackCOMRAM 000026
RB5_ISR@Handler_Select                      cstackCOMRAM 000026
RB6_ISR@Handler_Select                      cstackCOMRAM 000026
RB7_ISR@Handler_Select                      cstackCOMRAM 000026
Rx_config_interrupt@_rx_obj                 cstackCOMRAM 00002A
Rx_config_interrupt@ret_val                 cstackCOMRAM 00002C
_BAUDCONbits                                (abs)        000FB8
_Bluetooth_Send_Data_Non_Blocking           text49       003E50
_CCP1CONbits                                (abs)        000FBD
_CCP1_Obj                                   dataBANK0    0000B4
_CCP2CONbits                                (abs)        000FBA
_CCP2_Obj                                   dataBANK0    0000AA
_CCPR1L                                     (abs)        000FBE
_CCPR2L                                     (abs)        000FBB
_ECU_DC_Motor_Stop                          text36       003DAC
_EUSART_Async_Init                          text5        003A82
_EUSART_Async_Read_Data                     text23       0021F4
_EUSART_Async_Read_Data$1571                cstackBANK0  0000CC
_EUSART_Async_Read_Data$1572                cstackBANK0  0000CE
_EUSART_Async_Read_Data$1573                cstackBANK0  0000D0
_EUSART_Async_Read_Data_Blocking            text22       003802
_EUSART_Async_Transmit_Data                 text50       00306C
_EUSART_Rx_ISR                              text38       003E24
_EUSART_Tx_ISR                              text37       003F20
_GPIO_Pin_Direction_Initialize              text4        0029A8
_GPIO_Pin_Initialize                        text3        003BA8
_GPIO_Pin_Toggle_Logic                      text26       003640
_GPIO_Pin_Write_Logic                       text21       002C28
_GPS_Service                                text14       00260E
_I2C_DefaultInterruptHandler                bssBANK0     0000FA
_I2C_Report_Receive_Overflow                bssBANK0     0000F8
_I2C_Report_Write_Collision                 bssBANK0     0000F6
_INT0_InterruptHandler                      bssBANK0     0000F4
_INT1_ISR                                   text32       003F1C
_INT1_InterruptHandler                      bssCOMRAM    00003A
_INT2_InterruptHandler                      bssBANK0     0000F2
_INTCON2bits                                (abs)        000FF1
_INTCON3bits                                (abs)        000FF0
_INTCONbits                                 (abs)        000FF2
_IPR1bits                                   (abs)        000F9F
_IPR2bits                                   (abs)        000FA2
_InterruptManagerHigh                       intcode      000008
_InterruptManagerLow                        intcodelo    000018
_LATA                                       (abs)        000F89
_LATB                                       (abs)        000F8A
_LATC                                       (abs)        000F8B
_LATD                                       (abs)        000F8C
_LATE                                       (abs)        000F8D
_Movement_State                             bssCOMRAM    000040
_PIE1bits                                   (abs)        000F9D
_PIE2bits                                   (abs)        000FA0
_PIR1bits                                   (abs)        000F9E
_PIR2bits                                   (abs)        000FA1
_PORTA                                      (abs)        000F80
_PORTB                                      (abs)        000F81
_PORTBbits                                  (abs)        000F81
_PORTC                                      (abs)        000F82
_PORTD                                      (abs)        000F83
_PORTE                                      (abs)        000F84
_PR2                                        (abs)        000FCB
_RB4_ISR                                    text31       003EEE
_RB4_InterruptHandler_HIGH                  bssCOMRAM    000038
_RB4_InterruptHandler_LOW                   bssCOMRAM    000036
_RB5_ISR                                    text30       003ED4
_RB5_InterruptHandler_HIGH                  bssCOMRAM    000034
_RB5_InterruptHandler_LOW                   bssCOMRAM    000032
_RB6_ISR                                    text29       003EBA
_RB6_InterruptHandler_HIGH                  bssBANK0     0000F0
_RB6_InterruptHandler_LOW                   bssBANK0     0000EE
_RB7_ISR                                    text28       003EA0
_RB7_InterruptHandler_HIGH                  bssBANK0     0000EC
_RB7_InterruptHandler_LOW                   bssBANK0     0000EA
_RCONbits                                   (abs)        000FD0
_RCREG                                      (abs)        000FAE
_RCSTA1bits                                 (abs)        000FAB
_RCSTAbits                                  (abs)        000FAB
_RX9D                                       (abs)        007D58
_Rx_config_interrupt                        text13       003412
_SPBRG                                      (abs)        000FAF
_SPBRGH                                     (abs)        000FB0
_SSPADD                                     (abs)        000FC8
_SSPBUF                                     (abs)        000FC9
_SSPCON1bits                                (abs)        000FC6
_SSPCON2bits                                (abs)        000FC5
_SSPSTATbits                                (abs)        000FC7
_T0CONbits                                  (abs)        000FD5
_T3CONbits                                  (abs)        000FB1
_TMR0H                                      (abs)        000FD7
_TMR0L                                      (abs)        000FD6
_TMR0_ISR                                   text34       003C44
_TRISA                                      (abs)        000F92
_TRISB                                      (abs)        000F93
_TRISBbits                                  (abs)        000F93
_TRISC                                      (abs)        000F94
_TRISCbits                                  (abs)        000F94
_TRISD                                      (abs)        000F95
_TRISE                                      (abs)        000F96
_TXREG                                      (abs)        000FAD
_TXSTA1bits                                 (abs)        000FAC
_TXSTAbits                                  (abs)        000FAC
_Timer0                                     dataBANK0    0000BE
_Timer0_Handler                             text35       003E7A
_W1_W5_W2_W6_Motor_Control                  dataCOMRAM   000051
_W3_Motor_Control                           dataCOMRAM   00004F
_W4_Motor_Control                           dataCOMRAM   00004D
__HRAM                                      (abs)        000000
__Habs1                                     abs1         000000
__Hbank0                                    bank0        000000
__Hbank1                                    bank1        000000
__Hbank10                                   bank10       000000
__Hbank11                                   bank11       000000
__Hbank12                                   bank12       000000
__Hbank13                                   bank13       000000
__Hbank14                                   bank14       000000
__Hbank15                                   bank15       000000
__Hbank2                                    bank2        000000
__Hbank3                                    bank3        000000
__Hbank4                                    bank4        000000
__Hbank5                                    bank5        000000
__Hbank6                                    bank6        000000
__Hbank7                                    bank7        000000
__Hbank8                                    bank8        000000
__Hbank9                                    bank9        000000
__Hbigbss                                   bigbss       000000
__Hbigdata                                  bigdata      000000
__Hbigram                                   bigram       000000
__Hbss                                      bss          000000
__HbssBANK0                                 bssBANK0     000000
__HbssBANK1                                 bssBANK1     000000
__HbssCOMRAM                                bssCOMRAM    000000
__Hcinit                                    cinit        000000
__Hclrtext                                  clrtext      000000
__Hcomram                                   comram       000000
__Hconfig                                   config       30000E
__Hconst                                    const        000000
__HcstackBANK0                              cstackBANK0  000000
__HcstackBANK1                              cstackBANK1  000000
__HcstackCOMRAM                             cstackCOMRAM 000000
__Hdata                                     data         000000
__HdataBANK0                                dataBANK0    000000
__HdataCOMRAM                               dataCOMRAM   000000
__Heeprom_data                              eeprom_data  000000
__Hfarbss                                   farbss       000000
__Hfardata                                  fardata      000000
__Hibigdata                                 ibigdata     000000
__Hidata                                    idata        000000
__HidataBANK0                               idataBANK0   000000
__HidataCOMRAM                              idataCOMRAM  000000
__Hidloc                                    idloc        200008
__Hifardata                                 ifardata     000000
__Hinit                                     init         00027A
__Hintcode                                  intcode      00000E
__Hintcode_body                             intcode_body 000000
__Hintcodelo                                intcodelo    000276
__Hintentry                                 intentry     000000
__Hintret                                   intret       000000
__Hintsave_regs                             intsave_regs 000000
__Hirdata                                   irdata       000000
__Hmediumconst                              mediumconst  000000
__HnvFARRAM                                 nvFARRAM     000000
__Hnvbit                                    nvbit        000000
__Hnvrram                                   nvrram       000000
__Hparam                                    rparam       000000
__Hpowerup                                  powerup      000276
__Hram                                      ram          000000
__Hramtop                                   ramtop       001000
__Hrbit                                     rbit         000000
__Hrbss                                     rbss         000000
__Hrdata                                    rdata        000000
__Hreset_vec                                reset_vec    000004
__Hrparam                                   rparam       000000
__Hsfr                                      sfr          000000
__Hsmallconst                               smallconst   0010E0
__Hspace_0                                  (abs)        003F22
__Hspace_1                                  (abs)        00013F
__Hspace_2                                  (abs)        000000
__Hspace_4                                  (abs)        60000E
__Hstack                                    stack        000000
__Hstruct                                   struct       000000
__Htemp                                     temp         000057
__Htext                                     text         000000
__Htext0                                    text0        000000
__Htext1                                    text1        000000
__Htext10                                   text10       000000
__Htext11                                   text11       000000
__Htext12                                   text12       000000
__Htext13                                   text13       000000
__Htext14                                   text14       000000
__Htext15                                   text15       000000
__Htext16                                   text16       000000
__Htext17                                   text17       000000
__Htext18                                   text18       000000
__Htext19                                   text19       000000
__Htext2                                    text2        000000
__Htext20                                   text20       000000
__Htext21                                   text21       000000
__Htext22                                   text22       000000
__Htext23                                   text23       000000
__Htext24                                   text24       000000
__Htext25                                   text25       000000
__Htext26                                   text26       000000
__Htext28                                   text28       000000
__Htext29                                   text29       000000
__Htext3                                    text3        000000
__Htext30                                   text30       000000
__Htext31                                   text31       000000
__Htext32                                   text32       000000
__Htext34                                   text34       000000
__Htext35                                   text35       000000
__Htext36                                   text36       000000
__Htext37                                   text37       000000
__Htext38                                   text38       000000
__Htext39                                   text39       000000
__Htext4                                    text4        000000
__Htext40                                   text40       000000
__Htext41                                   text41       000000
__Htext42                                   text42       000000
__Htext43                                   text43       000000
__Htext44                                   text44       000000
__Htext45                                   text45       000000
__Htext46                                   text46       000000
__Htext47                                   text47       000000
__Htext48                                   text48       000000
__Htext49                                   text49       000000
__Htext5                                    text5        000000
__Htext50                                   text50       000000
__Htext51                                   text51       000000
__Htext52                                   text52       000000
__Htext53                                   text53       000000
__Htext6                                    text6        000000
__Htext7                                    text7        000000
__Htext8                                    text8        000000
__Htext9                                    text9        000000
__LRAM                                      (abs)        000001
__Labs1                                     abs1         000000
__Lbank0                                    bank0        000000
__Lbank1                                    bank1        000000
__Lbank10                                   bank10       000000
__Lbank11                                   bank11       000000
__Lbank12                                   bank12       000000
__Lbank13                                   bank13       000000
__Lbank14                                   bank14       000000
__Lbank15                                   bank15       000000
__Lbank2                                    bank2        000000
__Lbank3                                    bank3        000000
__Lbank4                                    bank4        000000
__Lbank5                                    bank5        000000
__Lbank6                                    bank6        000000
__Lbank7                                    bank7        000000
__Lbank8                                    bank8        000000
__Lbank9                                    bank9        000000
__Lbigbss                                   bigbss       000000
__Lbigdata                                  bigdata      000000
__Lbigram                                   bigram       000000
__Lbss                                      bss          000000
__LbssBANK0                                 bssBANK0     000000
__LbssBANK1                                 bssBANK1     000000
__LbssCOMRAM                                bssCOMRAM    000000
__Lcinit                                    cinit        000000
__Lclrtext                                  clrtext      000000
__Lcomram                                   comram       000000
__Lconfig                                   config       000000
__Lconst                                    const        000000
__LcstackBANK0                              cstackBANK0  000000
__LcstackBANK1                              cstackBANK1  000000
__LcstackCOMRAM                             cstackCOMRAM 000000
__Ldata                                     data         000000
__LdataBANK0                                dataBANK0    000000
__LdataCOMRAM                               dataCOMRAM   000000
__Leeprom_data                              eeprom_data  000000
__Lfarbss                                   farbss       000000
__Lfardata                                  fardata      000000
__Libigdata                                 ibigdata     000000
__Lidata                                    idata        000000
__LidataBANK0                               idataBANK0   000000
__LidataCOMRAM                              idataCOMRAM  000000
__Lidloc                                    idloc        000000
__Lifardata                                 ifardata     000000
__Linit                                     init         000276
__Lintcode                                  intcode      000008
__Lintcode_body                             intcode_body 000000
__Lintcodelo                                intcodelo    000018
__Lintentry                                 intentry     000000
__Lintret                                   intret       000000
__Lintsave_regs                             intsave_regs 000000
__Lirdata                                   irdata       000000
__Lmediumconst                              mediumconst  000000
__LnvFARRAM                                 nvFARRAM     000000
__Lnvbit                                    nvbit        000000
__Lnvrram                                   nvrram       000000
__Lparam                                    rparam       000000
__Lpowerup                                  powerup      000276
__Lram                                      ram          000000
__Lramtop                                   ramtop       001000
__Lrbit                                     rbit         000000
__Lrbss                                     rbss         000000
__Lrdata                                    rdata        000000
__Lreset_vec                                reset_vec    000000
__Lrparam                                   rparam       000000
__Lsfr                                      sfr          000000
__Lsmallconst                               smallconst   001000
__Lspace_0                                  (abs)        000000
__Lspace_1                                  (abs)        000000
__Lspace_2                                  (abs)        000000
__Lspace_4                                  (abs)        000000
__Lstack                                    stack        000000
__Lstruct                                   struct       000000
__Ltemp                                     temp         000056
__Ltext                                     text         000000
__Ltext0                                    text0        000000
__Ltext1                                    text1        000000
__Ltext10                                   text10       000000
__Ltext11                                   text11       000000
__Ltext12                                   text12       000000
__Ltext13                                   text13       000000
__Ltext14                                   text14       000000
__Ltext15                                   text15       000000
__Ltext16                                   text16       000000
__Ltext17                                   text17       000000
__Ltext18                                   text18       000000
__Ltext19                                   text19       000000
__Ltext2                                    text2        000000
__Ltext20                                   text20       000000
__Ltext21                                   text21       000000
__Ltext22                                   text22       000000
__Ltext23                                   text23       000000
__Ltext24                                   text24       000000
__Ltext25                                   text25       000000
__Ltext26                                   text26       000000
__Ltext28                                   text28       000000
__Ltext29                                   text29       000000
__Ltext3                                    text3        000000
__Ltext30                                   text30       000000
__Ltext31                                   text31       000000
__Ltext32                                   text32       000000
__Ltext34                                   text34       000000
__Ltext35                                   text35       000000
__Ltext36                                   text36       000000
__Ltext37                                   text37       000000
__Ltext38                                   text38       000000
__Ltext39                                   text39       000000
__Ltext4                                    text4        000000
__Ltext40                                   text40       000000
__Ltext41                                   text41       000000
__Ltext42                                   text42       000000
__Ltext43                                   text43       000000
__Ltext44                                   text44       000000
__Ltext45                                   text45       000000
__Ltext46                                   text46       000000
__Ltext47                                   text47       000000
__Ltext48                                   text48       000000
__Ltext49                                   text49       000000
__Ltext5                                    text5        000000
__Ltext50                                   text50       000000
__Ltext51                                   text51       000000
__Ltext52                                   text52       000000
__Ltext53                                   text53       000000
__Ltext6                                    text6        000000
__Ltext7                                    text7        000000
__Ltext8                                    text8        000000
__Ltext9                                    text9        000000
__S0                                        (abs)        003F22
__S1                                        (abs)        00013F
__S2                                        (abs)        000000
__S4                                        (abs)        000000
__S5                                        (abs)        000000
___fladd                                    text10       0010E0
___fladd@a                                  cstackBANK0  0000DE
___fladd@aexp                               cstackBANK1  000112
___fladd@b                                  cstackBANK0  0000DA
___fladd@bexp                               cstackBANK1  000113
___fladd@grs                                cstackBANK1  000114
___fladd@signs                              cstackBANK1  000111
___fldiv                                    text9        00163E
___fldiv@a                                  cstackBANK0  0000D2
___fldiv@aexp                               cstackBANK1  00010C
___fldiv@b                                  cstackBANK0  0000CE
___fldiv@bexp                               cstackBANK1  00010B
___fldiv@grs                                cstackBANK1  000107
___fldiv@new_exp                            cstackBANK1  000105
___fldiv@rem                                cstackBANK1  000100
___fldiv@sign                               cstackBANK1  000104
___fltol                                    text8        002E7E
___fltol@exp1                               cstackBANK0  0000C9
___fltol@f1                                 cstackCOMRAM 00002A
___fltol@sign1                              cstackBANK0  0000C8
___inthi_sp                                 stack        000000
___intlo_sp                                 stack        000000
___param_bank                               (abs)        000000
___rparam_used                              (abs)        000001
___sp                                       stack        000000
___xxtofl                                   text7        0027F0
___xxtofl@arg                               cstackBANK0  0000CA
___xxtofl@exp                               cstackBANK0  0000C9
___xxtofl@sign                              cstackBANK0  0000C8
___xxtofl@val                               cstackCOMRAM 00002A
__accesstop                                 (abs)        000080
__activetblptr                              (abs)        000003
__end_of_Bluetooth_Send_Data_Non_Blocking   text49       003E7A
__end_of_ECU_DC_Motor_Stop                  text36       003DE8
__end_of_EUSART_Async_Init                  text5        003AE4
__end_of_EUSART_Async_Read_Data             text23       002404
__end_of_EUSART_Async_Read_Data_Blocking    text22       003870
__end_of_EUSART_Async_Transmit_Data         text50       003150
__end_of_EUSART_Rx_ISR                      text38       003E50
__end_of_EUSART_Tx_ISR                      text37       003F22
__end_of_GPIO_Pin_Direction_Initialize      text4        002AEE
__end_of_GPIO_Pin_Initialize                text3        003BF8
__end_of_GPIO_Pin_Toggle_Logic              text26       0036B4
__end_of_GPIO_Pin_Write_Logic               text21       002D56
__end_of_GPS_Service                        text14       0027F0
__end_of_INT1_ISR                           text32       003F20
__end_of_InterruptManagerHigh               intcode_body 00306C
__end_of_InterruptManagerLow                intcodelo    000276
__end_of_RB4_ISR                            text31       003F08
__end_of_RB5_ISR                            text30       003EEE
__end_of_RB6_ISR                            text29       003ED4
__end_of_RB7_ISR                            text28       003EBA
__end_of_Rx_config_interrupt                text13       0034B4
__end_of_TMR0_ISR                           text34       003C8E
__end_of_Timer0_Handler                     text35       003EA0
__end_of___fladd                            text10       00163E
__end_of___fldiv                            text9        001A6C
__end_of___fltol                            text8        002F86
__end_of___xxtofl                           text7        0029A8
__end_of__initialization                    cinit        0037F8
__end_of_application_intialize              text1        003D20
__end_of_async_Rx_config                    text12       003202
__end_of_async_Tx_config                    text11       003544
__end_of_async_config_baud_rate_gen         text6        0021F4
__end_of_calc_parity_even                   text25       00394C
__end_of_calc_parity_odd                    text24       0038DE
__end_of_lcd_4bit_initialize                text2        002C28
__end_of_lcd_4bit_send_char_data            text18       003A82
__end_of_lcd_4bit_send_char_data_pos        text42       003E24
__end_of_lcd_4bit_send_command              text17       003724
__end_of_lcd_4bit_send_string_data_pos      text15       003412
__end_of_lcd_4bits_send_enable_signal       text20       003C44
__end_of_lcd_4bits_set_courser              text16       0032B4
__end_of_lcd_send_4bits                     text19       0035C6
__end_of_main                               text0        001E34
__end_of_usart_isr                          text39       003CD8
__end_ofi2_EUSART_Async_Read_Data           text41       00260E
__end_ofi2_GPIO_Pin_Toggle_Logic            text40       003794
__end_ofi2_GPIO_Pin_Write_Logic             text48       002E7E
__end_ofi2_calc_parity_even                 text52       003A1C
__end_ofi2_calc_parity_odd                  text51       0039B4
__end_ofi2_lcd_4bit_send_char_data          text45       003BA8
__end_ofi2_lcd_4bit_send_command            text44       003B46
__end_ofi2_lcd_4bits_send_enable_signal     text47       003D68
__end_ofi2_lcd_4bits_set_courser            text43       003364
__end_ofi2_lcd_send_4bits                   text46       003640
__initialization                            cinit        003794
__mediumconst                               mediumconst  000000
__pbssBANK0                                 bssBANK0     0000E4
__pbssBANK1                                 bssBANK1     000125
__pbssCOMRAM                                bssCOMRAM    00002E
__pcinit                                    cinit        003794
__pcstackBANK0                              cstackBANK0  0000C4
__pcstackBANK1                              cstackBANK1  000100
__pcstackCOMRAM                             cstackCOMRAM 000001
__pdataBANK0                                dataBANK0    000080
__pdataCOMRAM                               dataCOMRAM   000043
__pidataBANK0                               idataBANK0   003D68
__pidataCOMRAM                              idataCOMRAM  003F08
__pintcode                                  intcode      000008
__pintcode_body                             intcode_body 002F86
__pintcodelo                                intcodelo    000018
__psmallconst                               smallconst   001000
__ptext0                                    text0        001A6C
__ptext1                                    text1        003CD8
__ptext10                                   text10       0010E0
__ptext11                                   text11       0034B4
__ptext12                                   text12       003150
__ptext13                                   text13       003412
__ptext14                                   text14       00260E
__ptext15                                   text15       003364
__ptext16                                   text16       003202
__ptext17                                   text17       0036B4
__ptext18                                   text18       003A1C
__ptext19                                   text19       003544
__ptext2                                    text2        002AEE
__ptext20                                   text20       003BF8
__ptext21                                   text21       002C28
__ptext22                                   text22       003802
__ptext23                                   text23       0021F4
__ptext24                                   text24       003870
__ptext25                                   text25       0038DE
__ptext26                                   text26       003640
__ptext28                                   text28       003EA0
__ptext29                                   text29       003EBA
__ptext3                                    text3        003BA8
__ptext30                                   text30       003ED4
__ptext31                                   text31       003EEE
__ptext32                                   text32       003F1C
__ptext34                                   text34       003C44
__ptext35                                   text35       003E7A
__ptext36                                   text36       003DAC
__ptext37                                   text37       003F20
__ptext38                                   text38       003E24
__ptext39                                   text39       003C8E
__ptext4                                    text4        0029A8
__ptext40                                   text40       003724
__ptext41                                   text41       002404
__ptext42                                   text42       003DE8
__ptext43                                   text43       0032B4
__ptext44                                   text44       003AE4
__ptext45                                   text45       003B46
__ptext46                                   text46       0035C6
__ptext47                                   text47       003D20
__ptext48                                   text48       002D56
__ptext49                                   text49       003E50
__ptext5                                    text5        003A82
__ptext50                                   text50       00306C
__ptext51                                   text51       00394C
__ptext52                                   text52       0039B4
__ptext53                                   text53       000000
__ptext6                                    text6        001E34
__ptext7                                    text7        0027F0
__ptext8                                    text8        002E7E
__ptext9                                    text9        00163E
__ramtop                                    ramtop       001000
__size_of_Bluetooth_Send_Data_Non_Blocking  (abs)        000000
__size_of_ECU_DC_Motor_Stop                 (abs)        000000
__size_of_EUSART_Async_Init                 (abs)        000000
__size_of_EUSART_Async_Read_Data            (abs)        000000
__size_of_EUSART_Async_Read_Data_Blocking   (abs)        000000
__size_of_EUSART_Async_Transmit_Data        (abs)        000000
__size_of_EUSART_Rx_ISR                     (abs)        000000
__size_of_EUSART_Tx_ISR                     (abs)        000000
__size_of_GPIO_Pin_Direction_Initialize     (abs)        000000
__size_of_GPIO_Pin_Initialize               (abs)        000000
__size_of_GPIO_Pin_Toggle_Logic             (abs)        000000
__size_of_GPIO_Pin_Write_Logic              (abs)        000000
__size_of_GPS_Service                       (abs)        000000
__size_of_INT1_ISR                          (abs)        000000
__size_of_InterruptManagerHigh              (abs)        000000
__size_of_InterruptManagerLow               (abs)        000000
__size_of_RB4_ISR                           (abs)        000000
__size_of_RB5_ISR                           (abs)        000000
__size_of_RB6_ISR                           (abs)        000000
__size_of_RB7_ISR                           (abs)        000000
__size_of_Rx_config_interrupt               (abs)        000000
__size_of_TMR0_ISR                          (abs)        000000
__size_of_Timer0_Handler                    (abs)        000000
__size_of___fladd                           (abs)        000000
__size_of___fldiv                           (abs)        000000
__size_of___fltol                           (abs)        000000
__size_of___xxtofl                          (abs)        000000
__size_of_application_intialize             (abs)        000000
__size_of_async_Rx_config                   (abs)        000000
__size_of_async_Tx_config                   (abs)        000000
__size_of_async_config_baud_rate_gen        (abs)        000000
__size_of_calc_parity_even                  (abs)        000000
__size_of_calc_parity_odd                   (abs)        000000
__size_of_lcd_4bit_initialize               (abs)        000000
__size_of_lcd_4bit_send_char_data           (abs)        000000
__size_of_lcd_4bit_send_char_data_pos       (abs)        000000
__size_of_lcd_4bit_send_command             (abs)        000000
__size_of_lcd_4bit_send_string_data_pos     (abs)        000000
__size_of_lcd_4bits_send_enable_signal      (abs)        000000
__size_of_lcd_4bits_set_courser             (abs)        000000
__size_of_lcd_send_4bits                    (abs)        000000
__size_of_main                              (abs)        000000
__size_of_usart_isr                         (abs)        000000
__size_ofi2_EUSART_Async_Read_Data          (abs)        000000
__size_ofi2_GPIO_Pin_Toggle_Logic           (abs)        000000
__size_ofi2_GPIO_Pin_Write_Logic            (abs)        000000
__size_ofi2_calc_parity_even                (abs)        000000
__size_ofi2_calc_parity_odd                 (abs)        000000
__size_ofi2_lcd_4bit_send_char_data         (abs)        000000
__size_ofi2_lcd_4bit_send_command           (abs)        000000
__size_ofi2_lcd_4bits_send_enable_signal    (abs)        000000
__size_ofi2_lcd_4bits_set_courser           (abs)        000000
__size_ofi2_lcd_send_4bits                  (abs)        000000
__smallconst                                smallconst   001000
__uart_obj                                  dataBANK0    00009E
_application_intialize                      text1        003CD8
_async_Rx_config                            text12       003150
_async_Tx_config                            text11       0034B4
_async_config_baud_rate_gen                 text6        001E34
_async_config_baud_rate_gen$4701            cstackBANK1  00011C
_blue                                       dataCOMRAM   000043
_calc_parity_even                           text25       0038DE
_calc_parity_odd                            text24       003870
_counter                                    bssCOMRAM    00003E
_datarecive                                 bssCOMRAM    000042
_datasend                                   dataCOMRAM   000045
_eusart_Rx_InterruptHandler                 bssCOMRAM    00003C
_eusart_frameerr_CallBack                   bssBANK0     0000FC
_eusart_overrunerr_CallBack                 bssBANK0     0000FE
_flags                                      dataCOMRAM   000046
_gps                                        dataCOMRAM   000044
_gpstemp                                    bssCOMRAM    000041
_i                                          bssCOMRAM    00003F
_lat_registers                              dataBANK0    00008A
_latitude                                   bssBANK1     000132
_lcd1                                       dataCOMRAM   000047
_lcd_4bit_initialize                        text2        002AEE
_lcd_4bit_send_char_data                    text18       003A1C
_lcd_4bit_send_char_data_pos                text42       003DE8
_lcd_4bit_send_command                      text17       0036B4
_lcd_4bit_send_string_data_pos              text15       003364
_lcd_4bits_send_enable_signal               text20       003BF8
_lcd_4bits_set_courser                      text16       003202
_lcd_send_4bits                             text19       003544
_longtude                                   bssBANK1     000125
_main                                       text0        001A6C
_pind1                                      dataCOMRAM   000054
_pind2                                      dataCOMRAM   000055
_port_registers                             dataBANK0    000080
_preloaded_val                              bssCOMRAM    00002E
_selector                                   dataCOMRAM   000053
_tmr0_InterruptHandler                      bssCOMRAM    000030
_tris_registers                             dataBANK0    000094
_usart_isr                                  text39       003C8E
async_Rx_config@_rx_obj                     cstackBANK0  0000C4
async_Rx_config@ret_val                     cstackCOMRAM 00002D
async_Tx_config@_tx_obj                     cstackCOMRAM 00002A
async_Tx_config@ret_val                     cstackCOMRAM 00002C
async_config_baud_rate_gen@Baudrate_temp    cstackBANK1  000118
async_config_baud_rate_gen@_eusart_obj      cstackBANK0  0000E2
async_config_baud_rate_gen@ret_val          cstackBANK1  000117
btemp                                       temp         000056
calc_parity_even@data                       cstackBANK0  0000C4
calc_parity_even@l_counter                  cstackBANK0  0000C6
calc_parity_even@number_of_ones             cstackBANK0  0000C5
calc_parity_odd@data                        cstackBANK0  0000C4
calc_parity_odd@l_counter                   cstackBANK0  0000C6
calc_parity_odd@number_of_ones              cstackBANK0  0000C5
end_of_initialization                       cinit        0037F8
i2EUSART_Async_Read_Data@_eusart_obj        cstackCOMRAM 000006
i2EUSART_Async_Read_Data@data               cstackCOMRAM 000008
i2EUSART_Async_Read_Data@l_temp_data        cstackCOMRAM 000013
i2GPIO_Pin_Toggle_Logic@_pin_config         cstackCOMRAM 000001
i2GPIO_Pin_Write_Logic@ERRORSTATUS          cstackCOMRAM 00000A
i2GPIO_Pin_Write_Logic@_pin_config          cstackCOMRAM 000001
i2GPIO_Pin_Write_Logic@logic                cstackCOMRAM 000003
i2_EUSART_Async_Read_Data                   text41       002404
i2_EUSART_Async_Read_Data$1571              cstackCOMRAM 00000D
i2_EUSART_Async_Read_Data$1572              cstackCOMRAM 00000F
i2_EUSART_Async_Read_Data$1573              cstackCOMRAM 000011
i2_GPIO_Pin_Toggle_Logic                    text40       003724
i2_GPIO_Pin_Write_Logic                     text48       002D56
i2_calc_parity_even                         text52       0039B4
i2_calc_parity_odd                          text51       00394C
i2_lcd_4bit_send_char_data                  text45       003B46
i2_lcd_4bit_send_command                    text44       003AE4
i2_lcd_4bits_send_enable_signal             text47       003D20
i2_lcd_4bits_set_courser                    text43       0032B4
i2_lcd_send_4bits                           text46       0035C6
i2calc_parity_even@data                     cstackCOMRAM 000003
i2calc_parity_even@l_counter                cstackCOMRAM 000005
i2calc_parity_even@number_of_ones           cstackCOMRAM 000004
i2calc_parity_odd@data                      cstackCOMRAM 000003
i2calc_parity_odd@l_counter                 cstackCOMRAM 000005
i2calc_parity_odd@number_of_ones            cstackCOMRAM 000004
i2lcd_4bit_send_char_data@data              cstackCOMRAM 000011
i2lcd_4bit_send_char_data@lcd               cstackCOMRAM 00000F
i2lcd_4bit_send_command@command             cstackCOMRAM 000011
i2lcd_4bit_send_command@lcd                 cstackCOMRAM 00000F
i2lcd_4bits_send_enable_signal@lcd          cstackCOMRAM 00000B
i2lcd_4bits_set_courser@colum               cstackCOMRAM 000016
i2lcd_4bits_set_courser@lcd                 cstackCOMRAM 000013
i2lcd_4bits_set_courser@row                 cstackCOMRAM 000015
i2lcd_send_4bits@data_command               cstackCOMRAM 00000D
i2lcd_send_4bits@lcd                        cstackCOMRAM 00000B
int$flags                                   temp         000056
int_func                                    intcode_body 002F86
intlevel0                                   text         000000
intlevel1                                   text         000000
intlevel2                                   text         000000
intlevel3                                   text         000000
lcd_4bit_initialize@lcd                     cstackBANK0  0000D2
lcd_4bit_initialize@pin_lcd_counter         cstackBANK0  0000D6
lcd_4bit_send_char_data@data                cstackBANK0  0000D0
lcd_4bit_send_char_data@lcd                 cstackBANK0  0000CE
lcd_4bit_send_char_data_pos@colum           cstackCOMRAM 00001D
lcd_4bit_send_char_data_pos@data            cstackCOMRAM 00001E
lcd_4bit_send_char_data_pos@lcd             cstackCOMRAM 00001A
lcd_4bit_send_char_data_pos@row             cstackCOMRAM 00001C
lcd_4bit_send_command@ERRORSTATUS           cstackBANK0  0000D1
lcd_4bit_send_command@command               cstackBANK0  0000D0
lcd_4bit_send_command@lcd                   cstackBANK0  0000CE
lcd_4bit_send_string_data_pos@colum         cstackBANK0  0000DC
lcd_4bit_send_string_data_pos@lcd           cstackBANK0  0000D9
lcd_4bit_send_string_data_pos@row           cstackBANK0  0000DB
lcd_4bit_send_string_data_pos@str           cstackBANK0  0000DD
lcd_4bits_send_enable_signal@lcd            cstackBANK0  0000CA
lcd_4bits_set_courser@colum                 cstackBANK0  0000D5
lcd_4bits_set_courser@lcd                   cstackBANK0  0000D2
lcd_4bits_set_courser@row                   cstackBANK0  0000D4
lcd_send_4bits@data_command                 cstackBANK0  0000CC
lcd_send_4bits@lcd                          cstackBANK0  0000CA
stackhi                                     (abs)        000F7F
stacklo                                     (abs)        00013F
start                                       init         000276
start_initialization                        cinit        003794
ttemp5                                      temp         000057
ttemp6                                      temp         00005A
ttemp7                                      temp         00005E
wtemp8                                      temp         000057


FUNCTION INFORMATION:

 *************** function _main *****************
 Defined at:
		line 91 in file "application.c"
 Parameters:    Size  Location     Type
		None
 Auto vars:     Size  Location     Type
		None
 Return value:  Size  Location     Type
                  2  1525[None  ] int 
 Registers used:
		wreg, fsr0l, fsr0h, fsr2l, fsr2h, status,2, status,0, tblptrl, tblptrh, tblptru, prodl, prodh, cstack
 Tracked objects:
		On entry : 
		On exit  : 
		Unchanged: 
 Data sizes:     COMRAM   BANK0   BANK1   BANK2   BANK3   BANK4   BANK5   BANK6   BANK7   BANK8   BANK9  BANK10  BANK11  BANK12  BANK13  BANK14  BANK15
      Params:         0       0       0       0       0       0       0       0       0       0       0       0       0       0       0       0       0
      Locals:         0       0       0       0       0       0       0       0       0       0       0       0       0       0       0       0       0
      Temps:          0       0       2       0       0       0       0       0       0       0       0       0       0       0       0       0       0
      Totals:         0       0       2       0       0       0       0       0       0       0       0       0       0       0       0       0       0
Total ram usage:        2 bytes
 Hardware stack levels required when called:   16
 This function calls:
		_GPIO_Pin_Toggle_Logic
		_GPS_Service
		_application_intialize
		_lcd_4bit_send_string_data_pos
 This function is called by:
		Startup code after reset
 This function uses a non-reentrant model


 *************** function _application_intialize *****************
 Defined at:
		line 180 in file "application.c"
 Parameters:    Size  Location     Type
		None
 Auto vars:     Size  Location     Type
		None
 Return value:  Size  Location     Type
                  1    wreg      void 
 Registers used:
		wreg, fsr2l, fsr2h, status,2, status,0, prodl, prodh, cstack
 Tracked objects:
		On entry : 
		On exit  : 
		Unchanged: 
 Data sizes:     COMRAM   BANK0   BANK1   BANK2   BANK3   BANK4   BANK5   BANK6   BANK7   BANK8   BANK9  BANK10  BANK11  BANK12  BANK13  BANK14  BANK15
      Params:         0       0       0       0       0       0       0       0       0       0       0       0       0       0       0       0       0
      Locals:         0       0       0       0       0       0       0       0       0       0       0       0       0       0       0       0       0
      Temps:          0       0       0       0       0       0       0       0       0       0       0       0       0       0       0       0       0
      Totals:         0       0       0       0       0       0       0       0       0       0       0       0       0       0       0       0       0
Total ram usage:        0 bytes
 Hardware stack levels used:    1
 Hardware stack levels required when called:   14
 This function calls:
		_EUSART_Async_Init
		_GPIO_Pin_Initialize
		_lcd_4bit_initialize
 This function is called by:
		_main
 This function uses a non-reentrant model


 *************** function _lcd_4bit_initialize *****************
 Defined at:
		line 21 in file "ECU/LCD_for_test_gps/ecu_char_lcd.c"
 Parameters:    Size  Location     Type
  lcd             2   14[BANK0 ] PTR const struct .
		 -> lcd1(6), 
 Auto vars:     Size  Location     Type
  pin_lcd_coun    1   18[BANK0 ] unsigned char 
  ERRORSTATUS     1    0        unsigned char 
 Return value:  Size  Location     Type
                  1    wreg      unsigned char 
 Registers used:
		wreg, fsr2l, fsr2h, status,2, status,0, prodl, prodh, cstack
 Tracked objects:
		On entry : 
		On exit  : 
		Unchanged: 
 Data sizes:     COMRAM   BANK0   BANK1   BANK2   BANK3   BANK4   BANK5   BANK6   BANK7   BANK8   BANK9  BANK10  BANK11  BANK12  BANK13  BANK14  BANK15
      Params:         0       2       0       0       0       0       0       0       0       0       0       0       0       0       0       0       0
      Locals:         0       2       0       0       0       0       0       0       0       0       0       0       0       0       0       0       0
      Temps:          0       2       0       0       0       0       0       0       0       0       0       0       0       0       0       0       0
      Totals:         0       6       0       0       0       0       0       0       0       0       0       0       0       0       0       0       0
Total ram usage:        6 bytes
 Hardware stack levels used:    1
 Hardware stack levels required when called:   13
 This function calls:
		_GPIO_Pin_Initialize
		_lcd_4bit_send_command
 This function is called by:
		_application_intialize
 This function uses a non-reentrant model


 *************** function _GPIO_Pin_Initialize *****************
 Defined at:
		line 158 in file "MCAL/GPIO/hal_gpio.c"
 Parameters:    Size  Location     Type
  _pin_config     2    6[BANK0 ] PTR const struct .
		 -> selector(1), pind2(1), pind1(1), lcd1.lcd_data_pins(4), 
		 -> lcd1(6), CCP2_Obj(10), CCP1_Obj(10), W4_Motor_Control.dc_motor(2), 
		 -> W4_Motor_Control(2), W3_Motor_Control.dc_motor(2), W3_Motor_Control(2), W1_W5_W2_W6_Motor_Control.dc_motor(2), 
		 -> W1_W5_W2_W6_Motor_Control(2), 
 Auto vars:     Size  Location     Type
  ERRORSTATUS     1    8[BANK0 ] unsigned char 
 Return value:  Size  Location     Type
                  1    wreg      unsigned char 
 Registers used:
		wreg, fsr2l, fsr2h, status,2, status,0, prodl, prodh, cstack
 Tracked objects:
		On entry : 
		On exit  : 
		Unchanged: 
 Data sizes:     COMRAM   BANK0   BANK1   BANK2   BANK3   BANK4   BANK5   BANK6   BANK7   BANK8   BANK9  BANK10  BANK11  BANK12  BANK13  BANK14  BANK15
      Params:         0       2       0       0       0       0       0       0       0       0       0       0       0       0       0       0       0
      Locals:         0       1       0       0       0       0       0       0       0       0       0       0       0       0       0       0       0
      Temps:          0       0       0       0       0       0       0       0       0       0       0       0       0       0       0       0       0
      Totals:         0       3       0       0       0       0       0       0       0       0       0       0       0       0       0       0       0
Total ram usage:        3 bytes
 Hardware stack levels used:    1
 Hardware stack levels required when called:   11
 This function calls:
		_GPIO_Pin_Direction_Initialize
		_GPIO_Pin_Write_Logic
 This function is called by:
		_lcd_4bit_initialize
		_application_intialize
		_lcd_8bit_initialize
		_CCP_Init
		_ECU_DC_Motor_Init
 This function uses a non-reentrant model


 *************** function _GPIO_Pin_Direction_Initialize *****************
 Defined at:
		line 25 in file "MCAL/GPIO/hal_gpio.c"
 Parameters:    Size  Location     Type
  _pin_config     2   41[COMRAM] PTR const struct .
		 -> selector(1), pind2(1), pind1(1), lcd1.lcd_data_pins(4), 
		 -> lcd1(6), CCP2_Obj(10), CCP1_Obj(10), W4_Motor_Control.dc_motor(2), 
		 -> W4_Motor_Control(2), W3_Motor_Control.dc_motor(2), W3_Motor_Control(2), W1_W5_W2_W6_Motor_Control.dc_motor(2), 
		 -> W1_W5_W2_W6_Motor_Control(2), 
 Auto vars:     Size  Location     Type
  ERRORSTATUS     1   43[COMRAM] unsigned char 
 Return value:  Size  Location     Type
                  1    wreg      unsigned char 
 Registers used:
		wreg, fsr2l, fsr2h, status,2, status,0, prodl, prodh
 Tracked objects:
		On entry : 
		On exit  : 
		Unchanged: 
 Data sizes:     COMRAM   BANK0   BANK1   BANK2   BANK3   BANK4   BANK5   BANK6   BANK7   BANK8   BANK9  BANK10  BANK11  BANK12  BANK13  BANK14  BANK15
      Params:         2       0       0       0       0       0       0       0       0       0       0       0       0       0       0       0       0
      Locals:         1       0       0       0       0       0       0       0       0       0       0       0       0       0       0       0       0
      Temps:          0       6       0       0       0       0       0       0       0       0       0       0       0       0       0       0       0
      Totals:         3       6       0       0       0       0       0       0       0       0       0       0       0       0       0       0       0
Total ram usage:        9 bytes
 Hardware stack levels used:    1
 Hardware stack levels required when called:   10
 This function calls:
		Nothing
 This function is called by:
		_GPIO_Pin_Initialize
		_interrupt_RBx_pin_init
 This function uses a non-reentrant model


 *************** function _EUSART_Async_Init *****************
 Defined at:
		line 42 in file "MCAL/EUSART/mcal_EUSART.c"
 Parameters:    Size  Location     Type
  _eusart_obj     2   32[BANK1 ] PTR const struct .
		 -> _uart_obj(12), 
 Auto vars:     Size  Location     Type
  ret_val         1   34[BANK1 ] unsigned char 
 Return value:  Size  Location     Type
                  1    wreg      unsigned char 
 Registers used:
		wreg, fsr2l, fsr2h, status,2, status,0, cstack
 Tracked objects:
		On entry : 
		On exit  : 
		Unchanged: 
 Data sizes:     COMRAM   BANK0   BANK1   BANK2   BANK3   BANK4   BANK5   BANK6   BANK7   BANK8   BANK9  BANK10  BANK11  BANK12  BANK13  BANK14  BANK15
      Params:         0       0       2       0       0       0       0       0       0       0       0       0       0       0       0       0       0
      Locals:         0       0       1       0       0       0       0       0       0       0       0       0       0       0       0       0       0
      Temps:          0       0       0       0       0       0       0       0       0       0       0       0       0       0       0       0       0
      Totals:         0       0       3       0       0       0       0       0       0       0       0       0       0       0       0       0       0
Total ram usage:        3 bytes
 Hardware stack levels used:    1
 Hardware stack levels required when called:   12
 This function calls:
		_async_Rx_config
		_async_Tx_config
		_async_config_baud_rate_gen
 This function is called by:
		_application_intialize
		_Bluetooth_Init
 This function uses a non-reentrant model


 *************** function _async_config_baud_rate_gen *****************
 Defined at:
		line 564 in file "MCAL/EUSART/mcal_EUSART.c"
 Parameters:    Size  Location     Type
  _eusart_obj     2   30[BANK0 ] PTR const struct .
		 -> _uart_obj(12), 
 Auto vars:     Size  Location     Type
  Baudrate_tem    4   24[BANK1 ] float 
  ret_val         1   23[BANK1 ] unsigned char 
 Return value:  Size  Location     Type
                  1    wreg      unsigned char 
 Registers used:
		wreg, fsr2l, fsr2h, status,2, status,0, cstack
 Tracked objects:
		On entry : 
		On exit  : 
		Unchanged: 
 Data sizes:     COMRAM   BANK0   BANK1   BANK2   BANK3   BANK4   BANK5   BANK6   BANK7   BANK8   BANK9  BANK10  BANK11  BANK12  BANK13  BANK14  BANK15
      Params:         0       2       0       0       0       0       0       0       0       0       0       0       0       0       0       0       0
      Locals:         0       0       9       0       0       0       0       0       0       0       0       0       0       0       0       0       0
      Temps:          0       0       2       0       0       0       0       0       0       0       0       0       0       0       0       0       0
      Totals:         0       2      11       0       0       0       0       0       0       0       0       0       0       0       0       0       0
Total ram usage:       13 bytes
 Hardware stack levels used:    1
 Hardware stack levels required when called:   11
 This function calls:
		___fladd
		___fldiv
		___fltol
		___xxtofl
 This function is called by:
		_EUSART_Async_Init
 This function uses a non-reentrant model


 *************** function ___xxtofl *****************
 Defined at:
		line 10 in file "C:\Program Files\Microchip\xc8\v2.30\pic\sources\c99\common\xxtofl.c"
 Parameters:    Size  Location     Type
  sign            1    wreg     unsigned char 
  val             4   41[COMRAM] long 
 Auto vars:     Size  Location     Type
  sign            1    4[BANK0 ] unsigned char 
  arg             4    6[BANK0 ] unsigned long 
  exp             1    5[BANK0 ] unsigned char 
 Return value:  Size  Location     Type
                  4   41[COMRAM] unsigned char 
 Registers used:
		wreg, status,2, status,0
 Tracked objects:
		On entry : 
		On exit  : 
		Unchanged: 
 Data sizes:     COMRAM   BANK0   BANK1   BANK2   BANK3   BANK4   BANK5   BANK6   BANK7   BANK8   BANK9  BANK10  BANK11  BANK12  BANK13  BANK14  BANK15
      Params:         4       0       0       0       0       0       0       0       0       0       0       0       0       0       0       0       0
      Locals:         0       6       0       0       0       0       0       0       0       0       0       0       0       0       0       0       0
      Temps:          0       4       0       0       0       0       0       0       0       0       0       0       0       0       0       0       0
      Totals:         4      10       0       0       0       0       0       0       0       0       0       0       0       0       0       0       0
Total ram usage:       14 bytes
 Hardware stack levels used:    1
 Hardware stack levels required when called:   10
 This function calls:
		Nothing
 This function is called by:
		_async_config_baud_rate_gen
		_Servo_SetAngle
		_CCP_PWM_Set_Duty
		_CCP_PWM_Mode_Config
		_I2C_Master_Mode_Clock_Configurations
 This function uses a non-reentrant model


 *************** function ___fltol *****************
 Defined at:
		line 43 in file "C:\Program Files\Microchip\xc8\v2.30\pic\sources\c99\common\fltol.c"
 Parameters:    Size  Location     Type
  f1              4   41[COMRAM] unsigned char 
 Auto vars:     Size  Location     Type
  exp1            1    5[BANK0 ] unsigned char 
  sign1           1    4[BANK0 ] unsigned char 
 Return value:  Size  Location     Type
                  4   41[COMRAM] long 
 Registers used:
		wreg, status,2, status,0
 Tracked objects:
		On entry : 
		On exit  : 
		Unchanged: 
 Data sizes:     COMRAM   BANK0   BANK1   BANK2   BANK3   BANK4   BANK5   BANK6   BANK7   BANK8   BANK9  BANK10  BANK11  BANK12  BANK13  BANK14  BANK15
      Params:         4       0       0       0       0       0       0       0       0       0       0       0       0       0       0       0       0
      Locals:         0       2       0       0       0       0       0       0       0       0       0       0       0       0       0       0       0
      Temps:          0       4       0       0       0       0       0       0       0       0       0       0       0       0       0       0       0
[...]
      Totals:         7       0       0       0       0       0       0       0       0       0       0       0       0       0       0       0       0
Total ram usage:        7 bytes
 Hardware stack levels used:    1
 Hardware stack levels required when called:    3
 This function calls:
		i2_lcd_4bit_send_command
 This function is called by:
		_lcd_4bit_send_char_data_pos
 This function uses a non-reentrant model


 *************** function i2_lcd_4bit_send_command *****************
 Defined at:
		line 65 in file "ECU/LCD_for_test_gps/ecu_char_lcd.c"
 Parameters:    Size  Location     Type
  lcd             2   14[COMRAM] PTR const struct .
		 -> lcd1(6), 
  command         1   16[COMRAM] unsigned char 
 Auto vars:     Size  Location     Type
  ERRORSTATUS     1    0        unsigned char 
 Return value:  Size  Location     Type
                  1    wreg      unsigned char 
 Registers used:
		wreg, fsr2l, fsr2h, status,2, status,0, prodl, prodh, cstack
 Tracked objects:
		On entry : 
		On exit  : 
		Unchanged: 
 Data sizes:     COMRAM   BANK0   BANK1   BANK2   BANK3   BANK4   BANK5   BANK6   BANK7   BANK8   BANK9  BANK10  BANK11  BANK12  BANK13  BANK14  BANK15
      Params:         3       0       0       0       0       0       0       0       0       0       0       0       0       0       0       0       0
      Locals:         1       0       0       0       0       0       0       0       0       0       0       0       0       0       0       0       0
      Temps:          0       0       0       0       0       0       0       0       0       0       0       0       0       0       0       0       0
      Totals:         4       0       0       0       0       0       0       0       0       0       0       0       0       0       0       0       0
Total ram usage:        4 bytes
 Hardware stack levels used:    1
 Hardware stack levels required when called:    2
 This function calls:
		i2_GPIO_Pin_Write_Logic
		i2_lcd_4bits_send_enable_signal
		i2_lcd_send_4bits
 This function is called by:
		i2_lcd_4bits_set_courser
 This function uses a non-reentrant model


 *************** function i2_lcd_4bit_send_char_data *****************
 Defined at:
		line 90 in file "ECU/LCD_for_test_gps/ecu_char_lcd.c"
 Parameters:    Size  Location     Type
  lcd             2   14[COMRAM] PTR const struct .
		 -> lcd1(6), 
  data            1   16[COMRAM] unsigned char 
 Auto vars:     Size  Location     Type
  ERRORSTATUS     1    0        unsigned char 
 Return value:  Size  Location     Type
                  1    wreg      unsigned char 
 Registers used:
		wreg, fsr2l, fsr2h, status,2, status,0, prodl, prodh, cstack
 Tracked objects:
		On entry : 
		On exit  : 
		Unchanged: 
 Data sizes:     COMRAM   BANK0   BANK1   BANK2   BANK3   BANK4   BANK5   BANK6   BANK7   BANK8   BANK9  BANK10  BANK11  BANK12  BANK13  BANK14  BANK15
      Params:         3       0       0       0       0       0       0       0       0       0       0       0       0       0       0       0       0
      Locals:         1       0       0       0       0       0       0       0       0       0       0       0       0       0       0       0       0
      Temps:          0       0       0       0       0       0       0       0       0       0       0       0       0       0       0       0       0
      Totals:         4       0       0       0       0       0       0       0       0       0       0       0       0       0       0       0       0
Total ram usage:        4 bytes
 Hardware stack levels used:    1
 Hardware stack levels required when called:    2
 This function calls:
		i2_GPIO_Pin_Write_Logic
		i2_lcd_4bits_send_enable_signal
		i2_lcd_send_4bits
 This function is called by:
		_lcd_4bit_send_char_data_pos
 This function uses a non-reentrant model


 *************** function i2_lcd_send_4bits *****************
 Defined at:
		line 505 in file "ECU/LCD_for_test_gps/ecu_char_lcd.c"
 Parameters:    Size  Location     Type
  lcd             2   10[COMRAM] PTR const struct .
		 -> lcd1(6), 
  data_command    1   12[COMRAM] unsigned char 
 Auto vars:     Size  Location     Type
  ERRORSTATUS     1    0        unsigned char 
 Return value:  Size  Location     Type
                  1    wreg      unsigned char 
 Registers used:
		wreg, fsr2l, fsr2h, status,2, status,0, prodl, prodh, cstack
 Tracked objects:
		On entry : 
		On exit  : 
		Unchanged: 
 Data sizes:     COMRAM   BANK0   BANK1   BANK2   BANK3   BANK4   BANK5   BANK6   BANK7   BANK8   BANK9  BANK10  BANK11  BANK12  BANK13  BANK14  BANK15
      Params:         3       0       0       0       0       0       0       0       0       0       0       0       0       0       0       0       0
      Locals:         1       0       0       0       0       0       0       0       0       0       0       0       0       0       0       0       0
      Temps:          0       0       0       0       0       0       0       0       0       0       0       0       0       0       0       0       0
      Totals:         4       0       0       0       0       0       0       0       0       0       0       0       0       0       0       0       0
Total ram usage:        4 bytes
 Hardware stack levels used:    1
 Hardware stack levels required when called:    1
 This function calls:
		i2_GPIO_Pin_Write_Logic
 This function is called by:
		i2_lcd_4bit_send_command
		i2_lcd_4bit_send_char_data
 This function uses a non-reentrant model


 *************** function i2_lcd_4bits_send_enable_signal *****************
 Defined at:
		line 488 in file "ECU/LCD_for_test_gps/ecu_char_lcd.c"
 Parameters:    Size  Location     Type
  lcd             2   10[COMRAM] PTR const struct .
		 -> lcd1(6), 
 Auto vars:     Size  Location     Type
  ERRORSTATUS     1    0        unsigned char 
 Return value:  Size  Location     Type
                  1    wreg      unsigned char 
 Registers used:
		wreg, fsr2l, fsr2h, status,2, status,0, prodl, prodh, cstack
 Tracked objects:
		On entry : 
		On exit  : 
		Unchanged: 
 Data sizes:     COMRAM   BANK0   BANK1   BANK2   BANK3   BANK4   BANK5   BANK6   BANK7   BANK8   BANK9  BANK10  BANK11  BANK12  BANK13  BANK14  BANK15
      Params:         2       0       0       0       0       0       0       0       0       0       0       0       0       0       0       0       0
      Locals:         1       0       0       0       0       0       0       0       0       0       0       0       0       0       0       0       0
      Temps:          0       0       0       0       0       0       0       0       0       0       0       0       0       0       0       0       0
      Totals:         3       0       0       0       0       0       0       0       0       0       0       0       0       0       0       0       0
Total ram usage:        3 bytes
 Hardware stack levels used:    1
 Hardware stack levels required when called:    1
 This function calls:
		i2_GPIO_Pin_Write_Logic
 This function is called by:
		i2_lcd_4bit_send_command
		i2_lcd_4bit_send_char_data
 This function uses a non-reentrant model


 *************** function i2_GPIO_Pin_Write_Logic *****************
 Defined at:
		line 82 in file "MCAL/GPIO/hal_gpio.c"
 Parameters:    Size  Location     Type
  _pin_config     2    0[COMRAM] PTR const struct .
		 -> selector(1), pind2(1), pind1(1), lcd1.lcd_data_pins(4), 
		 -> lcd1(6), CCP2_Obj(10), CCP1_Obj(10), W4_Motor_Control.dc_motor(2), 
		 -> W4_Motor_Control(2), W3_Motor_Control.dc_motor(2), W3_Motor_Control(2), W1_W5_W2_W6_Motor_Control.dc_motor(2), 
		 -> W1_W5_W2_W6_Motor_Control(2), 
  logic           1    2[COMRAM] enum E2958
 Auto vars:     Size  Location     Type
  ERRORSTATUS     1    9[COMRAM] unsigned char 
 Return value:  Size  Location     Type
                  1    wreg      unsigned char 
 Registers used:
		wreg, fsr2l, fsr2h, status,2, status,0, prodl, prodh
 Tracked objects:
		On entry : 
		On exit  : 
		Unchanged: 
 Data sizes:     COMRAM   BANK0   BANK1   BANK2   BANK3   BANK4   BANK5   BANK6   BANK7   BANK8   BANK9  BANK10  BANK11  BANK12  BANK13  BANK14  BANK15
      Params:         3       0       0       0       0       0       0       0       0       0       0       0       0       0       0       0       0
      Locals:         1       0       0       0       0       0       0       0       0       0       0       0       0       0       0       0       0
      Temps:          6       0       0       0       0       0       0       0       0       0       0       0       0       0       0       0       0
      Totals:        10       0       0       0       0       0       0       0       0       0       0       0       0       0       0       0       0
Total ram usage:       10 bytes
 Hardware stack levels used:    1
 This function calls:
		Nothing
 This function is called by:
		_ECU_DC_Motor_Stop
		i2_lcd_4bit_send_command
		i2_lcd_4bit_send_char_data
		i2_lcd_4bits_send_enable_signal
		i2_lcd_send_4bits
 This function uses a non-reentrant model


 *************** function _Bluetooth_Send_Data_Non_Blocking *****************
 Defined at:
		line 71 in file "ECU/Bluetooth/Bluetooth.c"
 Parameters:    Size  Location     Type
  _uart_obj       2   12[COMRAM] PTR const struct .
		 -> _uart_obj(12), 
  data            1   14[COMRAM] unsigned char 
 Auto vars:     Size  Location     Type
  ret_val         1    0        unsigned char 
 Return value:  Size  Location     Type
                  1    wreg      unsigned char 
 Registers used:
		wreg, fsr2l, fsr2h, status,2, status,0, cstack
 Tracked objects:
		On entry : 
		On exit  : 
		Unchanged: 
 Data sizes:     COMRAM   BANK0   BANK1   BANK2   BANK3   BANK4   BANK5   BANK6   BANK7   BANK8   BANK9  BANK10  BANK11  BANK12  BANK13  BANK14  BANK15
      Params:         3       0       0       0       0       0       0       0       0       0       0       0       0       0       0       0       0
      Locals:         1       0       0       0       0       0       0       0       0       0       0       0       0       0       0       0       0
      Temps:          0       0       0       0       0       0       0       0       0       0       0       0       0       0       0       0       0
      Totals:         4       0       0       0       0       0       0       0       0       0       0       0       0       0       0       0       0
Total ram usage:        4 bytes
 Hardware stack levels used:    1
 Hardware stack levels required when called:    2
 This function calls:
		_EUSART_Async_Transmit_Data
 This function is called by:
		_usart_isr
 This function uses a non-reentrant model


 *************** function _EUSART_Async_Transmit_Data *****************
 Defined at:
		line 124 in file "MCAL/EUSART/mcal_EUSART.c"
 Parameters:    Size  Location     Type
  _eusart_obj     2    5[COMRAM] PTR const struct .
		 -> _uart_obj(12), 
  data            2    7[COMRAM] unsigned short 
 Auto vars:     Size  Location     Type
  ret_val         1    0        unsigned char 
 Return value:  Size  Location     Type
                  1    wreg      unsigned char 
 Registers used:
		wreg, fsr2l, fsr2h, status,2, status,0, cstack
 Tracked objects:
		On entry : 
		On exit  : 
		Unchanged: 
 Data sizes:     COMRAM   BANK0   BANK1   BANK2   BANK3   BANK4   BANK5   BANK6   BANK7   BANK8   BANK9  BANK10  BANK11  BANK12  BANK13  BANK14  BANK15
      Params:         4       0       0       0       0       0       0       0       0       0       0       0       0       0       0       0       0
      Locals:         1       0       0       0       0       0       0       0       0       0       0       0       0       0       0       0       0
      Temps:          2       0       0       0       0       0       0       0       0       0       0       0       0       0       0       0       0
      Totals:         7       0       0       0       0       0       0       0       0       0       0       0       0       0       0       0       0
Total ram usage:        7 bytes
 Hardware stack levels used:    1
 Hardware stack levels required when called:    1
 This function calls:
		i2_calc_parity_even
		i2_calc_parity_odd
 This function is called by:
		_Bluetooth_Send_Data_Non_Blocking
		_EUSART_Async_Transmit_Data_Blocking
 This function uses a non-reentrant model


 *************** function i2_calc_parity_odd *****************
 Defined at:
		line 612 in file "MCAL/EUSART/mcal_EUSART.c"
 Parameters:    Size  Location     Type
  data            1    wreg     unsigned char 
 Auto vars:     Size  Location     Type
  data            1    2[COMRAM] unsigned char 
  l_counter       1    4[COMRAM] unsigned char 
  number_of_on    1    3[COMRAM] unsigned char 
 Return value:  Size  Location     Type
                  1    wreg      unsigned char 
 Registers used:
		wreg, status,2, status,0
 Tracked objects:
		On entry : 
		On exit  : 
		Unchanged: 
 Data sizes:     COMRAM   BANK0   BANK1   BANK2   BANK3   BANK4   BANK5   BANK6   BANK7   BANK8   BANK9  BANK10  BANK11  BANK12  BANK13  BANK14  BANK15
      Params:         0       0       0       0       0       0       0       0       0       0       0       0       0       0       0       0       0
      Locals:         3       0       0       0       0       0       0       0       0       0       0       0       0       0       0       0       0
      Temps:          2       0       0       0       0       0       0       0       0       0       0       0       0       0       0       0       0
      Totals:         5       0       0       0       0       0       0       0       0       0       0       0       0       0       0       0       0
Total ram usage:        5 bytes
 Hardware stack levels used:    1
 This function calls:
		Nothing
 This function is called by:
		_EUSART_Async_Transmit_Data
		i2_EUSART_Async_Read_Data
 This function uses a non-reentrant model


 *************** function i2_calc_parity_even *****************
 Defined at:
		line 650 in file "MCAL/EUSART/mcal_EUSART.c"
 Parameters:    Size  Location     Type
  data            1    wreg     unsigned char 
 Auto vars:     Size  Location     Type
  data            1    2[COMRAM] unsigned char 
  l_counter       1    4[COMRAM] unsigned char 
  number_of_on    1    3[COMRAM] unsigned char 
 Return value:  Size  Location     Type
                  1    wreg      unsigned char 
 Registers used:
		wreg, status,2, status,0
 Tracked objects:
		On entry : 
		On exit  : 
		Unchanged: 
 Data sizes:     COMRAM   BANK0   BANK1   BANK2   BANK3   BANK4   BANK5   BANK6   BANK7   BANK8   BANK9  BANK10  BANK11  BANK12  BANK13  BANK14  BANK15
      Params:         0       0       0       0       0       0       0       0       0       0       0       0       0       0       0       0       0
      Locals:         3       0       0       0       0       0       0       0       0       0       0       0       0       0       0       0       0
      Temps:          2       0       0       0       0       0       0       0       0       0       0       0       0       0       0       0       0
      Totals:         5       0       0       0       0       0       0       0       0       0       0       0       0       0       0       0       0
Total ram usage:        5 bytes
 Hardware stack levels used:    1
 This function calls:
		Nothing
 This function is called by:
		_EUSART_Async_Transmit_Data
		i2_EUSART_Async_Read_Data
 This function uses a non-reentrant model



MODULE INFORMATION

Module		Function		Class		Link	Load	Size
C:\Program Files\Microchip\xc8\v2.30\pic\sources\c99\common\sprcdiv.c
		___fldiv       		CODE           	163E	0000	1070

C:\Program Files\Microchip\xc8\v2.30\pic\sources\c99\common\sprcdiv.c estimated size: 1070

MCAL/Interrupts/mcal_external_interrupt.c
		_RB4_ISR       		CODE           	3EEE	0000	26
		_RB5_ISR       		CODE           	3ED4	0000	26
		_RB6_ISR       		CODE           	3EBA	0000	26
		_RB7_ISR       		CODE           	3EA0	0000	26
		_INT1_ISR      		CODE           	3F1C	0000	4

MCAL/Interrupts/mcal_external_interrupt.c estimated size: 108

MCAL/Timer0/hal_timer0.c
		_TMR0_ISR      		CODE           	3C44	0000	74

MCAL/Timer0/hal_timer0.c estimated size: 74

C:\Program Files\Microchip\xc8\v2.30\pic\sources\c99\common\sprcadd.c
		___fladd       		CODE           	10E0	0000	1374

C:\Program Files\Microchip\xc8\v2.30\pic\sources\c99\common\sprcadd.c estimated size: 1374

ECU/DC_Motor/ecu_dc_motor.c
		_ECU_DC_Motor_Stop		CODE           	3DAC	0000	60

ECU/DC_Motor/ecu_dc_motor.c estimated size: 60

C:\Program Files\Microchip\xc8\v2.30\pic\sources\c99\common\fltol.c
		___fltol       		CODE           	2E7E	0000	264

C:\Program Files\Microchip\xc8\v2.30\pic\sources\c99\common\fltol.c estimated size: 264

MCAL/GPIO/hal_gpio.c
		_GPIO_Pin_Toggle_Logic		CODE           	3640	0000	116
		_GPIO_Pin_Direction_Initialize		CODE           	29A8	0000	326
		_GPIO_Pin_Initialize		CODE           	3BA8	0000	80
		_GPIO_Pin_Write_Logic		CODE           	2C28	0000	302

MCAL/GPIO/hal_gpio.c estimated size: 824

MCAL/Interrupts/mcal_interrupt_manager.c
		_InterruptManagerLow		CODE           	0018	0000	606
		_InterruptManagerHigh		CODE           	0008	0000	236

MCAL/Interrupts/mcal_interrupt_manager.c estimated size: 842

C:\Program Files\Microchip\xc8\v2.30\pic\sources\c99\common\xxtofl.c
		___xxtofl      		CODE           	27F0	0000	440

C:\Program Files\Microchip\xc8\v2.30\pic\sources\c99\common\xxtofl.c estimated size: 440

shared
		i2_lcd_send_4bits		CODE           	35C6	0000	122
		i2_GPIO_Pin_Write_Logic		CODE           	2D56	0000	296
		i2_lcd_4bit_send_char_data		CODE           	3B46	0000	98
		i2_lcd_4bit_send_command		CODE           	3AE4	0000	98
		i2_calc_parity_odd		CODE           	394C	0000	104
		__initialization		CODE           	3794	0000	100
		i2_EUSART_Async_Read_Data		CODE           	2404	0000	522
		i2_lcd_4bits_send_enable_signal		CODE           	3D20	0000	72
		i2_GPIO_Pin_Toggle_Logic		CODE           	3724	0000	112
		i2_lcd_4bits_set_courser		CODE           	32B4	0000	176
		i2_calc_parity_even		CODE           	39B4	0000	104

shared estimated size: 1804

Robot/Navigation/robot_navigation.c
		_Timer0_Handler		CODE           	3E7A	0000	38

Robot/Navigation/robot_navigation.c estimated size: 38

ECU/LCD_for_test_gps/ecu_char_lcd.c
		_lcd_4bit_send_command		CODE           	36B4	0000	112
		_lcd_4bit_send_char_data		CODE           	3A1C	0000	102
		_lcd_send_4bits		CODE           	3544	0000	130
		_lcd_4bit_send_char_data_pos		CODE           	3DE8	0000	60
		_lcd_4bit_send_string_data_pos		CODE           	3364	0000	174
		_lcd_4bits_send_enable_signal		CODE           	3BF8	0000	76
		_lcd_4bits_set_courser		CODE           	3202	0000	178
		_lcd_4bit_initialize		CODE           	2AEE	0000	314

ECU/LCD_for_test_gps/ecu_char_lcd.c estimated size: 1146

MCAL/EUSART/mcal_EUSART.c
		_EUSART_Async_Transmit_Data		CODE           	306C	0000	228
		_Rx_config_interrupt		CODE           	3412	0000	162
		_calc_parity_even		CODE           	38DE	0000	110
		_EUSART_Rx_ISR 		CODE           	3E24	0000	44
		_EUSART_Tx_ISR 		CODE           	3F20	0000	2
		_async_Tx_config		CODE           	34B4	0000	144
		_EUSART_Async_Init		CODE           	3A82	0000	98
		_calc_parity_odd		CODE           	3870	0000	110
		_async_config_baud_rate_gen		CODE           	1E34	0000	960
		_EUSART_Async_Read_Data_Blocking		CODE           	3802	0000	110
		_EUSART_Async_Read_Data		CODE           	21F4	0000	528
		_async_Rx_config		CODE           	3150	0000	178

MCAL/EUSART/mcal_EUSART.c estimated size: 2674

application.c
		_main          		CODE           	1A6C	0000	968
		_application_intialize		CODE           	3CD8	0000	72
		_usart_isr     		CODE           	3C8E	0000	74
		_GPS_Service   		CODE           	260E	0000	482

application.c estimated size: 1596

ECU/Bluetooth/Bluetooth.c
		_Bluetooth_Send_Data_Non_Blocking		CODE           	3E50	0000	42

ECU/Bluetooth/Bluetooth.c estimated size: 42

