Microchip MPLAB XC8 Compiler V2.30

Linker command line:

-W-3 --edf=C:\Program Files\Microchip\xc8\v2.30\pic\dat\en_msgs.txt -cn \
  -h+dist/default/production\graduation_project.production.sym \
  --cmf=dist/default/production\graduation_project.production.cmf -z \
  -Q18F4620 -oC:\Users\ahmed radwan\AppData\Local\Temp\slasx2 \
  --defsym=__MPLAB_BUILD=1 \
  -Mdist/default/production/graduation_project.production.map -E1 \
  -ver=XC8 Compiler --acfsm=1493 -ASTACK=0DFh-0F7Fh -pstack=STACK \
  -ACODE=00h-0FFFFh -ACONST=00h-0FFFFh -ASMALLCONST=01000h-010FFhx240 \
  -AMEDIUMCONST=01000h-0FFFFh -ACOMRAM=01h-07Fh -AABS1=00h-0F7Fh \
  -ABIGRAM=01h-0F7Fh -ARAM=080h-0FFh,0100h-01FFhx14,0F00h-0F7Fh \
  -ABANK0=080h-0FFh -ABANK1=0100h-01FFh -ABANK2=0200h-02FFh \
  -ABANK3=0300h-03FFh -ABANK4=0400h-04FFh -ABANK5=0500h-05FFh \
  -ABANK6=0600h-06FFh -ABANK7=0700h-07FFh -ABANK8=0800h-08FFh \
  -ABANK9=0900h-09FFh -ABANK10=0A00h-0AFFh -ABANK11=0B00h-0BFFh \
  -ABANK12=0C00h-0CFFh -ABANK13=0D00h-0DFFh -ABANK14=0E00h-0EFFh \
  -ABANK15=0F00h-0F7Fh -ASFR=0F80h-0FFFh -ACONFIG=0300000h-030000Dh \
  -AIDLOC=0200000h-0200007h -AEEDATA=0F00000h-0F003FFh -peeprom_data=EEDATA \
  -preset_vec=00h,intcode=08h,intcodelo=018h,powerup,init -pramtop=01000h \
  -psmallconst=SMALLCONST -pmediumconst=MEDIUMCONST -pconst=CONST \
  -AFARRAM=00h-00h \
  -prdata=COMRAM,nvrram=COMRAM,nvbit=COMRAM,rbss=COMRAM,rbit=COMRAM \
  -pfarbss=FARRAM,fardata=FARRAM,nvFARRAM=FARRAM \
  -pintsave_regs=BIGRAM,bigbss=BIGRAM,bigdata=BIGRAM -pbss=RAM \
  -pidata=CODE,irdata=CODE,ibigdata=CODE,ifardata=CODE -prparam=COMRAM \
  C:\Users\ahmed radwan\AppData\Local\Temp\slasx8.o \
  dist/default/production\graduation_project.production.o 

Object code version is 3.11

Machine type is 18F4620



                Name                               Link     Load   Length Selector   Space Scale
C:\Users\ahmed radwan\AppData\Local\Temp\slasx8.o
                idloc                            200000   200000        8        0       5
                config                           300000   300000        E        0       4
                init                                276      276        4        C       0
                reset_vec                             0        0        4        0       0
dist/default/production\graduation_project.production.o
                intcodelo                            18       18      25E        C       0
                intcode                               8        8        6        4       0
                idloc                            200000   200000        8        0       5
                config                           300000   300000        E        0       4
                temp                                 61       61        1        1       1
                smallconst                         1000     1000       42      800       0
                text38                             2BEA     2BEA       68      821       0
                text37                             2B82     2B82       68      821       0
                text36                             1C3E     1C3E      1EA      821       0
                text35                             2546     2546       E6      821       0
                text34                             2A42     2A42       70      821       0
                text33                             2DCA     2DCA       38      821       0
                text32                             2E30     2E30       2C     1718       0
                text31                             2EEA     2EEA        4     1718       0
                text30                             2EE6     2EE6        4     1718       0
                text29                             2EE2     2EE2        4     1718       0
                intcode_body                       2244     2244      116      821       0
                text27                             2EDE     2EDE        4     1718       0
                text26                             2EC4     2EC4       1A     1718       0
                text25                             2EAA     2EAA       1A     1718       0
                text24                             2E90     2E90       1A     1718       0
                text23                             2E76     2E76       1A     1718       0
                text21                             2832     2832       A2      821       0
                text20                             26DA     26DA       AE      821       0
                text19                             2956     2956       7C      821       0
                text18                             262C     262C       AE      821       0
                text17                             1042     1042      4C2      821       0
                text16                             18A2     18A2      39C      821       0
                text15                             235A     235A      106      821       0
                text14                             1E28     1E28      1B4      821       0
                text13                             1504     1504      39E      821       0
                text12                             2CB2     2CB2       5A      821       0
                text11                             2B1A     2B1A       68      821       0
                text10                             2AB2     2AB2       68      821       0
                text9                              2460     2460       E6      821       0
                text8                              2D90     2D90       3A      821       0
                text7                              28D4     28D4       82      821       0
                text6                              2788     2788       AA      821       0
                text5                              29D2     29D2       70      821       0
                text4                              1FDC     1FDC      140      821       0
                text3                              211C     211C      128      821       0
                text2                              2D0C     2D0C       44      821       0
                text1                              2E5C     2E5C       1A     1718       0
                text0                              2D50     2D50       40      821       0
                cstackCOMRAM                          1        1       43        1       1
                cstackBANK0                          AD       AD       26       80       1
                dataBANK0                            80       80       2D       80       1
                bssBANK0                             D3       D3        C       80       1
                dataCOMRAM                           5E       5E        3        1       1
                bssCOMRAM                            44       44       1A        1       1
                cinit                              2C52     2C52       60      821       0
                idataBANK0                         2E02     2E02       2D      821       0
                idataCOMRAM                        2EEE     2EEE        3     1718       0

TOTAL           Name                               Link     Load   Length     Space
        CLASS   STACK          

        CLASS   CODE           
                intcodelo                            18       18      25E         0
                intcode                               8        8        6         0
                init                                276      276        4         0
                reset_vec                             0        0        4         0
                text38                             2BEA     2BEA       68         0
                text37                             2B82     2B82       68         0
                text36                             1C3E     1C3E      1EA         0
                text35                             2546     2546       E6         0
                text34                             2A42     2A42       70         0
                text33                             2DCA     2DCA       38         0
                text32                             2E30     2E30       2C         0
                text31                             2EEA     2EEA        4         0
                text30                             2EE6     2EE6        4         0
                text29                             2EE2     2EE2        4         0
                intcode_body                       2244     2244      116         0
                text27                             2EDE     2EDE        4         0
                text26                             2EC4     2EC4       1A         0
                text25                             2EAA     2EAA       1A         0
                text24                             2E90     2E90       1A         0
                text23                             2E76     2E76       1A         0
                text21                             2832     2832       A2         0
                text20                             26DA     26DA       AE         0
                text19                             2956     2956       7C         0
                text18                             262C     262C       AE         0
                text17                             1042     1042      4C2         0
                text16                             18A2     18A2      39C         0
                text15                             235A     235A      106         0
                text14                             1E28     1E28      1B4         0
                text13                             1504     1504      39E         0
                text12                             2CB2     2CB2       5A         0
                text11                             2B1A     2B1A       68         0
                text10                             2AB2     2AB2       68         0
                text9                              2460     2460       E6         0
                text8                              2D90     2D90       3A         0
                text7                              28D4     28D4       82         0
                text6                              2788     2788       AA         0
                text5                              29D2     29D2       70         0
                text4                              1FDC     1FDC      140         0
                text3                              211C     211C      128         0
                text2                              2D0C     2D0C       44         0
                text1                              2E5C     2E5C       1A         0
                text0                              2D50     2D50       40         0
                cinit                              2C52     2C52       60         0
                idataBANK0                         2E02     2E02       2D         0
                idataCOMRAM                        2EEE     2EEE        3         0

        CLASS   CONST          

        CLASS   SMALLCONST     
                smallconst                         1000     1000       42         0

        CLASS   MEDIUMCONST    

        CLASS   COMRAM         
                temp                                 61       61        1         1
                cstackCOMRAM                          1        1       43         1
                dataCOMRAM                           5E       5E        3         1
                bssCOMRAM                            44       44       1A         1

        CLASS   ABS1           

        CLASS   BIGRAM         

        CLASS   RAM            

        CLASS   BANK0          
                cstackBANK0                          AD       AD       26         1
                dataBANK0                            80       80       2D         1
                bssBANK0                             D3       D3        C         1

        CLASS   BANK1          

        CLASS   BANK2          

        CLASS   BANK3          

        CLASS   BANK4          

        CLASS   BANK5          

        CLASS   BANK6          

        CLASS   BANK7          

        CLASS   BANK8          

        CLASS   BANK9          

        CLASS   BANK10         

        CLASS   BANK11         

        CLASS   BANK12         

        CLASS   BANK13         

        CLASS   BANK14         

        CLASS   BANK15         

        CLASS   SFR            

        CLASS   CONFIG         
                config                           300000   300000        E         4

        CLASS   IDLOC          
                idloc                            200000   200000        8         5

        CLASS   EEDATA         

        CLASS   FARRAM         



SEGMENTS        Name                           Load    Length   Top    Selector   Space  Class

                reset_vec                      000000  000004  000004         0       0  CODE    
                cstackCOMRAM                   000001  000061  000062         1       1  COMRAM  
                intcode                        000008  000006  00000E         4       0  CODE    
                intcodelo                      000018  000262  00027A         C       0  CODE    
                dataBANK0                      000080  00005F  0000DF        80       1  BANK0   
                smallconst                     001000  000042  001042       800       0  SMALLCON
                text17                         001042  001DED  002E2F       821       0  CODE    
                text32                         002E30  0000C1  002EF1      1718       0  CODE    


UNUSED ADDRESS RANGES

        Name                Unused          Largest block    Delta
        BANK0            0000DF-0000FF               21
        BANK1            000100-0001FF              100
        BANK10           000A00-000AFF              100
        BANK11           000B00-000BFF              100
        BANK12           000C00-000CFF              100
        BANK13           000D00-000DFF              100
        BANK14           000E00-000EFF              100
        BANK15           000F00-000F7F               80
        BANK2            000200-0002FF              100
        BANK3            000300-0003FF              100
        BANK4            000400-0004FF              100
        BANK5            000500-0005FF              100
        BANK6            000600-0006FF              100
        BANK7            000700-0007FF              100
        BANK8            000800-0008FF              100
        BANK9            000900-0009FF              100
        BIGRAM           000062-00007F               1E
                         0000DF-000F7F              EA1
        CODE             000004-000007                4
                         00000E-000017                A
                         00027A-000FFF              D86
                         002E2F-002E2F                1
                         002EF1-00FFFF             D10F
        COMRAM           000062-00007F               1E
        CONST            000004-000007                4
                         00000E-000017                A
                         00027A-000FFF              D86
                         002E2F-002E2F                1
                         002EF1-00FFFF             D10F
        EEDATA           F00000-F003FF              400
        MEDIUMCONST      002E2F-002E2F                1
                         002EF1-00FFFF             D10F
        RAM              0000DF-000F7F              100
        SFR              000F80-000FFF               80
        SMALLCONST       002E2F-002E2F                1
                         002EF1-00FFFF              100
        STACK            0000DF-000F7F              EA1

                                  Symbol Table

?___fladd                                              cstackCOMRAM 000039
?___fldiv                                              cstackCOMRAM 00002D
?___fltol                                              cstackCOMRAM 00001F
?___xxtofl                                             cstackCOMRAM 00001F
Bluetooth_Init@_uart_obj                               cstackBANK0  0000CF
EUSART_Async_Init@_eusart_obj                          cstackBANK0  0000CD
EUSART_Async_Init@ret_val                              cstackCOMRAM 000043
EUSART_Async_Read_Data@_eusart_obj                     cstackCOMRAM 000006
EUSART_Async_Read_Data@data                            cstackCOMRAM 000008
EUSART_Async_Read_Data@l_temp_data                     cstackCOMRAM 000013
EUSART_Async_Transmit_Data@_eusart_obj                 cstackCOMRAM 000024
EUSART_Async_Transmit_Data@data                        cstackCOMRAM 000026
EUSART_Async_Transmit_Data_Blocking@_eusart_obj        cstackCOMRAM 00002B
EUSART_Async_Transmit_Data_Blocking@data               cstackCOMRAM 00002D
EUSART_Async_Transmit_Data_String_Blocking@_eusart_obj cstackCOMRAM 000030
EUSART_Async_Transmit_Data_String_Blocking@data        cstackCOMRAM 000032
EUSART_Async_Transmit_Data_String_Blocking@l_counter   cstackCOMRAM 000039
EUSART_Async_Transmit_Data_String_Blocking@len         cstackCOMRAM 000034
GPIO_Pin_Direction_Initialize@ERRORSTATUS              cstackCOMRAM 000027
GPIO_Pin_Direction_Initialize@_pin_config              cstackCOMRAM 00001F
GPIO_Pin_Initialize@ERRORSTATUS                        cstackCOMRAM 00002B
GPIO_Pin_Initialize@_pin_config                        cstackCOMRAM 000029
GPIO_Pin_Toggle_Logic@_pin_config                      cstackCOMRAM 00001F
GPIO_Pin_Write_Logic@ERRORSTATUS                       cstackCOMRAM 000028
GPIO_Pin_Write_Logic@_pin_config                       cstackCOMRAM 00001F
GPIO_Pin_Write_Logic@logic                             cstackCOMRAM 000021
RB4_ISR@Handler_Select                                 cstackCOMRAM 00001B
RB5_ISR@Handler_Select                                 cstackCOMRAM 00001B
RB6_ISR@Handler_Select                                 cstackCOMRAM 00001B
RB7_ISR@Handler_Select                                 cstackCOMRAM 00001B
Rx_config_interrupt@_rx_obj                            cstackCOMRAM 00001F
Rx_config_interrupt@ret_val                            cstackCOMRAM 000021
Tx_config_interrupt@_tx_obj                            cstackCOMRAM 00001F
Tx_config_interrupt@ret_val                            cstackCOMRAM 000021
_BAUDCONbits                                           (abs)        000FB8
_Bluetooth_Init                                        text6        002788
_EUSART_Async_Init                                     text12       002CB2
_EUSART_Async_Read_Data                                text36       001C3E
_EUSART_Async_Read_Data$962                            cstackCOMRAM 00000D
_EUSART_Async_Read_Data$963                            cstackCOMRAM 00000F
_EUSART_Async_Read_Data$964                            cstackCOMRAM 000011
_EUSART_Async_Transmit_Data                            text9        002460
_EUSART_Async_Transmit_Data_Blocking                   text8        002D90
_EUSART_Async_Transmit_Data_String_Blocking            text7        0028D4
_EUSART_Rx_ISR                                         text32       002E30
_EUSART_Tx_ISR                                         text31       002EEA
_GPIO_Pin_Direction_Initialize                         text4        001FDC
_GPIO_Pin_Initialize                                   text2        002D0C
_GPIO_Pin_Toggle_Logic                                 text5        0029D2
_GPIO_Pin_Write_Logic                                  text3        00211C
_I2C_DefaultInterruptHandler                           bssBANK0     0000D9
_I2C_Report_Receive_Overflow                           bssBANK0     0000D7
_I2C_Report_Write_Collision                            bssBANK0     0000D5
_INT0_ISR                                              text30       002EE6
_INT0_InterruptHandler                                 bssCOMRAM    000056
_INT1_ISR                                              text27       002EDE
_INT1_InterruptHandler                                 bssCOMRAM    000054
_INT2_ISR                                              text29       002EE2
_INT2_InterruptHandler                                 bssCOMRAM    000052
_INTCON2bits                                           (abs)        000FF1
_INTCON3bits                                           (abs)        000FF0
_INTCONbits                                            (abs)        000FF2
_IPR1bits                                              (abs)        000F9F
_IPR2bits                                              (abs)        000FA2
_InterruptManagerHigh                                  intcode      000008
_InterruptManagerLow                                   intcodelo    000018
_LATA                                                  (abs)        000F89
_LATB                                                  (abs)        000F8A
_LATC                                                  (abs)        000F8B
_LATD                                                  (abs)        000F8C
_LATE                                                  (abs)        000F8D
_PIE1bits                                              (abs)        000F9D
_PIE2bits                                              (abs)        000FA0
_PIR1bits                                              (abs)        000F9E
_PIR2bits                                              (abs)        000FA1
_PORTA                                                 (abs)        000F80
_PORTB                                                 (abs)        000F81
_PORTBbits                                             (abs)        000F81
_PORTC                                                 (abs)        000F82
_PORTD                                                 (abs)        000F83
_PORTE                                                 (abs)        000F84
_RB4_ISR                                               text26       002EC4
_RB4_InterruptHandler_HIGH                             bssCOMRAM    000050
_RB4_InterruptHandler_LOW                              bssCOMRAM    00004E
_RB5_ISR                                               text25       002EAA
_RB5_InterruptHandler_HIGH                             bssCOMRAM    00004C
_RB5_InterruptHandler_LOW                              bssCOMRAM    00004A
_RB6_ISR                                               text24       002E90
_RB6_InterruptHandler_HIGH                             bssCOMRAM    000048
_RB6_InterruptHandler_LOW                              bssCOMRAM    000046
_RB7_ISR                                               text23       002E76
_RB7_InterruptHandler_HIGH                             bssCOMRAM    000044
_RB7_InterruptHandler_LOW                              bssBANK0     0000D3
_RCONbits                                              (abs)        000FD0
_RCREG                                                 (abs)        000FAE
_RCSTA1bits                                            (abs)        000FAB
_RCSTAbits                                             (abs)        000FAB
_RX9D                                                  (abs)        007D58
_Rx_config_interrupt                                   text21       002832
_SPBRG                                                 (abs)        000FAF
_SPBRGH                                                (abs)        000FB0
_SSPADD                                                (abs)        000FC8
_SSPBUF                                                (abs)        000FC9
_SSPCON1bits                                           (abs)        000FC6
_SSPCON2bits                                           (abs)        000FC5
_SSPSTATbits                                           (abs)        000FC7
_TRISA                                                 (abs)        000F92
_TRISB                                                 (abs)        000F93
_TRISBbits                                             (abs)        000F93
_TRISC                                                 (abs)        000F94
_TRISCbits                                             (abs)        000F94
_TRISD                                                 (abs)        000F95
_TRISE                                                 (abs)        000F96
_TXREG                                                 (abs)        000FAD
_TXSTA1bits                                            (abs)        000FAC
_TXSTAbits                                             (abs)        000FAC
_Tx_config_interrupt                                   text19       002956
__HRAM                                                 (abs)        000000
__Habs1                                                abs1         000000
__Hbank0                                               bank0        000000
__Hbank1                                               bank1        000000
__Hbank10                                              bank10       000000
__Hbank11                                              bank11       000000
__Hbank12                                              bank12       000000
__Hbank13                                              bank13       000000
__Hbank14                                              bank14       000000
__Hbank15                                              bank15       000000
__Hbank2                                               bank2        000000
__Hbank3                                               bank3        000000
__Hbank4                                               bank4        000000
__Hbank5                                               bank5        000000
__Hbank6                                               bank6        000000
__Hbank7                                               bank7        000000
__Hbank8                                               bank8        000000
__Hbank9                                               bank9        000000
__Hbigbss                                              bigbss       000000
__Hbigdata                                             bigdata      000000
__Hbigram                                              bigram       000000
__Hbss                                                 bss          000000
__HbssBANK0                                            bssBANK0     000000
__HbssCOMRAM                                           bssCOMRAM    000000
__Hcinit                                               cinit        000000
__Hclrtext                                             clrtext      000000
__Hcomram                                              comram       000000
__Hconfig                                              config       30000E
__Hconst                                               const        000000
__HcstackBANK0                                         cstackBANK0  000000
__HcstackCOMRAM                                        cstackCOMRAM 000000
__Hdata                                                data         000000
__HdataBANK0                                           dataBANK0    000000
__HdataCOMRAM                                          dataCOMRAM   000000
__Heeprom_data                                         eeprom_data  000000
__Hfarbss                                              farbss       000000
__Hfardata                                             fardata      000000
__Hibigdata                                            ibigdata     000000
__Hidata                                               idata        000000
__HidataBANK0                                          idataBANK0   000000
__HidataCOMRAM                                         idataCOMRAM  000000
__Hidloc                                               idloc        200008
__Hifardata                                            ifardata     000000
__Hinit                                                init         00027A
__Hintcode                                             intcode      00000E
__Hintcode_body                                        intcode_body 000000
__Hintcodelo                                           intcodelo    000276
__Hintentry                                            intentry     000000
__Hintret                                              intret       000000
__Hintsave_regs                                        intsave_regs 000000
__Hirdata                                              irdata       000000
__Hmediumconst                                         mediumconst  000000
__HnvFARRAM                                            nvFARRAM     000000
__Hnvbit                                               nvbit        000000
__Hnvrram                                              nvrram       000000
__Hparam                                               rparam       000000
__Hpowerup                                             powerup      000276
__Hram                                                 ram          000000
__Hramtop                                              ramtop       001000
__Hrbit                                                rbit         000000
__Hrbss                                                rbss         000000
__Hrdata                                               rdata        000000
__Hreset_vec                                           reset_vec    000004
__Hrparam                                              rparam       000000
__Hsfr                                                 sfr          000000
__Hsmallconst                                          smallconst   001042
__Hspace_0                                             (abs)        002EF1
__Hspace_1                                             (abs)        0000DF
__Hspace_2                                             (abs)        000000
__Hspace_4                                             (abs)        60000E
__Hstack                                               stack        000000
__Hstruct                                              struct       000000
__Htemp                                                temp         000062
__Htext                                                text         000000
__Htext0                                               text0        000000
__Htext1                                               text1        000000
__Htext10                                              text10       000000
__Htext11                                              text11       000000
__Htext12                                              text12       000000
__Htext13                                              text13       000000
__Htext14                                              text14       000000
__Htext15                                              text15       000000
__Htext16                                              text16       000000
__Htext17                                              text17       000000
__Htext18                                              text18       000000
__Htext19                                              text19       000000
__Htext2                                               text2        000000
__Htext20                                              text20       000000
__Htext21                                              text21       000000
__Htext23                                              text23       000000
__Htext24                                              text24       000000
__Htext25                                              text25       000000
__Htext26                                              text26       000000
__Htext27                                              text27       000000
__Htext29                                              text29       000000
__Htext3                                               text3        000000
__Htext30                                              text30       000000
__Htext31                                              text31       000000
__Htext32                                              text32       000000
__Htext33                                              text33       000000
__Htext34                                              text34       000000
__Htext35                                              text35       000000
__Htext36                                              text36       000000
__Htext37                                              text37       000000
__Htext38                                              text38       000000
__Htext39                                              text39       000000
__Htext4                                               text4        000000
__Htext5                                               text5        000000
__Htext6                                               text6        000000
__Htext7                                               text7        000000
__Htext8                                               text8        000000
__Htext9                                               text9        000000
__LRAM                                                 (abs)        000001
__Labs1                                                abs1         000000
__Lbank0                                               bank0        000000
__Lbank1                                               bank1        000000
__Lbank10                                              bank10       000000
__Lbank11                                              bank11       000000
__Lbank12                                              bank12       000000
__Lbank13                                              bank13       000000
__Lbank14                                              bank14       000000
__Lbank15                                              bank15       000000
__Lbank2                                               bank2        000000
__Lbank3                                               bank3        000000
__Lbank4                                               bank4        000000
__Lbank5                                               bank5        000000
__Lbank6                                               bank6        000000
__Lbank7                                               bank7        000000
__Lbank8                                               bank8        000000
__Lbank9                                               bank9        000000
__Lbigbss                                              bigbss       000000
__Lbigdata                                             bigdata      000000
__Lbigram                                              bigram       000000
__Lbss                                                 bss          000000
__LbssBANK0                                            bssBANK0     000000
__LbssCOMRAM                                           bssCOMRAM    000000
__Lcinit                                               cinit        000000
__Lclrtext                                             clrtext      000000
__Lcomram                                              comram       000000
__Lconfig                                              config       000000
__Lconst                                               const        000000
__LcstackBANK0                                         cstackBANK0  000000
__LcstackCOMRAM                                        cstackCOMRAM 000000
__Ldata                                                data         000000
__LdataBANK0                                           dataBANK0    000000
__LdataCOMRAM                                          dataCOMRAM   000000
__Leeprom_data                                         eeprom_data  000000
__Lfarbss                                              farbss       000000
__Lfardata                                             fardata      000000
__Libigdata                                            ibigdata     000000
__Lidata                                               idata        000000
__LidataBANK0                                          idataBANK0   000000
__LidataCOMRAM                                         idataCOMRAM  000000
__Lidloc                                               idloc        000000
__Lifardata                                            ifardata     000000
__Linit                                                init         000276
__Lintcode                                             intcode      000008
__Lintcode_body                                        intcode_body 000000
__Lintcodelo                                           intcodelo    000018
__Lintentry                                            intentry     000000
__Lintret                                              intret       000000
__Lintsave_regs                                        intsave_regs 000000
__Lirdata                                              irdata       000000
__Lmediumconst                                         mediumconst  000000
__LnvFARRAM                                            nvFARRAM     000000
__Lnvbit                                               nvbit        000000
__Lnvrram                                              nvrram       000000
__Lparam                                               rparam       000000
__Lpowerup                                             powerup      000276
__Lram                                                 ram          000000
__Lramtop                                              ramtop       001000
__Lrbit                                                rbit         000000
__Lrbss                                                rbss         000000
__Lrdata                                               rdata        000000
__Lreset_vec                                           reset_vec    000000
__Lrparam                                              rparam       000000
__Lsfr                                                 sfr          000000
__Lsmallconst                                          smallconst   001000
__Lspace_0                                             (abs)        000000
__Lspace_1                                             (abs)        000000
__Lspace_2                                             (abs)        000000
__Lspace_4                                             (abs)        000000
__Lstack                                               stack        000000
__Lstruct                                              struct       000000
__Ltemp                                                temp         000061
__Ltext                                                text         000000
__Ltext0                                               text0        000000
__Ltext1                                               text1        000000
__Ltext10                                              text10       000000
__Ltext11                                              text11       000000
__Ltext12                                              text12       000000
__Ltext13                                              text13       000000
__Ltext14                                              text14       000000
__Ltext15                                              text15       000000
__Ltext16                                              text16       000000
__Ltext17                                              text17       000000
__Ltext18                                              text18       000000
__Ltext19                                              text19       000000
__Ltext2                                               text2        000000
__Ltext20                                              text20       000000
__Ltext21                                              text21       000000
__Ltext23                                              text23       000000
__Ltext24                                              text24       000000
__Ltext25                                              text25       000000
__Ltext26                                              text26       000000
__Ltext27                                              text27       000000
__Ltext29                                              text29       000000
__Ltext3                                               text3        000000
__Ltext30                                              text30       000000
__Ltext31                                              text31       000000
__Ltext32                                              text32       000000
__Ltext33                                              text33       000000
__Ltext34                                              text34       000000
__Ltext35                                              text35       000000
__Ltext36                                              text36       000000
__Ltext37                                              text37       000000
__Ltext38                                              text38       000000
__Ltext39                                              text39       000000
__Ltext4                                               text4        000000
__Ltext5                                               text5        000000
__Ltext6                                               text6        000000
__Ltext7                                               text7        000000
__Ltext8                                               text8        000000
__Ltext9                                               text9        000000
__S0                                                   (abs)        002EF1
__S1                                                   (abs)        0000DF
__S2                                                   (abs)        000000
__S4                                                   (abs)        000000
__S5                                                   (abs)        000000
___fladd                                               text17       001042
___fladd@a                                             cstackCOMRAM 00003D
___fladd@aexp                                          cstackBANK0  0000BF
___fladd@b                                             cstackCOMRAM 000039
___fladd@bexp                                          cstackBANK0  0000C0
___fladd@grs                                           cstackBANK0  0000C1
___fladd@signs                                         cstackBANK0  0000BE
___fldiv                                               text16       0018A2
___fldiv@a                                             cstackCOMRAM 000031
___fldiv@aexp                                          cstackBANK0  0000B9
___fldiv@b                                             cstackCOMRAM 00002D
___fldiv@bexp                                          cstackBANK0  0000B8
___fldiv@grs                                           cstackBANK0  0000B4
___fldiv@new_exp                                       cstackBANK0  0000B2
___fldiv@rem                                           cstackBANK0  0000AD
___fldiv@sign                                          cstackBANK0  0000B1
___fltol                                               text15       00235A
___fltol@exp1                                          cstackCOMRAM 000028
___fltol@f1                                            cstackCOMRAM 00001F
___fltol@sign1                                         cstackCOMRAM 000027
___inthi_sp                                            stack        000000
___intlo_sp                                            stack        000000
___param_bank                                          (abs)        000000
___rparam_used                                         (abs)        000001
___sp                                                  stack        000000
___xxtofl                                              text14       001E28
___xxtofl@arg                                          cstackCOMRAM 000029
___xxtofl@exp                                          cstackCOMRAM 000028
___xxtofl@sign                                         cstackCOMRAM 000027
___xxtofl@val                                          cstackCOMRAM 00001F
__accesstop                                            (abs)        000080
__activetblptr                                         (abs)        000003
__end_of_Bluetooth_Init                                text6        002832
__end_of_EUSART_Async_Init                             text12       002D0C
__end_of_EUSART_Async_Read_Data                        text36       001E28
__end_of_EUSART_Async_Transmit_Data                    text9        002546
__end_of_EUSART_Async_Transmit_Data_Blocking           text8        002DCA
__end_of_EUSART_Async_Transmit_Data_String_Blocking    text7        002956
__end_of_EUSART_Rx_ISR                                 text32       002E5C
__end_of_EUSART_Tx_ISR                                 text31       002EEE
__end_of_GPIO_Pin_Direction_Initialize                 text4        00211C
__end_of_GPIO_Pin_Initialize                           text2        002D50
__end_of_GPIO_Pin_Toggle_Logic                         text5        002A42
__end_of_GPIO_Pin_Write_Logic                          text3        002244
__end_of_INT0_ISR                                      text30       002EEA
__end_of_INT1_ISR                                      text27       002EE2
__end_of_INT2_ISR                                      text29       002EE6
__end_of_InterruptManagerHigh                          intcode_body 00235A
__end_of_InterruptManagerLow                           intcodelo    000276
__end_of_RB4_ISR                                       text26       002EDE
__end_of_RB5_ISR                                       text25       002EC4
__end_of_RB6_ISR                                       text24       002EAA
__end_of_RB7_ISR                                       text23       002E90
__end_of_Rx_config_interrupt                           text21       0028D4
__end_of_Tx_config_interrupt                           text19       0029D2
__end_of___fladd                                       text17       001504
__end_of___fldiv                                       text16       001C3E
__end_of___fltol                                       text15       002460
__end_of___xxtofl                                      text14       001FDC
__end_of__initialization                               cinit        002CA8
__end_of_application_intialize                         text1        002E76
__end_of_async_Rx_config                               text20       002788
__end_of_async_Tx_config                               text18       0026DA
__end_of_async_config_baud_rate_gen                    text13       0018A2
__end_of_bluetooth_isr                                 text33       002E02
__end_of_calc_parity_even                              text11       002B82
__end_of_calc_parity_odd                               text10       002B1A
__end_of_main                                          text0        002D90
__end_ofi2_EUSART_Async_Transmit_Data                  text35       00262C
__end_ofi2_GPIO_Pin_Toggle_Logic                       text34       002AB2
__end_ofi2_calc_parity_even                            text38       002C52
__end_ofi2_calc_parity_odd                             text37       002BEA
__initialization                                       cinit        002C52
__mediumconst                                          mediumconst  000000
__pbssBANK0                                            bssBANK0     0000D3
__pbssCOMRAM                                           bssCOMRAM    000044
__pcinit                                               cinit        002C52
__pcstackBANK0                                         cstackBANK0  0000AD
__pcstackCOMRAM                                        cstackCOMRAM 000001
__pdataBANK0                                           dataBANK0    000080
__pdataCOMRAM                                          dataCOMRAM   00005E
__pidataBANK0                                          idataBANK0   002E02
__pidataCOMRAM                                         idataCOMRAM  002EEE
__pintcode                                             intcode      000008
__pintcode_body                                        intcode_body 002244
__pintcodelo                                           intcodelo    000018
__psmallconst                                          smallconst   001000
__ptext0                                               text0        002D50
__ptext1                                               text1        002E5C
__ptext10                                              text10       002AB2
__ptext11                                              text11       002B1A
__ptext12                                              text12       002CB2
__ptext13                                              text13       001504
__ptext14                                              text14       001E28
__ptext15                                              text15       00235A
__ptext16                                              text16       0018A2
__ptext17                                              text17       001042
__ptext18                                              text18       00262C
__ptext19                                              text19       002956
__ptext2                                               text2        002D0C
__ptext20                                              text20       0026DA
__ptext21                                              text21       002832
__ptext23                                              text23       002E76
__ptext24                                              text24       002E90
__ptext25                                              text25       002EAA
__ptext26                                              text26       002EC4
__ptext27                                              text27       002EDE
__ptext29                                              text29       002EE2
__ptext3                                               text3        00211C
__ptext30                                              text30       002EE6
__ptext31                                              text31       002EEA
__ptext32                                              text32       002E30
__ptext33                                              text33       002DCA
__ptext34                                              text34       002A42
__ptext35                                              text35       002546
__ptext36                                              text36       001C3E
__ptext37                                              text37       002B82
__ptext38                                              text38       002BEA
__ptext39                                              text39       000000
__ptext4                                               text4        001FDC
__ptext5                                               text5        0029D2
__ptext6                                               text6        002788
__ptext7                                               text7        0028D4
__ptext8                                               text8        002D90
__ptext9                                               text9        002460
__ramtop                                               ramtop       001000
__size_of_Bluetooth_Init                               (abs)        000000
__size_of_EUSART_Async_Init                            (abs)        000000
__size_of_EUSART_Async_Read_Data                       (abs)        000000
__size_of_EUSART_Async_Transmit_Data                   (abs)        000000
__size_of_EUSART_Async_Transmit_Data_Blocking          (abs)        000000
__size_of_EUSART_Async_Transmit_Data_String_Blocking   (abs)        000000
__size_of_EUSART_Rx_ISR                                (abs)        000000
__size_of_EUSART_Tx_ISR                                (abs)        000000
__size_of_GPIO_Pin_Direction_Initialize                (abs)        000000
__size_of_GPIO_Pin_Initialize                          (abs)        000000
__size_of_GPIO_Pin_Toggle_Logic                        (abs)        000000
__size_of_GPIO_Pin_Write_Logic                         (abs)        000000
__size_of_INT0_ISR                                     (abs)        000000
__size_of_INT1_ISR                                     (abs)        000000
__size_of_INT2_ISR                                     (abs)        000000
__size_of_InterruptManagerHigh                         (abs)        000000
__size_of_InterruptManagerLow                          (abs)        000000
__size_of_RB4_ISR                                      (abs)        000000
__size_of_RB5_ISR                                      (abs)        000000
__size_of_RB6_ISR                                      (abs)        000000
__size_of_RB7_ISR                                      (abs)        000000
__size_of_Rx_config_interrupt                          (abs)        000000
__size_of_Tx_config_interrupt                          (abs)        000000
__size_of___fladd                                      (abs)        000000
__size_of___fldiv                                      (abs)        000000
__size_of___fltol                                      (abs)        000000
__size_of___xxtofl                                     (abs)        000000
__size_of_application_intialize                        (abs)        000000
__size_of_async_Rx_config                              (abs)        000000
__size_of_async_Tx_config                              (abs)        000000
__size_of_async_config_baud_rate_gen                   (abs)        000000
__size_of_bluetooth_isr                                (abs)        000000
__size_of_calc_parity_even                             (abs)        000000
__size_of_calc_parity_odd                              (abs)        000000
__size_of_main                                         (abs)        000000
__size_ofi2_EUSART_Async_Transmit_Data                 (abs)        000000
__size_ofi2_GPIO_Pin_Toggle_Logic                      (abs)        000000
__size_ofi2_calc_parity_even                           (abs)        000000
__size_ofi2_calc_parity_odd                            (abs)        000000
__smallconst                                           smallconst   001000
__uart_obj                                             dataBANK0    00009E
_application_intialize                                 text1        002E5C
_async_Rx_config                                       text20       0026DA
_async_Tx_config                                       text18       00262C
_async_config_baud_rate_gen                            text13       001504
_async_config_baud_rate_gen$3450                       cstackBANK0  0000C9
_bluetooth_isr                                         text33       002DCA
_calc_parity_even                                      text11       002B1A
_calc_parity_odd                                       text10       002AB2
_counter                                               bssCOMRAM    00005C
_data                                                  bssCOMRAM    00005D
_eusart_Rx_InterruptHandler                            bssCOMRAM    000058
_eusart_Tx_InterruptHandler                            bssCOMRAM    00005A
_eusart_frameerr_CallBack                              bssBANK0     0000DB
_eusart_overrunerr_CallBack                            bssBANK0     0000DD
_flags                                                 dataCOMRAM   00005E
_lat_registers                                         dataBANK0    00008A
_main                                                  text0        002D50
_pind1                                                 dataCOMRAM   00005F
_pind2                                                 dataCOMRAM   000060
_port_registers                                        dataBANK0    000080
_tris_registers                                        dataBANK0    000094
async_Rx_config@_rx_obj                                cstackCOMRAM 000022
async_Rx_config@ret_val                                cstackCOMRAM 000024
async_Tx_config@_tx_obj                                cstackCOMRAM 000022
async_Tx_config@ret_val                                cstackCOMRAM 000024
async_config_baud_rate_gen@Baudrate_temp               cstackBANK0  0000C5
async_config_baud_rate_gen@_eusart_obj                 cstackCOMRAM 000041
async_config_baud_rate_gen@ret_val                     cstackBANK0  0000C4
btemp                                                  temp         000061
calc_parity_even@data                                  cstackCOMRAM 000021
calc_parity_even@l_counter                             cstackCOMRAM 000023
calc_parity_even@number_of_ones                        cstackCOMRAM 000022
calc_parity_odd@data                                   cstackCOMRAM 000021
calc_parity_odd@l_counter                              cstackCOMRAM 000023
calc_parity_odd@number_of_ones                         cstackCOMRAM 000022
end_of_initialization                                  cinit        002CA8
i2EUSART_Async_Transmit_Data@_eusart_obj               cstackCOMRAM 000006
i2EUSART_Async_Transmit_Data@data                      cstackCOMRAM 000008
i2GPIO_Pin_Toggle_Logic@_pin_config                    cstackCOMRAM 000001
i2_EUSART_Async_Transmit_Data                          text35       002546
i2_GPIO_Pin_Toggle_Logic                               text34       002A42
i2_calc_parity_even                                    text38       002BEA
i2_calc_parity_odd                                     text37       002B82
i2calc_parity_even@data                                cstackCOMRAM 000003
i2calc_parity_even@l_counter                           cstackCOMRAM 000005
i2calc_parity_even@number_of_ones                      cstackCOMRAM 000004
i2calc_parity_odd@data                                 cstackCOMRAM 000003
i2calc_parity_odd@l_counter                            cstackCOMRAM 000005
i2calc_parity_odd@number_of_ones                       cstackCOMRAM 000004
int$flags                                              temp         000061
int_func                                               intcode_body 002244
intlevel0                                              text         000000
intlevel1                                              text         000000
intlevel2                                              text         000000
intlevel3                                              text         000000
stackhi                                                (abs)        000F7F
stacklo                                                (abs)        0000DF
start                                                  init         000276
start_initialization                                   cinit        002C52
ttemp5                                                 temp         000062
ttemp6                                                 temp         000065
ttemp7                                                 temp         000069
wtemp8                                                 temp         000062


FUNCTION INFORMATION:

 *************** function _main *****************
 Defined at:
		line 46 in file "application.c"
 Parameters:    Size  Location     Type
		None
 Auto vars:     Size  Location     Type
		None
 Return value:  Size  Location     Type
                  2  1017[None  ] int 
 Registers used:
		wreg, fsr2l, fsr2h, status,2, status,0, tblptrl, tblptrh, tblptru, prodl, prodh, cstack
 Tracked objects:
		On entry : 
		On exit  : 
		Unchanged: 
 Data sizes:     COMRAM   BANK0   BANK1   BANK2   BANK3   BANK4   BANK5   BANK6   BANK7   BANK8   BANK9  BANK10  BANK11  BANK12  BANK13  BANK14  BANK15
      Params:         0       0       0       0       0       0       0       0       0       0       0       0       0       0       0       0       0
      Locals:         0       0       0       0       0       0       0       0       0       0       0       0       0       0       0       0       0
      Temps:          0       2       0       0       0       0       0       0       0       0       0       0       0       0       0       0       0
      Totals:         0       2       0       0       0       0       0       0       0       0       0       0       0       0       0       0       0
Total ram usage:        2 bytes
 Hardware stack levels required when called:   12
 This function calls:
		_Bluetooth_Init
		_GPIO_Pin_Toggle_Logic
		_application_intialize
 This function is called by:
		Startup code after reset
 This function uses a non-reentrant model


 *************** function _application_intialize *****************
 Defined at:
		line 58 in file "application.c"
 Parameters:    Size  Location     Type
		None
 Auto vars:     Size  Location     Type
		None
 Return value:  Size  Location     Type
                  1    wreg      void 
 Registers used:
		wreg, fsr2l, fsr2h, status,2, status,0, prodl, prodh, cstack
 Tracked objects:
		On entry : 
		On exit  : 
		Unchanged: 
 Data sizes:     COMRAM   BANK0   BANK1   BANK2   BANK3   BANK4   BANK5   BANK6   BANK7   BANK8   BANK9  BANK10  BANK11  BANK12  BANK13  BANK14  BANK15
      Params:         0       0       0       0       0       0       0       0       0       0       0       0       0       0       0       0       0
      Locals:         0       0       0       0       0       0       0       0       0       0       0       0       0       0       0       0       0
      Temps:          0       0       0       0       0       0       0       0       0       0       0       0       0       0       0       0       0
      Totals:         0       0       0       0       0       0       0       0       0       0       0       0       0       0       0       0       0
Total ram usage:        0 bytes
 Hardware stack levels used:    1
 Hardware stack levels required when called:    9
 This function calls:
		_GPIO_Pin_Initialize
 This function is called by:
		_main
 This function uses a non-reentrant model


 *************** function _GPIO_Pin_Initialize *****************
 Defined at:
		line 158 in file "MCAL/GPIO/hal_gpio.c"
 Parameters:    Size  Location     Type
  _pin_config     2   40[COMRAM] PTR const struct .
		 -> pind2(1), pind1(1), 
 Auto vars:     Size  Location     Type
  ERRORSTATUS     1   42[COMRAM] unsigned char 
 Return value:  Size  Location     Type
                  1    wreg      unsigned char 
 Registers used:
		wreg, fsr2l, fsr2h, status,2, status,0, prodl, prodh, cstack
 Tracked objects:
		On entry : 
		On exit  : 
		Unchanged: 
 Data sizes:     COMRAM   BANK0   BANK1   BANK2   BANK3   BANK4   BANK5   BANK6   BANK7   BANK8   BANK9  BANK10  BANK11  BANK12  BANK13  BANK14  BANK15
      Params:         2       0       0       0       0       0       0       0       0       0       0       0       0       0       0       0       0
      Locals:         1       0       0       0       0       0       0       0       0       0       0       0       0       0       0       0       0
      Temps:          0       0       0       0       0       0       0       0       0       0       0       0       0       0       0       0       0
      Totals:         3       0       0       0       0       0       0       0       0       0       0       0       0       0       0       0       0
Total ram usage:        3 bytes
 Hardware stack levels used:    1
 Hardware stack levels required when called:    8
 This function calls:
		_GPIO_Pin_Direction_Initialize
		_GPIO_Pin_Write_Logic
 This function is called by:
		_application_intialize
 This function uses a non-reentrant model


 *************** function _GPIO_Pin_Write_Logic *****************
 Defined at:
		line 82 in file "MCAL/GPIO/hal_gpio.c"
 Parameters:    Size  Location     Type
  _pin_config     2   30[COMRAM] PTR const struct .
		 -> pind2(1), pind1(1), 
  logic           1   32[COMRAM] enum E2959
 Auto vars:     Size  Location     Type
  ERRORSTATUS     1   39[COMRAM] unsigned char 
 Return value:  Size  Location     Type
                  1    wreg      unsigned char 
 Registers used:
		wreg, fsr2l, fsr2h, status,2, status,0, prodl, prodh
 Tracked objects:
		On entry : 
		On exit  : 
		Unchanged: 
 Data sizes:     COMRAM   BANK0   BANK1   BANK2   BANK3   BANK4   BANK5   BANK6   BANK7   BANK8   BANK9  BANK10  BANK11  BANK12  BANK13  BANK14  BANK15
      Params:         3       0       0       0       0       0       0       0       0       0       0       0       0       0       0       0       0
      Locals:         1       0       0       0       0       0       0       0       0       0       0       0       0       0       0       0       0
      Temps:          6       0       0       0       0       0       0       0       0       0       0       0       0       0       0       0       0
      Totals:        10       0       0       0       0       0       0       0       0       0       0       0       0       0       0       0       0
Total ram usage:       10 bytes
 Hardware stack levels used:    1
 Hardware stack levels required when called:    7
 This function calls:
		Nothing
 This function is called by:
		_GPIO_Pin_Initialize
 This function uses a non-reentrant model


 *************** function _GPIO_Pin_Direction_Initialize *****************
 Defined at:
		line 25 in file "MCAL/GPIO/hal_gpio.c"
 Parameters:    Size  Location     Type
  _pin_config     2   30[COMRAM] PTR const struct .
		 -> pind2(1), pind1(1), 
 Auto vars:     Size  Location     Type
  ERRORSTATUS     1   38[COMRAM] unsigned char 
 Return value:  Size  Location     Type
                  1    wreg      unsigned char 
 Registers used:
		wreg, fsr2l, fsr2h, status,2, status,0, prodl, prodh
 Tracked objects:
		On entry : 
		On exit  : 
		Unchanged: 
 Data sizes:     COMRAM   BANK0   BANK1   BANK2   BANK3   BANK4   BANK5   BANK6   BANK7   BANK8   BANK9  BANK10  BANK11  BANK12  BANK13  BANK14  BANK15
      Params:         2       0       0       0       0       0       0       0       0       0       0       0       0       0       0       0       0
      Locals:         1       0       0       0       0       0       0       0       0       0       0       0       0       0       0       0       0
      Temps:          6       0       0       0       0       0       0       0       0       0       0       0       0       0       0       0       0
      Totals:         9       0       0       0       0       0       0       0       0       0       0       0       0       0       0       0       0
Total ram usage:        9 bytes
 Hardware stack levels used:    1
 Hardware stack levels required when called:    7
 This function calls:
		Nothing
 This function is called by:
		_GPIO_Pin_Initialize
		_interrupt_RBx_pin_init
 This function uses a non-reentrant model


 *************** function _GPIO_Pin_Toggle_Logic *****************
 Defined at:
		line 135 in file "MCAL/GPIO/hal_gpio.c"
 Parameters:    Size  Location     Type
  _pin_config     2   30[COMRAM] PTR const struct .
		 -> pind2(1), pind1(1), 
 Auto vars:     Size  Location     Type
  ERRORSTATUS     1    0        unsigned char 
 Return value:  Size  Location     Type
                  1    wreg      unsigned char 
 Registers used:
		wreg, fsr2l, fsr2h, status,2, status,0, prodl, prodh
 Tracked objects:
		On entry : 
		On exit  : 
		Unchanged: 
 Data sizes:     COMRAM   BANK0   BANK1   BANK2   BANK3   BANK4   BANK5   BANK6   BANK7   BANK8   BANK9  BANK10  BANK11  BANK12  BANK13  BANK14  BANK15
      Params:         2       0       0       0       0       0       0       0       0       0       0       0       0       0       0       0       0
      Locals:         1       0       0       0       0       0       0       0       0       0       0       0       0       0       0       0       0
      Temps:          5       0       0       0       0       0       0       0       0       0       0       0       0       0       0       0       0
      Totals:         8       0       0       0       0       0       0       0       0       0       0       0       0       0       0       0       0
Total ram usage:        8 bytes
 Hardware stack levels used:    1
 Hardware stack levels required when called:    7
 This function calls:
		Nothing
 This function is called by:
		_main
 This function uses a non-reentrant model


 *************** function _Bluetooth_Init *****************
 Defined at:
		line 17 in file "ECU/Bluetooth/Bluetooth.c"
 Parameters:    Size  Location     Type
  _uart_obj       2   34[BANK0 ] PTR struct .
		 -> _uart_obj(15), 
 Auto vars:     Size  Location     Type
		None
 Return value:  Size  Location     Type
                  1    wreg      unsigned char 
 Registers used:
		wreg, fsr2l, fsr2h, status,2, status,0, tblptrl, tblptrh, tblptru, cstack
 Tracked objects:
		On entry : 
		On exit  : 
		Unchanged: 
 Data sizes:     COMRAM   BANK0   BANK1   BANK2   BANK3   BANK4   BANK5   BANK6   BANK7   BANK8   BANK9  BANK10  BANK11  BANK12  BANK13  BANK14  BANK15
      Params:         0       2       0       0       0       0       0       0       0       0       0       0       0       0       0       0       0
      Locals:         0       0       0       0       0       0       0       0       0       0       0       0       0       0       0       0       0
      Temps:          0       0       0       0       0       0       0       0       0       0       0       0       0       0       0       0       0
      Totals:         0       2       0       0       0       0       0       0       0       0       0       0       0       0       0       0       0
Total ram usage:        2 bytes
 Hardware stack levels used:    1
 Hardware stack levels required when called:   11
 This function calls:
		_EUSART_Async_Init
		_EUSART_Async_Transmit_Data_String_Blocking
 This function is called by:
		_main
 This function uses a non-reentrant model


 *************** function _EUSART_Async_Transmit_Data_String_Blocking *****************
 Defined at:
		line 349 in file "MCAL/EUSART/mcal_EUSART.c"
 Parameters:    Size  Location     Type
  _eusart_obj     2   47[COMRAM] PTR const struct .
		 -> _uart_obj(15), 
  data            2   49[COMRAM] PTR unsigned char 
		 -> STR_4(19), STR_3(15), STR_2(12), STR_1(17), 
  len             2   51[COMRAM] unsigned short 
 Auto vars:     Size  Location     Type
  l_counter       2   56[COMRAM] unsigned short 
  ret_val         1    0        unsigned char 
 Return value:  Size  Location     Type
                  1    wreg      unsigned char 
 Registers used:
		wreg, fsr2l, fsr2h, status,2, status,0, tblptrl, tblptrh, tblptru, cstack
 Tracked objects:
		On entry : 
		On exit  : 
		Unchanged: 
 Data sizes:     COMRAM   BANK0   BANK1   BANK2   BANK3   BANK4   BANK5   BANK6   BANK7   BANK8   BANK9  BANK10  BANK11  BANK12  BANK13  BANK14  BANK15
      Params:         6       0       0       0       0       0       0       0       0       0       0       0       0       0       0       0       0
      Locals:         3       0       0       0       0       0       0       0       0       0       0       0       0       0       0       0       0
      Temps:          2       0       0       0       0       0       0       0       0       0       0       0       0       0       0       0       0
      Totals:        11       0       0       0       0       0       0       0       0       0       0       0       0       0       0       0       0
Total ram usage:       11 bytes
 Hardware stack levels used:    1
 Hardware stack levels required when called:   10
 This function calls:
		_EUSART_Async_Transmit_Data_Blocking
 This function is called by:
		_Bluetooth_Init
		_Bluetooth_Send_String_Blocking
 This function uses a non-reentrant model


 *************** function _EUSART_Async_Transmit_Data_Blocking *****************
 Defined at:
		line 313 in file "MCAL/EUSART/mcal_EUSART.c"
 Parameters:    Size  Location     Type
  _eusart_obj     2   42[COMRAM] PTR const struct .
		 -> _uart_obj(15), 
  data            2   44[COMRAM] unsigned short 
 Auto vars:     Size  Location     Type
  ret_val         1    0        unsigned char 
 Return value:  Size  Location     Type
                  1    wreg      unsigned char 
 Registers used:
		wreg, fsr2l, fsr2h, status,2, status,0, cstack
 Tracked objects:
		On entry : 
		On exit  : 
		Unchanged: 
 Data sizes:     COMRAM   BANK0   BANK1   BANK2   BANK3   BANK4   BANK5   BANK6   BANK7   BANK8   BANK9  BANK10  BANK11  BANK12  BANK13  BANK14  BANK15
      Params:         4       0       0       0       0       0       0       0       0       0       0       0       0       0       0       0       0
      Locals:         1       0       0       0       0       0       0       0       0       0       0       0       0       0       0       0       0
      Temps:          0       0       0       0       0       0       0       0       0       0       0       0       0       0       0       0       0
      Totals:         5       0       0       0       0       0       0       0       0       0       0       0       0       0       0       0       0
Total ram usage:        5 bytes
 Hardware stack levels used:    1
 Hardware stack levels required when called:    9
 This function calls:
		_EUSART_Async_Transmit_Data
 This function is called by:
		_EUSART_Async_Transmit_Data_String_Blocking
		_Bluetooth_Send_Data_Blocking
 This function uses a non-reentrant model


 *************** function _EUSART_Async_Transmit_Data *****************
 Defined at:
		line 124 in file "MCAL/EUSART/mcal_EUSART.c"
 Parameters:    Size  Location     Type
  _eusart_obj     2   35[COMRAM] PTR const struct .
		 -> _uart_obj(15), 
  data            2   37[COMRAM] unsigned short 
 Auto vars:     Size  Location     Type
  ret_val         1    0        unsigned char 
 Return value:  Size  Location     Type
                  1    wreg      unsigned char 
 Registers used:
		wreg, fsr2l, fsr2h, status,2, status,0, cstack
 Tracked objects:
		On entry : 
		On exit  : 
		Unchanged: 
 Data sizes:     COMRAM   BANK0   BANK1   BANK2   BANK3   BANK4   BANK5   BANK6   BANK7   BANK8   BANK9  BANK10  BANK11  BANK12  BANK13  BANK14  BANK15
      Params:         4       0       0       0       0       0       0       0       0       0       0       0       0       0       0       0       0
      Locals:         1       0       0       0       0       0       0       0       0       0       0       0       0       0       0       0       0
      Temps:          2       0       0       0       0       0       0       0       0       0       0       0       0       0       0       0       0
      Totals:         7       0       0       0       0       0       0       0       0       0       0       0       0       0       0       0       0
Total ram usage:        7 bytes
 Hardware stack levels used:    1
 Hardware stack levels required when called:    8
 This function calls:
		_calc_parity_even
		_calc_parity_odd
 This function is called by:
		_EUSART_Async_Transmit_Data_Blocking
		_Bluetooth_Send_Data_Non_Blocking
 This function uses a non-reentrant model


 *************** function _calc_parity_odd *****************
 Defined at:
		line 600 in file "MCAL/EUSART/mcal_EUSART.c"
 Parameters:    Size  Location     Type
  data            1    wreg     unsigned char 
 Auto vars:     Size  Location     Type
  data            1   32[COMRAM] unsigned char 
  l_counter       1   34[COMRAM] unsigned char 
  number_of_on    1   33[COMRAM] unsigned char 
 Return value:  Size  Location     Type
                  1    wreg      unsigned char 
 Registers used:
		wreg, status,2, status,0
 Tracked objects:
		On entry : 
		On exit  : 
		Unchanged: 
 Data sizes:     COMRAM   BANK0   BANK1   BANK2   BANK3   BANK4   BANK5   BANK6   BANK7   BANK8   BANK9  BANK10  BANK11  BANK12  BANK13  BANK14  BANK15
      Params:         0       0       0       0       0       0       0       0       0       0       0       0       0       0       0       0       0
      Locals:         3       0       0       0       0       0       0       0       0       0       0       0       0       0       0       0       0
      Temps:          2       0       0       0       0       0       0       0       0       0       0       0       0       0       0       0       0
      Totals:         5       0       0       0       0       0       0       0       0       0       0       0       0       0       0       0       0
Total ram usage:        5 bytes
 Hardware stack levels used:    1
 Hardware stack levels required when called:    7
 This function calls:
		Nothing
 This function is called by:
		_EUSART_Async_Transmit_Data
 This function uses a non-reentrant model


 *************** function _calc_parity_even *****************
 Defined at:
		line 638 in file "MCAL/EUSART/mcal_EUSART.c"
 Parameters:    Size  Location     Type
  data            1    wreg     unsigned char 
 Auto vars:     Size  Location     Type
  data            1   32[COMRAM] unsigned char 
  l_counter       1   34[COMRAM] unsigned char 
  number_of_on    1   33[COMRAM] unsigned char 
 Return value:  Size  Location     Type
                  1    wreg      unsigned char 
 Registers used:
		wreg, status,2, status,0
 Tracked objects:
		On entry : 
		On exit  : 
		Unchanged: 
 Data sizes:     COMRAM   BANK0   BANK1   BANK2   BANK3   BANK4   BANK5   BANK6   BANK7   BANK8   BANK9  BANK10  BANK11  BANK12  BANK13  BANK14  BANK15
      Params:         0       0       0       0       0       0       0       0       0       0       0       0       0       0       0       0       0
      Locals:         3       0       0       0       0       0       0       0       0       0       0       0       0       0       0       0       0
      Temps:          2       0       0       0       0       0       0       0       0       0       0       0       0       0       0       0       0
      Totals:         5       0       0       0       0       0       0       0       0       0       0       0       0       0       0       0       0
Total ram usage:        5 bytes
 Hardware stack levels used:    1
 Hardware stack levels required when called:    7
 This function calls:
		Nothing
 This function is called by:
		_EUSART_Async_Transmit_Data
 This function uses a non-reentrant model


 *************** function _EUSART_Async_Init *****************
 Defined at:
		line 42 in file "MCAL/EUSART/mcal_EUSART.c"
 Parameters:    Size  Location     Type
  _eusart_obj     2   32[BANK0 ] PTR const struct .
		 -> _uart_obj(15), 
 Auto vars:     Size  Location     Type
  ret_val         1   66[COMRAM] unsigned char 
 Return value:  Size  Location     Type
                  1    wreg      unsigned char 
 Registers used:
		wreg, fsr2l, fsr2h, status,2, status,0, cstack
 Tracked objects:
		On entry : 
		On exit  : 
		Unchanged: 
 Data sizes:     COMRAM   BANK0   BANK1   BANK2   BANK3   BANK4   BANK5   BANK6   BANK7   BANK8   BANK9  BANK10  BANK11  BANK12  BANK13  BANK14  BANK15
      Params:         0       2       0       0       0       0       0       0       0       0       0       0       0       0       0       0       0
      Locals:         1       0       0       0       0       0       0       0       0       0       0       0       0       0       0       0       0
      Temps:          0       0       0       0       0       0       0       0       0       0       0       0       0       0       0       0       0
      Totals:         1       2       0       0       0       0       0       0       0       0       0       0       0       0       0       0       0
Total ram usage:        3 bytes
 Hardware stack levels used:    1
 Hardware stack levels required when called:    9
 This function calls:
		_async_Rx_config
		_async_Tx_config
		_async_config_baud_rate_gen
 This function is called by:
		_Bluetooth_Init
 This function uses a non-reentrant model


[...]
		Nothing
 This function is called by:
		_InterruptManagerLow
 This function uses a non-reentrant model


 *************** function _InterruptManagerHigh *****************
 Defined at:
		line 33 in file "MCAL/Interrupts/mcal_interrupt_manager.c"
 Parameters:    Size  Location     Type
		None
 Auto vars:     Size  Location     Type
		None
 Return value:  Size  Location     Type
                  1    wreg      void 
 Registers used:
		wreg, fsr2l, fsr2h, status,2, status,0, pclath, tosl, prodl, prodh, cstack
 Tracked objects:
		On entry : 
		On exit  : 
		Unchanged: 
 Data sizes:     COMRAM   BANK0   BANK1   BANK2   BANK3   BANK4   BANK5   BANK6   BANK7   BANK8   BANK9  BANK10  BANK11  BANK12  BANK13  BANK14  BANK15
      Params:         0       0       0       0       0       0       0       0       0       0       0       0       0       0       0       0       0
      Locals:         0       0       0       0       0       0       0       0       0       0       0       0       0       0       0       0       0
      Temps:          6       0       0       0       0       0       0       0       0       0       0       0       0       0       0       0       0
      Totals:         6       0       0       0       0       0       0       0       0       0       0       0       0       0       0       0       0
Total ram usage:        6 bytes
 Hardware stack levels used:    1
 Hardware stack levels required when called:    4
 This function calls:
		_EUSART_Rx_ISR
		_EUSART_Tx_ISR
		_INT0_ISR
		_INT2_ISR
 This function is called by:
		Interrupt level 2
 This function uses a non-reentrant model


 *************** function _INT2_ISR *****************
 Defined at:
		line 86 in file "MCAL/Interrupts/mcal_external_interrupt.c"
 Parameters:    Size  Location     Type
		None
 Auto vars:     Size  Location     Type
		None
 Return value:  Size  Location     Type
                  1    wreg      void 
 Registers used:
		None
 Tracked objects:
		On entry : 
		On exit  : 
		Unchanged: 
 Data sizes:     COMRAM   BANK0   BANK1   BANK2   BANK3   BANK4   BANK5   BANK6   BANK7   BANK8   BANK9  BANK10  BANK11  BANK12  BANK13  BANK14  BANK15
      Params:         0       0       0       0       0       0       0       0       0       0       0       0       0       0       0       0       0
      Locals:         0       0       0       0       0       0       0       0       0       0       0       0       0       0       0       0       0
      Temps:          0       0       0       0       0       0       0       0       0       0       0       0       0       0       0       0       0
      Totals:         0       0       0       0       0       0       0       0       0       0       0       0       0       0       0       0       0
Total ram usage:        0 bytes
 Hardware stack levels used:    1
 This function calls:
		Nothing
 This function is called by:
		_InterruptManagerHigh
 This function uses a non-reentrant model


 *************** function _INT0_ISR *****************
 Defined at:
		line 60 in file "MCAL/Interrupts/mcal_external_interrupt.c"
 Parameters:    Size  Location     Type
		None
 Auto vars:     Size  Location     Type
		None
 Return value:  Size  Location     Type
                  1    wreg      void 
 Registers used:
		None
 Tracked objects:
		On entry : 
		On exit  : 
		Unchanged: 
 Data sizes:     COMRAM   BANK0   BANK1   BANK2   BANK3   BANK4   BANK5   BANK6   BANK7   BANK8   BANK9  BANK10  BANK11  BANK12  BANK13  BANK14  BANK15
      Params:         0       0       0       0       0       0       0       0       0       0       0       0       0       0       0       0       0
      Locals:         0       0       0       0       0       0       0       0       0       0       0       0       0       0       0       0       0
      Temps:          0       0       0       0       0       0       0       0       0       0       0       0       0       0       0       0       0
      Totals:         0       0       0       0       0       0       0       0       0       0       0       0       0       0       0       0       0
Total ram usage:        0 bytes
 Hardware stack levels used:    1
 This function calls:
		Nothing
 This function is called by:
		_InterruptManagerHigh
 This function uses a non-reentrant model


 *************** function _EUSART_Tx_ISR *****************
 Defined at:
		line 673 in file "MCAL/EUSART/mcal_EUSART.c"
 Parameters:    Size  Location     Type
		None
 Auto vars:     Size  Location     Type
		None
 Return value:  Size  Location     Type
                  1    wreg      void 
 Registers used:
		None
 Tracked objects:
		On entry : 
		On exit  : 
		Unchanged: 
 Data sizes:     COMRAM   BANK0   BANK1   BANK2   BANK3   BANK4   BANK5   BANK6   BANK7   BANK8   BANK9  BANK10  BANK11  BANK12  BANK13  BANK14  BANK15
      Params:         0       0       0       0       0       0       0       0       0       0       0       0       0       0       0       0       0
      Locals:         0       0       0       0       0       0       0       0       0       0       0       0       0       0       0       0       0
      Temps:          0       0       0       0       0       0       0       0       0       0       0       0       0       0       0       0       0
      Totals:         0       0       0       0       0       0       0       0       0       0       0       0       0       0       0       0       0
Total ram usage:        0 bytes
 Hardware stack levels used:    1
 This function calls:
		Nothing
 This function is called by:
		_InterruptManagerHigh
 This function uses a non-reentrant model


 *************** function _EUSART_Rx_ISR *****************
 Defined at:
		line 691 in file "MCAL/EUSART/mcal_EUSART.c"
 Parameters:    Size  Location     Type
		None
 Auto vars:     Size  Location     Type
		None
 Return value:  Size  Location     Type
                  1    wreg      void 
 Registers used:
		wreg, fsr2l, fsr2h, status,2, status,0, pclath, tosl, prodl, prodh, cstack
 Tracked objects:
		On entry : 
		On exit  : 
		Unchanged: 
 Data sizes:     COMRAM   BANK0   BANK1   BANK2   BANK3   BANK4   BANK5   BANK6   BANK7   BANK8   BANK9  BANK10  BANK11  BANK12  BANK13  BANK14  BANK15
      Params:         0       0       0       0       0       0       0       0       0       0       0       0       0       0       0       0       0
      Locals:         0       0       0       0       0       0       0       0       0       0       0       0       0       0       0       0       0
      Temps:          0       0       0       0       0       0       0       0       0       0       0       0       0       0       0       0       0
      Totals:         0       0       0       0       0       0       0       0       0       0       0       0       0       0       0       0       0
Total ram usage:        0 bytes
 Hardware stack levels used:    1
 Hardware stack levels required when called:    3
 This function calls:
		Absolute function
		_bluetooth_isr
 This function is called by:
		_InterruptManagerHigh
 This function uses a non-reentrant model


 *************** function _bluetooth_isr *****************
 Defined at:
		line 65 in file "application.c"
 Parameters:    Size  Location     Type
		None
 Auto vars:     Size  Location     Type
		None
 Return value:  Size  Location     Type
                  1    wreg      void 
 Registers used:
		wreg, fsr2l, fsr2h, status,2, status,0, prodl, prodh, cstack
 Tracked objects:
		On entry : 
		On exit  : 
		Unchanged: 
 Data sizes:     COMRAM   BANK0   BANK1   BANK2   BANK3   BANK4   BANK5   BANK6   BANK7   BANK8   BANK9  BANK10  BANK11  BANK12  BANK13  BANK14  BANK15
      Params:         0       0       0       0       0       0       0       0       0       0       0       0       0       0       0       0       0
      Locals:         0       0       0       0       0       0       0       0       0       0       0       0       0       0       0       0       0
      Temps:          0       0       0       0       0       0       0       0       0       0       0       0       0       0       0       0       0
      Totals:         0       0       0       0       0       0       0       0       0       0       0       0       0       0       0       0       0
Total ram usage:        0 bytes
 Hardware stack levels used:    1
 Hardware stack levels required when called:    2
 This function calls:
		_EUSART_Async_Read_Data
		i2_EUSART_Async_Transmit_Data
		i2_GPIO_Pin_Toggle_Logic
 This function is called by:
		_EUSART_Rx_ISR
 This function uses a non-reentrant model


 *************** function i2_GPIO_Pin_Toggle_Logic *****************
 Defined at:
		line 135 in file "MCAL/GPIO/hal_gpio.c"
 Parameters:    Size  Location     Type
  _pin_config     2    0[COMRAM] PTR const struct .
		 -> pind2(1), pind1(1), 
 Auto vars:     Size  Location     Type
  ERRORSTATUS     1    0        unsigned char 
 Return value:  Size  Location     Type
                  1    wreg      unsigned char 
 Registers used:
		wreg, fsr2l, fsr2h, status,2, status,0, prodl, prodh
 Tracked objects:
		On entry : 
		On exit  : 
		Unchanged: 
 Data sizes:     COMRAM   BANK0   BANK1   BANK2   BANK3   BANK4   BANK5   BANK6   BANK7   BANK8   BANK9  BANK10  BANK11  BANK12  BANK13  BANK14  BANK15
      Params:         2       0       0       0       0       0       0       0       0       0       0       0       0       0       0       0       0
      Locals:         1       0       0       0       0       0       0       0       0       0       0       0       0       0       0       0       0
      Temps:          5       0       0       0       0       0       0       0       0       0       0       0       0       0       0       0       0
      Totals:         8       0       0       0       0       0       0       0       0       0       0       0       0       0       0       0       0
Total ram usage:        8 bytes
 Hardware stack levels used:    1
 This function calls:
		Nothing
 This function is called by:
		_bluetooth_isr
 This function uses a non-reentrant model


 *************** function i2_EUSART_Async_Transmit_Data *****************
 Defined at:
		line 124 in file "MCAL/EUSART/mcal_EUSART.c"
 Parameters:    Size  Location     Type
  _eusart_obj     2    5[COMRAM] PTR const struct .
		 -> _uart_obj(15), 
  data            2    7[COMRAM] unsigned short 
 Auto vars:     Size  Location     Type
  ret_val         1    0        unsigned char 
 Return value:  Size  Location     Type
                  1    wreg      unsigned char 
 Registers used:
		wreg, fsr2l, fsr2h, status,2, status,0, cstack
 Tracked objects:
		On entry : 
		On exit  : 
		Unchanged: 
 Data sizes:     COMRAM   BANK0   BANK1   BANK2   BANK3   BANK4   BANK5   BANK6   BANK7   BANK8   BANK9  BANK10  BANK11  BANK12  BANK13  BANK14  BANK15
      Params:         4       0       0       0       0       0       0       0       0       0       0       0       0       0       0       0       0
      Locals:         1       0       0       0       0       0       0       0       0       0       0       0       0       0       0       0       0
      Temps:          2       0       0       0       0       0       0       0       0       0       0       0       0       0       0       0       0
      Totals:         7       0       0       0       0       0       0       0       0       0       0       0       0       0       0       0       0
Total ram usage:        7 bytes
 Hardware stack levels used:    1
 Hardware stack levels required when called:    1
 This function calls:
		i2_calc_parity_even
		i2_calc_parity_odd
 This function is called by:
		_bluetooth_isr
 This function uses a non-reentrant model


 *************** function _EUSART_Async_Read_Data *****************
 Defined at:
		line 181 in file "MCAL/EUSART/mcal_EUSART.c"
 Parameters:    Size  Location     Type
  _eusart_obj     2    5[COMRAM] PTR const struct .
		 -> _uart_obj(15), 
  data            2    7[COMRAM] PTR unsigned short 
		 -> data(1), 
 Auto vars:     Size  Location     Type
  l_temp_data     2   18[COMRAM] unsigned short 
  ret_val         1    0        unsigned char 
 Return value:  Size  Location     Type
                  1    wreg      unsigned char 
 Registers used:
		wreg, fsr2l, fsr2h, status,2, status,0, cstack
 Tracked objects:
		On entry : 
		On exit  : 
		Unchanged: 
 Data sizes:     COMRAM   BANK0   BANK1   BANK2   BANK3   BANK4   BANK5   BANK6   BANK7   BANK8   BANK9  BANK10  BANK11  BANK12  BANK13  BANK14  BANK15
      Params:         4       0       0       0       0       0       0       0       0       0       0       0       0       0       0       0       0
      Locals:         9       0       0       0       0       0       0       0       0       0       0       0       0       0       0       0       0
      Temps:          2       0       0       0       0       0       0       0       0       0       0       0       0       0       0       0       0
      Totals:        15       0       0       0       0       0       0       0       0       0       0       0       0       0       0       0       0
Total ram usage:       15 bytes
 Hardware stack levels used:    1
 Hardware stack levels required when called:    1
 This function calls:
		i2_calc_parity_even
		i2_calc_parity_odd
 This function is called by:
		_bluetooth_isr
		_Bluetooth_Recieve_Data_Non_Blocking
		_EUSART_Async_Read_Data_Blocking
 This function uses a non-reentrant model


 *************** function i2_calc_parity_odd *****************
 Defined at:
		line 600 in file "MCAL/EUSART/mcal_EUSART.c"
 Parameters:    Size  Location     Type
  data            1    wreg     unsigned char 
 Auto vars:     Size  Location     Type
  data            1    2[COMRAM] unsigned char 
  l_counter       1    4[COMRAM] unsigned char 
  number_of_on    1    3[COMRAM] unsigned char 
 Return value:  Size  Location     Type
                  1    wreg      unsigned char 
 Registers used:
		wreg, status,2, status,0
 Tracked objects:
		On entry : 
		On exit  : 
		Unchanged: 
 Data sizes:     COMRAM   BANK0   BANK1   BANK2   BANK3   BANK4   BANK5   BANK6   BANK7   BANK8   BANK9  BANK10  BANK11  BANK12  BANK13  BANK14  BANK15
      Params:         0       0       0       0       0       0       0       0       0       0       0       0       0       0       0       0       0
      Locals:         3       0       0       0       0       0       0       0       0       0       0       0       0       0       0       0       0
      Temps:          2       0       0       0       0       0       0       0       0       0       0       0       0       0       0       0       0
      Totals:         5       0       0       0       0       0       0       0       0       0       0       0       0       0       0       0       0
Total ram usage:        5 bytes
 Hardware stack levels used:    1
 This function calls:
		Nothing
 This function is called by:
		_EUSART_Async_Read_Data
		i2_EUSART_Async_Transmit_Data
 This function uses a non-reentrant model


 *************** function i2_calc_parity_even *****************
 Defined at:
		line 638 in file "MCAL/EUSART/mcal_EUSART.c"
 Parameters:    Size  Location     Type
  data            1    wreg     unsigned char 
 Auto vars:     Size  Location     Type
  data            1    2[COMRAM] unsigned char 
  l_counter       1    4[COMRAM] unsigned char 
  number_of_on    1    3[COMRAM] unsigned char 
 Return value:  Size  Location     Type
                  1    wreg      unsigned char 
 Registers used:
		wreg, status,2, status,0
 Tracked objects:
		On entry : 
		On exit  : 
		Unchanged: 
 Data sizes:     COMRAM   BANK0   BANK1   BANK2   BANK3   BANK4   BANK5   BANK6   BANK7   BANK8   BANK9  BANK10  BANK11  BANK12  BANK13  BANK14  BANK15
      Params:         0       0       0       0       0       0       0       0       0       0       0       0       0       0       0       0       0
      Locals:         3       0       0       0       0       0       0       0       0       0       0       0       0       0       0       0       0
      Temps:          2       0       0       0       0       0       0       0       0       0       0       0       0       0       0       0       0
      Totals:         5       0       0       0       0       0       0       0       0       0       0       0       0       0       0       0       0
Total ram usage:        5 bytes
 Hardware stack levels used:    1
 This function calls:
		Nothing
 This function is called by:
		_EUSART_Async_Read_Data
		i2_EUSART_Async_Transmit_Data
 This function uses a non-reentrant model



MODULE INFORMATION

Module		Function		Class		Link	Load	Size
C:\Program Files\Microchip\xc8\v2.30\pic\sources\c99\common\sprcdiv.c
		___fldiv       		CODE           	18A2	0000	924

C:\Program Files\Microchip\xc8\v2.30\pic\sources\c99\common\sprcdiv.c estimated size: 924

MCAL/Interrupts/mcal_external_interrupt.c
		_RB4_ISR       		CODE           	2EC4	0000	26
		_RB5_ISR       		CODE           	2EAA	0000	26
		_RB6_ISR       		CODE           	2E90	0000	26
		_RB7_ISR       		CODE           	2E76	0000	26
		_INT0_ISR      		CODE           	2EE6	0000	4
		_INT1_ISR      		CODE           	2EDE	0000	4
		_INT2_ISR      		CODE           	2EE2	0000	4

MCAL/Interrupts/mcal_external_interrupt.c estimated size: 116

C:\Program Files\Microchip\xc8\v2.30\pic\sources\c99\common\sprcadd.c
		___fladd       		CODE           	1042	0000	1218

C:\Program Files\Microchip\xc8\v2.30\pic\sources\c99\common\sprcadd.c estimated size: 1218

C:\Program Files\Microchip\xc8\v2.30\pic\sources\c99\common\fltol.c
		___fltol       		CODE           	235A	0000	262

C:\Program Files\Microchip\xc8\v2.30\pic\sources\c99\common\fltol.c estimated size: 262

MCAL/GPIO/hal_gpio.c
		_GPIO_Pin_Toggle_Logic		CODE           	29D2	0000	112
		_GPIO_Pin_Direction_Initialize		CODE           	1FDC	0000	320
		_GPIO_Pin_Initialize		CODE           	2D0C	0000	68
		_GPIO_Pin_Write_Logic		CODE           	211C	0000	296

MCAL/GPIO/hal_gpio.c estimated size: 796

MCAL/Interrupts/mcal_interrupt_manager.c
		_InterruptManagerLow		CODE           	0018	0000	606
		_InterruptManagerHigh		CODE           	0008	0000	284

MCAL/Interrupts/mcal_interrupt_manager.c estimated size: 890

C:\Program Files\Microchip\xc8\v2.30\pic\sources\c99\common\xxtofl.c
		___xxtofl      		CODE           	1E28	0000	436

C:\Program Files\Microchip\xc8\v2.30\pic\sources\c99\common\xxtofl.c estimated size: 436

shared
		i2_calc_parity_odd		CODE           	2B82	0000	104
		__initialization		CODE           	2C52	0000	86
		i2_EUSART_Async_Transmit_Data		CODE           	2546	0000	230
		i2_GPIO_Pin_Toggle_Logic		CODE           	2A42	0000	112
		i2_calc_parity_even		CODE           	2BEA	0000	104

shared estimated size: 636

MCAL/EUSART/mcal_EUSART.c
		_EUSART_Async_Transmit_Data		CODE           	2460	0000	230
		_EUSART_Async_Transmit_Data_Blocking		CODE           	2D90	0000	58
		_Rx_config_interrupt		CODE           	2832	0000	162
		_Tx_config_interrupt		CODE           	2956	0000	124
		_calc_parity_even		CODE           	2B1A	0000	104
		_EUSART_Async_Transmit_Data_String_Blocking		CODE           	28D4	0000	130
		_EUSART_Rx_ISR 		CODE           	2E30	0000	44
		_EUSART_Tx_ISR 		CODE           	2EEA	0000	4
		_async_Tx_config		CODE           	262C	0000	174
		_EUSART_Async_Init		CODE           	2CB2	0000	90
		_calc_parity_odd		CODE           	2AB2	0000	104
		_async_config_baud_rate_gen		CODE           	1504	0000	926
		_EUSART_Async_Read_Data		CODE           	1C3E	0000	490
		_async_Rx_config		CODE           	26DA	0000	174

MCAL/EUSART/mcal_EUSART.c estimated size: 2814

application.c
		_main          		CODE           	2D50	0000	64
		_application_intialize		CODE           	2E5C	0000	26
		_bluetooth_isr 		CODE           	2DCA	0000	56

application.c estimated size: 146

ECU/Bluetooth/Bluetooth.c
		_Bluetooth_Init		CODE           	2788	0000	170

ECU/Bluetooth/Bluetooth.c estimated size: 170

