Microchip MPLAB XC8 Compiler V2.30

Linker command line:

-W-3 --edf=C:\Program Files\Microchip\xc8\v2.30\pic\dat\en_msgs.txt -cn \
  -h+dist/default/production\graduation_project.production.sym \
  --cmf=dist/default/production\graduation_project.production.cmf -z \
  -Q18F4620 -oC:\Users\ahmed radwan\AppData\Local\Temp\sjjsx2 \
  --defsym=__MPLAB_BUILD=1 \
  -Mdist/default/production/graduation_project.production.map -E1 \
  -ver=XC8 Compiler --acfsm=1493 -ASTACK=094h-0F7Fh -pstack=STACK \
  -ACODE=00h-0FFFFh -ACONST=00h-0FFFFh -ASMALLCONST=01000h-010FFhx240 \
  -AMEDIUMCONST=01000h-0FFFFh -ACOMRAM=01h-07Fh -AABS1=00h-0F7Fh \
  -ABIGRAM=01h-0F7Fh -ARAM=080h-0FFh,0100h-01FFhx14,0F00h-0F7Fh \
  -ABANK0=080h-0FFh -ABANK1=0100h-01FFh -ABANK2=0200h-02FFh \
  -ABANK3=0300h-03FFh -ABANK4=0400h-04FFh -ABANK5=0500h-05FFh \
  -ABANK6=0600h-06FFh -ABANK7=0700h-07FFh -ABANK8=0800h-08FFh \
  -ABANK9=0900h-09FFh -ABANK10=0A00h-0AFFh -ABANK11=0B00h-0BFFh \
  -ABANK12=0C00h-0CFFh -ABANK13=0D00h-0DFFh -ABANK14=0E00h-0EFFh \
  -ABANK15=0F00h-0F7Fh -ASFR=0F80h-0FFFh -ACONFIG=0300000h-030000Dh \
  -AIDLOC=0200000h-0200007h -AEEDATA=0F00000h-0F003FFh -peeprom_data=EEDATA \
  -preset_vec=00h,intcode=08h,intcodelo=018h,powerup,init -pramtop=01000h \
  -psmallconst=SMALLCONST -pmediumconst=MEDIUMCONST -pconst=CONST \
  -AFARRAM=00h-00h \
  -prdata=COMRAM,nvrram=COMRAM,nvbit=COMRAM,rbss=COMRAM,rbit=COMRAM \
  -pfarbss=FARRAM,fardata=FARRAM,nvFARRAM=FARRAM \
  -pintsave_regs=BIGRAM,bigbss=BIGRAM,bigdata=BIGRAM -pbss=RAM \
  -pidata=CODE,irdata=CODE,ibigdata=CODE,ifardata=CODE -prparam=COMRAM \
  C:\Users\ahmed radwan\AppData\Local\Temp\sjjsx8.o \
  dist/default/production\graduation_project.production.o 

Object code version is 3.11

Machine type is 18F4620



                Name                               Link     Load   Length Selector   Space Scale
C:\Users\ahmed radwan\AppData\Local\Temp\sjjsx8.o
                idloc                            200000   200000        8        0       5
                config                           300000   300000        E        0       4
                init                                276      276        4        C       0
                reset_vec                             0        0        4        0       0
dist/default/production\graduation_project.production.o
                intcodelo                            18       18      25E        C       0
                intcode                               8        8        6        4       0
                idloc                            200000   200000        8        0       5
                config                           300000   300000        E        0       4
                temp                                 79       79        1        1       1
                text22                             1830     1830        4        C       0
                text21                             182C     182C        4        C       0
                intcode_body                       13F6     13F6       C6        C       0
                text19                             1828     1828        4        C       0
                text18                             17DC     17DC       1A        C       0
                text17                             17C2     17C2       1A        C       0
                text16                             17A8     17A8       1A        C       0
                text15                             178E     178E       1A        C       0
                text13                             1644     1644       68        C       0
                text12                             15DC     15DC       68        C       0
                text11                              E6E      E6E      1EA        C       0
                text10                             1312     1312       E4        C       0
                text9                              154C     154C       90        C       0
                text8                              14BC     14BC       90        C       0
                text7                               27A      27A      4C0        C       0
                text6                               AD4      AD4      39A        C       0
                text5                              120C     120C      106        C       0
                text4                              1058     1058      1B4        C       0
                text3                               73A      73A      39A        C       0
                text2                              1706     1706       54        C       0
                text1                              181A     181A        E        C       0
                text0                              175A     175A       34        C       0
                cstackCOMRAM                          1        1       4B        1       1
                dataBANK0                            80       80       14       80       1
                dataCOMRAM                           69       69       10        1       1
                bssCOMRAM                            4C       4C       1D        1       1
                cinit                              16AC     16AC       5A        C       0
                idataBANK0                         17F6     17F6       14        C       0
                idataCOMRAM                        180A     180A       10        C       0

TOTAL           Name                               Link     Load   Length     Space
        CLASS   STACK          

        CLASS   CODE           
                intcodelo                            18       18      25E         0
                intcode                               8        8        6         0
                init                                276      276        4         0
                reset_vec                             0        0        4         0
                text22                             1830     1830        4         0
                text21                             182C     182C        4         0
                intcode_body                       13F6     13F6       C6         0
                text19                             1828     1828        4         0
                text18                             17DC     17DC       1A         0
                text17                             17C2     17C2       1A         0
                text16                             17A8     17A8       1A         0
                text15                             178E     178E       1A         0
                text13                             1644     1644       68         0
                text12                             15DC     15DC       68         0
                text11                              E6E      E6E      1EA         0
                text10                             1312     1312       E4         0
                text9                              154C     154C       90         0
                text8                              14BC     14BC       90         0
                text7                               27A      27A      4C0         0
                text6                               AD4      AD4      39A         0
                text5                              120C     120C      106         0
                text4                              1058     1058      1B4         0
                text3                               73A      73A      39A         0
                text2                              1706     1706       54         0
                text1                              181A     181A        E         0
                text0                              175A     175A       34         0
                cinit                              16AC     16AC       5A         0
                idataBANK0                         17F6     17F6       14         0
                idataCOMRAM                        180A     180A       10         0

        CLASS   CONST          

        CLASS   SMALLCONST     

        CLASS   MEDIUMCONST    

        CLASS   COMRAM         
                temp                                 79       79        1         1
                cstackCOMRAM                          1        1       4B         1
                dataCOMRAM                           69       69       10         1
                bssCOMRAM                            4C       4C       1D         1

        CLASS   ABS1           

        CLASS   BIGRAM         

        CLASS   RAM            

        CLASS   BANK0          
                dataBANK0                            80       80       14         1

        CLASS   BANK1          

        CLASS   BANK2          

        CLASS   BANK3          

        CLASS   BANK4          

        CLASS   BANK5          

        CLASS   BANK6          

        CLASS   BANK7          

        CLASS   BANK8          

        CLASS   BANK9          

        CLASS   BANK10         

        CLASS   BANK11         

        CLASS   BANK12         

        CLASS   BANK13         

        CLASS   BANK14         

        CLASS   BANK15         

        CLASS   SFR            

        CLASS   CONFIG         
                config                           300000   300000        E         4

        CLASS   IDLOC          
                idloc                            200000   200000        8         5

        CLASS   EEDATA         

        CLASS   FARRAM         



SEGMENTS        Name                           Load    Length   Top    Selector   Space  Class

                reset_vec                      000000  000004  000004         0       0  CODE    
                cstackCOMRAM                   000001  000079  00007A         1       1  COMRAM  
                intcode                        000008  000006  00000E         4       0  CODE    
                intcodelo                      000018  00181C  001834         C       0  CODE    
                dataBANK0                      000080  000014  000094        80       1  BANK0   


UNUSED ADDRESS RANGES

        Name                Unused          Largest block    Delta
        BANK0            000094-0000FF               6C
        BANK1            000100-0001FF              100
        BANK10           000A00-000AFF              100
        BANK11           000B00-000BFF              100
        BANK12           000C00-000CFF              100
        BANK13           000D00-000DFF              100
        BANK14           000E00-000EFF              100
        BANK15           000F00-000F7F               80
        BANK2            000200-0002FF              100
        BANK3            000300-0003FF              100
        BANK4            000400-0004FF              100
        BANK5            000500-0005FF              100
        BANK6            000600-0006FF              100
        BANK7            000700-0007FF              100
        BANK8            000800-0008FF              100
        BANK9            000900-0009FF              100
        BIGRAM           00007A-00007F                6
                         000094-000F7F              EEC
        CODE             000004-000007                4
                         00000E-000017                A
                         001834-00FFFF             E7CC
        COMRAM           00007A-00007F                6
        CONST            000004-000007                4
                         00000E-000017                A
                         001834-00FFFF             E7CC
        EEDATA           F00000-F003FF              400
        MEDIUMCONST      001834-00FFFF             E7CC
        RAM              000094-000F7F              100
        SFR              000F80-000FFF               80
        SMALLCONST       001834-00FFFF              100
        STACK            000094-000F7F              EEC

                                  Symbol Table

?___fladd                                cstackCOMRAM 00002C
?___fldiv                                cstackCOMRAM 000013
?___fltol                                cstackCOMRAM 000005
?___xxtofl                               cstackCOMRAM 000005
EUSART_Async_Init@_eusart_obj            cstackCOMRAM 000049
EUSART_Async_Init@ret_val                cstackCOMRAM 00004B
EUSART_Async_Read_Data@_eusart_obj       cstackCOMRAM 00000A
EUSART_Async_Read_Data@data              cstackCOMRAM 00000C
EUSART_Async_Read_Data@l_temp_data       cstackCOMRAM 000017
EUSART_Async_Transmit_Data@_eusart_obj   cstackCOMRAM 00000A
EUSART_Async_Transmit_Data@data          cstackCOMRAM 00000C
RB4_ISR@Handler_Select                   cstackCOMRAM 000001
RB5_ISR@Handler_Select                   cstackCOMRAM 000001
RB6_ISR@Handler_Select                   cstackCOMRAM 000001
RB7_ISR@Handler_Select                   cstackCOMRAM 000001
_BAUDCONbits                             (abs)        000FB8
_EUSART_Async_Init                       text2        001706
_EUSART_Async_Read_Data                  text11       000E6E
_EUSART_Async_Read_Data$2226             cstackCOMRAM 000011
_EUSART_Async_Read_Data$2227             cstackCOMRAM 000013
_EUSART_Async_Read_Data$2228             cstackCOMRAM 000015
_EUSART_Async_Transmit_Data              text10       001312
_I2C_DefaultInterruptHandler             bssCOMRAM    000066
_I2C_Report_Receive_Overflow             bssCOMRAM    000064
_I2C_Report_Write_Collision              bssCOMRAM    000062
_INT0_ISR                                text22       001830
_INT0_InterruptHandler                   bssCOMRAM    000060
_INT1_ISR                                text19       001828
_INT1_InterruptHandler                   bssCOMRAM    00005E
_INT2_ISR                                text21       00182C
_INT2_InterruptHandler                   bssCOMRAM    00005C
_INTCON2bits                             (abs)        000FF1
_INTCON3bits                             (abs)        000FF0
_INTCONbits                              (abs)        000FF2
_IPR1bits                                (abs)        000F9F
_IPR2bits                                (abs)        000FA2
_InterruptManagerHigh                    intcode      000008
_InterruptManagerLow                     intcodelo    000018
_LATA                                    (abs)        000F89
_LATB                                    (abs)        000F8A
_LATC                                    (abs)        000F8B
_LATD                                    (abs)        000F8C
_LATE                                    (abs)        000F8D
_PIE1bits                                (abs)        000F9D
_PIE2bits                                (abs)        000FA0
_PIR1bits                                (abs)        000F9E
_PIR2bits                                (abs)        000FA1
_PORTA                                   (abs)        000F80
_PORTB                                   (abs)        000F81
_PORTBbits                               (abs)        000F81
_PORTC                                   (abs)        000F82
_PORTD                                   (abs)        000F83
_PORTE                                   (abs)        000F84
_RB4_ISR                                 text18       0017DC
_RB4_InterruptHandler_HIGH               bssCOMRAM    00005A
_RB4_InterruptHandler_LOW                bssCOMRAM    000058
_RB5_ISR                                 text17       0017C2
_RB5_InterruptHandler_HIGH               bssCOMRAM    000056
_RB5_InterruptHandler_LOW                bssCOMRAM    000054
_RB6_ISR                                 text16       0017A8
_RB6_InterruptHandler_HIGH               bssCOMRAM    000052
_RB6_InterruptHandler_LOW                bssCOMRAM    000050
_RB7_ISR                                 text15       00178E
_RB7_InterruptHandler_HIGH               bssCOMRAM    00004E
_RB7_InterruptHandler_LOW                bssCOMRAM    00004C
_RCONbits                                (abs)        000FD0
_RCREG                                   (abs)        000FAE
_RCSTAbits                               (abs)        000FAB
_RX9D                                    (abs)        007D58
_SPBRG                                   (abs)        000FAF
_SPBRGH                                  (abs)        000FB0
_SSPADD                                  (abs)        000FC8
_SSPBUF                                  (abs)        000FC9
_SSPCON1bits                             (abs)        000FC6
_SSPCON2bits                             (abs)        000FC5
_SSPSTATbits                             (abs)        000FC7
_TRISA                                   (abs)        000F92
_TRISB                                   (abs)        000F93
_TRISBbits                               (abs)        000F93
_TRISC                                   (abs)        000F94
_TRISCbits                               (abs)        000F94
_TRISD                                   (abs)        000F95
_TRISE                                   (abs)        000F96
_TXREG                                   (abs)        000FAD
_TXSTA1bits                              (abs)        000FAC
_TXSTAbits                               (abs)        000FAC
__HRAM                                   (abs)        000000
__Habs1                                  abs1         000000
__Hbank0                                 bank0        000000
__Hbank1                                 bank1        000000
__Hbank10                                bank10       000000
__Hbank11                                bank11       000000
__Hbank12                                bank12       000000
__Hbank13                                bank13       000000
__Hbank14                                bank14       000000
__Hbank15                                bank15       000000
__Hbank2                                 bank2        000000
__Hbank3                                 bank3        000000
__Hbank4                                 bank4        000000
__Hbank5                                 bank5        000000
__Hbank6                                 bank6        000000
__Hbank7                                 bank7        000000
__Hbank8                                 bank8        000000
__Hbank9                                 bank9        000000
__Hbigbss                                bigbss       000000
__Hbigdata                               bigdata      000000
__Hbigram                                bigram       000000
__Hbss                                   bss          000000
__HbssCOMRAM                             bssCOMRAM    000000
__Hcinit                                 cinit        000000
__Hclrtext                               clrtext      000000
__Hcomram                                comram       000000
__Hconfig                                config       30000E
__Hconst                                 const        000000
__HcstackCOMRAM                          cstackCOMRAM 000000
__Hdata                                  data         000000
__HdataBANK0                             dataBANK0    000000
__HdataCOMRAM                            dataCOMRAM   000000
__Heeprom_data                           eeprom_data  000000
__Hfarbss                                farbss       000000
__Hfardata                               fardata      000000
__Hibigdata                              ibigdata     000000
__Hidata                                 idata        000000
__HidataBANK0                            idataBANK0   000000
__HidataCOMRAM                           idataCOMRAM  000000
__Hidloc                                 idloc        200008
__Hifardata                              ifardata     000000
__Hinit                                  init         00027A
__Hintcode                               intcode      00000E
__Hintcode_body                          intcode_body 000000
__Hintcodelo                             intcodelo    000276
__Hintentry                              intentry     000000
__Hintret                                intret       000000
__Hintsave_regs                          intsave_regs 000000
__Hirdata                                irdata       000000
__Hmediumconst                           mediumconst  000000
__HnvFARRAM                              nvFARRAM     000000
__Hnvbit                                 nvbit        000000
__Hnvrram                                nvrram       000000
__Hparam                                 rparam       000000
__Hpowerup                               powerup      000276
__Hram                                   ram          000000
__Hramtop                                ramtop       001000
__Hrbit                                  rbit         000000
__Hrbss                                  rbss         000000
__Hrdata                                 rdata        000000
__Hreset_vec                             reset_vec    000004
__Hrparam                                rparam       000000
__Hsfr                                   sfr          000000
__Hsmallconst                            smallconst   000000
__Hspace_0                               (abs)        001834
__Hspace_1                               (abs)        000094
__Hspace_2                               (abs)        000000
__Hspace_4                               (abs)        60000E
__Hstack                                 stack        000000
__Hstruct                                struct       000000
__Htemp                                  temp         00007A
__Htext                                  text         000000
__Htext0                                 text0        000000
__Htext1                                 text1        000000
__Htext10                                text10       000000
__Htext11                                text11       000000
__Htext12                                text12       000000
__Htext13                                text13       000000
__Htext15                                text15       000000
__Htext16                                text16       000000
__Htext17                                text17       000000
__Htext18                                text18       000000
__Htext19                                text19       000000
__Htext2                                 text2        000000
__Htext21                                text21       000000
__Htext22                                text22       000000
__Htext3                                 text3        000000
__Htext4                                 text4        000000
__Htext5                                 text5        000000
__Htext6                                 text6        000000
__Htext7                                 text7        000000
__Htext8                                 text8        000000
__Htext9                                 text9        000000
__LRAM                                   (abs)        000001
__Labs1                                  abs1         000000
__Lbank0                                 bank0        000000
__Lbank1                                 bank1        000000
__Lbank10                                bank10       000000
__Lbank11                                bank11       000000
__Lbank12                                bank12       000000
__Lbank13                                bank13       000000
__Lbank14                                bank14       000000
__Lbank15                                bank15       000000
__Lbank2                                 bank2        000000
__Lbank3                                 bank3        000000
__Lbank4                                 bank4        000000
__Lbank5                                 bank5        000000
__Lbank6                                 bank6        000000
__Lbank7                                 bank7        000000
__Lbank8                                 bank8        000000
__Lbank9                                 bank9        000000
__Lbigbss                                bigbss       000000
__Lbigdata                               bigdata      000000
__Lbigram                                bigram       000000
__Lbss                                   bss          000000
__LbssCOMRAM                             bssCOMRAM    000000
__Lcinit                                 cinit        000000
__Lclrtext                               clrtext      000000
__Lcomram                                comram       000000
__Lconfig                                config       000000
__Lconst                                 const        000000
__LcstackCOMRAM                          cstackCOMRAM 000000
__Ldata                                  data         000000
__LdataBANK0                             dataBANK0    000000
__LdataCOMRAM                            dataCOMRAM   000000
__Leeprom_data                           eeprom_data  000000
__Lfarbss                                farbss       000000
__Lfardata                               fardata      000000
__Libigdata                              ibigdata     000000
__Lidata                                 idata        000000
__LidataBANK0                            idataBANK0   000000
__LidataCOMRAM                           idataCOMRAM  000000
__Lidloc                                 idloc        000000
__Lifardata                              ifardata     000000
__Linit                                  init         000276
__Lintcode                               intcode      000008
__Lintcode_body                          intcode_body 000000
__Lintcodelo                             intcodelo    000018
__Lintentry                              intentry     000000
__Lintret                                intret       000000
__Lintsave_regs                          intsave_regs 000000
__Lirdata                                irdata       000000
__Lmediumconst                           mediumconst  000000
__LnvFARRAM                              nvFARRAM     000000
__Lnvbit                                 nvbit        000000
__Lnvrram                                nvrram       000000
__Lparam                                 rparam       000000
__Lpowerup                               powerup      000276
__Lram                                   ram          000000
__Lramtop                                ramtop       001000
__Lrbit                                  rbit         000000
__Lrbss                                  rbss         000000
__Lrdata                                 rdata        000000
__Lreset_vec                             reset_vec    000000
__Lrparam                                rparam       000000
__Lsfr                                   sfr          000000
__Lsmallconst                            smallconst   000000
__Lspace_0                               (abs)        000000
__Lspace_1                               (abs)        000000
__Lspace_2                               (abs)        000000
__Lspace_4                               (abs)        000000
__Lstack                                 stack        000000
__Lstruct                                struct       000000
__Ltemp                                  temp         000079
__Ltext                                  text         000000
__Ltext0                                 text0        000000
__Ltext1                                 text1        000000
__Ltext10                                text10       000000
__Ltext11                                text11       000000
__Ltext12                                text12       000000
__Ltext13                                text13       000000
__Ltext15                                text15       000000
__Ltext16                                text16       000000
__Ltext17                                text17       000000
__Ltext18                                text18       000000
__Ltext19                                text19       000000
__Ltext2                                 text2        000000
__Ltext21                                text21       000000
__Ltext22                                text22       000000
__Ltext3                                 text3        000000
__Ltext4                                 text4        000000
__Ltext5                                 text5        000000
__Ltext6                                 text6        000000
__Ltext7                                 text7        000000
__Ltext8                                 text8        000000
__Ltext9                                 text9        000000
__S0                                     (abs)        001834
__S1                                     (abs)        000094
__S2                                     (abs)        000000
__S4                                     (abs)        000000
__S5                                     (abs)        000000
___fladd                                 text7        00027A
___fladd@a                               cstackCOMRAM 000030
___fladd@aexp                            cstackCOMRAM 000039
___fladd@b                               cstackCOMRAM 00002C
___fladd@bexp                            cstackCOMRAM 00003A
___fladd@grs                             cstackCOMRAM 00003B
___fladd@signs                           cstackCOMRAM 000038
___fldiv                                 text6        000AD4
___fldiv@a                               cstackCOMRAM 000017
___fldiv@aexp                            cstackCOMRAM 00002B
___fldiv@b                               cstackCOMRAM 000013
___fldiv@bexp                            cstackCOMRAM 00002A
___fldiv@grs                             cstackCOMRAM 000026
___fldiv@new_exp                         cstackCOMRAM 000024
___fldiv@rem                             cstackCOMRAM 00001F
___fldiv@sign                            cstackCOMRAM 000023
___fltol                                 text5        00120C
___fltol@exp1                            cstackCOMRAM 00000E
___fltol@f1                              cstackCOMRAM 000005
___fltol@sign1                           cstackCOMRAM 00000D
___inthi_sp                              stack        000000
___intlo_sp                              stack        000000
___param_bank                            (abs)        000000
___rparam_used                           (abs)        000001
___sp                                    stack        000000
___xxtofl                                text4        001058
___xxtofl@arg                            cstackCOMRAM 00000F
___xxtofl@exp                            cstackCOMRAM 00000E
___xxtofl@sign                           cstackCOMRAM 00000D
___xxtofl@val                            cstackCOMRAM 000005
__accesstop                              (abs)        000080
__activetblptr                           (abs)        000002
__end_of_EUSART_Async_Init               text2        00175A
__end_of_EUSART_Async_Read_Data          text11       001058
__end_of_EUSART_Async_Transmit_Data      text10       0013F6
__end_of_INT0_ISR                        text22       001834
__end_of_INT1_ISR                        text19       00182C
__end_of_INT2_ISR                        text21       001830
__end_of_InterruptManagerHigh            intcode_body 0014BC
__end_of_InterruptManagerLow             intcodelo    000276
__end_of_RB4_ISR                         text18       0017F6
__end_of_RB5_ISR                         text17       0017DC
__end_of_RB6_ISR                         text16       0017C2
__end_of_RB7_ISR                         text15       0017A8
__end_of___fladd                         text7        00073A
__end_of___fldiv                         text6        000E6E
__end_of___fltol                         text5        001312
__end_of___xxtofl                        text4        00120C
__end_of__initialization                 cinit        0016F8
__end_of_application_intialize           text1        001828
__end_of_async_Rx_config                 text9        0015DC
__end_of_async_Tx_config                 text8        00154C
__end_of_async_config_baud_rate_gen      text3        000AD4
__end_of_calc_parity_even                text13       0016AC
__end_of_calc_parity_odd                 text12       001644
__end_of_main                            text0        00178E
__initialization                         cinit        0016AC
__mediumconst                            mediumconst  000000
__pbssCOMRAM                             bssCOMRAM    00004C
__pcinit                                 cinit        0016AC
__pcstackCOMRAM                          cstackCOMRAM 000001
__pdataBANK0                             dataBANK0    000080
__pdataCOMRAM                            dataCOMRAM   000069
__pidataBANK0                            idataBANK0   0017F6
__pidataCOMRAM                           idataCOMRAM  00180A
__pintcode                               intcode      000008
__pintcode_body                          intcode_body 0013F6
__pintcodelo                             intcodelo    000018
__ptext0                                 text0        00175A
__ptext1                                 text1        00181A
__ptext10                                text10       001312
__ptext11                                text11       000E6E
__ptext12                                text12       0015DC
__ptext13                                text13       001644
__ptext15                                text15       00178E
__ptext16                                text16       0017A8
__ptext17                                text17       0017C2
__ptext18                                text18       0017DC
__ptext19                                text19       001828
__ptext2                                 text2        001706
__ptext21                                text21       00182C
__ptext22                                text22       001830
__ptext3                                 text3        00073A
__ptext4                                 text4        001058
__ptext5                                 text5        00120C
__ptext6                                 text6        000AD4
__ptext7                                 text7        00027A
__ptext8                                 text8        0014BC
__ptext9                                 text9        00154C
__ramtop                                 ramtop       001000
__size_of_EUSART_Async_Init              (abs)        000000
__size_of_EUSART_Async_Read_Data         (abs)        000000
__size_of_EUSART_Async_Transmit_Data     (abs)        000000
__size_of_INT0_ISR                       (abs)        000000
__size_of_INT1_ISR                       (abs)        000000
__size_of_INT2_ISR                       (abs)        000000
__size_of_InterruptManagerHigh           (abs)        000000
__size_of_InterruptManagerLow            (abs)        000000
__size_of_RB4_ISR                        (abs)        000000
__size_of_RB5_ISR                        (abs)        000000
__size_of_RB6_ISR                        (abs)        000000
__size_of_RB7_ISR                        (abs)        000000
__size_of___fladd                        (abs)        000000
__size_of___fldiv                        (abs)        000000
__size_of___fltol                        (abs)        000000
__size_of___xxtofl                       (abs)        000000
__size_of_application_intialize          (abs)        000000
__size_of_async_Rx_config                (abs)        000000
__size_of_async_Tx_config                (abs)        000000
__size_of_async_config_baud_rate_gen     (abs)        000000
__size_of_calc_parity_even               (abs)        000000
__size_of_calc_parity_odd                (abs)        000000
__size_of_main                           (abs)        000000
__smallconst                             smallconst   000000
_application_intialize                   text1        00181A
_async_Rx_config                         text9        00154C
_async_Tx_config                         text8        0014BC
_async_config_baud_rate_gen              text3        00073A
_async_config_baud_rate_gen$3029         cstackCOMRAM 000045
_calc_parity_even                        text13       001644
_calc_parity_odd                         text12       0015DC
_data                                    bssCOMRAM    000068
_flags                                   dataCOMRAM   000073
_lat_registers                           dataBANK0    00008A
_main                                    text0        00175A
_port_registers                          dataBANK0    000080
_tris_registers                          dataCOMRAM   000069
_uart                                    dataCOMRAM   000074
async_Rx_config@_rx_obj                  cstackCOMRAM 000005
async_Rx_config@ret_val                  cstackCOMRAM 000007
async_Tx_config@_tx_obj                  cstackCOMRAM 000005
async_Tx_config@ret_val                  cstackCOMRAM 000007
async_config_baud_rate_gen@Baudrate_temp cstackCOMRAM 000041
async_config_baud_rate_gen@_eusart_obj   cstackCOMRAM 00003C
async_config_baud_rate_gen@ret_val       cstackCOMRAM 000040
btemp                                    temp         000079
calc_parity_even@data                    cstackCOMRAM 000007
calc_parity_even@l_counter               cstackCOMRAM 000009
calc_parity_even@number_of_ones          cstackCOMRAM 000008
calc_parity_odd@data                     cstackCOMRAM 000007
calc_parity_odd@l_counter                cstackCOMRAM 000009
calc_parity_odd@number_of_ones           cstackCOMRAM 000008
end_of_initialization                    cinit        0016F8
int$flags                                temp         000079
int_func                                 intcode_body 0013F6
intlevel0                                text         000000
intlevel1                                text         000000
intlevel2                                text         000000
intlevel3                                text         000000
stackhi                                  (abs)        000F7F
stacklo                                  (abs)        000094
start                                    init         000276
start_initialization                     cinit        0016AC
ttemp5                                   temp         00007A
ttemp6                                   temp         00007D
ttemp7                                   temp         000081
wtemp8                                   temp         00007A


FUNCTION INFORMATION:

 *************** function _main *****************
 Defined at:
		line 25 in file "application.c"
 Parameters:    Size  Location     Type
		None
 Auto vars:     Size  Location     Type
		None
 Return value:  Size  Location     Type
                  2  727[None  ] int 
 Registers used:
		wreg, fsr2l, fsr2h, status,2, status,0, cstack
 Tracked objects:
		On entry : 
		On exit  : 
		Unchanged: 
 Data sizes:     COMRAM   BANK0   BANK1   BANK2   BANK3   BANK4   BANK5   BANK6   BANK7   BANK8   BANK9  BANK10  BANK11  BANK12  BANK13  BANK14  BANK15
      Params:         0       0       0       0       0       0       0       0       0       0       0       0       0       0       0       0       0
      Locals:         0       0       0       0       0       0       0       0       0       0       0       0       0       0       0       0       0
      Temps:          0       0       0       0       0       0       0       0       0       0       0       0       0       0       0       0       0
      Totals:         0       0       0       0       0       0       0       0       0       0       0       0       0       0       0       0       0
Total ram usage:        0 bytes
 Hardware stack levels required when called:    8
 This function calls:
		_EUSART_Async_Read_Data
		_EUSART_Async_Transmit_Data
		_application_intialize
 This function is called by:
		Startup code after reset
 This function uses a non-reentrant model


 *************** function _application_intialize *****************
 Defined at:
		line 39 in file "application.c"
 Parameters:    Size  Location     Type
		None
 Auto vars:     Size  Location     Type
		None
 Return value:  Size  Location     Type
                  1    wreg      void 
 Registers used:
		wreg, fsr2l, fsr2h, status,2, status,0, cstack
 Tracked objects:
		On entry : 
		On exit  : 
		Unchanged: 
 Data sizes:     COMRAM   BANK0   BANK1   BANK2   BANK3   BANK4   BANK5   BANK6   BANK7   BANK8   BANK9  BANK10  BANK11  BANK12  BANK13  BANK14  BANK15
      Params:         0       0       0       0       0       0       0       0       0       0       0       0       0       0       0       0       0
      Locals:         0       0       0       0       0       0       0       0       0       0       0       0       0       0       0       0       0
      Temps:          0       0       0       0       0       0       0       0       0       0       0       0       0       0       0       0       0
      Totals:         0       0       0       0       0       0       0       0       0       0       0       0       0       0       0       0       0
Total ram usage:        0 bytes
 Hardware stack levels used:    1
 Hardware stack levels required when called:    7
 This function calls:
		_EUSART_Async_Init
 This function is called by:
		_main
 This function uses a non-reentrant model


 *************** function _EUSART_Async_Init *****************
 Defined at:
		line 42 in file "MCAL/EUSART/mcal_EUSART.c"
 Parameters:    Size  Location     Type
  _eusart_obj     2   72[COMRAM] PTR const struct .
		 -> uart(5), 
 Auto vars:     Size  Location     Type
  ret_val         1   74[COMRAM] unsigned char 
 Return value:  Size  Location     Type
                  1    wreg      unsigned char 
 Registers used:
		wreg, fsr2l, fsr2h, status,2, status,0, cstack
 Tracked objects:
		On entry : 
		On exit  : 
		Unchanged: 
 Data sizes:     COMRAM   BANK0   BANK1   BANK2   BANK3   BANK4   BANK5   BANK6   BANK7   BANK8   BANK9  BANK10  BANK11  BANK12  BANK13  BANK14  BANK15
      Params:         2       0       0       0       0       0       0       0       0       0       0       0       0       0       0       0       0
      Locals:         1       0       0       0       0       0       0       0       0       0       0       0       0       0       0       0       0
      Temps:          0       0       0       0       0       0       0       0       0       0       0       0       0       0       0       0       0
      Totals:         3       0       0       0       0       0       0       0       0       0       0       0       0       0       0       0       0
Total ram usage:        3 bytes
 Hardware stack levels used:    1
 Hardware stack levels required when called:    6
 This function calls:
		_async_Rx_config
		_async_Tx_config
		_async_config_baud_rate_gen
 This function is called by:
		_application_intialize
 This function uses a non-reentrant model


 *************** function _async_config_baud_rate_gen *****************
 Defined at:
		line 551 in file "MCAL/EUSART/mcal_EUSART.c"
 Parameters:    Size  Location     Type
  _eusart_obj     2   59[COMRAM] PTR const struct .
		 -> uart(5), 
 Auto vars:     Size  Location     Type
  Baudrate_tem    4   64[COMRAM] float 
  ret_val         1   63[COMRAM] unsigned char 
 Return value:  Size  Location     Type
                  1    wreg      unsigned char 
 Registers used:
		wreg, fsr2l, fsr2h, status,2, status,0, cstack
 Tracked objects:
		On entry : 
		On exit  : 
		Unchanged: 
 Data sizes:     COMRAM   BANK0   BANK1   BANK2   BANK3   BANK4   BANK5   BANK6   BANK7   BANK8   BANK9  BANK10  BANK11  BANK12  BANK13  BANK14  BANK15
      Params:         2       0       0       0       0       0       0       0       0       0       0       0       0       0       0       0       0
      Locals:         9       0       0       0       0       0       0       0       0       0       0       0       0       0       0       0       0
      Temps:          2       0       0       0       0       0       0       0       0       0       0       0       0       0       0       0       0
      Totals:        13       0       0       0       0       0       0       0       0       0       0       0       0       0       0       0       0
Total ram usage:       13 bytes
 Hardware stack levels used:    1
 Hardware stack levels required when called:    5
 This function calls:
		___fladd
		___fldiv
		___fltol
		___xxtofl
 This function is called by:
		_EUSART_Async_Init
 This function uses a non-reentrant model


 *************** function ___xxtofl *****************
 Defined at:
		line 10 in file "C:\Program Files\Microchip\xc8\v2.30\pic\sources\c99\common\xxtofl.c"
 Parameters:    Size  Location     Type
  sign            1    wreg     unsigned char 
  val             4    4[COMRAM] long 
 Auto vars:     Size  Location     Type
  sign            1   12[COMRAM] unsigned char 
  arg             4   14[COMRAM] unsigned long 
  exp             1   13[COMRAM] unsigned char 
 Return value:  Size  Location     Type
                  4    4[COMRAM] unsigned char 
 Registers used:
		wreg, status,2, status,0
 Tracked objects:
		On entry : 
		On exit  : 
		Unchanged: 
 Data sizes:     COMRAM   BANK0   BANK1   BANK2   BANK3   BANK4   BANK5   BANK6   BANK7   BANK8   BANK9  BANK10  BANK11  BANK12  BANK13  BANK14  BANK15
      Params:         4       0       0       0       0       0       0       0       0       0       0       0       0       0       0       0       0
      Locals:         6       0       0       0       0       0       0       0       0       0       0       0       0       0       0       0       0
      Temps:          4       0       0       0       0       0       0       0       0       0       0       0       0       0       0       0       0
      Totals:        14       0       0       0       0       0       0       0       0       0       0       0       0       0       0       0       0
Total ram usage:       14 bytes
 Hardware stack levels used:    1
 Hardware stack levels required when called:    4
 This function calls:
		Nothing
 This function is called by:
		_async_config_baud_rate_gen
		_Servo_SetAngle
		_I2C_Master_Mode_Clock_Configurations
 This function uses a non-reentrant model


 *************** function ___fltol *****************
 Defined at:
		line 43 in file "C:\Program Files\Microchip\xc8\v2.30\pic\sources\c99\common\fltol.c"
 Parameters:    Size  Location     Type
  f1              4    4[COMRAM] unsigned char 
 Auto vars:     Size  Location     Type
  exp1            1   13[COMRAM] unsigned char 
  sign1           1   12[COMRAM] unsigned char 
 Return value:  Size  Location     Type
                  4    4[COMRAM] long 
 Registers used:
		wreg, status,2, status,0
 Tracked objects:
		On entry : 
		On exit  : 
		Unchanged: 
 Data sizes:     COMRAM   BANK0   BANK1   BANK2   BANK3   BANK4   BANK5   BANK6   BANK7   BANK8   BANK9  BANK10  BANK11  BANK12  BANK13  BANK14  BANK15
      Params:         4       0       0       0       0       0       0       0       0       0       0       0       0       0       0       0       0
      Locals:         2       0       0       0       0       0       0       0       0       0       0       0       0       0       0       0       0
      Temps:          4       0       0       0       0       0       0       0       0       0       0       0       0       0       0       0       0
      Totals:        10       0       0       0       0       0       0       0       0       0       0       0       0       0       0       0       0
Total ram usage:       10 bytes
 Hardware stack levels used:    1
 Hardware stack levels required when called:    4
 This function calls:
		Nothing
 This function is called by:
		_async_config_baud_rate_gen
		_Servo_SetAngle
		_I2C_Master_Mode_Clock_Configurations
 This function uses a non-reentrant model


 *************** function ___fldiv *****************
 Defined at:
		line 11 in file "C:\Program Files\Microchip\xc8\v2.30\pic\sources\c99\common\sprcdiv.c"
 Parameters:    Size  Location     Type
  b               4   18[COMRAM] long 
  a               4   22[COMRAM] long 
 Auto vars:     Size  Location     Type
  grs             4   37[COMRAM] unsigned long 
  rem             4   30[COMRAM] unsigned long 
  new_exp         2   35[COMRAM] short 
  aexp            1   42[COMRAM] unsigned char 
  bexp            1   41[COMRAM] unsigned char 
  sign            1   34[COMRAM] unsigned char 
 Return value:  Size  Location     Type
                  4   18[COMRAM] unsigned char 
 Registers used:
		wreg, status,2, status,0
 Tracked objects:
		On entry : 
		On exit  : 
		Unchanged: 
 Data sizes:     COMRAM   BANK0   BANK1   BANK2   BANK3   BANK4   BANK5   BANK6   BANK7   BANK8   BANK9  BANK10  BANK11  BANK12  BANK13  BANK14  BANK15
      Params:         8       0       0       0       0       0       0       0       0       0       0       0       0       0       0       0       0
      Locals:        13       0       0       0       0       0       0       0       0       0       0       0       0       0       0       0       0
      Temps:          4       0       0       0       0       0       0       0       0       0       0       0       0       0       0       0       0
      Totals:        25       0       0       0       0       0       0       0       0       0       0       0       0       0       0       0       0
Total ram usage:       25 bytes
 Hardware stack levels used:    1
 Hardware stack levels required when called:    4
 This function calls:
		Nothing
 This function is called by:
		_async_config_baud_rate_gen
		_I2C_Master_Mode_Clock_Configurations
 This function uses a non-reentrant model


 *************** function ___fladd *****************
 Defined at:
		line 10 in file "C:\Program Files\Microchip\xc8\v2.30\pic\sources\c99\common\sprcadd.c"
 Parameters:    Size  Location     Type
  b               4   43[COMRAM] unsigned char 
  a               4   47[COMRAM] unsigned char 
 Auto vars:     Size  Location     Type
  grs             1   58[COMRAM] unsigned char 
  bexp            1   57[COMRAM] unsigned char 
  aexp            1   56[COMRAM] unsigned char 
  signs           1   55[COMRAM] unsigned char 
 Return value:  Size  Location     Type
                  4   43[COMRAM] unsigned char 
 Registers used:
		wreg, status,2, status,0
 Tracked objects:
		On entry : 
		On exit  : 
		Unchanged: 
 Data sizes:     COMRAM   BANK0   BANK1   BANK2   BANK3   BANK4   BANK5   BANK6   BANK7   BANK8   BANK9  BANK10  BANK11  BANK12  BANK13  BANK14  BANK15
      Params:         8       0       0       0       0       0       0       0       0       0       0       0       0       0       0       0       0
      Locals:         4       0       0       0       0       0       0       0       0       0       0       0       0       0       0       0       0
      Temps:          4       0       0       0       0       0       0       0       0       0       0       0       0       0       0       0       0
      Totals:        16       0       0       0       0       0       0       0       0       0       0       0       0       0       0       0       0
Total ram usage:       16 bytes
 Hardware stack levels used:    1
 Hardware stack levels required when called:    4
 This function calls:
		Nothing
 This function is called by:
		_async_config_baud_rate_gen
		_Servo_SetAngle
		_I2C_Master_Mode_Clock_Configurations
 This function uses a non-reentrant model


 *************** function _async_Tx_config *****************
 Defined at:
		line 374 in file "MCAL/EUSART/mcal_EUSART.c"
 Parameters:    Size  Location     Type
  _tx_obj         2    4[COMRAM] PTR const struct .
		 -> uart(5), 
 Auto vars:     Size  Location     Type
  ret_val         1    6[COMRAM] unsigned char 
 Return value:  Size  Location     Type
                  1    wreg      unsigned char 
 Registers used:
		wreg, fsr2l, fsr2h, status,2, status,0
 Tracked objects:
		On entry : 
		On exit  : 
		Unchanged: 
 Data sizes:     COMRAM   BANK0   BANK1   BANK2   BANK3   BANK4   BANK5   BANK6   BANK7   BANK8   BANK9  BANK10  BANK11  BANK12  BANK13  BANK14  BANK15
      Params:         2       0       0       0       0       0       0       0       0       0       0       0       0       0       0       0       0
      Locals:         1       0       0       0       0       0       0       0       0       0       0       0       0       0       0       0       0
      Temps:          0       0       0       0       0       0       0       0       0       0       0       0       0       0       0       0       0
      Totals:         3       0       0       0       0       0       0       0       0       0       0       0       0       0       0       0       0
Total ram usage:        3 bytes
 Hardware stack levels used:    1
 Hardware stack levels required when called:    4
 This function calls:
		Nothing
 This function is called by:
		_EUSART_Async_Init
 This function uses a non-reentrant model


 *************** function _async_Rx_config *****************
 Defined at:
		line 419 in file "MCAL/EUSART/mcal_EUSART.c"
 Parameters:    Size  Location     Type
  _rx_obj         2    4[COMRAM] PTR const struct .
		 -> uart(5), 
 Auto vars:     Size  Location     Type
  ret_val         1    6[COMRAM] unsigned char 
 Return value:  Size  Location     Type
                  1    wreg      unsigned char 
 Registers used:
		wreg, fsr2l, fsr2h, status,2, status,0
 Tracked objects:
		On entry : 
		On exit  : 
		Unchanged: 
 Data sizes:     COMRAM   BANK0   BANK1   BANK2   BANK3   BANK4   BANK5   BANK6   BANK7   BANK8   BANK9  BANK10  BANK11  BANK12  BANK13  BANK14  BANK15
      Params:         2       0       0       0       0       0       0       0       0       0       0       0       0       0       0       0       0
      Locals:         1       0       0       0       0       0       0       0       0       0       0       0       0       0       0       0       0
      Temps:          0       0       0       0       0       0       0       0       0       0       0       0       0       0       0       0       0
      Totals:         3       0       0       0       0       0       0       0       0       0       0       0       0       0       0       0       0
Total ram usage:        3 bytes
 Hardware stack levels used:    1
 Hardware stack levels required when called:    4
 This function calls:
		Nothing
 This function is called by:
		_EUSART_Async_Init
 This function uses a non-reentrant model


 *************** function _EUSART_Async_Transmit_Data *****************
 Defined at:
		line 124 in file "MCAL/EUSART/mcal_EUSART.c"
 Parameters:    Size  Location     Type
  _eusart_obj     2    9[COMRAM] PTR const struct .
		 -> uart(5), 
  data            2   11[COMRAM] unsigned short 
 Auto vars:     Size  Location     Type
  ret_val         1    0        unsigned char 
 Return value:  Size  Location     Type
                  1    wreg      unsigned char 
 Registers used:
		wreg, fsr2l, fsr2h, status,2, status,0, cstack
 Tracked objects:
		On entry : 
		On exit  : 
		Unchanged: 
 Data sizes:     COMRAM   BANK0   BANK1   BANK2   BANK3   BANK4   BANK5   BANK6   BANK7   BANK8   BANK9  BANK10  BANK11  BANK12  BANK13  BANK14  BANK15
      Params:         4       0       0       0       0       0       0       0       0       0       0       0       0       0       0       0       0
      Locals:         1       0       0       0       0       0       0       0       0       0       0       0       0       0       0       0       0
      Temps:          2       0       0       0       0       0       0       0       0       0       0       0       0       0       0       0       0
      Totals:         7       0       0       0       0       0       0       0       0       0       0       0       0       0       0       0       0
Total ram usage:        7 bytes
 Hardware stack levels used:    1
 Hardware stack levels required when called:    5
 This function calls:
		_calc_parity_even
		_calc_parity_odd
 This function is called by:
		_main
		_EUSART_Async_Transmit_Data_Blocking
 This function uses a non-reentrant model


 *************** function _EUSART_Async_Read_Data *****************
 Defined at:
		line 181 in file "MCAL/EUSART/mcal_EUSART.c"
 Parameters:    Size  Location     Type
  _eusart_obj     2    9[COMRAM] PTR const struct .
		 -> uart(5), 
  data            2   11[COMRAM] PTR unsigned short 
		 -> data(1), 
 Auto vars:     Size  Location     Type
  l_temp_data     2   22[COMRAM] unsigned short 
  ret_val         1    0        unsigned char 
 Return value:  Size  Location     Type
                  1    wreg      unsigned char 
 Registers used:
		wreg, fsr2l, fsr2h, status,2, status,0, cstack
 Tracked objects:
		On entry : 
		On exit  : 
		Unchanged: 
 Data sizes:     COMRAM   BANK0   BANK1   BANK2   BANK3   BANK4   BANK5   BANK6   BANK7   BANK8   BANK9  BANK10  BANK11  BANK12  BANK13  BANK14  BANK15
      Params:         4       0       0       0       0       0       0       0       0       0       0       0       0       0       0       0       0
      Locals:         9       0       0       0       0       0       0       0       0       0       0       0       0       0       0       0       0
      Temps:          2       0       0       0       0       0       0       0       0       0       0       0       0       0       0       0       0
      Totals:        15       0       0       0       0       0       0       0       0       0       0       0       0       0       0       0       0
Total ram usage:       15 bytes
 Hardware stack levels used:    1
 Hardware stack levels required when called:    5
 This function calls:
		_calc_parity_even
		_calc_parity_odd
 This function is called by:
		_main
		_EUSART_Async_Read_Data_Blocking
 This function uses a non-reentrant model


 *************** function _calc_parity_odd *****************
 Defined at:
		line 599 in file "MCAL/EUSART/mcal_EUSART.c"
 Parameters:    Size  Location     Type
  data            1    wreg     unsigned char 
 Auto vars:     Size  Location     Type
  data            1    6[COMRAM] unsigned char 
  l_counter       1    8[COMRAM] unsigned char 
  number_of_on    1    7[COMRAM] unsigned char 
 Return value:  Size  Location     Type
                  1    wreg      unsigned char 
 Registers used:
		wreg, status,2, status,0
 Tracked objects:
		On entry : 
		On exit  : 
		Unchanged: 
 Data sizes:     COMRAM   BANK0   BANK1   BANK2   BANK3   BANK4   BANK5   BANK6   BANK7   BANK8   BANK9  BANK10  BANK11  BANK12  BANK13  BANK14  BANK15
      Params:         0       0       0       0       0       0       0       0       0       0       0       0       0       0       0       0       0
      Locals:         3       0       0       0       0       0       0       0       0       0       0       0       0       0       0       0       0
      Temps:          2       0       0       0       0       0       0       0       0       0       0       0       0       0       0       0       0
      Totals:         5       0       0       0       0       0       0       0       0       0       0       0       0       0       0       0       0
Total ram usage:        5 bytes
 Hardware stack levels used:    1
 Hardware stack levels required when called:    4
 This function calls:
		Nothing
 This function is called by:
		_EUSART_Async_Transmit_Data
		_EUSART_Async_Read_Data
 This function uses a non-reentrant model


 *************** function _calc_parity_even *****************
 Defined at:
		line 637 in file "MCAL/EUSART/mcal_EUSART.c"
 Parameters:    Size  Location     Type
  data            1    wreg     unsigned char 
 Auto vars:     Size  Location     Type
  data            1    6[COMRAM] unsigned char 
  l_counter       1    8[COMRAM] unsigned char 
  number_of_on    1    7[COMRAM] unsigned char 
 Return value:  Size  Location     Type
                  1    wreg      unsigned char 
 Registers used:
		wreg, status,2, status,0
 Tracked objects:
		On entry : 
		On exit  : 
		Unchanged: 
 Data sizes:     COMRAM   BANK0   BANK1   BANK2   BANK3   BANK4   BANK5   BANK6   BANK7   BANK8   BANK9  BANK10  BANK11  BANK12  BANK13  BANK14  BANK15
      Params:         0       0       0       0       0       0       0       0       0       0       0       0       0       0       0       0       0
      Locals:         3       0       0       0       0       0       0       0       0       0       0       0       0       0       0       0       0
      Temps:          2       0       0       0       0       0       0       0       0       0       0       0       0       0       0       0       0
      Totals:         5       0       0       0       0       0       0       0       0       0       0       0       0       0       0       0       0
Total ram usage:        5 bytes
 Hardware stack levels used:    1
 Hardware stack levels required when called:    4
 This function calls:
		Nothing
 This function is called by:
		_EUSART_Async_Transmit_Data
		_EUSART_Async_Read_Data
 This function uses a non-reentrant model


 *************** function _InterruptManagerLow *****************
 Defined at:
		line 101 in file "MCAL/Interrupts/mcal_interrupt_manager.c"
 Parameters:    Size  Location     Type
		None
 Auto vars:     Size  Location     Type
		None
 Return value:  Size  Location     Type
                  1    wreg      void 
 Registers used:
		wreg, status,2, cstack
 Tracked objects:
		On entry : 
		On exit  : 
		Unchanged: 
 Data sizes:     COMRAM   BANK0   BANK1   BANK2   BANK3   BANK4   BANK5   BANK6   BANK7   BANK8   BANK9  BANK10  BANK11  BANK12  BANK13  BANK14  BANK15
      Params:         0       0       0       0       0       0       0       0       0       0       0       0       0       0       0       0       0
      Locals:         0       0       0       0       0       0       0       0       0       0       0       0       0       0       0       0       0
      Temps:          3       0       0       0       0       0       0       0       0       0       0       0       0       0       0       0       0
      Totals:         3       0       0       0       0       0       0       0       0       0       0       0       0       0       0       0       0
Total ram usage:        3 bytes
 Hardware stack levels used:    1
 Hardware stack levels required when called:    3
 This function calls:
		_INT1_ISR
		_RB4_ISR
		_RB5_ISR
		_RB6_ISR
		_RB7_ISR
 This function is called by:
		Interrupt level 1
 This function uses a non-reentrant model


 *************** function _RB7_ISR *****************
 Defined at:
		line 175 in file "MCAL/Interrupts/mcal_external_interrupt.c"
 Parameters:    Size  Location     Type
  Handler_Sele    1    wreg     unsigned char 
 Auto vars:     Size  Location     Type
  Handler_Sele    1    0[COMRAM] unsigned char 
 Return value:  Size  Location     Type
                  1    wreg      void 
 Registers used:
		wreg, status,2
 Tracked objects:
		On entry : 
		On exit  : 
		Unchanged: 
 Data sizes:     COMRAM   BANK0   BANK1   BANK2   BANK3   BANK4   BANK5   BANK6   BANK7   BANK8   BANK9  BANK10  BANK11  BANK12  BANK13  BANK14  BANK15
      Params:         0       0       0       0       0       0       0       0       0       0       0       0       0       0       0       0       0
      Locals:         1       0       0       0       0       0       0       0       0       0       0       0       0       0       0       0       0
      Temps:          0       0       0       0       0       0       0       0       0       0       0       0       0       0       0       0       0
      Totals:         1       0       0       0       0       0       0       0       0       0       0       0       0       0       0       0       0
Total ram usage:        1 bytes
 Hardware stack levels used:    1
 Hardware stack levels required when called:    2
 This function calls:
		Nothing
 This function is called by:
		_InterruptManagerLow
 This function uses a non-reentrant model


 *************** function _RB6_ISR *****************
 Defined at:
		line 150 in file "MCAL/Interrupts/mcal_external_interrupt.c"
 Parameters:    Size  Location     Type
  Handler_Sele    1    wreg     unsigned char 
 Auto vars:     Size  Location     Type
  Handler_Sele    1    0[COMRAM] unsigned char 
 Return value:  Size  Location     Type
                  1    wreg      void 
 Registers used:
		wreg, status,2
 Tracked objects:
		On entry : 
		On exit  : 
		Unchanged: 
 Data sizes:     COMRAM   BANK0   BANK1   BANK2   BANK3   BANK4   BANK5   BANK6   BANK7   BANK8   BANK9  BANK10  BANK11  BANK12  BANK13  BANK14  BANK15
      Params:         0       0       0       0       0       0       0       0       0       0       0       0       0       0       0       0       0
      Locals:         1       0       0       0       0       0       0       0       0       0       0       0       0       0       0       0       0
      Temps:          0       0       0       0       0       0       0       0       0       0       0       0       0       0       0       0       0
      Totals:         1       0       0       0       0       0       0       0       0       0       0       0       0       0       0       0       0
Total ram usage:        1 bytes
 Hardware stack levels used:    1
 Hardware stack levels required when called:    2
 This function calls:
		Nothing
 This function is called by:
		_InterruptManagerLow
 This function uses a non-reentrant model


 *************** function _RB5_ISR *****************
 Defined at:
		line 125 in file "MCAL/Interrupts/mcal_external_interrupt.c"
 Parameters:    Size  Location     Type
  Handler_Sele    1    wreg     unsigned char 
 Auto vars:     Size  Location     Type
  Handler_Sele    1    0[COMRAM] unsigned char 
 Return value:  Size  Location     Type
                  1    wreg      void 
 Registers used:
		wreg, status,2
 Tracked objects:
		On entry : 
		On exit  : 
		Unchanged: 
 Data sizes:     COMRAM   BANK0   BANK1   BANK2   BANK3   BANK4   BANK5   BANK6   BANK7   BANK8   BANK9  BANK10  BANK11  BANK12  BANK13  BANK14  BANK15
      Params:         0       0       0       0       0       0       0       0       0       0       0       0       0       0       0       0       0
      Locals:         1       0       0       0       0       0       0       0       0       0       0       0       0       0       0       0       0
      Temps:          0       0       0       0       0       0       0       0       0       0       0       0       0       0       0       0       0
      Totals:         1       0       0       0       0       0       0       0       0       0       0       0       0       0       0       0       0
Total ram usage:        1 bytes
 Hardware stack levels used:    1
 Hardware stack levels required when called:    2
 This function calls:
		Nothing
 This function is called by:
		_InterruptManagerLow
 This function uses a non-reentrant model


 *************** function _RB4_ISR *****************
 Defined at:
		line 101 in file "MCAL/Interrupts/mcal_external_interrupt.c"
 Parameters:    Size  Location     Type
  Handler_Sele    1    wreg     unsigned char 
 Auto vars:     Size  Location     Type
  Handler_Sele    1    0[COMRAM] unsigned char 
 Return value:  Size  Location     Type
                  1    wreg      void 
 Registers used:
		wreg, status,2
 Tracked objects:
		On entry : 
		On exit  : 
		Unchanged: 
 Data sizes:     COMRAM   BANK0   BANK1   BANK2   BANK3   BANK4   BANK5   BANK6   BANK7   BANK8   BANK9  BANK10  BANK11  BANK12  BANK13  BANK14  BANK15
      Params:         0       0       0       0       0       0       0       0       0       0       0       0       0       0       0       0       0
      Locals:         1       0       0       0       0       0       0       0       0       0       0       0       0       0       0       0       0
      Temps:          0       0       0       0       0       0       0       0       0       0       0       0       0       0       0       0       0
      Totals:         1       0       0       0       0       0       0       0       0       0       0       0       0       0       0       0       0
Total ram usage:        1 bytes
 Hardware stack levels used:    1
 Hardware stack levels required when called:    2
 This function calls:
		Nothing
 This function is called by:
		_InterruptManagerLow
 This function uses a non-reentrant model


 *************** function _INT1_ISR *****************
 Defined at:
		line 73 in file "MCAL/Interrupts/mcal_external_interrupt.c"
 Parameters:    Size  Location     Type
		None
 Auto vars:     Size  Location     Type
		None
 Return value:  Size  Location     Type
                  1    wreg      void 
 Registers used:
		None
 Tracked objects:
		On entry : 
		On exit  : 
		Unchanged: 
 Data sizes:     COMRAM   BANK0   BANK1   BANK2   BANK3   BANK4   BANK5   BANK6   BANK7   BANK8   BANK9  BANK10  BANK11  BANK12  BANK13  BANK14  BANK15
      Params:         0       0       0       0       0       0       0       0       0       0       0       0       0       0       0       0       0
      Locals:         0       0       0       0       0       0       0       0       0       0       0       0       0       0       0       0       0
      Temps:          0       0       0       0       0       0       0       0       0       0       0       0       0       0       0       0       0
      Totals:         0       0       0       0       0       0       0       0       0       0       0       0       0       0       0       0       0
Total ram usage:        0 bytes
 Hardware stack levels used:    1
 Hardware stack levels required when called:    2
 This function calls:
		Nothing
 This function is called by:
		_InterruptManagerLow
 This function uses a non-reentrant model


 *************** function _InterruptManagerHigh *****************
 Defined at:
		line 33 in file "MCAL/Interrupts/mcal_interrupt_manager.c"
 Parameters:    Size  Location     Type
		None
 Auto vars:     Size  Location     Type
		None
 Return value:  Size  Location     Type
                  1    wreg      void 
 Registers used:
		wreg, cstack
 Tracked objects:
		On entry : 
		On exit  : 
		Unchanged: 
 Data sizes:     COMRAM   BANK0   BANK1   BANK2   BANK3   BANK4   BANK5   BANK6   BANK7   BANK8   BANK9  BANK10  BANK11  BANK12  BANK13  BANK14  BANK15
      Params:         0       0       0       0       0       0       0       0       0       0       0       0       0       0       0       0       0
      Locals:         0       0       0       0       0       0       0       0       0       0       0       0       0       0       0       0       0
      Temps:          0       0       0       0       0       0       0       0       0       0       0       0       0       0       0       0       0
      Totals:         0       0       0       0       0       0       0       0       0       0       0       0       0       0       0       0       0
Total ram usage:        0 bytes
 Hardware stack levels used:    1
 Hardware stack levels required when called:    1
 This function calls:
		_INT0_ISR
		_INT2_ISR
 This function is called by:
		Interrupt level 2
 This function uses a non-reentrant model


 *************** function _INT2_ISR *****************
 Defined at:
		line 86 in file "MCAL/Interrupts/mcal_external_interrupt.c"
 Parameters:    Size  Location     Type
		None
 Auto vars:     Size  Location     Type
		None
 Return value:  Size  Location     Type
                  1    wreg      void 
 Registers used:
		None
 Tracked objects:
		On entry : 
		On exit  : 
		Unchanged: 
 Data sizes:     COMRAM   BANK0   BANK1   BANK2   BANK3   BANK4   BANK5   BANK6   BANK7   BANK8   BANK9  BANK10  BANK11  BANK12  BANK13  BANK14  BANK15
      Params:         0       0       0       0       0       0       0       0       0       0       0       0       0       0       0       0       0
      Locals:         0       0       0       0       0       0       0       0       0       0       0       0       0       0       0       0       0
      Temps:          0       0       0       0       0       0       0       0       0       0       0       0       0       0       0       0       0
      Totals:         0       0       0       0       0       0       0       0       0       0       0       0       0       0       0       0       0
Total ram usage:        0 bytes
 Hardware stack levels used:    1
 This function calls:
		Nothing
 This function is called by:
		_InterruptManagerHigh
 This function uses a non-reentrant model


 *************** function _INT0_ISR *****************
 Defined at:
		line 60 in file "MCAL/Interrupts/mcal_external_interrupt.c"
 Parameters:    Size  Location     Type
		None
 Auto vars:     Size  Location     Type
		None
 Return value:  Size  Location     Type
                  1    wreg      void 
 Registers used:
		None
 Tracked objects:
		On entry : 
		On exit  : 
		Unchanged: 
 Data sizes:     COMRAM   BANK0   BANK1   BANK2   BANK3   BANK4   BANK5   BANK6   BANK7   BANK8   BANK9  BANK10  BANK11  BANK12  BANK13  BANK14  BANK15
      Params:         0       0       0       0       0       0       0       0       0       0       0       0       0       0       0       0       0
      Locals:         0       0       0       0       0       0       0       0       0       0       0       0       0       0       0       0       0
      Temps:          0       0       0       0       0       0       0       0       0       0       0       0       0       0       0       0       0
      Totals:         0       0       0       0       0       0       0       0       0       0       0       0       0       0       0       0       0
Total ram usage:        0 bytes
 Hardware stack levels used:    1
 This function calls:
		Nothing
 This function is called by:
		_InterruptManagerHigh
 This function uses a non-reentrant model



MODULE INFORMATION

Module		Function		Class		Link	Load	Size
C:\Program Files\Microchip\xc8\v2.30\pic\sources\c99\common\sprcdiv.c
		___fldiv       		CODE           	0AD4	0000	922

C:\Program Files\Microchip\xc8\v2.30\pic\sources\c99\common\sprcdiv.c estimated size: 922

MCAL/Interrupts/mcal_external_interrupt.c
		_RB4_ISR       		CODE           	17DC	0000	26
		_RB5_ISR       		CODE           	17C2	0000	26
		_RB6_ISR       		CODE           	17A8	0000	26
		_RB7_ISR       		CODE           	178E	0000	26
		_INT0_ISR      		CODE           	1830	0000	4
		_INT1_ISR      		CODE           	1828	0000	4
		_INT2_ISR      		CODE           	182C	0000	4

MCAL/Interrupts/mcal_external_interrupt.c estimated size: 116

C:\Program Files\Microchip\xc8\v2.30\pic\sources\c99\common\sprcadd.c
		___fladd       		CODE           	027A	0000	1216

C:\Program Files\Microchip\xc8\v2.30\pic\sources\c99\common\sprcadd.c estimated size: 1216

C:\Program Files\Microchip\xc8\v2.30\pic\sources\c99\common\fltol.c
		___fltol       		CODE           	120C	0000	262

C:\Program Files\Microchip\xc8\v2.30\pic\sources\c99\common\fltol.c estimated size: 262

MCAL/Interrupts/mcal_interrupt_manager.c
		_InterruptManagerLow		CODE           	0018	0000	606
		_InterruptManagerHigh		CODE           	0008	0000	204

MCAL/Interrupts/mcal_interrupt_manager.c estimated size: 810

C:\Program Files\Microchip\xc8\v2.30\pic\sources\c99\common\xxtofl.c
		___xxtofl      		CODE           	1058	0000	436

C:\Program Files\Microchip\xc8\v2.30\pic\sources\c99\common\xxtofl.c estimated size: 436

shared
		__initialization		CODE           	16AC	0000	76

shared estimated size: 76

MCAL/EUSART/mcal_EUSART.c
		_EUSART_Async_Transmit_Data		CODE           	1312	0000	228
		_calc_parity_even		CODE           	1644	0000	104
		_async_Tx_config		CODE           	14BC	0000	144
		_EUSART_Async_Init		CODE           	1706	0000	84
		_calc_parity_odd		CODE           	15DC	0000	104
		_async_config_baud_rate_gen		CODE           	073A	0000	922
		_EUSART_Async_Read_Data		CODE           	0E6E	0000	490
		_async_Rx_config		CODE           	154C	0000	144

MCAL/EUSART/mcal_EUSART.c estimated size: 2220

application.c
		_main          		CODE           	175A	0000	52
		_application_intialize		CODE           	181A	0000	14

application.c estimated size: 66

