Microchip MPLAB XC8 Compiler V2.30

Linker command line:

-W-3 --edf=C:\Program Files\Microchip\xc8\v2.30\pic\dat\en_msgs.txt -cn \
  -h+dist/default/production\graduation_project.production.sym \
  --cmf=dist/default/production\graduation_project.production.cmf -z \
  -Q18F4620 -oC:\Users\ahmed radwan\AppData\Local\Temp\s348x2 \
  --defsym=__MPLAB_BUILD=1 \
  -Mdist/default/production/graduation_project.production.map -E1 \
  -ver=XC8 Compiler --acfsm=1493 -ASTACK=011Dh-0F7Fh -pstack=STACK \
  -ACODE=00h-0FFFFh -ACONST=00h-0FFFFh -ASMALLCONST=01000h-010FFhx240 \
  -AMEDIUMCONST=01000h-0FFFFh -ACOMRAM=01h-07Fh -AABS1=00h-0F7Fh \
  -ABIGRAM=01h-0F7Fh -ARAM=080h-0FFh,0100h-01FFhx14,0F00h-0F7Fh \
  -ABANK0=080h-0FFh -ABANK1=0100h-01FFh -ABANK2=0200h-02FFh \
  -ABANK3=0300h-03FFh -ABANK4=0400h-04FFh -ABANK5=0500h-05FFh \
  -ABANK6=0600h-06FFh -ABANK7=0700h-07FFh -ABANK8=0800h-08FFh \
  -ABANK9=0900h-09FFh -ABANK10=0A00h-0AFFh -ABANK11=0B00h-0BFFh \
  -ABANK12=0C00h-0CFFh -ABANK13=0D00h-0DFFh -ABANK14=0E00h-0EFFh \
  -ABANK15=0F00h-0F7Fh -ASFR=0F80h-0FFFh -ACONFIG=0300000h-030000Dh \
  -AIDLOC=0200000h-0200007h -AEEDATA=0F00000h-0F003FFh -peeprom_data=EEDATA \
  -preset_vec=00h,intcode=08h,intcodelo=018h,powerup,init -pramtop=01000h \
  -psmallconst=SMALLCONST -pmediumconst=MEDIUMCONST -pconst=CONST \
  -AFARRAM=00h-00h \
  -prdata=COMRAM,nvrram=COMRAM,nvbit=COMRAM,rbss=COMRAM,rbit=COMRAM \
  -pfarbss=FARRAM,fardata=FARRAM,nvFARRAM=FARRAM \
  -pintsave_regs=BIGRAM,bigbss=BIGRAM,bigdata=BIGRAM -pbss=RAM \
  -pidata=CODE,irdata=CODE,ibigdata=CODE,ifardata=CODE -prparam=COMRAM \
  C:\Users\ahmed radwan\AppData\Local\Temp\s348x8.o \
  dist/default/production\graduation_project.production.o 

Object code version is 3.11

Machine type is 18F4620



                Name                               Link     Load   Length Selector   Space Scale
C:\Users\ahmed radwan\AppData\Local\Temp\s348x8.o
                idloc                            200000   200000        8        0       5
                config                           300000   300000        E        0       4
                init                                276      276        4        C       0
                reset_vec                             0        0        4        0       0
dist/default/production\graduation_project.production.o
                intcodelo                            18       18      25E        C       0
                intcode                               8        8        6        4       0
                idloc                            200000   200000        8        0       5
                config                           300000   300000        E        0       4
                temp                                 56       56        1        1       1
                smallconst                         1000     1000       E0      800       0
                text51                             3880     3880       68      870       0
                text50                             3818     3818       68      870       0
                text49                             2FA6     2FA6       E4      870       0
                text48                             3CE2     3CE2       2A      870       0
                text47                             2C60     2C60      128      870       0
                text46                             3C08     3C08       48      870       0
                text45                             3500     3500       7A      870       0
                text44                             3A78     3A78       62      870       0
                text43                             3A16     3A16       62      870       0
                text42                             31EE     31EE       B0      870       0
                text41                             3C50     3C50       3C      870       0
                text40                             230E     230E      20A      870       0
                text39                             365E     365E       70      870       0
                text38                             3B76     3B76       4A      870       0
                text37                             3C8C     3C8C       2C      870       0
                text36                             3D8E     3D8E        2     1EC1       0
                text35                             3D8A     3D8A        4     1EC1       0
                text34                             3D86     3D86        4     1EC1       0
                intcode_body                       2D88     2D88      116      870       0
                text32                             3D82     3D82        4     1EC1       0
                text31                             3D5A     3D5A       1A      870       0
                text30                             3D40     3D40       1A      870       0
                text29                             3D26     3D26       1A      870       0
                text28                             3D0C     3D0C       1A      870       0
                text26                             357A     357A       74      870       0
                text25                             37AA     37AA       6E      870       0
                text24                             373C     373C       6E      870       0
                text23                             20FE     20FE      210      870       0
                text22                             36CE     36CE       6E      870       0
                text21                             2B32     2B32      12E      870       0
                text20                             3B2A     3B2A       4C      870       0
                text19                             347E     347E       82      870       0
                text18                             394E     394E       66      870       0
                text17                             35EE     35EE       70      870       0
                text16                             313C     313C       B2      870       0
                text15                             329E     329E       AE      870       0
                text14                             2518     2518      1E2      870       0
                text13                             334C     334C       A2      870       0
                text12                             308A     308A       B2      870       0
                text11                             33EE     33EE       90      870       0
                text10                             10E0     10E0      4F8      870       0
                text9                              1D62     1D62      39C      870       0
                text8                              2E9E     2E9E      108      870       0
                text7                              26FA     26FA      1B8      870       0
                text6                              19A0     19A0      3C2      870       0
                text5                              38E8     38E8       66      870       0
                text4                              28B2     28B2      146      870       0
                text3                              3ADA     3ADA       50      870       0
                text2                              29F8     29F8      13A      870       0
                text1                              3BC0     3BC0       48      870       0
                text0                              15D8     15D8      3C8      870       0
                cstackCOMRAM                          1        1       2C        1       1
                cstackBANK0                          80       80       2C       80       1
                cstackBANK1                         100      100       1D      100       1
                dataBANK0                            D6       D6       2A       80       1
                bssBANK0                             AC       AC       2A       80       1
                dataCOMRAM                           49       49        D        1       1
                bssCOMRAM                            2D       2D       1C        1       1
                cinit                              39B4     39B4       62      870       0
                idataBANK0                         3CB8     3CB8       2A      870       0
                idataCOMRAM                        3D74     3D74        D      870       0

TOTAL           Name                               Link     Load   Length     Space
        CLASS   STACK          

        CLASS   CODE           
                intcodelo                            18       18      25E         0
                intcode                               8        8        6         0
                init                                276      276        4         0
                reset_vec                             0        0        4         0
                text51                             3880     3880       68         0
                text50                             3818     3818       68         0
                text49                             2FA6     2FA6       E4         0
                text48                             3CE2     3CE2       2A         0
                text47                             2C60     2C60      128         0
                text46                             3C08     3C08       48         0
                text45                             3500     3500       7A         0
                text44                             3A78     3A78       62         0
                text43                             3A16     3A16       62         0
                text42                             31EE     31EE       B0         0
                text41                             3C50     3C50       3C         0
                text40                             230E     230E      20A         0
                text39                             365E     365E       70         0
                text38                             3B76     3B76       4A         0
                text37                             3C8C     3C8C       2C         0
                text36                             3D8E     3D8E        2         0
                text35                             3D8A     3D8A        4         0
                text34                             3D86     3D86        4         0
                intcode_body                       2D88     2D88      116         0
                text32                             3D82     3D82        4         0
                text31                             3D5A     3D5A       1A         0
                text30                             3D40     3D40       1A         0
                text29                             3D26     3D26       1A         0
                text28                             3D0C     3D0C       1A         0
                text26                             357A     357A       74         0
                text25                             37AA     37AA       6E         0
                text24                             373C     373C       6E         0
                text23                             20FE     20FE      210         0
                text22                             36CE     36CE       6E         0
                text21                             2B32     2B32      12E         0
                text20                             3B2A     3B2A       4C         0
                text19                             347E     347E       82         0
                text18                             394E     394E       66         0
                text17                             35EE     35EE       70         0
                text16                             313C     313C       B2         0
                text15                             329E     329E       AE         0
                text14                             2518     2518      1E2         0
                text13                             334C     334C       A2         0
                text12                             308A     308A       B2         0
                text11                             33EE     33EE       90         0
                text10                             10E0     10E0      4F8         0
                text9                              1D62     1D62      39C         0
                text8                              2E9E     2E9E      108         0
                text7                              26FA     26FA      1B8         0
                text6                              19A0     19A0      3C2         0
                text5                              38E8     38E8       66         0
                text4                              28B2     28B2      146         0
                text3                              3ADA     3ADA       50         0
                text2                              29F8     29F8      13A         0
                text1                              3BC0     3BC0       48         0
                text0                              15D8     15D8      3C8         0
                cinit                              39B4     39B4       62         0
                idataBANK0                         3CB8     3CB8       2A         0
                idataCOMRAM                        3D74     3D74        D         0

        CLASS   CONST          

        CLASS   SMALLCONST     
                smallconst                         1000     1000       E0         0

        CLASS   MEDIUMCONST    

        CLASS   COMRAM         
                temp                                 56       56        1         1
                cstackCOMRAM                          1        1       2C         1
                dataCOMRAM                           49       49        D         1
                bssCOMRAM                            2D       2D       1C         1

        CLASS   ABS1           

        CLASS   BIGRAM         

        CLASS   RAM            

        CLASS   BANK0          
                cstackBANK0                          80       80       2C         1
                dataBANK0                            D6       D6       2A         1
                bssBANK0                             AC       AC       2A         1

        CLASS   BANK1          
                cstackBANK1                         100      100       1D         1

        CLASS   BANK2          

        CLASS   BANK3          

        CLASS   BANK4          

        CLASS   BANK5          

        CLASS   BANK6          

        CLASS   BANK7          

        CLASS   BANK8          

        CLASS   BANK9          

        CLASS   BANK10         

        CLASS   BANK11         

        CLASS   BANK12         

        CLASS   BANK13         

        CLASS   BANK14         

        CLASS   BANK15         

        CLASS   SFR            

        CLASS   CONFIG         
                config                           300000   300000        E         4

        CLASS   IDLOC          
                idloc                            200000   200000        8         5

        CLASS   EEDATA         

        CLASS   FARRAM         



SEGMENTS        Name                           Load    Length   Top    Selector   Space  Class

                reset_vec                      000000  000004  000004         0       0  CODE    
                cstackCOMRAM                   000001  000056  000057         1       1  COMRAM  
                intcode                        000008  000006  00000E         4       0  CODE    
                intcodelo                      000018  000262  00027A         C       0  CODE    
                cstackBANK0                    000080  000080  000100        80       1  BANK0   
                cstackBANK1                    000100  00001D  00011D       100       1  BANK1   
                smallconst                     001000  0000E0  0010E0       800       0  SMALLCON
                text10                         0010E0  002CA1  003D81       870       0  CODE    
                text32                         003D82  00000E  003D90      1EC1       0  CODE    


UNUSED ADDRESS RANGES

        Name                Unused          Largest block    Delta
        BANK1            00011D-0001FF               E3
        BANK10           000A00-000AFF              100
        BANK11           000B00-000BFF              100
        BANK12           000C00-000CFF              100
        BANK13           000D00-000DFF              100
        BANK14           000E00-000EFF              100
        BANK15           000F00-000F7F               80
        BANK2            000200-0002FF              100
        BANK3            000300-0003FF              100
        BANK4            000400-0004FF              100
        BANK5            000500-0005FF              100
        BANK6            000600-0006FF              100
        BANK7            000700-0007FF              100
        BANK8            000800-0008FF              100
        BANK9            000900-0009FF              100
        BIGRAM           000057-00007F               29
                         00011D-000F7F              E63
        CODE             000004-000007                4
                         00000E-000017                A
                         00027A-000FFF              D86
                         003D81-003D81                1
                         003D90-00FFFF             C270
        COMRAM           000057-00007F               29
        CONST            000004-000007                4
                         00000E-000017                A
                         00027A-000FFF              D86
                         003D81-003D81                1
                         003D90-00FFFF             C270
        EEDATA           F00000-F003FF              400
        MEDIUMCONST      003D81-003D81                1
                         003D90-00FFFF             C270
        RAM              00011D-000F7F              100
        SFR              000F80-000FFF               80
        SMALLCONST       003D81-003D81                1
                         003D90-00FFFF              100
        STACK            00011D-000F7F              E63

                                  Symbol Table

?___fladd                                   cstackBANK1  000100
?___fldiv                                   cstackBANK0  00008E
?___fltol                                   cstackBANK0  000080
?___xxtofl                                  cstackBANK0  000080
Bluetooth_Send_Data_Non_Blocking@_uart_obj  cstackCOMRAM 00000D
Bluetooth_Send_Data_Non_Blocking@data       cstackCOMRAM 00000F
EUSART_Async_Init@_eusart_obj               cstackBANK1  000119
EUSART_Async_Init@ret_val                   cstackBANK0  0000AB
EUSART_Async_Read_Data@_eusart_obj          cstackBANK0  000083
EUSART_Async_Read_Data@data                 cstackBANK0  000085
EUSART_Async_Read_Data@l_temp_data          cstackBANK0  000090
EUSART_Async_Read_Data_Blocking@_eusart_obj cstackBANK0  000092
EUSART_Async_Read_Data_Blocking@data        cstackBANK0  000094
EUSART_Async_Transmit_Data@_eusart_obj      cstackCOMRAM 000006
EUSART_Async_Transmit_Data@data             cstackCOMRAM 000008
GPIO_Pin_Direction_Initialize@ERRORSTATUS   cstackCOMRAM 00002C
GPIO_Pin_Direction_Initialize@_pin_config   cstackCOMRAM 00002A
GPIO_Pin_Initialize@ERRORSTATUS             cstackBANK0  000089
GPIO_Pin_Initialize@_pin_config             cstackBANK0  000087
GPIO_Pin_Toggle_Logic@_pin_config           cstackCOMRAM 00002A
GPIO_Pin_Write_Logic@ERRORSTATUS            cstackBANK0  000086
GPIO_Pin_Write_Logic@_pin_config            cstackCOMRAM 00002A
GPIO_Pin_Write_Logic@logic                  cstackCOMRAM 00002C
GPS_Service@key                             cstackBANK0  00009F
RB4_ISR@Handler_Select                      cstackCOMRAM 000026
RB5_ISR@Handler_Select                      cstackCOMRAM 000026
RB6_ISR@Handler_Select                      cstackCOMRAM 000026
RB7_ISR@Handler_Select                      cstackCOMRAM 000026
Rx_config_interrupt@_rx_obj                 cstackCOMRAM 00002A
Rx_config_interrupt@ret_val                 cstackCOMRAM 00002C
_BAUDCONbits                                (abs)        000FB8
_Bluetooth_Send_Data_Non_Blocking           text48       003CE2
_EUSART_Async_Init                          text5        0038E8
_EUSART_Async_Read_Data                     text23       0020FE
_EUSART_Async_Read_Data$1243                cstackBANK0  00008A
_EUSART_Async_Read_Data$1244                cstackBANK0  00008C
_EUSART_Async_Read_Data$1245                cstackBANK0  00008E
_EUSART_Async_Read_Data_Blocking            text22       0036CE
_EUSART_Async_Transmit_Data                 text49       002FA6
_EUSART_Rx_ISR                              text37       003C8C
_EUSART_Tx_ISR                              text36       003D8E
_GPIO_Pin_Direction_Initialize              text4        0028B2
_GPIO_Pin_Initialize                        text3        003ADA
_GPIO_Pin_Toggle_Logic                      text26       00357A
_GPIO_Pin_Write_Logic                       text21       002B32
_GPS_Service                                text14       002518
_I2C_DefaultInterruptHandler                bssBANK0     0000B6
_I2C_Report_Receive_Overflow                bssBANK0     0000B4
_I2C_Report_Write_Collision                 bssBANK0     0000B2
_INT0_ISR                                   text35       003D8A
_INT0_InterruptHandler                      bssCOMRAM    000041
_INT1_ISR                                   text32       003D82
_INT1_InterruptHandler                      bssCOMRAM    00003F
_INT2_ISR                                   text34       003D86
_INT2_InterruptHandler                      bssCOMRAM    00003D
_INTCON2bits                                (abs)        000FF1
_INTCON3bits                                (abs)        000FF0
_INTCONbits                                 (abs)        000FF2
_IPR1bits                                   (abs)        000F9F
_IPR2bits                                   (abs)        000FA2
_InterruptManagerHigh                       intcode      000008
_InterruptManagerLow                        intcodelo    000018
_LATA                                       (abs)        000F89
_LATB                                       (abs)        000F8A
_LATC                                       (abs)        000F8B
_LATD                                       (abs)        000F8C
_LATE                                       (abs)        000F8D
_PIE1bits                                   (abs)        000F9D
_PIE2bits                                   (abs)        000FA0
_PIR1bits                                   (abs)        000F9E
_PIR2bits                                   (abs)        000FA1
_PORTA                                      (abs)        000F80
_PORTB                                      (abs)        000F81
_PORTBbits                                  (abs)        000F81
_PORTC                                      (abs)        000F82
_PORTD                                      (abs)        000F83
_PORTE                                      (abs)        000F84
_RB4_ISR                                    text31       003D5A
_RB4_InterruptHandler_HIGH                  bssCOMRAM    00003B
_RB4_InterruptHandler_LOW                   bssCOMRAM    000039
_RB5_ISR                                    text30       003D40
_RB5_InterruptHandler_HIGH                  bssCOMRAM    000037
_RB5_InterruptHandler_LOW                   bssCOMRAM    000035
_RB6_ISR                                    text29       003D26
_RB6_InterruptHandler_HIGH                  bssCOMRAM    000033
_RB6_InterruptHandler_LOW                   bssCOMRAM    000031
_RB7_ISR                                    text28       003D0C
_RB7_InterruptHandler_HIGH                  bssCOMRAM    00002F
_RB7_InterruptHandler_LOW                   bssCOMRAM    00002D
_RCONbits                                   (abs)        000FD0
_RCREG                                      (abs)        000FAE
_RCSTA1bits                                 (abs)        000FAB
_RCSTAbits                                  (abs)        000FAB
_RX9D                                       (abs)        007D58
_Rx_config_interrupt                        text13       00334C
_SPBRG                                      (abs)        000FAF
_SPBRGH                                     (abs)        000FB0
_SSPADD                                     (abs)        000FC8
_SSPBUF                                     (abs)        000FC9
_SSPCON1bits                                (abs)        000FC6
_SSPCON2bits                                (abs)        000FC5
_SSPSTATbits                                (abs)        000FC7
_TRISA                                      (abs)        000F92
_TRISB                                      (abs)        000F93
_TRISBbits                                  (abs)        000F93
_TRISC                                      (abs)        000F94
_TRISCbits                                  (abs)        000F94
_TRISD                                      (abs)        000F95
_TRISE                                      (abs)        000F96
_TXREG                                      (abs)        000FAD
_TXSTA1bits                                 (abs)        000FAC
_TXSTAbits                                  (abs)        000FAC
__HRAM                                      (abs)        000000
__Habs1                                     abs1         000000
__Hbank0                                    bank0        000000
__Hbank1                                    bank1        000000
__Hbank10                                   bank10       000000
__Hbank11                                   bank11       000000
__Hbank12                                   bank12       000000
__Hbank13                                   bank13       000000
__Hbank14                                   bank14       000000
__Hbank15                                   bank15       000000
__Hbank2                                    bank2        000000
__Hbank3                                    bank3        000000
__Hbank4                                    bank4        000000
__Hbank5                                    bank5        000000
__Hbank6                                    bank6        000000
__Hbank7                                    bank7        000000
__Hbank8                                    bank8        000000
__Hbank9                                    bank9        000000
__Hbigbss                                   bigbss       000000
__Hbigdata                                  bigdata      000000
__Hbigram                                   bigram       000000
__Hbss                                      bss          000000
__HbssBANK0                                 bssBANK0     000000
__HbssCOMRAM                                bssCOMRAM    000000
__Hcinit                                    cinit        000000
__Hclrtext                                  clrtext      000000
__Hcomram                                   comram       000000
__Hconfig                                   config       30000E
__Hconst                                    const        000000
__HcstackBANK0                              cstackBANK0  000000
__HcstackBANK1                              cstackBANK1  000000
__HcstackCOMRAM                             cstackCOMRAM 000000
__Hdata                                     data         000000
__HdataBANK0                                dataBANK0    000000
__HdataCOMRAM                               dataCOMRAM   000000
__Heeprom_data                              eeprom_data  000000
__Hfarbss                                   farbss       000000
__Hfardata                                  fardata      000000
__Hibigdata                                 ibigdata     000000
__Hidata                                    idata        000000
__HidataBANK0                               idataBANK0   000000
__HidataCOMRAM                              idataCOMRAM  000000
__Hidloc                                    idloc        200008
__Hifardata                                 ifardata     000000
__Hinit                                     init         00027A
__Hintcode                                  intcode      00000E
__Hintcode_body                             intcode_body 000000
__Hintcodelo                                intcodelo    000276
__Hintentry                                 intentry     000000
__Hintret                                   intret       000000
__Hintsave_regs                             intsave_regs 000000
__Hirdata                                   irdata       000000
__Hmediumconst                              mediumconst  000000
__HnvFARRAM                                 nvFARRAM     000000
__Hnvbit                                    nvbit        000000
__Hnvrram                                   nvrram       000000
__Hparam                                    rparam       000000
__Hpowerup                                  powerup      000276
__Hram                                      ram          000000
__Hramtop                                   ramtop       001000
__Hrbit                                     rbit         000000
__Hrbss                                     rbss         000000
__Hrdata                                    rdata        000000
__Hreset_vec                                reset_vec    000004
__Hrparam                                   rparam       000000
__Hsfr                                      sfr          000000
__Hsmallconst                               smallconst   0010E0
__Hspace_0                                  (abs)        003D90
__Hspace_1                                  (abs)        00011D
__Hspace_2                                  (abs)        000000
__Hspace_4                                  (abs)        60000E
__Hstack                                    stack        000000
__Hstruct                                   struct       000000
__Htemp                                     temp         000057
__Htext                                     text         000000
__Htext0                                    text0        000000
__Htext1                                    text1        000000
__Htext10                                   text10       000000
__Htext11                                   text11       000000
__Htext12                                   text12       000000
__Htext13                                   text13       000000
__Htext14                                   text14       000000
__Htext15                                   text15       000000
__Htext16                                   text16       000000
__Htext17                                   text17       000000
__Htext18                                   text18       000000
__Htext19                                   text19       000000
__Htext2                                    text2        000000
__Htext20                                   text20       000000
__Htext21                                   text21       000000
__Htext22                                   text22       000000
__Htext23                                   text23       000000
__Htext24                                   text24       000000
__Htext25                                   text25       000000
__Htext26                                   text26       000000
__Htext28                                   text28       000000
__Htext29                                   text29       000000
__Htext3                                    text3        000000
__Htext30                                   text30       000000
__Htext31                                   text31       000000
__Htext32                                   text32       000000
__Htext34                                   text34       000000
__Htext35                                   text35       000000
__Htext36                                   text36       000000
__Htext37                                   text37       000000
__Htext38                                   text38       000000
__Htext39                                   text39       000000
__Htext4                                    text4        000000
__Htext40                                   text40       000000
__Htext41                                   text41       000000
__Htext42                                   text42       000000
__Htext43                                   text43       000000
__Htext44                                   text44       000000
__Htext45                                   text45       000000
__Htext46                                   text46       000000
__Htext47                                   text47       000000
__Htext48                                   text48       000000
__Htext49                                   text49       000000
__Htext5                                    text5        000000
__Htext50                                   text50       000000
__Htext51                                   text51       000000
__Htext52                                   text52       000000
__Htext6                                    text6        000000
__Htext7                                    text7        000000
__Htext8                                    text8        000000
__Htext9                                    text9        000000
__LRAM                                      (abs)        000001
__Labs1                                     abs1         000000
__Lbank0                                    bank0        000000
__Lbank1                                    bank1        000000
__Lbank10                                   bank10       000000
__Lbank11                                   bank11       000000
__Lbank12                                   bank12       000000
__Lbank13                                   bank13       000000
__Lbank14                                   bank14       000000
__Lbank15                                   bank15       000000
__Lbank2                                    bank2        000000
__Lbank3                                    bank3        000000
__Lbank4                                    bank4        000000
__Lbank5                                    bank5        000000
__Lbank6                                    bank6        000000
__Lbank7                                    bank7        000000
__Lbank8                                    bank8        000000
__Lbank9                                    bank9        000000
__Lbigbss                                   bigbss       000000
__Lbigdata                                  bigdata      000000
__Lbigram                                   bigram       000000
__Lbss                                      bss          000000
__LbssBANK0                                 bssBANK0     000000
__LbssCOMRAM                                bssCOMRAM    000000
__Lcinit                                    cinit        000000
__Lclrtext                                  clrtext      000000
__Lcomram                                   comram       000000
__Lconfig                                   config       000000
__Lconst                                    const        000000
__LcstackBANK0                              cstackBANK0  000000
__LcstackBANK1                              cstackBANK1  000000
__LcstackCOMRAM                             cstackCOMRAM 000000
__Ldata                                     data         000000
__LdataBANK0                                dataBANK0    000000
__LdataCOMRAM                               dataCOMRAM   000000
__Leeprom_data                              eeprom_data  000000
__Lfarbss                                   farbss       000000
__Lfardata                                  fardata      000000
__Libigdata                                 ibigdata     000000
__Lidata                                    idata        000000
__LidataBANK0                               idataBANK0   000000
__LidataCOMRAM                              idataCOMRAM  000000
__Lidloc                                    idloc        000000
__Lifardata                                 ifardata     000000
__Linit                                     init         000276
__Lintcode                                  intcode      000008
__Lintcode_body                             intcode_body 000000
__Lintcodelo                                intcodelo    000018
__Lintentry                                 intentry     000000
__Lintret                                   intret       000000
__Lintsave_regs                             intsave_regs 000000
__Lirdata                                   irdata       000000
__Lmediumconst                              mediumconst  000000
__LnvFARRAM                                 nvFARRAM     000000
__Lnvbit                                    nvbit        000000
__Lnvrram                                   nvrram       000000
__Lparam                                    rparam       000000
__Lpowerup                                  powerup      000276
__Lram                                      ram          000000
__Lramtop                                   ramtop       001000
__Lrbit                                     rbit         000000
__Lrbss                                     rbss         000000
__Lrdata                                    rdata        000000
__Lreset_vec                                reset_vec    000000
__Lrparam                                   rparam       000000
__Lsfr                                      sfr          000000
__Lsmallconst                               smallconst   001000
__Lspace_0                                  (abs)        000000
__Lspace_1                                  (abs)        000000
__Lspace_2                                  (abs)        000000
__Lspace_4                                  (abs)        000000
__Lstack                                    stack        000000
__Lstruct                                   struct       000000
__Ltemp                                     temp         000056
__Ltext                                     text         000000
__Ltext0                                    text0        000000
__Ltext1                                    text1        000000
__Ltext10                                   text10       000000
__Ltext11                                   text11       000000
__Ltext12                                   text12       000000
__Ltext13                                   text13       000000
__Ltext14                                   text14       000000
__Ltext15                                   text15       000000
__Ltext16                                   text16       000000
__Ltext17                                   text17       000000
__Ltext18                                   text18       000000
__Ltext19                                   text19       000000
__Ltext2                                    text2        000000
__Ltext20                                   text20       000000
__Ltext21                                   text21       000000
__Ltext22                                   text22       000000
__Ltext23                                   text23       000000
__Ltext24                                   text24       000000
__Ltext25                                   text25       000000
__Ltext26                                   text26       000000
__Ltext28                                   text28       000000
__Ltext29                                   text29       000000
__Ltext3                                    text3        000000
__Ltext30                                   text30       000000
__Ltext31                                   text31       000000
__Ltext32                                   text32       000000
__Ltext34                                   text34       000000
__Ltext35                                   text35       000000
__Ltext36                                   text36       000000
__Ltext37                                   text37       000000
__Ltext38                                   text38       000000
__Ltext39                                   text39       000000
__Ltext4                                    text4        000000
__Ltext40                                   text40       000000
__Ltext41                                   text41       000000
__Ltext42                                   text42       000000
__Ltext43                                   text43       000000
__Ltext44                                   text44       000000
__Ltext45                                   text45       000000
__Ltext46                                   text46       000000
__Ltext47                                   text47       000000
__Ltext48                                   text48       000000
__Ltext49                                   text49       000000
__Ltext5                                    text5        000000
__Ltext50                                   text50       000000
__Ltext51                                   text51       000000
__Ltext52                                   text52       000000
__Ltext6                                    text6        000000
__Ltext7                                    text7        000000
__Ltext8                                    text8        000000
__Ltext9                                    text9        000000
__S0                                        (abs)        003D90
__S1                                        (abs)        00011D
__S2                                        (abs)        000000
__S4                                        (abs)        000000
__S5                                        (abs)        000000
___fladd                                    text10       0010E0
___fladd@a                                  cstackBANK1  000104
___fladd@aexp                               cstackBANK1  000109
___fladd@b                                  cstackBANK1  000100
___fladd@bexp                               cstackBANK1  00010A
___fladd@grs                                cstackBANK1  00010B
___fladd@signs                              cstackBANK1  000108
___fldiv                                    text9        001D62
___fldiv@a                                  cstackBANK0  000092
___fldiv@aexp                               cstackBANK0  0000A6
___fldiv@b                                  cstackBANK0  00008E
___fldiv@bexp                               cstackBANK0  0000A5
___fldiv@grs                                cstackBANK0  0000A1
___fldiv@new_exp                            cstackBANK0  00009F
___fldiv@rem                                cstackBANK0  00009A
___fldiv@sign                               cstackBANK0  00009E
___fltol                                    text8        002E9E
___fltol@exp1                               cstackCOMRAM 00002B
___fltol@f1                                 cstackBANK0  000080
___fltol@sign1                              cstackCOMRAM 00002A
___inthi_sp                                 stack        000000
___intlo_sp                                 stack        000000
___param_bank                               (abs)        000000
___rparam_used                              (abs)        000001
___sp                                       stack        000000
___xxtofl                                   text7        0026FA
___xxtofl@arg                               cstackBANK0  00008A
___xxtofl@exp                               cstackBANK0  000089
___xxtofl@sign                              cstackBANK0  000088
___xxtofl@val                               cstackBANK0  000080
__accesstop                                 (abs)        000080
__activetblptr                              (abs)        000003
__end_of_Bluetooth_Send_Data_Non_Blocking   text48       003D0C
__end_of_EUSART_Async_Init                  text5        00394E
__end_of_EUSART_Async_Read_Data             text23       00230E
__end_of_EUSART_Async_Read_Data_Blocking    text22       00373C
__end_of_EUSART_Async_Transmit_Data         text49       00308A
__end_of_EUSART_Rx_ISR                      text37       003CB8
__end_of_EUSART_Tx_ISR                      text36       003D90
__end_of_GPIO_Pin_Direction_Initialize      text4        0029F8
__end_of_GPIO_Pin_Initialize                text3        003B2A
__end_of_GPIO_Pin_Toggle_Logic              text26       0035EE
__end_of_GPIO_Pin_Write_Logic               text21       002C60
__end_of_GPS_Service                        text14       0026FA
__end_of_INT0_ISR                           text35       003D8E
__end_of_INT1_ISR                           text32       003D86
__end_of_INT2_ISR                           text34       003D8A
__end_of_InterruptManagerHigh               intcode_body 002E9E
__end_of_InterruptManagerLow                intcodelo    000276
__end_of_RB4_ISR                            text31       003D74
__end_of_RB5_ISR                            text30       003D5A
__end_of_RB6_ISR                            text29       003D40
__end_of_RB7_ISR                            text28       003D26
__end_of_Rx_config_interrupt                text13       0033EE
__end_of___fladd                            text10       0015D8
__end_of___fldiv                            text9        0020FE
__end_of___fltol                            text8        002FA6
__end_of___xxtofl                           text7        0028B2
__end_of__initialization                    cinit        003A0C
__end_of_application_intialize              text1        003C08
__end_of_async_Rx_config                    text12       00313C
__end_of_async_Tx_config                    text11       00347E
__end_of_async_config_baud_rate_gen         text6        001D62
__end_of_calc_parity_even                   text25       003818
__end_of_calc_parity_odd                    text24       0037AA
__end_of_lcd_4bit_initialize                text2        002B32
__end_of_lcd_4bit_send_char_data            text18       0039B4
__end_of_lcd_4bit_send_char_data_pos        text41       003C8C
__end_of_lcd_4bit_send_command              text17       00365E
__end_of_lcd_4bit_send_string_data_pos      text15       00334C
__end_of_lcd_4bits_send_enable_signal       text20       003B76
__end_of_lcd_4bits_set_courser              text16       0031EE
__end_of_lcd_send_4bits                     text19       003500
__end_of_main                               text0        0019A0
__end_of_usart_isr                          text38       003BC0
__end_ofi2_EUSART_Async_Read_Data           text40       002518
__end_ofi2_GPIO_Pin_Toggle_Logic            text39       0036CE
__end_ofi2_GPIO_Pin_Write_Logic             text47       002D88
__end_ofi2_calc_parity_even                 text51       0038E8
__end_ofi2_calc_parity_odd                  text50       003880
__end_ofi2_lcd_4bit_send_char_data          text44       003ADA
__end_ofi2_lcd_4bit_send_command            text43       003A78
__end_ofi2_lcd_4bits_send_enable_signal     text46       003C50
__end_ofi2_lcd_4bits_set_courser            text42       00329E
__end_ofi2_lcd_send_4bits                   text45       00357A
__initialization                            cinit        0039B4
__mediumconst                               mediumconst  000000
__pbssBANK0                                 bssBANK0     0000AC
__pbssCOMRAM                                bssCOMRAM    00002D
__pcinit                                    cinit        0039B4
__pcstackBANK0                              cstackBANK0  000080
__pcstackBANK1                              cstackBANK1  000100
__pcstackCOMRAM                             cstackCOMRAM 000001
__pdataBANK0                                dataBANK0    0000D6
__pdataCOMRAM                               dataCOMRAM   000049
__pidataBANK0                               idataBANK0   003CB8
__pidataCOMRAM                              idataCOMRAM  003D74
__pintcode                                  intcode      000008
__pintcode_body                             intcode_body 002D88
__pintcodelo                                intcodelo    000018
__psmallconst                               smallconst   001000
__ptext0                                    text0        0015D8
__ptext1                                    text1        003BC0
__ptext10                                   text10       0010E0
__ptext11                                   text11       0033EE
__ptext12                                   text12       00308A
__ptext13                                   text13       00334C
__ptext14                                   text14       002518
__ptext15                                   text15       00329E
__ptext16                                   text16       00313C
__ptext17                                   text17       0035EE
__ptext18                                   text18       00394E
__ptext19                                   text19       00347E
__ptext2                                    text2        0029F8
__ptext20                                   text20       003B2A
__ptext21                                   text21       002B32
__ptext22                                   text22       0036CE
__ptext23                                   text23       0020FE
__ptext24                                   text24       00373C
__ptext25                                   text25       0037AA
__ptext26                                   text26       00357A
__ptext28                                   text28       003D0C
__ptext29                                   text29       003D26
__ptext3                                    text3        003ADA
__ptext30                                   text30       003D40
__ptext31                                   text31       003D5A
__ptext32                                   text32       003D82
__ptext34                                   text34       003D86
__ptext35                                   text35       003D8A
__ptext36                                   text36       003D8E
__ptext37                                   text37       003C8C
__ptext38                                   text38       003B76
__ptext39                                   text39       00365E
__ptext4                                    text4        0028B2
__ptext40                                   text40       00230E
__ptext41                                   text41       003C50
__ptext42                                   text42       0031EE
__ptext43                                   text43       003A16
__ptext44                                   text44       003A78
__ptext45                                   text45       003500
__ptext46                                   text46       003C08
__ptext47                                   text47       002C60
__ptext48                                   text48       003CE2
__ptext49                                   text49       002FA6
__ptext5                                    text5        0038E8
__ptext50                                   text50       003818
__ptext51                                   text51       003880
__ptext52                                   text52       000000
__ptext6                                    text6        0019A0
__ptext7                                    text7        0026FA
__ptext8                                    text8        002E9E
__ptext9                                    text9        001D62
__ramtop                                    ramtop       001000
__size_of_Bluetooth_Send_Data_Non_Blocking  (abs)        000000
__size_of_EUSART_Async_Init                 (abs)        000000
__size_of_EUSART_Async_Read_Data            (abs)        000000
__size_of_EUSART_Async_Read_Data_Blocking   (abs)        000000
__size_of_EUSART_Async_Transmit_Data        (abs)        000000
__size_of_EUSART_Rx_ISR                     (abs)        000000
__size_of_EUSART_Tx_ISR                     (abs)        000000
__size_of_GPIO_Pin_Direction_Initialize     (abs)        000000
__size_of_GPIO_Pin_Initialize               (abs)        000000
__size_of_GPIO_Pin_Toggle_Logic             (abs)        000000
__size_of_GPIO_Pin_Write_Logic              (abs)        000000
__size_of_GPS_Service                       (abs)        000000
__size_of_INT0_ISR                          (abs)        000000
__size_of_INT1_ISR                          (abs)        000000
__size_of_INT2_ISR                          (abs)        000000
__size_of_InterruptManagerHigh              (abs)        000000
__size_of_InterruptManagerLow               (abs)        000000
__size_of_RB4_ISR                           (abs)        000000
__size_of_RB5_ISR                           (abs)        000000
__size_of_RB6_ISR                           (abs)        000000
__size_of_RB7_ISR                           (abs)        000000
__size_of_Rx_config_interrupt               (abs)        000000
__size_of___fladd                           (abs)        000000
__size_of___fldiv                           (abs)        000000
__size_of___fltol                           (abs)        000000
__size_of___xxtofl                          (abs)        000000
__size_of_application_intialize             (abs)        000000
__size_of_async_Rx_config                   (abs)        000000
__size_of_async_Tx_config                   (abs)        000000
__size_of_async_config_baud_rate_gen        (abs)        000000
__size_of_calc_parity_even                  (abs)        000000
__size_of_calc_parity_odd                   (abs)        000000
__size_of_lcd_4bit_initialize               (abs)        000000
__size_of_lcd_4bit_send_char_data           (abs)        000000
__size_of_lcd_4bit_send_char_data_pos       (abs)        000000
__size_of_lcd_4bit_send_command             (abs)        000000
__size_of_lcd_4bit_send_string_data_pos     (abs)        000000
__size_of_lcd_4bits_send_enable_signal      (abs)        000000
__size_of_lcd_4bits_set_courser             (abs)        000000
__size_of_lcd_send_4bits                    (abs)        000000
__size_of_main                              (abs)        000000
__size_of_usart_isr                         (abs)        000000
__size_ofi2_EUSART_Async_Read_Data          (abs)        000000
__size_ofi2_GPIO_Pin_Toggle_Logic           (abs)        000000
__size_ofi2_GPIO_Pin_Write_Logic            (abs)        000000
__size_ofi2_calc_parity_even                (abs)        000000
__size_ofi2_calc_parity_odd                 (abs)        000000
__size_ofi2_lcd_4bit_send_char_data         (abs)        000000
__size_ofi2_lcd_4bit_send_command           (abs)        000000
__size_ofi2_lcd_4bits_send_enable_signal    (abs)        000000
__size_ofi2_lcd_4bits_set_courser           (abs)        000000
__size_ofi2_lcd_send_4bits                  (abs)        000000
__smallconst                                smallconst   001000
__uart_obj                                  dataBANK0    0000F4
_application_intialize                      text1        003BC0
_async_Rx_config                            text12       00308A
_async_Tx_config                            text11       0033EE
_async_config_baud_rate_gen                 text6        0019A0
_async_config_baud_rate_gen$3860            cstackBANK1  000115
_blue                                       dataCOMRAM   000049
_calc_parity_even                           text25       0037AA
_calc_parity_odd                            text24       00373C
_counter                                    bssCOMRAM    000045
_datarecive                                 bssCOMRAM    000048
_datasend                                   dataCOMRAM   00004B
_eusart_Rx_InterruptHandler                 bssCOMRAM    000043
_eusart_frameerr_CallBack                   bssBANK0     0000B8
_eusart_overrunerr_CallBack                 bssBANK0     0000BA
_flags                                      dataCOMRAM   00004C
_gps                                        dataCOMRAM   00004A
_gpstemp                                    bssCOMRAM    000047
_i                                          bssCOMRAM    000046
_lat_registers                              dataBANK0    0000E0
_latitude                                   bssBANK0     0000C9
_lcd1                                       dataCOMRAM   00004D
_lcd_4bit_initialize                        text2        0029F8
_lcd_4bit_send_char_data                    text18       00394E
_lcd_4bit_send_char_data_pos                text41       003C50
_lcd_4bit_send_command                      text17       0035EE
_lcd_4bit_send_string_data_pos              text15       00329E
_lcd_4bits_send_enable_signal               text20       003B2A
_lcd_4bits_set_courser                      text16       00313C
_lcd_send_4bits                             text19       00347E
_longtude                                   bssBANK0     0000BC
_main                                       text0        0015D8
_pind1                                      dataCOMRAM   000054
_pind2                                      dataCOMRAM   000055
_port_registers                             dataBANK0    0000D6
_selector                                   dataCOMRAM   000053
_tris_registers                             dataBANK0    0000EA
_usart_isr                                  text38       003B76
async_Rx_config@_rx_obj                     cstackBANK0  000080
async_Rx_config@ret_val                     cstackBANK0  000082
async_Tx_config@_tx_obj                     cstackCOMRAM 00002A
async_Tx_config@ret_val                     cstackCOMRAM 00002C
async_config_baud_rate_gen@Baudrate_temp    cstackBANK1  000111
async_config_baud_rate_gen@_eusart_obj      cstackBANK1  00010C
async_config_baud_rate_gen@ret_val          cstackBANK1  000110
btemp                                       temp         000056
calc_parity_even@data                       cstackBANK0  000080
calc_parity_even@l_counter                  cstackBANK0  000082
calc_parity_even@number_of_ones             cstackBANK0  000081
calc_parity_odd@data                        cstackBANK0  000080
calc_parity_odd@l_counter                   cstackBANK0  000082
calc_parity_odd@number_of_ones              cstackBANK0  000081
end_of_initialization                       cinit        003A0C
i2EUSART_Async_Read_Data@_eusart_obj        cstackCOMRAM 000006
i2EUSART_Async_Read_Data@data               cstackCOMRAM 000008
i2EUSART_Async_Read_Data@l_temp_data        cstackCOMRAM 000013
i2GPIO_Pin_Toggle_Logic@_pin_config         cstackCOMRAM 000001
i2GPIO_Pin_Write_Logic@ERRORSTATUS          cstackCOMRAM 00000A
i2GPIO_Pin_Write_Logic@_pin_config          cstackCOMRAM 000001
i2GPIO_Pin_Write_Logic@logic                cstackCOMRAM 000003
i2_EUSART_Async_Read_Data                   text40       00230E
i2_EUSART_Async_Read_Data$1243              cstackCOMRAM 00000D
i2_EUSART_Async_Read_Data$1244              cstackCOMRAM 00000F
i2_EUSART_Async_Read_Data$1245              cstackCOMRAM 000011
i2_GPIO_Pin_Toggle_Logic                    text39       00365E
i2_GPIO_Pin_Write_Logic                     text47       002C60
i2_calc_parity_even                         text51       003880
i2_calc_parity_odd                          text50       003818
i2_lcd_4bit_send_char_data                  text44       003A78
i2_lcd_4bit_send_command                    text43       003A16
i2_lcd_4bits_send_enable_signal             text46       003C08
i2_lcd_4bits_set_courser                    text42       0031EE
i2_lcd_send_4bits                           text45       003500
i2calc_parity_even@data                     cstackCOMRAM 000003
i2calc_parity_even@l_counter                cstackCOMRAM 000005
i2calc_parity_even@number_of_ones           cstackCOMRAM 000004
i2calc_parity_odd@data                      cstackCOMRAM 000003
i2calc_parity_odd@l_counter                 cstackCOMRAM 000005
i2calc_parity_odd@number_of_ones            cstackCOMRAM 000004
i2lcd_4bit_send_char_data@data              cstackCOMRAM 000011
i2lcd_4bit_send_char_data@lcd               cstackCOMRAM 00000F
i2lcd_4bit_send_command@command             cstackCOMRAM 000011
i2lcd_4bit_send_command@lcd                 cstackCOMRAM 00000F
i2lcd_4bits_send_enable_signal@lcd          cstackCOMRAM 00000B
i2lcd_4bits_set_courser@colum               cstackCOMRAM 000016
i2lcd_4bits_set_courser@lcd                 cstackCOMRAM 000013
i2lcd_4bits_set_courser@row                 cstackCOMRAM 000015
i2lcd_send_4bits@data_command               cstackCOMRAM 00000D
i2lcd_send_4bits@lcd                        cstackCOMRAM 00000B
int$flags                                   temp         000056
int_func                                    intcode_body 002D88
intlevel0                                   text         000000
intlevel1                                   text         000000
intlevel2                                   text         000000
intlevel3                                   text         000000
lcd_4bit_initialize@lcd                     cstackBANK0  00008F
lcd_4bit_initialize@pin_lcd_counter         cstackBANK0  000093
lcd_4bit_send_char_data@data                cstackBANK0  00008D
lcd_4bit_send_char_data@lcd                 cstackBANK0  00008B
lcd_4bit_send_char_data_pos@colum           cstackCOMRAM 00001D
lcd_4bit_send_char_data_pos@data            cstackCOMRAM 00001E
lcd_4bit_send_char_data_pos@lcd             cstackCOMRAM 00001A
lcd_4bit_send_char_data_pos@row             cstackCOMRAM 00001C
lcd_4bit_send_command@ERRORSTATUS           cstackBANK0  00008E
lcd_4bit_send_command@command               cstackBANK0  00008D
lcd_4bit_send_command@lcd                   cstackBANK0  00008B
lcd_4bit_send_string_data_pos@colum         cstackBANK0  000099
lcd_4bit_send_string_data_pos@lcd           cstackBANK0  000096
lcd_4bit_send_string_data_pos@row           cstackBANK0  000098
lcd_4bit_send_string_data_pos@str           cstackBANK0  00009A
lcd_4bits_send_enable_signal@lcd            cstackBANK0  000087
lcd_4bits_set_courser@colum                 cstackBANK0  000092
lcd_4bits_set_courser@lcd                   cstackBANK0  00008F
lcd_4bits_set_courser@row                   cstackBANK0  000091
lcd_send_4bits@data_command                 cstackBANK0  000089
lcd_send_4bits@lcd                          cstackBANK0  000087
stackhi                                     (abs)        000F7F
stacklo                                     (abs)        00011D
start                                       init         000276
start_initialization                        cinit        0039B4
ttemp5                                      temp         000057
ttemp6                                      temp         00005A
ttemp7                                      temp         00005E
wtemp8                                      temp         000057


FUNCTION INFORMATION:

 *************** function _main *****************
 Defined at:
		line 91 in file "application.c"
 Parameters:    Size  Location     Type
		None
 Auto vars:     Size  Location     Type
		None
 Return value:  Size  Location     Type
                  2  1228[None  ] int 
 Registers used:
		wreg, fsr0l, fsr0h, fsr2l, fsr2h, status,2, status,0, tblptrl, tblptrh, tblptru, prodl, prodh, cstack
 Tracked objects:
		On entry : 
		On exit  : 
		Unchanged: 
 Data sizes:     COMRAM   BANK0   BANK1   BANK2   BANK3   BANK4   BANK5   BANK6   BANK7   BANK8   BANK9  BANK10  BANK11  BANK12  BANK13  BANK14  BANK15
      Params:         0       0       0       0       0       0       0       0       0       0       0       0       0       0       0       0       0
      Locals:         0       0       0       0       0       0       0       0       0       0       0       0       0       0       0       0       0
      Temps:          0       0       2       0       0       0       0       0       0       0       0       0       0       0       0       0       0
      Totals:         0       0       2       0       0       0       0       0       0       0       0       0       0       0       0       0       0
Total ram usage:        2 bytes
 Hardware stack levels required when called:   16
 This function calls:
		_GPIO_Pin_Toggle_Logic
		_GPS_Service
		_application_intialize
		_lcd_4bit_send_string_data_pos
 This function is called by:
		Startup code after reset
 This function uses a non-reentrant model


 *************** function _application_intialize *****************
 Defined at:
		line 180 in file "application.c"
 Parameters:    Size  Location     Type
		None
 Auto vars:     Size  Location     Type
		None
 Return value:  Size  Location     Type
                  1    wreg      void 
 Registers used:
		wreg, fsr2l, fsr2h, status,2, status,0, prodl, prodh, cstack
 Tracked objects:
		On entry : 
		On exit  : 
		Unchanged: 
 Data sizes:     COMRAM   BANK0   BANK1   BANK2   BANK3   BANK4   BANK5   BANK6   BANK7   BANK8   BANK9  BANK10  BANK11  BANK12  BANK13  BANK14  BANK15
      Params:         0       0       0       0       0       0       0       0       0       0       0       0       0       0       0       0       0
      Locals:         0       0       0       0       0       0       0       0       0       0       0       0       0       0       0       0       0
      Temps:          0       0       0       0       0       0       0       0       0       0       0       0       0       0       0       0       0
      Totals:         0       0       0       0       0       0       0       0       0       0       0       0       0       0       0       0       0
Total ram usage:        0 bytes
 Hardware stack levels used:    1
 Hardware stack levels required when called:   14
 This function calls:
		_EUSART_Async_Init
		_GPIO_Pin_Initialize
		_lcd_4bit_initialize
 This function is called by:
		_main
 This function uses a non-reentrant model


 *************** function _lcd_4bit_initialize *****************
 Defined at:
		line 21 in file "ECU/LCD_for_test_gps/ecu_char_lcd.c"
 Parameters:    Size  Location     Type
  lcd             2   15[BANK0 ] PTR const struct .
		 -> lcd1(6), 
 Auto vars:     Size  Location     Type
  pin_lcd_coun    1   19[BANK0 ] unsigned char 
  ERRORSTATUS     1    0        unsigned char 
 Return value:  Size  Location     Type
                  1    wreg      unsigned char 
 Registers used:
		wreg, fsr2l, fsr2h, status,2, status,0, prodl, prodh, cstack
 Tracked objects:
		On entry : 
		On exit  : 
		Unchanged: 
 Data sizes:     COMRAM   BANK0   BANK1   BANK2   BANK3   BANK4   BANK5   BANK6   BANK7   BANK8   BANK9  BANK10  BANK11  BANK12  BANK13  BANK14  BANK15
      Params:         0       2       0       0       0       0       0       0       0       0       0       0       0       0       0       0       0
      Locals:         0       2       0       0       0       0       0       0       0       0       0       0       0       0       0       0       0
      Temps:          0       2       0       0       0       0       0       0       0       0       0       0       0       0       0       0       0
      Totals:         0       6       0       0       0       0       0       0       0       0       0       0       0       0       0       0       0
Total ram usage:        6 bytes
 Hardware stack levels used:    1
 Hardware stack levels required when called:   13
 This function calls:
		_GPIO_Pin_Initialize
		_lcd_4bit_send_command
 This function is called by:
		_application_intialize
 This function uses a non-reentrant model


 *************** function _GPIO_Pin_Initialize *****************
 Defined at:
		line 158 in file "MCAL/GPIO/hal_gpio.c"
 Parameters:    Size  Location     Type
  _pin_config     2    7[BANK0 ] PTR const struct .
		 -> selector(1), pind2(1), pind1(1), lcd1.lcd_data_pins(4), 
		 -> lcd1(6), 
 Auto vars:     Size  Location     Type
  ERRORSTATUS     1    9[BANK0 ] unsigned char 
 Return value:  Size  Location     Type
                  1    wreg      unsigned char 
 Registers used:
		wreg, fsr2l, fsr2h, status,2, status,0, prodl, prodh, cstack
 Tracked objects:
		On entry : 
		On exit  : 
		Unchanged: 
 Data sizes:     COMRAM   BANK0   BANK1   BANK2   BANK3   BANK4   BANK5   BANK6   BANK7   BANK8   BANK9  BANK10  BANK11  BANK12  BANK13  BANK14  BANK15
      Params:         0       2       0       0       0       0       0       0       0       0       0       0       0       0       0       0       0
      Locals:         0       1       0       0       0       0       0       0       0       0       0       0       0       0       0       0       0
      Temps:          0       0       0       0       0       0       0       0       0       0       0       0       0       0       0       0       0
      Totals:         0       3       0       0       0       0       0       0       0       0       0       0       0       0       0       0       0
Total ram usage:        3 bytes
 Hardware stack levels used:    1
 Hardware stack levels required when called:   11
 This function calls:
		_GPIO_Pin_Direction_Initialize
		_GPIO_Pin_Write_Logic
 This function is called by:
		_lcd_4bit_initialize
		_application_intialize
		_lcd_8bit_initialize
 This function uses a non-reentrant model


 *************** function _GPIO_Pin_Direction_Initialize *****************
 Defined at:
		line 25 in file "MCAL/GPIO/hal_gpio.c"
 Parameters:    Size  Location     Type
  _pin_config     2   41[COMRAM] PTR const struct .
		 -> selector(1), pind2(1), pind1(1), lcd1.lcd_data_pins(4), 
		 -> lcd1(6), 
 Auto vars:     Size  Location     Type
  ERRORSTATUS     1   43[COMRAM] unsigned char 
 Return value:  Size  Location     Type
                  1    wreg      unsigned char 
 Registers used:
		wreg, fsr2l, fsr2h, status,2, status,0, prodl, prodh
 Tracked objects:
		On entry : 
		On exit  : 
		Unchanged: 
 Data sizes:     COMRAM   BANK0   BANK1   BANK2   BANK3   BANK4   BANK5   BANK6   BANK7   BANK8   BANK9  BANK10  BANK11  BANK12  BANK13  BANK14  BANK15
      Params:         2       0       0       0       0       0       0       0       0       0       0       0       0       0       0       0       0
      Locals:         1       0       0       0       0       0       0       0       0       0       0       0       0       0       0       0       0
      Temps:          0       6       0       0       0       0       0       0       0       0       0       0       0       0       0       0       0
      Totals:         3       6       0       0       0       0       0       0       0       0       0       0       0       0       0       0       0
Total ram usage:        9 bytes
 Hardware stack levels used:    1
 Hardware stack levels required when called:   10
 This function calls:
		Nothing
 This function is called by:
		_GPIO_Pin_Initialize
		_interrupt_RBx_pin_init
 This function uses a non-reentrant model


 *************** function _EUSART_Async_Init *****************
 Defined at:
		line 42 in file "MCAL/EUSART/mcal_EUSART.c"
 Parameters:    Size  Location     Type
  _eusart_obj     2   25[BANK1 ] PTR const struct .
		 -> _uart_obj(12), 
 Auto vars:     Size  Location     Type
  ret_val         1   43[BANK0 ] unsigned char 
 Return value:  Size  Location     Type
                  1    wreg      unsigned char 
 Registers used:
		wreg, fsr2l, fsr2h, status,2, status,0, cstack
 Tracked objects:
		On entry : 
		On exit  : 
		Unchanged: 
 Data sizes:     COMRAM   BANK0   BANK1   BANK2   BANK3   BANK4   BANK5   BANK6   BANK7   BANK8   BANK9  BANK10  BANK11  BANK12  BANK13  BANK14  BANK15
      Params:         0       0       2       0       0       0       0       0       0       0       0       0       0       0       0       0       0
      Locals:         0       1       0       0       0       0       0       0       0       0       0       0       0       0       0       0       0
      Temps:          0       0       0       0       0       0       0       0       0       0       0       0       0       0       0       0       0
      Totals:         0       1       2       0       0       0       0       0       0       0       0       0       0       0       0       0       0
Total ram usage:        3 bytes
 Hardware stack levels used:    1
 Hardware stack levels required when called:   12
 This function calls:
		_async_Rx_config
		_async_Tx_config
		_async_config_baud_rate_gen
 This function is called by:
		_application_intialize
		_Bluetooth_Init
 This function uses a non-reentrant model


 *************** function _async_config_baud_rate_gen *****************
 Defined at:
		line 564 in file "MCAL/EUSART/mcal_EUSART.c"
 Parameters:    Size  Location     Type
  _eusart_obj     2   12[BANK1 ] PTR const struct .
		 -> _uart_obj(12), 
 Auto vars:     Size  Location     Type
  Baudrate_tem    4   17[BANK1 ] float 
  ret_val         1   16[BANK1 ] unsigned char 
 Return value:  Size  Location     Type
                  1    wreg      unsigned char 
 Registers used:
		wreg, fsr2l, fsr2h, status,2, status,0, cstack
 Tracked objects:
		On entry : 
		On exit  : 
		Unchanged: 
 Data sizes:     COMRAM   BANK0   BANK1   BANK2   BANK3   BANK4   BANK5   BANK6   BANK7   BANK8   BANK9  BANK10  BANK11  BANK12  BANK13  BANK14  BANK15
      Params:         0       0       2       0       0       0       0       0       0       0       0       0       0       0       0       0       0
      Locals:         0       0       9       0       0       0       0       0       0       0       0       0       0       0       0       0       0
      Temps:          0       0       2       0       0       0       0       0       0       0       0       0       0       0       0       0       0
      Totals:         0       0      13       0       0       0       0       0       0       0       0       0       0       0       0       0       0
Total ram usage:       13 bytes
 Hardware stack levels used:    1
 Hardware stack levels required when called:   11
 This function calls:
		___fladd
		___fldiv
		___fltol
		___xxtofl
 This function is called by:
		_EUSART_Async_Init
 This function uses a non-reentrant model


 *************** function ___xxtofl *****************
 Defined at:
		line 10 in file "C:\Program Files\Microchip\xc8\v2.30\pic\sources\c99\common\xxtofl.c"
 Parameters:    Size  Location     Type
  sign            1    wreg     unsigned char 
  val             4    0[BANK0 ] long 
 Auto vars:     Size  Location     Type
  sign            1    8[BANK0 ] unsigned char 
  arg             4   10[BANK0 ] unsigned long 
  exp             1    9[BANK0 ] unsigned char 
 Return value:  Size  Location     Type
                  4    0[BANK0 ] unsigned char 
 Registers used:
		wreg, status,2, status,0
 Tracked objects:
		On entry : 
		On exit  : 
		Unchanged: 
 Data sizes:     COMRAM   BANK0   BANK1   BANK2   BANK3   BANK4   BANK5   BANK6   BANK7   BANK8   BANK9  BANK10  BANK11  BANK12  BANK13  BANK14  BANK15
      Params:         0       4       0       0       0       0       0       0       0       0       0       0       0       0       0       0       0
      Locals:         0       6       0       0       0       0       0       0       0       0       0       0       0       0       0       0       0
      Temps:          0       4       0       0       0       0       0       0       0       0       0       0       0       0       0       0       0
      Totals:         0      14       0       0       0       0       0       0       0       0       0       0       0       0       0       0       0
Total ram usage:       14 bytes
 Hardware stack levels used:    1
 Hardware stack levels required when called:   10
 This function calls:
		Nothing
 This function is called by:
		_async_config_baud_rate_gen
		_Servo_SetAngle
		_I2C_Master_Mode_Clock_Configurations
 This function uses a non-reentrant model


 *************** function ___fltol *****************
 Defined at:
		line 43 in file "C:\Program Files\Microchip\xc8\v2.30\pic\sources\c99\common\fltol.c"
 Parameters:    Size  Location     Type
  f1              4    0[BANK0 ] unsigned char 
 Auto vars:     Size  Location     Type
  exp1            1   42[COMRAM] unsigned char 
  sign1           1   41[COMRAM] unsigned char 
 Return value:  Size  Location     Type
                  4    0[BANK0 ] long 
 Registers used:
		wreg, status,2, status,0
 Tracked objects:
		On entry : 
		On exit  : 
		Unchanged: 
 Data sizes:     COMRAM   BANK0   BANK1   BANK2   BANK3   BANK4   BANK5   BANK6   BANK7   BANK8   BANK9  BANK10  BANK11  BANK12  BANK13  BANK14  BANK15
      Params:         0       4       0       0       0       0       0       0       0       0       0       0       0       0       0       0       0
      Locals:         2       0       0       0       0       0       0       0       0       0       0       0       0       0       0       0       0
      Temps:          0       4       0       0       0       0       0       0       0       0       0       0       0       0       0       0       0
      Totals:         2       8       0       0       0       0       0       0       0       0       0       0       0       0       0       0       0
Total ram usage:       10 bytes
 Hardware stack levels used:    1
 Hardware stack levels required when called:   10
 This function calls:
		Nothing
 This function is called by:
		_async_config_baud_rate_gen
		_Servo_SetAngle
		_I2C_Master_Mode_Clock_Configurations
 This function uses a non-reentrant model


 *************** function ___fldiv *****************
 Defined at:
		line 11 in file "C:\Program Files\Microchip\xc8\v2.30\pic\sources\c99\common\sprcdiv.c"
 Parameters:    Size  Location     Type
  b               4   14[BANK0 ] long 
  a               4   18[BANK0 ] long 
 Auto vars:     Size  Location     Type
  grs             4   33[BANK0 ] unsigned long 
  rem             4   26[BANK0 ] unsigned long 
  new_exp         2   31[BANK0 ] short 
  aexp            1   38[BANK0 ] unsigned char 
  bexp            1   37[BANK0 ] unsigned char 
  sign            1   30[BANK0 ] unsigned char 
 Return value:  Size  Location     Type
                  4   14[BANK0 ] unsigned char 
 Registers used:
		wreg, status,2, status,0
 Tracked objects:
		On entry : 
		On exit  : 
		Unchanged: 
 Data sizes:     COMRAM   BANK0   BANK1   BANK2   BANK3   BANK4   BANK5   BANK6   BANK7   BANK8   BANK9  BANK10  BANK11  BANK12  BANK13  BANK14  BANK15
      Params:         0       8       0       0       0       0       0       0       0       0       0       0       0       0       0       0       0
      Locals:         0      13       0       0       0       0       0       0       0       0       0       0       0       0       0       0       0
      Temps:          0       4       0       0       0       0       0       0       0       0       0       0       0       0       0       0       0
      Totals:         0      25       0       0       0       0       0       0       0       0       0       0       0       0       0       0       0
Total ram usage:       25 bytes
 Hardware stack levels used:    1
 Hardware stack levels required when called:   10
 This function calls:
		Nothing
 This function is called by:
		_async_config_baud_rate_gen
		_I2C_Master_Mode_Clock_Configurations
 This function uses a non-reentrant model


 *************** function ___fladd *****************
 Defined at:
		line 10 in file "C:\Program Files\Microchip\xc8\v2.30\pic\sources\c99\common\sprcadd.c"
 Parameters:    Size  Location     Type
  b               4    0[BANK1 ] unsigned char 
  a               4    4[BANK1 ] unsigned char 
 Auto vars:     Size  Location     Type
  grs             1   11[BANK1 ] unsigned char 
[...]
 Data sizes:     COMRAM   BANK0   BANK1   BANK2   BANK3   BANK4   BANK5   BANK6   BANK7   BANK8   BANK9  BANK10  BANK11  BANK12  BANK13  BANK14  BANK15
      Params:         4       0       0       0       0       0       0       0       0       0       0       0       0       0       0       0       0
      Locals:         1       0       0       0       0       0       0       0       0       0       0       0       0       0       0       0       0
      Temps:          2       0       0       0       0       0       0       0       0       0       0       0       0       0       0       0       0
      Totals:         7       0       0       0       0       0       0       0       0       0       0       0       0       0       0       0       0
Total ram usage:        7 bytes
 Hardware stack levels used:    1
 Hardware stack levels required when called:    3
 This function calls:
		i2_lcd_4bit_send_command
 This function is called by:
		_lcd_4bit_send_char_data_pos
 This function uses a non-reentrant model


 *************** function i2_lcd_4bit_send_command *****************
 Defined at:
		line 65 in file "ECU/LCD_for_test_gps/ecu_char_lcd.c"
 Parameters:    Size  Location     Type
  lcd             2   14[COMRAM] PTR const struct .
		 -> lcd1(6), 
  command         1   16[COMRAM] unsigned char 
 Auto vars:     Size  Location     Type
  ERRORSTATUS     1    0        unsigned char 
 Return value:  Size  Location     Type
                  1    wreg      unsigned char 
 Registers used:
		wreg, fsr2l, fsr2h, status,2, status,0, prodl, prodh, cstack
 Tracked objects:
		On entry : 
		On exit  : 
		Unchanged: 
 Data sizes:     COMRAM   BANK0   BANK1   BANK2   BANK3   BANK4   BANK5   BANK6   BANK7   BANK8   BANK9  BANK10  BANK11  BANK12  BANK13  BANK14  BANK15
      Params:         3       0       0       0       0       0       0       0       0       0       0       0       0       0       0       0       0
      Locals:         1       0       0       0       0       0       0       0       0       0       0       0       0       0       0       0       0
      Temps:          0       0       0       0       0       0       0       0       0       0       0       0       0       0       0       0       0
      Totals:         4       0       0       0       0       0       0       0       0       0       0       0       0       0       0       0       0
Total ram usage:        4 bytes
 Hardware stack levels used:    1
 Hardware stack levels required when called:    2
 This function calls:
		i2_GPIO_Pin_Write_Logic
		i2_lcd_4bits_send_enable_signal
		i2_lcd_send_4bits
 This function is called by:
		i2_lcd_4bits_set_courser
 This function uses a non-reentrant model


 *************** function i2_lcd_4bit_send_char_data *****************
 Defined at:
		line 90 in file "ECU/LCD_for_test_gps/ecu_char_lcd.c"
 Parameters:    Size  Location     Type
  lcd             2   14[COMRAM] PTR const struct .
		 -> lcd1(6), 
  data            1   16[COMRAM] unsigned char 
 Auto vars:     Size  Location     Type
  ERRORSTATUS     1    0        unsigned char 
 Return value:  Size  Location     Type
                  1    wreg      unsigned char 
 Registers used:
		wreg, fsr2l, fsr2h, status,2, status,0, prodl, prodh, cstack
 Tracked objects:
		On entry : 
		On exit  : 
		Unchanged: 
 Data sizes:     COMRAM   BANK0   BANK1   BANK2   BANK3   BANK4   BANK5   BANK6   BANK7   BANK8   BANK9  BANK10  BANK11  BANK12  BANK13  BANK14  BANK15
      Params:         3       0       0       0       0       0       0       0       0       0       0       0       0       0       0       0       0
      Locals:         1       0       0       0       0       0       0       0       0       0       0       0       0       0       0       0       0
      Temps:          0       0       0       0       0       0       0       0       0       0       0       0       0       0       0       0       0
      Totals:         4       0       0       0       0       0       0       0       0       0       0       0       0       0       0       0       0
Total ram usage:        4 bytes
 Hardware stack levels used:    1
 Hardware stack levels required when called:    2
 This function calls:
		i2_GPIO_Pin_Write_Logic
		i2_lcd_4bits_send_enable_signal
		i2_lcd_send_4bits
 This function is called by:
		_lcd_4bit_send_char_data_pos
 This function uses a non-reentrant model


 *************** function i2_lcd_send_4bits *****************
 Defined at:
		line 505 in file "ECU/LCD_for_test_gps/ecu_char_lcd.c"
 Parameters:    Size  Location     Type
  lcd             2   10[COMRAM] PTR const struct .
		 -> lcd1(6), 
  data_command    1   12[COMRAM] unsigned char 
 Auto vars:     Size  Location     Type
  ERRORSTATUS     1    0        unsigned char 
 Return value:  Size  Location     Type
                  1    wreg      unsigned char 
 Registers used:
		wreg, fsr2l, fsr2h, status,2, status,0, prodl, prodh, cstack
 Tracked objects:
		On entry : 
		On exit  : 
		Unchanged: 
 Data sizes:     COMRAM   BANK0   BANK1   BANK2   BANK3   BANK4   BANK5   BANK6   BANK7   BANK8   BANK9  BANK10  BANK11  BANK12  BANK13  BANK14  BANK15
      Params:         3       0       0       0       0       0       0       0       0       0       0       0       0       0       0       0       0
      Locals:         1       0       0       0       0       0       0       0       0       0       0       0       0       0       0       0       0
      Temps:          0       0       0       0       0       0       0       0       0       0       0       0       0       0       0       0       0
      Totals:         4       0       0       0       0       0       0       0       0       0       0       0       0       0       0       0       0
Total ram usage:        4 bytes
 Hardware stack levels used:    1
 Hardware stack levels required when called:    1
 This function calls:
		i2_GPIO_Pin_Write_Logic
 This function is called by:
		i2_lcd_4bit_send_command
		i2_lcd_4bit_send_char_data
 This function uses a non-reentrant model


 *************** function i2_lcd_4bits_send_enable_signal *****************
 Defined at:
		line 488 in file "ECU/LCD_for_test_gps/ecu_char_lcd.c"
 Parameters:    Size  Location     Type
  lcd             2   10[COMRAM] PTR const struct .
		 -> lcd1(6), 
 Auto vars:     Size  Location     Type
  ERRORSTATUS     1    0        unsigned char 
 Return value:  Size  Location     Type
                  1    wreg      unsigned char 
 Registers used:
		wreg, fsr2l, fsr2h, status,2, status,0, prodl, prodh, cstack
 Tracked objects:
		On entry : 
		On exit  : 
		Unchanged: 
 Data sizes:     COMRAM   BANK0   BANK1   BANK2   BANK3   BANK4   BANK5   BANK6   BANK7   BANK8   BANK9  BANK10  BANK11  BANK12  BANK13  BANK14  BANK15
      Params:         2       0       0       0       0       0       0       0       0       0       0       0       0       0       0       0       0
      Locals:         1       0       0       0       0       0       0       0       0       0       0       0       0       0       0       0       0
      Temps:          0       0       0       0       0       0       0       0       0       0       0       0       0       0       0       0       0
      Totals:         3       0       0       0       0       0       0       0       0       0       0       0       0       0       0       0       0
Total ram usage:        3 bytes
 Hardware stack levels used:    1
 Hardware stack levels required when called:    1
 This function calls:
		i2_GPIO_Pin_Write_Logic
 This function is called by:
		i2_lcd_4bit_send_command
		i2_lcd_4bit_send_char_data
 This function uses a non-reentrant model


 *************** function i2_GPIO_Pin_Write_Logic *****************
 Defined at:
		line 82 in file "MCAL/GPIO/hal_gpio.c"
 Parameters:    Size  Location     Type
  _pin_config     2    0[COMRAM] PTR const struct .
		 -> selector(1), pind2(1), pind1(1), lcd1.lcd_data_pins(4), 
		 -> lcd1(6), 
  logic           1    2[COMRAM] enum E2959
 Auto vars:     Size  Location     Type
  ERRORSTATUS     1    9[COMRAM] unsigned char 
 Return value:  Size  Location     Type
                  1    wreg      unsigned char 
 Registers used:
		wreg, fsr2l, fsr2h, status,2, status,0, prodl, prodh
 Tracked objects:
		On entry : 
		On exit  : 
		Unchanged: 
 Data sizes:     COMRAM   BANK0   BANK1   BANK2   BANK3   BANK4   BANK5   BANK6   BANK7   BANK8   BANK9  BANK10  BANK11  BANK12  BANK13  BANK14  BANK15
      Params:         3       0       0       0       0       0       0       0       0       0       0       0       0       0       0       0       0
      Locals:         1       0       0       0       0       0       0       0       0       0       0       0       0       0       0       0       0
      Temps:          6       0       0       0       0       0       0       0       0       0       0       0       0       0       0       0       0
      Totals:        10       0       0       0       0       0       0       0       0       0       0       0       0       0       0       0       0
Total ram usage:       10 bytes
 Hardware stack levels used:    1
 This function calls:
		Nothing
 This function is called by:
		i2_lcd_4bit_send_command
		i2_lcd_4bit_send_char_data
		i2_lcd_4bits_send_enable_signal
		i2_lcd_send_4bits
 This function uses a non-reentrant model


 *************** function _Bluetooth_Send_Data_Non_Blocking *****************
 Defined at:
		line 71 in file "ECU/Bluetooth/Bluetooth.c"
 Parameters:    Size  Location     Type
  _uart_obj       2   12[COMRAM] PTR const struct .
		 -> _uart_obj(12), 
  data            1   14[COMRAM] unsigned char 
 Auto vars:     Size  Location     Type
  ret_val         1    0        unsigned char 
 Return value:  Size  Location     Type
                  1    wreg      unsigned char 
 Registers used:
		wreg, fsr2l, fsr2h, status,2, status,0, cstack
 Tracked objects:
		On entry : 
		On exit  : 
		Unchanged: 
 Data sizes:     COMRAM   BANK0   BANK1   BANK2   BANK3   BANK4   BANK5   BANK6   BANK7   BANK8   BANK9  BANK10  BANK11  BANK12  BANK13  BANK14  BANK15
      Params:         3       0       0       0       0       0       0       0       0       0       0       0       0       0       0       0       0
      Locals:         1       0       0       0       0       0       0       0       0       0       0       0       0       0       0       0       0
      Temps:          0       0       0       0       0       0       0       0       0       0       0       0       0       0       0       0       0
      Totals:         4       0       0       0       0       0       0       0       0       0       0       0       0       0       0       0       0
Total ram usage:        4 bytes
 Hardware stack levels used:    1
 Hardware stack levels required when called:    2
 This function calls:
		_EUSART_Async_Transmit_Data
 This function is called by:
		_usart_isr
 This function uses a non-reentrant model


 *************** function _EUSART_Async_Transmit_Data *****************
 Defined at:
		line 124 in file "MCAL/EUSART/mcal_EUSART.c"
 Parameters:    Size  Location     Type
  _eusart_obj     2    5[COMRAM] PTR const struct .
		 -> _uart_obj(12), 
  data            2    7[COMRAM] unsigned short 
 Auto vars:     Size  Location     Type
  ret_val         1    0        unsigned char 
 Return value:  Size  Location     Type
                  1    wreg      unsigned char 
 Registers used:
		wreg, fsr2l, fsr2h, status,2, status,0, cstack
 Tracked objects:
		On entry : 
		On exit  : 
		Unchanged: 
 Data sizes:     COMRAM   BANK0   BANK1   BANK2   BANK3   BANK4   BANK5   BANK6   BANK7   BANK8   BANK9  BANK10  BANK11  BANK12  BANK13  BANK14  BANK15
      Params:         4       0       0       0       0       0       0       0       0       0       0       0       0       0       0       0       0
      Locals:         1       0       0       0       0       0       0       0       0       0       0       0       0       0       0       0       0
      Temps:          2       0       0       0       0       0       0       0       0       0       0       0       0       0       0       0       0
      Totals:         7       0       0       0       0       0       0       0       0       0       0       0       0       0       0       0       0
Total ram usage:        7 bytes
 Hardware stack levels used:    1
 Hardware stack levels required when called:    1
 This function calls:
		i2_calc_parity_even
		i2_calc_parity_odd
 This function is called by:
		_Bluetooth_Send_Data_Non_Blocking
		_EUSART_Async_Transmit_Data_Blocking
 This function uses a non-reentrant model


 *************** function i2_calc_parity_odd *****************
 Defined at:
		line 612 in file "MCAL/EUSART/mcal_EUSART.c"
 Parameters:    Size  Location     Type
  data            1    wreg     unsigned char 
 Auto vars:     Size  Location     Type
  data            1    2[COMRAM] unsigned char 
  l_counter       1    4[COMRAM] unsigned char 
  number_of_on    1    3[COMRAM] unsigned char 
 Return value:  Size  Location     Type
                  1    wreg      unsigned char 
 Registers used:
		wreg, status,2, status,0
 Tracked objects:
		On entry : 
		On exit  : 
		Unchanged: 
 Data sizes:     COMRAM   BANK0   BANK1   BANK2   BANK3   BANK4   BANK5   BANK6   BANK7   BANK8   BANK9  BANK10  BANK11  BANK12  BANK13  BANK14  BANK15
      Params:         0       0       0       0       0       0       0       0       0       0       0       0       0       0       0       0       0
      Locals:         3       0       0       0       0       0       0       0       0       0       0       0       0       0       0       0       0
      Temps:          2       0       0       0       0       0       0       0       0       0       0       0       0       0       0       0       0
      Totals:         5       0       0       0       0       0       0       0       0       0       0       0       0       0       0       0       0
Total ram usage:        5 bytes
 Hardware stack levels used:    1
 This function calls:
		Nothing
 This function is called by:
		_EUSART_Async_Transmit_Data
		i2_EUSART_Async_Read_Data
 This function uses a non-reentrant model


 *************** function i2_calc_parity_even *****************
 Defined at:
		line 650 in file "MCAL/EUSART/mcal_EUSART.c"
 Parameters:    Size  Location     Type
  data            1    wreg     unsigned char 
 Auto vars:     Size  Location     Type
  data            1    2[COMRAM] unsigned char 
  l_counter       1    4[COMRAM] unsigned char 
  number_of_on    1    3[COMRAM] unsigned char 
 Return value:  Size  Location     Type
                  1    wreg      unsigned char 
 Registers used:
		wreg, status,2, status,0
 Tracked objects:
		On entry : 
		On exit  : 
		Unchanged: 
 Data sizes:     COMRAM   BANK0   BANK1   BANK2   BANK3   BANK4   BANK5   BANK6   BANK7   BANK8   BANK9  BANK10  BANK11  BANK12  BANK13  BANK14  BANK15
      Params:         0       0       0       0       0       0       0       0       0       0       0       0       0       0       0       0       0
      Locals:         3       0       0       0       0       0       0       0       0       0       0       0       0       0       0       0       0
      Temps:          2       0       0       0       0       0       0       0       0       0       0       0       0       0       0       0       0
      Totals:         5       0       0       0       0       0       0       0       0       0       0       0       0       0       0       0       0
Total ram usage:        5 bytes
 Hardware stack levels used:    1
 This function calls:
		Nothing
 This function is called by:
		_EUSART_Async_Transmit_Data
		i2_EUSART_Async_Read_Data
 This function uses a non-reentrant model



MODULE INFORMATION

Module		Function		Class		Link	Load	Size
C:\Program Files\Microchip\xc8\v2.30\pic\sources\c99\common\sprcdiv.c
		___fldiv       		CODE           	1D62	0000	924

C:\Program Files\Microchip\xc8\v2.30\pic\sources\c99\common\sprcdiv.c estimated size: 924

MCAL/Interrupts/mcal_external_interrupt.c
		_RB4_ISR       		CODE           	3D5A	0000	26
		_RB5_ISR       		CODE           	3D40	0000	26
		_RB6_ISR       		CODE           	3D26	0000	26
		_RB7_ISR       		CODE           	3D0C	0000	26
		_INT0_ISR      		CODE           	3D8A	0000	4
		_INT1_ISR      		CODE           	3D82	0000	4
		_INT2_ISR      		CODE           	3D86	0000	4

MCAL/Interrupts/mcal_external_interrupt.c estimated size: 116

C:\Program Files\Microchip\xc8\v2.30\pic\sources\c99\common\sprcadd.c
		___fladd       		CODE           	10E0	0000	1272

C:\Program Files\Microchip\xc8\v2.30\pic\sources\c99\common\sprcadd.c estimated size: 1272

C:\Program Files\Microchip\xc8\v2.30\pic\sources\c99\common\fltol.c
		___fltol       		CODE           	2E9E	0000	264

C:\Program Files\Microchip\xc8\v2.30\pic\sources\c99\common\fltol.c estimated size: 264

MCAL/GPIO/hal_gpio.c
		_GPIO_Pin_Toggle_Logic		CODE           	357A	0000	116
		_GPIO_Pin_Direction_Initialize		CODE           	28B2	0000	326
		_GPIO_Pin_Initialize		CODE           	3ADA	0000	80
		_GPIO_Pin_Write_Logic		CODE           	2B32	0000	302

MCAL/GPIO/hal_gpio.c estimated size: 824

MCAL/Interrupts/mcal_interrupt_manager.c
		_InterruptManagerLow		CODE           	0018	0000	606
		_InterruptManagerHigh		CODE           	0008	0000	284

MCAL/Interrupts/mcal_interrupt_manager.c estimated size: 890

C:\Program Files\Microchip\xc8\v2.30\pic\sources\c99\common\xxtofl.c
		___xxtofl      		CODE           	26FA	0000	440

C:\Program Files\Microchip\xc8\v2.30\pic\sources\c99\common\xxtofl.c estimated size: 440

shared
		i2_lcd_send_4bits		CODE           	3500	0000	122
		i2_GPIO_Pin_Write_Logic		CODE           	2C60	0000	296
		i2_lcd_4bit_send_char_data		CODE           	3A78	0000	98
		i2_lcd_4bit_send_command		CODE           	3A16	0000	98
		i2_calc_parity_odd		CODE           	3818	0000	104
		__initialization		CODE           	39B4	0000	88
		i2_EUSART_Async_Read_Data		CODE           	230E	0000	522
		i2_lcd_4bits_send_enable_signal		CODE           	3C08	0000	72
		i2_GPIO_Pin_Toggle_Logic		CODE           	365E	0000	112
		i2_lcd_4bits_set_courser		CODE           	31EE	0000	176
		i2_calc_parity_even		CODE           	3880	0000	104

shared estimated size: 1792

ECU/LCD_for_test_gps/ecu_char_lcd.c
		_lcd_4bit_send_command		CODE           	35EE	0000	112
		_lcd_4bit_send_char_data		CODE           	394E	0000	102
		_lcd_send_4bits		CODE           	347E	0000	130
		_lcd_4bit_send_char_data_pos		CODE           	3C50	0000	60
		_lcd_4bit_send_string_data_pos		CODE           	329E	0000	174
		_lcd_4bits_send_enable_signal		CODE           	3B2A	0000	76
		_lcd_4bits_set_courser		CODE           	313C	0000	178
		_lcd_4bit_initialize		CODE           	29F8	0000	314

ECU/LCD_for_test_gps/ecu_char_lcd.c estimated size: 1146

MCAL/EUSART/mcal_EUSART.c
		_EUSART_Async_Transmit_Data		CODE           	2FA6	0000	228
		_Rx_config_interrupt		CODE           	334C	0000	162
		_calc_parity_even		CODE           	37AA	0000	110
		_EUSART_Rx_ISR 		CODE           	3C8C	0000	44
		_EUSART_Tx_ISR 		CODE           	3D8E	0000	2
		_async_Tx_config		CODE           	33EE	0000	144
		_EUSART_Async_Init		CODE           	38E8	0000	102
		_calc_parity_odd		CODE           	373C	0000	110
		_async_config_baud_rate_gen		CODE           	19A0	0000	962
		_EUSART_Async_Read_Data_Blocking		CODE           	36CE	0000	110
		_EUSART_Async_Read_Data		CODE           	20FE	0000	528
		_async_Rx_config		CODE           	308A	0000	178

MCAL/EUSART/mcal_EUSART.c estimated size: 2680

application.c
		_main          		CODE           	15D8	0000	968
		_application_intialize		CODE           	3BC0	0000	72
		_usart_isr     		CODE           	3B76	0000	74
		_GPS_Service   		CODE           	2518	0000	482

application.c estimated size: 1596

ECU/Bluetooth/Bluetooth.c
		_Bluetooth_Send_Data_Non_Blocking		CODE           	3CE2	0000	42

ECU/Bluetooth/Bluetooth.c estimated size: 42

