Microchip MPLAB XC8 Compiler V2.30

Linker command line:

-W-3 --edf=C:\Program Files\Microchip\xc8\v2.30\pic\dat\en_msgs.txt -cn \
  -h+dist/default/production\graduation_project.production.sym \
  --cmf=dist/default/production\graduation_project.production.cmf -z \
  -Q18F4620 -oC:\Users\ahmed radwan\AppData\Local\Temp\sg3kx2 \
  --defsym=__MPLAB_BUILD=1 \
  -Mdist/default/production/graduation_project.production.map -E1 \
  -ver=XC8 Compiler --acfsm=1493 -ASTACK=08Fh-0F7Fh -pstack=STACK \
  -ACODE=00h-0FFFFh -ACONST=00h-0FFFFh -ASMALLCONST=01000h-010FFhx240 \
  -AMEDIUMCONST=01000h-0FFFFh -ACOMRAM=01h-07Fh -AABS1=00h-0F7Fh \
  -ABIGRAM=01h-0F7Fh -ARAM=080h-0FFh,0100h-01FFhx14,0F00h-0F7Fh \
  -ABANK0=080h-0FFh -ABANK1=0100h-01FFh -ABANK2=0200h-02FFh \
  -ABANK3=0300h-03FFh -ABANK4=0400h-04FFh -ABANK5=0500h-05FFh \
  -ABANK6=0600h-06FFh -ABANK7=0700h-07FFh -ABANK8=0800h-08FFh \
  -ABANK9=0900h-09FFh -ABANK10=0A00h-0AFFh -ABANK11=0B00h-0BFFh \
  -ABANK12=0C00h-0CFFh -ABANK13=0D00h-0DFFh -ABANK14=0E00h-0EFFh \
  -ABANK15=0F00h-0F7Fh -ASFR=0F80h-0FFFh -ACONFIG=0300000h-030000Dh \
  -AIDLOC=0200000h-0200007h -AEEDATA=0F00000h-0F003FFh -peeprom_data=EEDATA \
  -preset_vec=00h,intcode=08h,intcodelo=018h,powerup,init -pramtop=01000h \
  -psmallconst=SMALLCONST -pmediumconst=MEDIUMCONST -pconst=CONST \
  -AFARRAM=00h-00h \
  -prdata=COMRAM,nvrram=COMRAM,nvbit=COMRAM,rbss=COMRAM,rbit=COMRAM \
  -pfarbss=FARRAM,fardata=FARRAM,nvFARRAM=FARRAM \
  -pintsave_regs=BIGRAM,bigbss=BIGRAM,bigdata=BIGRAM -pbss=RAM \
  -pidata=CODE,irdata=CODE,ibigdata=CODE,ifardata=CODE -prparam=COMRAM \
  C:\Users\ahmed radwan\AppData\Local\Temp\sg3kx8.o \
  dist/default/production\graduation_project.production.o 

Object code version is 3.11

Machine type is 18F4620



                Name                               Link     Load   Length Selector   Space Scale
C:\Users\ahmed radwan\AppData\Local\Temp\sg3kx8.o
                idloc                            200000   200000        8        0       5
                config                           300000   300000        E        0       4
                init                                2A6      2A6        4        C       0
                reset_vec                             0        0        4        0       0
dist/default/production\graduation_project.production.o
                intcodelo                            18       18      28E        C       0
                intcode                               8        8        6        4       0
                idloc                            200000   200000        8        0       5
                config                           300000   300000        E        0       4
                temp                                 63       63        1        1       1
                text39                              D52      D52       70        C       0
                text38                             1430     1430        E        C       0
                text37                             132A     132A       30        C       0
                text36                             12FA     12FA       30        C       0
                intcode_body                        774      774       F6        C       0
                text34                              CE2      CE2       70        C       0
                text33                             140A     140A       18        C       0
                text32                             12CA     12CA       30        C       0
                text31                             1422     1422        E        C       0
                text30                             1068     1068       56        C       0
                text29                             1012     1012       56        C       0
                text28                              FBC      FBC       56        C       0
                text27                              F66      F66       56        C       0
                text25                              2AA      2AA      146        C       0
                text24                              51E      51E      12E        C       0
                text23                             10BE     10BE       4A        C       0
                text22                              C6E      C6E       74        C       0
                text21                              A18      A18       BC        C       0
                text20                              95A      95A       BE        C       0
                text19                              BFA      BFA       74        C       0
                text18                             13DE     13DE       2C        C       0
                text17                             13B2     13B2       2C        C       0
                text16                             1386     1386       2C        C       0
                text15                              AD4      AD4       A0        C       0
                text14                              3F0      3F0      12E        C       0
                text13                              86A      86A       F0        C       0
                text12                              B74      B74       86        C       0
                text11                              F00      F00       66        C       0
                text10                              E98      E98       68        C       0
                text9                              1294     1294       36        C       0
                text8                              11DA     11DA       46        C       0
                text7                              1194     1194       46        C       0
                text6                              114E     114E       46        C       0
                text5                              1108     1108       46        C       0
                text4                               64C      64C      128        C       0
                text3                               E2E      E2E       6A        C       0
                text2                               DC2      DC2       6C        C       0
                text1                              125A     125A       3A        C       0
                text0                              143E     143E        C        C       0
                cstackCOMRAM                         2D       2D       20        1       1
                cstackBANK0                          80       80        F       80       1
                dataCOMRAM                            1        1       2C        1       1
                bssCOMRAM                            4D       4D       16        1       1
                cinit                              1220     1220       3A        C       0
                idataCOMRAM                        135A     135A       2C        C       0

TOTAL           Name                               Link     Load   Length     Space
        CLASS   STACK          

        CLASS   CODE           
                intcodelo                            18       18      28E         0
                intcode                               8        8        6         0
                init                                2A6      2A6        4         0
                reset_vec                             0        0        4         0
                text39                              D52      D52       70         0
                text38                             1430     1430        E         0
                text37                             132A     132A       30         0
                text36                             12FA     12FA       30         0
                intcode_body                        774      774       F6         0
                text34                              CE2      CE2       70         0
                text33                             140A     140A       18         0
                text32                             12CA     12CA       30         0
                text31                             1422     1422        E         0
                text30                             1068     1068       56         0
                text29                             1012     1012       56         0
                text28                              FBC      FBC       56         0
                text27                              F66      F66       56         0
                text25                              2AA      2AA      146         0
                text24                              51E      51E      12E         0
                text23                             10BE     10BE       4A         0
                text22                              C6E      C6E       74         0
                text21                              A18      A18       BC         0
                text20                              95A      95A       BE         0
                text19                              BFA      BFA       74         0
                text18                             13DE     13DE       2C         0
                text17                             13B2     13B2       2C         0
                text16                             1386     1386       2C         0
                text15                              AD4      AD4       A0         0
                text14                              3F0      3F0      12E         0
                text13                              86A      86A       F0         0
                text12                              B74      B74       86         0
                text11                              F00      F00       66         0
                text10                              E98      E98       68         0
                text9                              1294     1294       36         0
                text8                              11DA     11DA       46         0
                text7                              1194     1194       46         0
                text6                              114E     114E       46         0
                text5                              1108     1108       46         0
                text4                               64C      64C      128         0
                text3                               E2E      E2E       6A         0
                text2                               DC2      DC2       6C         0
                text1                              125A     125A       3A         0
                text0                              143E     143E        C         0
                cinit                              1220     1220       3A         0
                idataCOMRAM                        135A     135A       2C         0

        CLASS   CONST          

        CLASS   SMALLCONST     

        CLASS   MEDIUMCONST    

        CLASS   COMRAM         
                temp                                 63       63        1         1
                cstackCOMRAM                         2D       2D       20         1
                dataCOMRAM                            1        1       2C         1
                bssCOMRAM                            4D       4D       16         1

        CLASS   ABS1           

        CLASS   BIGRAM         

        CLASS   RAM            

        CLASS   BANK0          
                cstackBANK0                          80       80        F         1

        CLASS   BANK1          

        CLASS   BANK2          

        CLASS   BANK3          

        CLASS   BANK4          

        CLASS   BANK5          

        CLASS   BANK6          

        CLASS   BANK7          

        CLASS   BANK8          

        CLASS   BANK9          

        CLASS   BANK10         

        CLASS   BANK11         

        CLASS   BANK12         

        CLASS   BANK13         

        CLASS   BANK14         

        CLASS   BANK15         

        CLASS   SFR            

        CLASS   CONFIG         
                config                           300000   300000        E         4

        CLASS   IDLOC          
                idloc                            200000   200000        8         5

        CLASS   EEDATA         

        CLASS   FARRAM         



SEGMENTS        Name                           Load    Length   Top    Selector   Space  Class

                reset_vec                      000000  000004  000004         0       0  CODE    
                dataCOMRAM                     000001  000063  000064         1       1  COMRAM  
                intcode                        000008  000006  00000E         4       0  CODE    
                intcodelo                      000018  001432  00144A         C       0  CODE    
                cstackBANK0                    000080  00000F  00008F        80       1  BANK0   


UNUSED ADDRESS RANGES

        Name                Unused          Largest block    Delta
        BANK0            00008F-0000FF               71
        BANK1            000100-0001FF              100
        BANK10           000A00-000AFF              100
        BANK11           000B00-000BFF              100
        BANK12           000C00-000CFF              100
        BANK13           000D00-000DFF              100
        BANK14           000E00-000EFF              100
        BANK15           000F00-000F7F               80
        BANK2            000200-0002FF              100
        BANK3            000300-0003FF              100
        BANK4            000400-0004FF              100
        BANK5            000500-0005FF              100
        BANK6            000600-0006FF              100
        BANK7            000700-0007FF              100
        BANK8            000800-0008FF              100
        BANK9            000900-0009FF              100
        BIGRAM           000064-00007F               1C
                         00008F-000F7F              EF1
        CODE             000004-000007                4
                         00000E-000017                A
                         00144A-00FFFF             EBB6
        COMRAM           000064-00007F               1C
        CONST            000004-000007                4
                         00000E-000017                A
                         00144A-00FFFF             EBB6
        EEDATA           F00000-F003FF              400
        MEDIUMCONST      00144A-00FFFF             EBB6
        RAM              00008F-000F7F              100
        SFR              000F80-000FFF               80
        SMALLCONST       00144A-00FFFF              100
        STACK            00008F-000F7F              EF1

                                  Symbol Table

GPIO_Pin_Direction_Initialize@ERRORSTATUS cstackBANK0  000088
GPIO_Pin_Direction_Initialize@_pin_config cstackBANK0  000080
GPIO_Pin_Initialize@ERRORSTATUS           cstackBANK0  00008C
GPIO_Pin_Initialize@_pin_config           cstackBANK0  00008A
GPIO_Pin_Toggle_Logic@_pin_config         cstackCOMRAM 00003B
GPIO_Pin_Write_Logic@ERRORSTATUS          cstackBANK0  000089
GPIO_Pin_Write_Logic@_pin_config          cstackBANK0  000080
GPIO_Pin_Write_Logic@logic                cstackBANK0  000082
INT0_set_callback@InterruptHandler        cstackBANK0  000080
INT0_set_callback@ret_value               cstackBANK0  000082
INT1_set_callback@InterruptHandler        cstackBANK0  000080
INT1_set_callback@ret_value               cstackBANK0  000082
INT2_set_callback@InterruptHandler        cstackBANK0  000080
INT2_set_callback@ret_value               cstackBANK0  000082
Interrupt_INTx_INIT@int_obj               cstackBANK0  000088
Interrupt_INTx_INIT@ret_value             cstackBANK0  00008A
Interrupt_RBx_INIT@int_obj                cstackBANK0  00008C
Interrupt_RBx_INIT@ret_value              cstackBANK0  00008E
RB4_ISR@Handler_Select                    cstackCOMRAM 000043
RB4_set_callback@InterruptHandler_HIGH    cstackBANK0  000080
RB4_set_callback@InterruptHandler_LOW     cstackBANK0  000082
RB4_set_callback@ret_value                cstackBANK0  000084
RB5_ISR@Handler_Select                    cstackCOMRAM 000043
RB5_set_callback@InterruptHandler_HIGH    cstackBANK0  000080
RB5_set_callback@InterruptHandler_LOW     cstackBANK0  000082
RB5_set_callback@ret_value                cstackBANK0  000084
RB6_ISR@Handler_Select                    cstackCOMRAM 000043
RB6_set_callback@InterruptHandler_HIGH    cstackBANK0  000080
RB6_set_callback@InterruptHandler_LOW     cstackBANK0  000082
RB6_set_callback@ret_value                cstackBANK0  000084
RB7_ISR@Handler_Select                    cstackCOMRAM 000043
RB7_set_callback@InterruptHandler_HIGH    cstackBANK0  000080
RB7_set_callback@InterruptHandler_LOW     cstackBANK0  000082
RB7_set_callback@ret_value                cstackBANK0  000084
_GPIO_Pin_Direction_Initialize            text25       0002AA
_GPIO_Pin_Initialize                      text23       0010BE
_GPIO_Pin_Toggle_Logic                    text34       000CE2
_GPIO_Pin_Write_Logic                     text24       00051E
_INT0_ISR                                 text37       00132A
_INT0_InterruptHandler                    bssCOMRAM    000061
_INT0_set_callback                        text18       0013DE
_INT1_Handler                             text33       00140A
_INT1_Handler$intlevel1                   text33       001414
_INT1_ISR                                 text32       0012CA
_INT1_InterruptHandler                    bssCOMRAM    00005F
_INT1_set_callback                        text17       0013B2
_INT2_ISR                                 text36       0012FA
_INT2_InterruptHandler                    bssCOMRAM    00005D
_INT2_set_callback                        text16       001386
_INTCON2bits                              (abs)        000FF1
_INTCON3bits                              (abs)        000FF0
_INTCONbits                               (abs)        000FF2
_INTERUPT1                                dataCOMRAM   000026
_INTERUPT_oncahnge                        dataCOMRAM   000020
_InterruptManagerHigh                     intcode      000008
_InterruptManagerLow                      intcodelo    000018
_Interrupt_INTx_INIT                      text12       000B74
_Interrupt_RBx_INIT                       text2        000DC2
_LATA                                     (abs)        000F89
_LATB                                     (abs)        000F8A
_LATC                                     (abs)        000F8B
_LATD                                     (abs)        000F8C
_LATE                                     (abs)        000F8D
_OnChanggeINT_Handler                     text31       001422
_PIE1bits                                 (abs)        000F9D
_PIE2bits                                 (abs)        000FA0
_PIN1                                     dataCOMRAM   00002C
_PIN2                                     dataCOMRAM   00002B
_PIR1bits                                 (abs)        000F9E
_PIR2bits                                 (abs)        000FA1
_PORTA                                    (abs)        000F80
_PORTB                                    (abs)        000F81
_PORTBbits                                (abs)        000F81
_PORTC                                    (abs)        000F82
_PORTD                                    (abs)        000F83
_PORTE                                    (abs)        000F84
_RB4_ISR                                  text30       001068
_RB4_InterruptHandler_HIGH                bssCOMRAM    00005B
_RB4_InterruptHandler_LOW                 bssCOMRAM    000059
_RB4_set_callback                         text8        0011DA
_RB5_ISR                                  text29       001012
_RB5_InterruptHandler_HIGH                bssCOMRAM    000057
_RB5_InterruptHandler_LOW                 bssCOMRAM    000055
_RB5_set_callback                         text7        001194
_RB6_ISR                                  text28       000FBC
_RB6_InterruptHandler_HIGH                bssCOMRAM    000053
_RB6_InterruptHandler_LOW                 bssCOMRAM    000051
_RB6_set_callback                         text6        00114E
_RB7_ISR                                  text27       000F66
_RB7_InterruptHandler_HIGH                bssCOMRAM    00004F
_RB7_InterruptHandler_LOW                 bssCOMRAM    00004D
_RB7_set_callback                         text5        001108
_RCONbits                                 (abs)        000FD0
_TRISA                                    (abs)        000F92
_TRISB                                    (abs)        000F93
_TRISBbits                                (abs)        000F93
_TRISC                                    (abs)        000F94
_TRISD                                    (abs)        000F95
_TRISE                                    (abs)        000F96
__HRAM                                    (abs)        000000
__Habs1                                   abs1         000000
__Hbank0                                  bank0        000000
__Hbank1                                  bank1        000000
__Hbank10                                 bank10       000000
__Hbank11                                 bank11       000000
__Hbank12                                 bank12       000000
__Hbank13                                 bank13       000000
__Hbank14                                 bank14       000000
__Hbank15                                 bank15       000000
__Hbank2                                  bank2        000000
__Hbank3                                  bank3        000000
__Hbank4                                  bank4        000000
__Hbank5                                  bank5        000000
__Hbank6                                  bank6        000000
__Hbank7                                  bank7        000000
__Hbank8                                  bank8        000000
__Hbank9                                  bank9        000000
__Hbigbss                                 bigbss       000000
__Hbigdata                                bigdata      000000
__Hbigram                                 bigram       000000
__Hbss                                    bss          000000
__HbssCOMRAM                              bssCOMRAM    000000
__Hcinit                                  cinit        000000
__Hclrtext                                clrtext      000000
__Hcomram                                 comram       000000
__Hconfig                                 config       30000E
__Hconst                                  const        000000
__HcstackBANK0                            cstackBANK0  000000
__HcstackCOMRAM                           cstackCOMRAM 000000
__Hdata                                   data         000000
__HdataCOMRAM                             dataCOMRAM   000000
__Heeprom_data                            eeprom_data  000000
__Hfarbss                                 farbss       000000
__Hfardata                                fardata      000000
__Hibigdata                               ibigdata     000000
__Hidata                                  idata        000000
__HidataCOMRAM                            idataCOMRAM  000000
__Hidloc                                  idloc        200008
__Hifardata                               ifardata     000000
__Hinit                                   init         0002AA
__Hintcode                                intcode      00000E
__Hintcode_body                           intcode_body 000000
__Hintcodelo                              intcodelo    0002A6
__Hintentry                               intentry     000000
__Hintret                                 intret       000000
__Hintsave_regs                           intsave_regs 000000
__Hirdata                                 irdata       000000
__Hmediumconst                            mediumconst  000000
__HnvFARRAM                               nvFARRAM     000000
__Hnvbit                                  nvbit        000000
__Hnvrram                                 nvrram       000000
__Hparam                                  rparam       000000
__Hpowerup                                powerup      0002A6
__Hram                                    ram          000000
__Hramtop                                 ramtop       001000
__Hrbit                                   rbit         000000
__Hrbss                                   rbss         000000
__Hrdata                                  rdata        000000
__Hreset_vec                              reset_vec    000004
__Hrparam                                 rparam       000000
__Hsfr                                    sfr          000000
__Hsmallconst                             smallconst   000000
__Hspace_0                                (abs)        00144A
__Hspace_1                                (abs)        00008F
__Hspace_2                                (abs)        000000
__Hspace_4                                (abs)        60000E
__Hstack                                  stack        000000
__Hstruct                                 struct       000000
__Htemp                                   temp         000064
__Htext                                   text         000000
__Htext0                                  text0        000000
__Htext1                                  text1        000000
__Htext10                                 text10       000000
__Htext11                                 text11       000000
__Htext12                                 text12       000000
__Htext13                                 text13       000000
__Htext14                                 text14       000000
__Htext15                                 text15       000000
__Htext16                                 text16       000000
__Htext17                                 text17       000000
__Htext18                                 text18       000000
__Htext19                                 text19       000000
__Htext2                                  text2        000000
__Htext20                                 text20       000000
__Htext21                                 text21       000000
__Htext22                                 text22       000000
__Htext23                                 text23       000000
__Htext24                                 text24       000000
__Htext25                                 text25       000000
__Htext27                                 text27       000000
__Htext28                                 text28       000000
__Htext29                                 text29       000000
__Htext3                                  text3        000000
__Htext30                                 text30       000000
__Htext31                                 text31       000000
__Htext32                                 text32       000000
__Htext33                                 text33       000000
__Htext34                                 text34       000000
__Htext36                                 text36       000000
__Htext37                                 text37       000000
__Htext38                                 text38       000000
__Htext39                                 text39       000000
__Htext4                                  text4        000000
__Htext40                                 text40       000000
__Htext5                                  text5        000000
__Htext6                                  text6        000000
__Htext7                                  text7        000000
__Htext8                                  text8        000000
__Htext9                                  text9        000000
__LRAM                                    (abs)        000001
__Labs1                                   abs1         000000
__Lbank0                                  bank0        000000
__Lbank1                                  bank1        000000
__Lbank10                                 bank10       000000
__Lbank11                                 bank11       000000
__Lbank12                                 bank12       000000
__Lbank13                                 bank13       000000
__Lbank14                                 bank14       000000
__Lbank15                                 bank15       000000
__Lbank2                                  bank2        000000
__Lbank3                                  bank3        000000
__Lbank4                                  bank4        000000
__Lbank5                                  bank5        000000
__Lbank6                                  bank6        000000
__Lbank7                                  bank7        000000
__Lbank8                                  bank8        000000
__Lbank9                                  bank9        000000
__Lbigbss                                 bigbss       000000
__Lbigdata                                bigdata      000000
__Lbigram                                 bigram       000000
__Lbss                                    bss          000000
__LbssCOMRAM                              bssCOMRAM    000000
__Lcinit                                  cinit        000000
__Lclrtext                                clrtext      000000
__Lcomram                                 comram       000000
__Lconfig                                 config       000000
__Lconst                                  const        000000
__LcstackBANK0                            cstackBANK0  000000
__LcstackCOMRAM                           cstackCOMRAM 000000
__Ldata                                   data         000000
__LdataCOMRAM                             dataCOMRAM   000000
__Leeprom_data                            eeprom_data  000000
__Lfarbss                                 farbss       000000
__Lfardata                                fardata      000000
__Libigdata                               ibigdata     000000
__Lidata                                  idata        000000
__LidataCOMRAM                            idataCOMRAM  000000
__Lidloc                                  idloc        000000
__Lifardata                               ifardata     000000
__Linit                                   init         0002A6
__Lintcode                                intcode      000008
__Lintcode_body                           intcode_body 000000
__Lintcodelo                              intcodelo    000018
__Lintentry                               intentry     000000
__Lintret                                 intret       000000
__Lintsave_regs                           intsave_regs 000000
__Lirdata                                 irdata       000000
__Lmediumconst                            mediumconst  000000
__LnvFARRAM                               nvFARRAM     000000
__Lnvbit                                  nvbit        000000
__Lnvrram                                 nvrram       000000
__Lparam                                  rparam       000000
__Lpowerup                                powerup      0002A6
__Lram                                    ram          000000
__Lramtop                                 ramtop       001000
__Lrbit                                   rbit         000000
__Lrbss                                   rbss         000000
__Lrdata                                  rdata        000000
__Lreset_vec                              reset_vec    000000
__Lrparam                                 rparam       000000
__Lsfr                                    sfr          000000
__Lsmallconst                             smallconst   000000
__Lspace_0                                (abs)        000000
__Lspace_1                                (abs)        000000
__Lspace_2                                (abs)        000000
__Lspace_4                                (abs)        000000
__Lstack                                  stack        000000
__Lstruct                                 struct       000000
__Ltemp                                   temp         000063
__Ltext                                   text         000000
__Ltext0                                  text0        000000
__Ltext1                                  text1        000000
__Ltext10                                 text10       000000
__Ltext11                                 text11       000000
__Ltext12                                 text12       000000
__Ltext13                                 text13       000000
__Ltext14                                 text14       000000
__Ltext15                                 text15       000000
__Ltext16                                 text16       000000
__Ltext17                                 text17       000000
__Ltext18                                 text18       000000
__Ltext19                                 text19       000000
__Ltext2                                  text2        000000
__Ltext20                                 text20       000000
__Ltext21                                 text21       000000
__Ltext22                                 text22       000000
__Ltext23                                 text23       000000
__Ltext24                                 text24       000000
__Ltext25                                 text25       000000
__Ltext27                                 text27       000000
__Ltext28                                 text28       000000
__Ltext29                                 text29       000000
__Ltext3                                  text3        000000
__Ltext30                                 text30       000000
__Ltext31                                 text31       000000
__Ltext32                                 text32       000000
__Ltext33                                 text33       000000
__Ltext34                                 text34       000000
__Ltext36                                 text36       000000
__Ltext37                                 text37       000000
__Ltext38                                 text38       000000
__Ltext39                                 text39       000000
__Ltext4                                  text4        000000
__Ltext40                                 text40       000000
__Ltext5                                  text5        000000
__Ltext6                                  text6        000000
__Ltext7                                  text7        000000
__Ltext8                                  text8        000000
__Ltext9                                  text9        000000
__S0                                      (abs)        00144A
__S1                                      (abs)        00008F
__S2                                      (abs)        000000
__S4                                      (abs)        000000
__S5                                      (abs)        000000
___inthi_sp                               stack        000000
___intlo_sp                               stack        000000
___param_bank                             (abs)        000000
___rparam_used                            (abs)        000001
___sp                                     stack        000000
__accesstop                               (abs)        000080
__activetblptr                            (abs)        000002
__end_of_GPIO_Pin_Direction_Initialize    text25       0003F0
__end_of_GPIO_Pin_Initialize              text23       001108
__end_of_GPIO_Pin_Toggle_Logic            text34       000D52
__end_of_GPIO_Pin_Write_Logic             text24       00064C
__end_of_INT0_ISR                         text37       00135A
__end_of_INT0_set_callback                text18       00140A
__end_of_INT1_Handler                     text33       001422
__end_of_INT1_ISR                         text32       0012FA
__end_of_INT1_set_callback                text17       0013DE
__end_of_INT2_ISR                         text36       00132A
__end_of_INT2_set_callback                text16       0013B2
__end_of_InterruptManagerHigh             intcode_body 00086A
__end_of_InterruptManagerLow              intcodelo    0002A6
__end_of_Interrupt_INTx_INIT              text12       000BFA
__end_of_Interrupt_RBx_INIT               text2        000E2E
__end_of_OnChanggeINT_Handler             text31       001430
__end_of_RB4_ISR                          text30       0010BE
__end_of_RB4_set_callback                 text8        001220
__end_of_RB5_ISR                          text29       001068
__end_of_RB5_set_callback                 text7        0011DA
__end_of_RB6_ISR                          text28       001012
__end_of_RB6_set_callback                 text6        001194
__end_of_RB7_ISR                          text27       000FBC
__end_of_RB7_set_callback                 text5        00114E
__end_of__initialization                  cinit        00124C
__end_of_application_intialize            text1        001294
__end_of_interrupt_INTx_clear_flag        text22       000CE2
__end_of_interrupt_INTx_disable           text21       000AD4
__end_of_interrupt_INTx_enable            text20       000A18
__end_of_interrupt_INTx_pin_init          text19       000C6E
__end_of_interrupt_INTx_set_callback      text15       000B74
__end_of_interrupt_INTx_set_edge          text14       00051E
__end_of_interrupt_INTx_set_priority      text13       00095A
__end_of_interrupt_RBx_disable            text11       000F66
__end_of_interrupt_RBx_enable             text10       000F00
__end_of_interrupt_RBx_pin_init           text9        0012CA
__end_of_interrupt_RBx_set_callback       text4        000774
__end_of_interrupt_RBx_set_priority       text3        000E98
__end_of_main                             text0        00144A
__end_ofi2_GPIO_Pin_Toggle_Logic          text39       000DC2
__end_ofi2_INT1_Handler                   text38       00143E
__initialization                          cinit        001220
__mediumconst                             mediumconst  000000
__pbssCOMRAM                              bssCOMRAM    00004D
__pcinit                                  cinit        001220
__pcstackBANK0                            cstackBANK0  000080
__pcstackCOMRAM                           cstackCOMRAM 00002D
__pdataCOMRAM                             dataCOMRAM   000001
__pidataCOMRAM                            idataCOMRAM  00135A
__pintcode                                intcode      000008
__pintcode_body                           intcode_body 000774
__pintcodelo                              intcodelo    000018
__ptext0                                  text0        00143E
__ptext1                                  text1        00125A
__ptext10                                 text10       000E98
__ptext11                                 text11       000F00
__ptext12                                 text12       000B74
__ptext13                                 text13       00086A
__ptext14                                 text14       0003F0
__ptext15                                 text15       000AD4
__ptext16                                 text16       001386
__ptext17                                 text17       0013B2
__ptext18                                 text18       0013DE
__ptext19                                 text19       000BFA
__ptext2                                  text2        000DC2
__ptext20                                 text20       00095A
__ptext21                                 text21       000A18
__ptext22                                 text22       000C6E
__ptext23                                 text23       0010BE
__ptext24                                 text24       00051E
__ptext25                                 text25       0002AA
__ptext27                                 text27       000F66
__ptext28                                 text28       000FBC
__ptext29                                 text29       001012
__ptext3                                  text3        000E2E
__ptext30                                 text30       001068
__ptext31                                 text31       001422
__ptext32                                 text32       0012CA
__ptext33                                 text33       00140A
__ptext34                                 text34       000CE2
__ptext36                                 text36       0012FA
__ptext37                                 text37       00132A
__ptext38                                 text38       001430
__ptext39                                 text39       000D52
__ptext4                                  text4        00064C
__ptext40                                 text40       000000
__ptext5                                  text5        001108
__ptext6                                  text6        00114E
__ptext7                                  text7        001194
__ptext8                                  text8        0011DA
__ptext9                                  text9        001294
__ramtop                                  ramtop       001000
__size_of_GPIO_Pin_Direction_Initialize   (abs)        000000
__size_of_GPIO_Pin_Initialize             (abs)        000000
__size_of_GPIO_Pin_Toggle_Logic           (abs)        000000
__size_of_GPIO_Pin_Write_Logic            (abs)        000000
__size_of_INT0_ISR                        (abs)        000000
__size_of_INT0_set_callback               (abs)        000000
__size_of_INT1_Handler                    (abs)        000000
__size_of_INT1_ISR                        (abs)        000000
__size_of_INT1_set_callback               (abs)        000000
__size_of_INT2_ISR                        (abs)        000000
__size_of_INT2_set_callback               (abs)        000000
__size_of_InterruptManagerHigh            (abs)        000000
__size_of_InterruptManagerLow             (abs)        000000
__size_of_Interrupt_INTx_INIT             (abs)        000000
__size_of_Interrupt_RBx_INIT              (abs)        000000
__size_of_OnChanggeINT_Handler            (abs)        000000
__size_of_RB4_ISR                         (abs)        000000
__size_of_RB4_set_callback                (abs)        000000
__size_of_RB5_ISR                         (abs)        000000
__size_of_RB5_set_callback                (abs)        000000
__size_of_RB6_ISR                         (abs)        000000
__size_of_RB6_set_callback                (abs)        000000
__size_of_RB7_ISR                         (abs)        000000
__size_of_RB7_set_callback                (abs)        000000
__size_of_application_intialize           (abs)        000000
__size_of_interrupt_INTx_clear_flag       (abs)        000000
__size_of_interrupt_INTx_disable          (abs)        000000
__size_of_interrupt_INTx_enable           (abs)        000000
__size_of_interrupt_INTx_pin_init         (abs)        000000
__size_of_interrupt_INTx_set_callback     (abs)        000000
__size_of_interrupt_INTx_set_edge         (abs)        000000
__size_of_interrupt_INTx_set_priority     (abs)        000000
__size_of_interrupt_RBx_disable           (abs)        000000
__size_of_interrupt_RBx_enable            (abs)        000000
__size_of_interrupt_RBx_pin_init          (abs)        000000
__size_of_interrupt_RBx_set_callback      (abs)        000000
__size_of_interrupt_RBx_set_priority      (abs)        000000
__size_of_main                            (abs)        000000
__size_ofi2_GPIO_Pin_Toggle_Logic         (abs)        000000
__size_ofi2_INT1_Handler                  (abs)        000000
__smallconst                              smallconst   000000
_application_intialize                    text1        00125A
_flags                                    dataCOMRAM   00001F
_interrupt_INTx_clear_flag                text22       000C6E
_interrupt_INTx_disable                   text21       000A18
_interrupt_INTx_enable                    text20       00095A
_interrupt_INTx_pin_init                  text19       000BFA
_interrupt_INTx_set_callback              text15       000AD4
_interrupt_INTx_set_edge                  text14       0003F0
_interrupt_INTx_set_priority              text13       00086A
_interrupt_RBx_disable                    text11       000F00
_interrupt_RBx_enable                     text10       000E98
_interrupt_RBx_pin_init                   text9        001294
_interrupt_RBx_set_callback               text4        00064C
_interrupt_RBx_set_priority               text3        000E2E
_lat_registers                            dataCOMRAM   00000B
_main                                     text0        00143E
_port_registers                           dataCOMRAM   000001
_tris_registers                           dataCOMRAM   000015
btemp                                     temp         000063
end_of_initialization                     cinit        00124C
i2GPIO_Pin_Toggle_Logic@_pin_config       cstackCOMRAM 00002D
i2_GPIO_Pin_Toggle_Logic                  text39       000D52
i2_INT1_Handler                           text38       001430
int$flags                                 temp         000063
int_func                                  intcode_body 000774
interrupt_INTx_clear_flag@int_obj         cstackBANK0  000080
interrupt_INTx_clear_flag@ret_value       cstackBANK0  000084
interrupt_INTx_disable@int_obj            cstackBANK0  000080
interrupt_INTx_disable@ret_value          cstackBANK0  000084
interrupt_INTx_enable@int_obj             cstackBANK0  000080
interrupt_INTx_enable@ret_value           cstackBANK0  000084
interrupt_INTx_pin_init@int_obj           cstackBANK0  000080
interrupt_INTx_pin_init@ret_value         cstackBANK0  000084
interrupt_INTx_set_callback@int_obj       cstackBANK0  000083
interrupt_INTx_set_edge@int_obj           cstackBANK0  000080
interrupt_INTx_set_edge@ret_value         cstackBANK0  000084
interrupt_INTx_set_priority@int_obj       cstackBANK0  000080
interrupt_INTx_set_priority@ret_value     cstackBANK0  000084
interrupt_RBx_disable@int_obj             cstackBANK0  000080
interrupt_RBx_disable@ret_value           cstackBANK0  000083
interrupt_RBx_enable@int_obj              cstackBANK0  000080
interrupt_RBx_enable@ret_value            cstackBANK0  000083
interrupt_RBx_pin_init@int_obj            cstackBANK0  000089
interrupt_RBx_pin_init@ret_value          cstackBANK0  00008B
interrupt_RBx_set_callback@int_obj        cstackBANK0  000085
interrupt_RBx_set_callback@ret_value      cstackBANK0  000089
interrupt_RBx_set_priority@int_obj        cstackBANK0  000080
interrupt_RBx_set_priority@ret_value      cstackBANK0  000083
intlevel0                                 text         000000
intlevel1                                 text         000000
intlevel2                                 text         000000
intlevel3                                 text         000000
stackhi                                   (abs)        000F7F
stacklo                                   (abs)        00008F
start                                     init         0002A6
start_initialization                      cinit        001220
ttemp5                                    temp         000064
ttemp6                                    temp         000067
ttemp7                                    temp         00006B
wtemp8                                    temp         000064


FUNCTION INFORMATION:

 *************** function _main *****************
 Defined at:
		line 40 in file "application.c"
 Parameters:    Size  Location     Type
		None
 Auto vars:     Size  Location     Type
		None
 Return value:  Size  Location     Type
                  1    wreg      void 
 Registers used:
		wreg, fsr2l, fsr2h, status,2, status,0, prodl, prodh, cstack
 Tracked objects:
		On entry : 
		On exit  : 
		Unchanged: 
 Data sizes:     COMRAM   BANK0   BANK1   BANK2   BANK3   BANK4   BANK5   BANK6   BANK7   BANK8   BANK9  BANK10  BANK11  BANK12  BANK13  BANK14  BANK15
      Params:         0       0       0       0       0       0       0       0       0       0       0       0       0       0       0       0       0
      Locals:         0       0       0       0       0       0       0       0       0       0       0       0       0       0       0       0       0
      Temps:          0       0       0       0       0       0       0       0       0       0       0       0       0       0       0       0       0
      Totals:         0       0       0       0       0       0       0       0       0       0       0       0       0       0       0       0       0
Total ram usage:        0 bytes
 Hardware stack levels required when called:   12
 This function calls:
		_application_intialize
 This function is called by:
		Startup code after reset
 This function uses a non-reentrant model


 *************** function _application_intialize *****************
 Defined at:
		line 49 in file "application.c"
 Parameters:    Size  Location     Type
		None
 Auto vars:     Size  Location     Type
		None
 Return value:  Size  Location     Type
                  1    wreg      void 
 Registers used:
		wreg, fsr2l, fsr2h, status,2, status,0, prodl, prodh, cstack
 Tracked objects:
		On entry : 
		On exit  : 
		Unchanged: 
 Data sizes:     COMRAM   BANK0   BANK1   BANK2   BANK3   BANK4   BANK5   BANK6   BANK7   BANK8   BANK9  BANK10  BANK11  BANK12  BANK13  BANK14  BANK15
      Params:         0       0       0       0       0       0       0       0       0       0       0       0       0       0       0       0       0
      Locals:         0       0       0       0       0       0       0       0       0       0       0       0       0       0       0       0       0
      Temps:          0       0       0       0       0       0       0       0       0       0       0       0       0       0       0       0       0
      Totals:         0       0       0       0       0       0       0       0       0       0       0       0       0       0       0       0       0
Total ram usage:        0 bytes
 Hardware stack levels used:    1
 Hardware stack levels required when called:   11
 This function calls:
		_GPIO_Pin_Initialize
		_Interrupt_INTx_INIT
		_Interrupt_RBx_INIT
 This function is called by:
		_main
 This function uses a non-reentrant model


 *************** function _Interrupt_RBx_INIT *****************
 Defined at:
		line 259 in file "MCAL/Interrupts/mcal_external_interrupt.c"
 Parameters:    Size  Location     Type
  int_obj         2   12[BANK0 ] PTR const struct .
		 -> INTERUPT_oncahnge(6), 
 Auto vars:     Size  Location     Type
  ret_value       1   14[BANK0 ] unsigned char 
 Return value:  Size  Location     Type
                  1    wreg      unsigned char 
 Registers used:
		wreg, fsr2l, fsr2h, status,2, status,0, prodl, prodh, cstack
 Tracked objects:
		On entry : 
		On exit  : 
		Unchanged: 
 Data sizes:     COMRAM   BANK0   BANK1   BANK2   BANK3   BANK4   BANK5   BANK6   BANK7   BANK8   BANK9  BANK10  BANK11  BANK12  BANK13  BANK14  BANK15
      Params:         0       2       0       0       0       0       0       0       0       0       0       0       0       0       0       0       0
      Locals:         0       1       0       0       0       0       0       0       0       0       0       0       0       0       0       0       0
      Temps:          0       0       0       0       0       0       0       0       0       0       0       0       0       0       0       0       0
      Totals:         0       3       0       0       0       0       0       0       0       0       0       0       0       0       0       0       0
Total ram usage:        3 bytes
 Hardware stack levels used:    1
 Hardware stack levels required when called:   10
 This function calls:
		_interrupt_RBx_disable
		_interrupt_RBx_enable
		_interrupt_RBx_pin_init
		_interrupt_RBx_set_callback
		_interrupt_RBx_set_priority
 This function is called by:
		_application_intialize
 This function uses a non-reentrant model


 *************** function _interrupt_RBx_set_priority *****************
 Defined at:
		line 764 in file "MCAL/Interrupts/mcal_external_interrupt.c"
 Parameters:    Size  Location     Type
  int_obj         2    0[BANK0 ] PTR const struct .
		 -> INTERUPT_oncahnge(6), 
 Auto vars:     Size  Location     Type
  ret_value       1    3[BANK0 ] unsigned char 
 Return value:  Size  Location     Type
                  1    wreg      unsigned char 
 Registers used:
		wreg, fsr2l, fsr2h, status,2, status,0
 Tracked objects:
		On entry : 
		On exit  : 
		Unchanged: 
 Data sizes:     COMRAM   BANK0   BANK1   BANK2   BANK3   BANK4   BANK5   BANK6   BANK7   BANK8   BANK9  BANK10  BANK11  BANK12  BANK13  BANK14  BANK15
      Params:         0       2       0       0       0       0       0       0       0       0       0       0       0       0       0       0       0
      Locals:         0       1       0       0       0       0       0       0       0       0       0       0       0       0       0       0       0
      Temps:          0       1       0       0       0       0       0       0       0       0       0       0       0       0       0       0       0
      Totals:         0       4       0       0       0       0       0       0       0       0       0       0       0       0       0       0       0
Total ram usage:        4 bytes
 Hardware stack levels used:    1
 Hardware stack levels required when called:    8
 This function calls:
		Nothing
 This function is called by:
		_Interrupt_RBx_INIT
 This function uses a non-reentrant model


 *************** function _interrupt_RBx_set_callback *****************
 Defined at:
		line 857 in file "MCAL/Interrupts/mcal_external_interrupt.c"
 Parameters:    Size  Location     Type
  int_obj         2    5[BANK0 ] PTR const struct .
		 -> INTERUPT_oncahnge(6), 
 Auto vars:     Size  Location     Type
  ret_value       1    9[BANK0 ] unsigned char 
 Return value:  Size  Location     Type
                  1    wreg      unsigned char 
 Registers used:
		wreg, fsr2l, fsr2h, status,2, status,0, cstack
 Tracked objects:
		On entry : 
		On exit  : 
		Unchanged: 
 Data sizes:     COMRAM   BANK0   BANK1   BANK2   BANK3   BANK4   BANK5   BANK6   BANK7   BANK8   BANK9  BANK10  BANK11  BANK12  BANK13  BANK14  BANK15
      Params:         0       2       0       0       0       0       0       0       0       0       0       0       0       0       0       0       0
      Locals:         0       1       0       0       0       0       0       0       0       0       0       0       0       0       0       0       0
      Temps:          0       2       0       0       0       0       0       0       0       0       0       0       0       0       0       0       0
      Totals:         0       5       0       0       0       0       0       0       0       0       0       0       0       0       0       0       0
Total ram usage:        5 bytes
 Hardware stack levels used:    1
 Hardware stack levels required when called:    9
 This function calls:
		_RB4_set_callback
		_RB5_set_callback
		_RB6_set_callback
		_RB7_set_callback
 This function is called by:
		_Interrupt_RBx_INIT
 This function uses a non-reentrant model


 *************** function _RB7_set_callback *****************
 Defined at:
		line 840 in file "MCAL/Interrupts/mcal_external_interrupt.c"
 Parameters:    Size  Location     Type
  InterruptHan    2    0[BANK0 ] PTR FTN()void 
		 -> Absolute function(1), 
  InterruptHan    2    2[BANK0 ] PTR FTN()void 
		 -> OnChanggeINT_Handler(1), 
 Auto vars:     Size  Location     Type
  ret_value       1    4[BANK0 ] unsigned char 
 Return value:  Size  Location     Type
                  1    wreg      unsigned char 
 Registers used:
		wreg, status,2, status,0
 Tracked objects:
		On entry : 
		On exit  : 
		Unchanged: 
 Data sizes:     COMRAM   BANK0   BANK1   BANK2   BANK3   BANK4   BANK5   BANK6   BANK7   BANK8   BANK9  BANK10  BANK11  BANK12  BANK13  BANK14  BANK15
      Params:         0       4       0       0       0       0       0       0       0       0       0       0       0       0       0       0       0
      Locals:         0       1       0       0       0       0       0       0       0       0       0       0       0       0       0       0       0
      Temps:          0       0       0       0       0       0       0       0       0       0       0       0       0       0       0       0       0
      Totals:         0       5       0       0       0       0       0       0       0       0       0       0       0       0       0       0       0
Total ram usage:        5 bytes
 Hardware stack levels used:    1
 Hardware stack levels required when called:    8
 This function calls:
		Nothing
 This function is called by:
		_interrupt_RBx_set_callback
 This function uses a non-reentrant model


 *************** function _RB6_set_callback *****************
 Defined at:
		line 824 in file "MCAL/Interrupts/mcal_external_interrupt.c"
 Parameters:    Size  Location     Type
  InterruptHan    2    0[BANK0 ] PTR FTN()void 
		 -> Absolute function(1), 
  InterruptHan    2    2[BANK0 ] PTR FTN()void 
		 -> OnChanggeINT_Handler(1), 
 Auto vars:     Size  Location     Type
  ret_value       1    4[BANK0 ] unsigned char 
 Return value:  Size  Location     Type
                  1    wreg      unsigned char 
 Registers used:
		wreg, status,2, status,0
 Tracked objects:
		On entry : 
		On exit  : 
		Unchanged: 
 Data sizes:     COMRAM   BANK0   BANK1   BANK2   BANK3   BANK4   BANK5   BANK6   BANK7   BANK8   BANK9  BANK10  BANK11  BANK12  BANK13  BANK14  BANK15
      Params:         0       4       0       0       0       0       0       0       0       0       0       0       0       0       0       0       0
      Locals:         0       1       0       0       0       0       0       0       0       0       0       0       0       0       0       0       0
      Temps:          0       0       0       0       0       0       0       0       0       0       0       0       0       0       0       0       0
      Totals:         0       5       0       0       0       0       0       0       0       0       0       0       0       0       0       0       0
Total ram usage:        5 bytes
 Hardware stack levels used:    1
 Hardware stack levels required when called:    8
 This function calls:
		Nothing
 This function is called by:
		_interrupt_RBx_set_callback
 This function uses a non-reentrant model


 *************** function _RB5_set_callback *****************
 Defined at:
		line 808 in file "MCAL/Interrupts/mcal_external_interrupt.c"
 Parameters:    Size  Location     Type
  InterruptHan    2    0[BANK0 ] PTR FTN()void 
		 -> Absolute function(1), 
  InterruptHan    2    2[BANK0 ] PTR FTN()void 
		 -> OnChanggeINT_Handler(1), 
 Auto vars:     Size  Location     Type
  ret_value       1    4[BANK0 ] unsigned char 
 Return value:  Size  Location     Type
                  1    wreg      unsigned char 
 Registers used:
		wreg, status,2, status,0
 Tracked objects:
		On entry : 
		On exit  : 
		Unchanged: 
 Data sizes:     COMRAM   BANK0   BANK1   BANK2   BANK3   BANK4   BANK5   BANK6   BANK7   BANK8   BANK9  BANK10  BANK11  BANK12  BANK13  BANK14  BANK15
      Params:         0       4       0       0       0       0       0       0       0       0       0       0       0       0       0       0       0
      Locals:         0       1       0       0       0       0       0       0       0       0       0       0       0       0       0       0       0
      Temps:          0       0       0       0       0       0       0       0       0       0       0       0       0       0       0       0       0
      Totals:         0       5       0       0       0       0       0       0       0       0       0       0       0       0       0       0       0
Total ram usage:        5 bytes
 Hardware stack levels used:    1
 Hardware stack levels required when called:    8
 This function calls:
		Nothing
 This function is called by:
		_interrupt_RBx_set_callback
 This function uses a non-reentrant model


 *************** function _RB4_set_callback *****************
 Defined at:
		line 792 in file "MCAL/Interrupts/mcal_external_interrupt.c"
 Parameters:    Size  Location     Type
  InterruptHan    2    0[BANK0 ] PTR FTN()void 
		 -> Absolute function(1), 
  InterruptHan    2    2[BANK0 ] PTR FTN()void 
		 -> OnChanggeINT_Handler(1), 
 Auto vars:     Size  Location     Type
  ret_value       1    4[BANK0 ] unsigned char 
 Return value:  Size  Location     Type
                  1    wreg      unsigned char 
 Registers used:
		wreg, status,2, status,0
 Tracked objects:
		On entry : 
		On exit  : 
		Unchanged: 
 Data sizes:     COMRAM   BANK0   BANK1   BANK2   BANK3   BANK4   BANK5   BANK6   BANK7   BANK8   BANK9  BANK10  BANK11  BANK12  BANK13  BANK14  BANK15
      Params:         0       4       0       0       0       0       0       0       0       0       0       0       0       0       0       0       0
      Locals:         0       1       0       0       0       0       0       0       0       0       0       0       0       0       0       0       0
      Temps:          0       0       0       0       0       0       0       0       0       0       0       0       0       0       0       0       0
      Totals:         0       5       0       0       0       0       0       0       0       0       0       0       0       0       0       0       0
Total ram usage:        5 bytes
 Hardware stack levels used:    1
 Hardware stack levels required when called:    8
 This function calls:
		Nothing
 This function is called by:
		_interrupt_RBx_set_callback
 This function uses a non-reentrant model


 *************** function _interrupt_RBx_pin_init *****************
 Defined at:
		line 746 in file "MCAL/Interrupts/mcal_external_interrupt.c"
 Parameters:    Size  Location     Type
  int_obj         2    9[BANK0 ] PTR const struct .
		 -> INTERUPT_oncahnge(6), 
 Auto vars:     Size  Location     Type
  ret_value       1   11[BANK0 ] unsigned char 
 Return value:  Size  Location     Type
                  1    wreg      unsigned char 
 Registers used:
		wreg, fsr2l, fsr2h, status,2, status,0, prodl, prodh, cstack
 Tracked objects:
		On entry : 
		On exit  : 
		Unchanged: 
 Data sizes:     COMRAM   BANK0   BANK1   BANK2   BANK3   BANK4   BANK5   BANK6   BANK7   BANK8   BANK9  BANK10  BANK11  BANK12  BANK13  BANK14  BANK15
      Params:         0       2       0       0       0       0       0       0       0       0       0       0       0       0       0       0       0
      Locals:         0       1       0       0       0       0       0       0       0       0       0       0       0       0       0       0       0
      Temps:          0       0       0       0       0       0       0       0       0       0       0       0       0       0       0       0       0
      Totals:         0       3       0       0       0       0       0       0       0       0       0       0       0       0       0       0       0
Total ram usage:        3 bytes
 Hardware stack levels used:    1
 Hardware stack levels required when called:    9
 This function calls:
		_GPIO_Pin_Direction_Initialize
 This function is called by:
		_Interrupt_RBx_INIT
 This function uses a non-reentrant model


 *************** function _interrupt_RBx_enable *****************
 Defined at:
		line 678 in file "MCAL/Interrupts/mcal_external_interrupt.c"
 Parameters:    Size  Location     Type
  int_obj         2    0[BANK0 ] PTR const struct .
		 -> INTERUPT_oncahnge(6), 
 Auto vars:     Size  Location     Type
  ret_value       1    3[BANK0 ] unsigned char 
 Return value:  Size  Location     Type
                  1    wreg      unsigned char 
 Registers used:
		wreg, fsr2l, fsr2h, status,2, status,0
 Tracked objects:
		On entry : 
		On exit  : 
		Unchanged: 
 Data sizes:     COMRAM   BANK0   BANK1   BANK2   BANK3   BANK4   BANK5   BANK6   BANK7   BANK8   BANK9  BANK10  BANK11  BANK12  BANK13  BANK14  BANK15
      Params:         0       2       0       0       0       0       0       0       0       0       0       0       0       0       0       0       0
      Locals:         0       1       0       0       0       0       0       0       0       0       0       0       0       0       0       0       0
      Temps:          0       1       0       0       0       0       0       0       0       0       0       0       0       0       0       0       0
      Totals:         0       4       0       0       0       0       0       0       0       0       0       0       0       0       0       0       0
Total ram usage:        4 bytes
 Hardware stack levels used:    1
 Hardware stack levels required when called:    8
 This function calls:
		Nothing
 This function is called by:
		_Interrupt_RBx_INIT
 This function uses a non-reentrant model


 *************** function _interrupt_RBx_disable *****************
 Defined at:
		line 712 in file "MCAL/Interrupts/mcal_external_interrupt.c"
 Parameters:    Size  Location     Type
  int_obj         2    0[BANK0 ] PTR const struct .
		 -> INTERUPT_oncahnge(6), 
 Auto vars:     Size  Location     Type
  ret_value       1    3[BANK0 ] unsigned char 
 Return value:  Size  Location     Type
                  1    wreg      unsigned char 
 Registers used:
		wreg, fsr2l, fsr2h, status,2, status,0
 Tracked objects:
		On entry : 
		On exit  : 
		Unchanged: 
 Data sizes:     COMRAM   BANK0   BANK1   BANK2   BANK3   BANK4   BANK5   BANK6   BANK7   BANK8   BANK9  BANK10  BANK11  BANK12  BANK13  BANK14  BANK15
      Params:         0       2       0       0       0       0       0       0       0       0       0       0       0       0       0       0       0
      Locals:         0       1       0       0       0       0       0       0       0       0       0       0       0       0       0       0       0
      Temps:          0       1       0       0       0       0       0       0       0       0       0       0       0       0       0       0       0
      Totals:         0       4       0       0       0       0       0       0       0       0       0       0       0       0       0       0       0
Total ram usage:        4 bytes
 Hardware stack levels used:    1
 Hardware stack levels required when called:    8
 This function calls:
		Nothing
 This function is called by:
		_Interrupt_RBx_INIT
		_Interrupt_RBx_DeINIT
 This function uses a non-reentrant model


 *************** function _Interrupt_INTx_INIT *****************
 Defined at:
		line 204 in file "MCAL/Interrupts/mcal_external_interrupt.c"
 Parameters:    Size  Location     Type
  int_obj         2    8[BANK0 ] PTR const struct .
		 -> INTERUPT1(5), 
 Auto vars:     Size  Location     Type
  ret_value       1   10[BANK0 ] unsigned char 
 Return value:  Size  Location     Type
                  1    wreg      unsigned char 
 Registers used:
		wreg, fsr2l, fsr2h, status,2, status,0, cstack
 Tracked objects:
		On entry : 
		On exit  : 
		Unchanged: 
 Data sizes:     COMRAM   BANK0   BANK1   BANK2   BANK3   BANK4   BANK5   BANK6   BANK7   BANK8   BANK9  BANK10  BANK11  BANK12  BANK13  BANK14  BANK15
      Params:         0       2       0       0       0       0       0       0       0       0       0       0       0       0       0       0       0
      Locals:         0       1       0       0       0       0       0       0       0       0       0       0       0       0       0       0       0
      Temps:          0       0       0       0       0       0       0       0       0       0       0       0       0       0       0       0       0
      Totals:         0       3       0       0       0       0       0       0       0       0       0       0       0       0       0       0       0
Total ram usage:        3 bytes
 Hardware stack levels used:    1
 Hardware stack levels required when called:   10
 This function calls:
		_interrupt_INTx_clear_flag
		_interrupt_INTx_disable
		_interrupt_INTx_enable
		_interrupt_INTx_pin_init
		_interrupt_INTx_set_callback
		_interrupt_INTx_set_edge
		_interrupt_INTx_set_priority
 This function is called by:
		_application_intialize
 This function uses a non-reentrant model


 *************** function _interrupt_INTx_set_priority *****************
 Defined at:
		line 413 in file "MCAL/Interrupts/mcal_external_interrupt.c"
 Parameters:    Size  Location     Type
  int_obj         2    0[BANK0 ] PTR const struct .
		 -> INTERUPT1(5), 
 Auto vars:     Size  Location     Type
  ret_value       1    4[BANK0 ] unsigned char 
 Return value:  Size  Location     Type
                  1    wreg      unsigned char 
 Registers used:
		wreg, fsr2l, fsr2h, status,2, status,0
 Tracked objects:
		On entry : 
		On exit  : 
		Unchanged: 
 Data sizes:     COMRAM   BANK0   BANK1   BANK2   BANK3   BANK4   BANK5   BANK6   BANK7   BANK8   BANK9  BANK10  BANK11  BANK12  BANK13  BANK14  BANK15
      Params:         0       2       0       0       0       0       0       0       0       0       0       0       0       0       0       0       0
      Locals:         0       1       0       0       0       0       0       0       0       0       0       0       0       0       0       0       0
      Temps:          0       2       0       0       0       0       0       0       0       0       0       0       0       0       0       0       0
      Totals:         0       5       0       0       0       0       0       0       0       0       0       0       0       0       0       0       0
Total ram usage:        5 bytes
 Hardware stack levels used:    1
 Hardware stack levels required when called:    8
 This function calls:
		Nothing
 This function is called by:
		_Interrupt_INTx_INIT
 This function uses a non-reentrant model


 *************** function _interrupt_INTx_set_edge *****************
 Defined at:
		line 343 in file "MCAL/Interrupts/mcal_external_interrupt.c"
 Parameters:    Size  Location     Type
  int_obj         2    0[BANK0 ] PTR const struct .
		 -> INTERUPT1(5), 
 Auto vars:     Size  Location     Type
  ret_value       1    4[BANK0 ] unsigned char 
 Return value:  Size  Location     Type
                  1    wreg      unsigned char 
 Registers used:
		wreg, fsr2l, fsr2h, status,2, status,0
 Tracked objects:
		On entry : 
		On exit  : 
		Unchanged: 
 Data sizes:     COMRAM   BANK0   BANK1   BANK2   BANK3   BANK4   BANK5   BANK6   BANK7   BANK8   BANK9  BANK10  BANK11  BANK12  BANK13  BANK14  BANK15
      Params:         0       2       0       0       0       0       0       0       0       0       0       0       0       0       0       0       0
      Locals:         0       1       0       0       0       0       0       0       0       0       0       0       0       0       0       0       0
      Temps:          0       2       0       0       0       0       0       0       0       0       0       0       0       0       0       0       0
      Totals:         0       5       0       0       0       0       0       0       0       0       0       0       0       0       0       0       0
Total ram usage:        5 bytes
 Hardware stack levels used:    1
 Hardware stack levels required when called:    8
 This function calls:
		Nothing
 This function is called by:
		_Interrupt_INTx_INIT
 This function uses a non-reentrant model


 *************** function _interrupt_INTx_set_callback *****************
 Defined at:
		line 642 in file "MCAL/Interrupts/mcal_external_interrupt.c"
 Parameters:    Size  Location     Type
  int_obj         2    3[BANK0 ] PTR const struct .
		 -> INTERUPT1(5), 
 Auto vars:     Size  Location     Type
  ret_value       1    0        unsigned char 
 Return value:  Size  Location     Type
                  1    wreg      unsigned char 
 Registers used:
		wreg, fsr2l, fsr2h, status,2, status,0, cstack
 Tracked objects:
		On entry : 
		On exit  : 
		Unchanged: 
 Data sizes:     COMRAM   BANK0   BANK1   BANK2   BANK3   BANK4   BANK5   BANK6   BANK7   BANK8   BANK9  BANK10  BANK11  BANK12  BANK13  BANK14  BANK15
      Params:         0       2       0       0       0       0       0       0       0       0       0       0       0       0       0       0       0
      Locals:         0       1       0       0       0       0       0       0       0       0       0       0       0       0       0       0       0
      Temps:          0       2       0       0       0       0       0       0       0       0       0       0       0       0       0       0       0
      Totals:         0       5       0       0       0       0       0       0       0       0       0       0       0       0       0       0       0
Total ram usage:        5 bytes
 Hardware stack levels used:    1
 Hardware stack levels required when called:    9
 This function calls:
		_INT0_set_callback
		_INT1_set_callback
		_INT2_set_callback
 This function is called by:
		_Interrupt_INTx_INIT
 This function uses a non-reentrant model


 *************** function _INT2_set_callback *****************
 Defined at:
		line 628 in file "MCAL/Interrupts/mcal_external_interrupt.c"
 Parameters:    Size  Location     Type
  InterruptHan    2    0[BANK0 ] PTR FTN()void 
		 -> i2_INT1_Handler(1), INT1_Handler(1), 
 Auto vars:     Size  Location     Type
  ret_value       1    2[BANK0 ] unsigned char 
 Return value:  Size  Location     Type
                  1    wreg      unsigned char 
 Registers used:
		wreg, status,2, status,0
 Tracked objects:
		On entry : 
		On exit  : 
		Unchanged: 
 Data sizes:     COMRAM   BANK0   BANK1   BANK2   BANK3   BANK4   BANK5   BANK6   BANK7   BANK8   BANK9  BANK10  BANK11  BANK12  BANK13  BANK14  BANK15
      Params:         0       2       0       0       0       0       0       0       0       0       0       0       0       0       0       0       0
      Locals:         0       1       0       0       0       0       0       0       0       0       0       0       0       0       0       0       0
      Temps:          0       0       0       0       0       0       0       0       0       0       0       0       0       0       0       0       0
      Totals:         0       3       0       0       0       0       0       0       0       0       0       0       0       0       0       0       0
Total ram usage:        3 bytes
 Hardware stack levels used:    1
 Hardware stack levels required when called:    8
 This function calls:
		Nothing
 This function is called by:
		_interrupt_INTx_set_callback
 This function uses a non-reentrant model


 *************** function _INT1_set_callback *****************
 Defined at:
		line 613 in file "MCAL/Interrupts/mcal_external_interrupt.c"
 Parameters:    Size  Location     Type
  InterruptHan    2    0[BANK0 ] PTR FTN()void 
		 -> i2_INT1_Handler(1), INT1_Handler(1), 
 Auto vars:     Size  Location     Type
  ret_value       1    2[BANK0 ] unsigned char 
 Return value:  Size  Location     Type
                  1    wreg      unsigned char 
 Registers used:
		wreg, status,2, status,0
 Tracked objects:
		On entry : 
		On exit  : 
		Unchanged: 
 Data sizes:     COMRAM   BANK0   BANK1   BANK2   BANK3   BANK4   BANK5   BANK6   BANK7   BANK8   BANK9  BANK10  BANK11  BANK12  BANK13  BANK14  BANK15
      Params:         0       2       0       0       0       0       0       0       0       0       0       0       0       0       0       0       0
      Locals:         0       1       0       0       0       0       0       0       0       0       0       0       0       0       0       0       0
      Temps:          0       0       0       0       0       0       0       0       0       0       0       0       0       0       0       0       0
      Totals:         0       3       0       0       0       0       0       0       0       0       0       0       0       0       0       0       0
Total ram usage:        3 bytes
 Hardware stack levels used:    1
 Hardware stack levels required when called:    8
 This function calls:
		Nothing
 This function is called by:
		_interrupt_INTx_set_callback
 This function uses a non-reentrant model


 *************** function _INT0_set_callback *****************
 Defined at:
		line 598 in file "MCAL/Interrupts/mcal_external_interrupt.c"
 Parameters:    Size  Location     Type
  InterruptHan    2    0[BANK0 ] PTR FTN()void 
		 -> i2_INT1_Handler(1), INT1_Handler(1), 
 Auto vars:     Size  Location     Type
  ret_value       1    2[BANK0 ] unsigned char 
 Return value:  Size  Location     Type
                  1    wreg      unsigned char 
 Registers used:
		wreg, status,2, status,0
 Tracked objects:
		On entry : 
		On exit  : 
		Unchanged: 
 Data sizes:     COMRAM   BANK0   BANK1   BANK2   BANK3   BANK4   BANK5   BANK6   BANK7   BANK8   BANK9  BANK10  BANK11  BANK12  BANK13  BANK14  BANK15
      Params:         0       2       0       0       0       0       0       0       0       0       0       0       0       0       0       0       0
      Locals:         0       1       0       0       0       0       0       0       0       0       0       0       0       0       0       0       0
      Temps:          0       0       0       0       0       0       0       0       0       0       0       0       0       0       0       0       0
      Totals:         0       3       0       0       0       0       0       0       0       0       0       0       0       0       0       0       0
Total ram usage:        3 bytes
 Hardware stack levels used:    1
 Hardware stack levels required when called:    8
 This function calls:
		Nothing
 This function is called by:
		_interrupt_INTx_set_callback
 This function uses a non-reentrant model


 *************** function _interrupt_INTx_pin_init *****************
 Defined at:
		line 310 in file "MCAL/Interrupts/mcal_external_interrupt.c"
 Parameters:    Size  Location     Type
  int_obj         2    0[BANK0 ] PTR const struct .
		 -> INTERUPT1(5), 
 Auto vars:     Size  Location     Type
  ret_value       1    4[BANK0 ] unsigned char 
 Return value:  Size  Location     Type
                  1    wreg      unsigned char 
 Registers used:
		wreg, fsr2l, fsr2h, status,2, status,0
 Tracked objects:
		On entry : 
		On exit  : 
		Unchanged: 
 Data sizes:     COMRAM   BANK0   BANK1   BANK2   BANK3   BANK4   BANK5   BANK6   BANK7   BANK8   BANK9  BANK10  BANK11  BANK12  BANK13  BANK14  BANK15
      Params:         0       2       0       0       0       0       0       0       0       0       0       0       0       0       0       0       0
      Locals:         0       1       0       0       0       0       0       0       0       0       0       0       0       0       0       0       0
      Temps:          0       2       0       0       0       0       0       0       0       0       0       0       0       0       0       0       0
      Totals:         0       5       0       0       0       0       0       0       0       0       0       0       0       0       0       0       0
Total ram usage:        5 bytes
 Hardware stack levels used:    1
 Hardware stack levels required when called:    8
 This function calls:
		Nothing
 This function is called by:
		_Interrupt_INTx_INIT
 This function uses a non-reentrant model


 *************** function _interrupt_INTx_enable *****************
 Defined at:
		line 514 in file "MCAL/Interrupts/mcal_external_interrupt.c"
 Parameters:    Size  Location     Type
  int_obj         2    0[BANK0 ] PTR const struct .
		 -> INTERUPT1(5), 
 Auto vars:     Size  Location     Type
  ret_value       1    4[BANK0 ] unsigned char 
 Return value:  Size  Location     Type
                  1    wreg      unsigned char 
 Registers used:
		wreg, fsr2l, fsr2h, status,2, status,0
 Tracked objects:
		On entry : 
		On exit  : 
		Unchanged: 
 Data sizes:     COMRAM   BANK0   BANK1   BANK2   BANK3   BANK4   BANK5   BANK6   BANK7   BANK8   BANK9  BANK10  BANK11  BANK12  BANK13  BANK14  BANK15
      Params:         0       2       0       0       0       0       0       0       0       0       0       0       0       0       0       0       0
[...]
      Locals:         1       0       0       0       0       0       0       0       0       0       0       0       0       0       0       0       0
      Temps:          0       0       0       0       0       0       0       0       0       0       0       0       0       0       0       0       0
      Totals:         1       0       0       0       0       0       0       0       0       0       0       0       0       0       0       0       0
Total ram usage:        1 bytes
 Hardware stack levels used:    1
 Hardware stack levels required when called:    6
 This function calls:
		Absolute function
		_OnChanggeINT_Handler
 This function is called by:
		_InterruptManagerLow
 This function uses a non-reentrant model


 *************** function _RB5_ISR *****************
 Defined at:
		line 125 in file "MCAL/Interrupts/mcal_external_interrupt.c"
 Parameters:    Size  Location     Type
  Handler_Sele    1    wreg     unsigned char 
 Auto vars:     Size  Location     Type
  Handler_Sele    1   22[COMRAM] unsigned char 
 Return value:  Size  Location     Type
                  1    wreg      void 
 Registers used:
		wreg, fsr2l, fsr2h, status,2, status,0, pclath, tosl, prodl, prodh, cstack
 Tracked objects:
		On entry : 
		On exit  : 
		Unchanged: 
 Data sizes:     COMRAM   BANK0   BANK1   BANK2   BANK3   BANK4   BANK5   BANK6   BANK7   BANK8   BANK9  BANK10  BANK11  BANK12  BANK13  BANK14  BANK15
      Params:         0       0       0       0       0       0       0       0       0       0       0       0       0       0       0       0       0
      Locals:         1       0       0       0       0       0       0       0       0       0       0       0       0       0       0       0       0
      Temps:          0       0       0       0       0       0       0       0       0       0       0       0       0       0       0       0       0
      Totals:         1       0       0       0       0       0       0       0       0       0       0       0       0       0       0       0       0
Total ram usage:        1 bytes
 Hardware stack levels used:    1
 Hardware stack levels required when called:    6
 This function calls:
		Absolute function
		_OnChanggeINT_Handler
 This function is called by:
		_InterruptManagerLow
 This function uses a non-reentrant model


 *************** function _RB4_ISR *****************
 Defined at:
		line 101 in file "MCAL/Interrupts/mcal_external_interrupt.c"
 Parameters:    Size  Location     Type
  Handler_Sele    1    wreg     unsigned char 
 Auto vars:     Size  Location     Type
  Handler_Sele    1   22[COMRAM] unsigned char 
 Return value:  Size  Location     Type
                  1    wreg      void 
 Registers used:
		wreg, fsr2l, fsr2h, status,2, status,0, pclath, tosl, prodl, prodh, cstack
 Tracked objects:
		On entry : 
		On exit  : 
		Unchanged: 
 Data sizes:     COMRAM   BANK0   BANK1   BANK2   BANK3   BANK4   BANK5   BANK6   BANK7   BANK8   BANK9  BANK10  BANK11  BANK12  BANK13  BANK14  BANK15
      Params:         0       0       0       0       0       0       0       0       0       0       0       0       0       0       0       0       0
      Locals:         1       0       0       0       0       0       0       0       0       0       0       0       0       0       0       0       0
      Temps:          0       0       0       0       0       0       0       0       0       0       0       0       0       0       0       0       0
      Totals:         1       0       0       0       0       0       0       0       0       0       0       0       0       0       0       0       0
Total ram usage:        1 bytes
 Hardware stack levels used:    1
 Hardware stack levels required when called:    6
 This function calls:
		Absolute function
		_OnChanggeINT_Handler
 This function is called by:
		_InterruptManagerLow
 This function uses a non-reentrant model


 *************** function _OnChanggeINT_Handler *****************
 Defined at:
		line 61 in file "application.c"
 Parameters:    Size  Location     Type
		None
 Auto vars:     Size  Location     Type
		None
 Return value:  Size  Location     Type
                  1    wreg      void 
 Registers used:
		wreg, fsr2l, fsr2h, status,2, status,0, prodl, prodh, cstack
 Tracked objects:
		On entry : 
		On exit  : 
		Unchanged: 
 Data sizes:     COMRAM   BANK0   BANK1   BANK2   BANK3   BANK4   BANK5   BANK6   BANK7   BANK8   BANK9  BANK10  BANK11  BANK12  BANK13  BANK14  BANK15
      Params:         0       0       0       0       0       0       0       0       0       0       0       0       0       0       0       0       0
      Locals:         0       0       0       0       0       0       0       0       0       0       0       0       0       0       0       0       0
      Temps:          0       0       0       0       0       0       0       0       0       0       0       0       0       0       0       0       0
      Totals:         0       0       0       0       0       0       0       0       0       0       0       0       0       0       0       0       0
Total ram usage:        0 bytes
 Hardware stack levels used:    1
 Hardware stack levels required when called:    5
 This function calls:
		_GPIO_Pin_Toggle_Logic
 This function is called by:
		_RB4_ISR
		_RB5_ISR
		_RB6_ISR
		_RB7_ISR
 This function uses a non-reentrant model


 *************** function _INT1_ISR *****************
 Defined at:
		line 73 in file "MCAL/Interrupts/mcal_external_interrupt.c"
 Parameters:    Size  Location     Type
		None
 Auto vars:     Size  Location     Type
		None
 Return value:  Size  Location     Type
                  1    wreg      void 
 Registers used:
		wreg, fsr2l, fsr2h, status,2, status,0, pclath, tosl, prodl, prodh, cstack
 Tracked objects:
		On entry : 
		On exit  : 
		Unchanged: 
 Data sizes:     COMRAM   BANK0   BANK1   BANK2   BANK3   BANK4   BANK5   BANK6   BANK7   BANK8   BANK9  BANK10  BANK11  BANK12  BANK13  BANK14  BANK15
      Params:         0       0       0       0       0       0       0       0       0       0       0       0       0       0       0       0       0
      Locals:         0       0       0       0       0       0       0       0       0       0       0       0       0       0       0       0       0
      Temps:          0       0       0       0       0       0       0       0       0       0       0       0       0       0       0       0       0
      Totals:         0       0       0       0       0       0       0       0       0       0       0       0       0       0       0       0       0
Total ram usage:        0 bytes
 Hardware stack levels used:    1
 Hardware stack levels required when called:    6
 This function calls:
		Absolute function
		_INT1_Handler
 This function is called by:
		_InterruptManagerLow
 This function uses a non-reentrant model


 *************** function _INT1_Handler *****************
 Defined at:
		line 57 in file "application.c"
 Parameters:    Size  Location     Type
		None
 Auto vars:     Size  Location     Type
		None
 Return value:  Size  Location     Type
                  1    wreg      void 
 Registers used:
		wreg, fsr2l, fsr2h, status,2, status,0, prodl, prodh, cstack
 Tracked objects:
		On entry : 
		On exit  : 
		Unchanged: 
 Data sizes:     COMRAM   BANK0   BANK1   BANK2   BANK3   BANK4   BANK5   BANK6   BANK7   BANK8   BANK9  BANK10  BANK11  BANK12  BANK13  BANK14  BANK15
      Params:         0       0       0       0       0       0       0       0       0       0       0       0       0       0       0       0       0
      Locals:         0       0       0       0       0       0       0       0       0       0       0       0       0       0       0       0       0
      Temps:          0       0       0       0       0       0       0       0       0       0       0       0       0       0       0       0       0
      Totals:         0       0       0       0       0       0       0       0       0       0       0       0       0       0       0       0       0
Total ram usage:        0 bytes
 Hardware stack levels used:    1
 Hardware stack levels required when called:    5
 This function calls:
		_GPIO_Pin_Toggle_Logic
 This function is called by:
		_INT0_ISR
		_INT2_ISR
		_INT1_ISR
 This function uses a non-reentrant model


 *************** function _GPIO_Pin_Toggle_Logic *****************
 Defined at:
		line 135 in file "MCAL/GPIO/hal_gpio.c"
 Parameters:    Size  Location     Type
  _pin_config     2   14[COMRAM] PTR const struct .
		 -> PIN2(1), PIN1(1), 
 Auto vars:     Size  Location     Type
  ERRORSTATUS     1    0        unsigned char 
 Return value:  Size  Location     Type
                  1    wreg      unsigned char 
 Registers used:
		wreg, fsr2l, fsr2h, status,2, status,0, prodl, prodh
 Tracked objects:
		On entry : 
		On exit  : 
		Unchanged: 
 Data sizes:     COMRAM   BANK0   BANK1   BANK2   BANK3   BANK4   BANK5   BANK6   BANK7   BANK8   BANK9  BANK10  BANK11  BANK12  BANK13  BANK14  BANK15
      Params:         2       0       0       0       0       0       0       0       0       0       0       0       0       0       0       0       0
      Locals:         1       0       0       0       0       0       0       0       0       0       0       0       0       0       0       0       0
      Temps:          5       0       0       0       0       0       0       0       0       0       0       0       0       0       0       0       0
      Totals:         8       0       0       0       0       0       0       0       0       0       0       0       0       0       0       0       0
Total ram usage:        8 bytes
 Hardware stack levels used:    1
 Hardware stack levels required when called:    4
 This function calls:
		Nothing
 This function is called by:
		_INT1_Handler
		_OnChanggeINT_Handler
 This function uses a non-reentrant model


 *************** function _InterruptManagerHigh *****************
 Defined at:
		line 33 in file "MCAL/Interrupts/mcal_interrupt_manager.c"
 Parameters:    Size  Location     Type
		None
 Auto vars:     Size  Location     Type
		None
 Return value:  Size  Location     Type
                  1    wreg      void 
 Registers used:
		wreg, fsr2l, fsr2h, status,2, status,0, pclath, tosl, prodl, prodh, cstack
 Tracked objects:
		On entry : 
		On exit  : 
		Unchanged: 
 Data sizes:     COMRAM   BANK0   BANK1   BANK2   BANK3   BANK4   BANK5   BANK6   BANK7   BANK8   BANK9  BANK10  BANK11  BANK12  BANK13  BANK14  BANK15
      Params:         0       0       0       0       0       0       0       0       0       0       0       0       0       0       0       0       0
      Locals:         0       0       0       0       0       0       0       0       0       0       0       0       0       0       0       0       0
      Temps:          6       0       0       0       0       0       0       0       0       0       0       0       0       0       0       0       0
      Totals:         6       0       0       0       0       0       0       0       0       0       0       0       0       0       0       0       0
Total ram usage:        6 bytes
 Hardware stack levels used:    1
 Hardware stack levels required when called:    3
 This function calls:
		_INT0_ISR
		_INT2_ISR
 This function is called by:
		Interrupt level 2
 This function uses a non-reentrant model


 *************** function _INT2_ISR *****************
 Defined at:
		line 86 in file "MCAL/Interrupts/mcal_external_interrupt.c"
 Parameters:    Size  Location     Type
		None
 Auto vars:     Size  Location     Type
		None
 Return value:  Size  Location     Type
                  1    wreg      void 
 Registers used:
		wreg, fsr2l, fsr2h, status,2, status,0, pclath, tosl, prodl, prodh, cstack
 Tracked objects:
		On entry : 
		On exit  : 
		Unchanged: 
 Data sizes:     COMRAM   BANK0   BANK1   BANK2   BANK3   BANK4   BANK5   BANK6   BANK7   BANK8   BANK9  BANK10  BANK11  BANK12  BANK13  BANK14  BANK15
      Params:         0       0       0       0       0       0       0       0       0       0       0       0       0       0       0       0       0
      Locals:         0       0       0       0       0       0       0       0       0       0       0       0       0       0       0       0       0
      Temps:          0       0       0       0       0       0       0       0       0       0       0       0       0       0       0       0       0
      Totals:         0       0       0       0       0       0       0       0       0       0       0       0       0       0       0       0       0
Total ram usage:        0 bytes
 Hardware stack levels used:    1
 Hardware stack levels required when called:    2
 This function calls:
		Absolute function
		i2_INT1_Handler
 This function is called by:
		_InterruptManagerHigh
 This function uses a non-reentrant model


 *************** function _INT0_ISR *****************
 Defined at:
		line 60 in file "MCAL/Interrupts/mcal_external_interrupt.c"
 Parameters:    Size  Location     Type
		None
 Auto vars:     Size  Location     Type
		None
 Return value:  Size  Location     Type
                  1    wreg      void 
 Registers used:
		wreg, fsr2l, fsr2h, status,2, status,0, pclath, tosl, prodl, prodh, cstack
 Tracked objects:
		On entry : 
		On exit  : 
		Unchanged: 
 Data sizes:     COMRAM   BANK0   BANK1   BANK2   BANK3   BANK4   BANK5   BANK6   BANK7   BANK8   BANK9  BANK10  BANK11  BANK12  BANK13  BANK14  BANK15
      Params:         0       0       0       0       0       0       0       0       0       0       0       0       0       0       0       0       0
      Locals:         0       0       0       0       0       0       0       0       0       0       0       0       0       0       0       0       0
      Temps:          0       0       0       0       0       0       0       0       0       0       0       0       0       0       0       0       0
      Totals:         0       0       0       0       0       0       0       0       0       0       0       0       0       0       0       0       0
Total ram usage:        0 bytes
 Hardware stack levels used:    1
 Hardware stack levels required when called:    2
 This function calls:
		Absolute function
		i2_INT1_Handler
 This function is called by:
		_InterruptManagerHigh
 This function uses a non-reentrant model


 *************** function i2_INT1_Handler *****************
 Defined at:
		line 57 in file "application.c"
 Parameters:    Size  Location     Type
		None
 Auto vars:     Size  Location     Type
		None
 Return value:  Size  Location     Type
                  1    wreg      void 
 Registers used:
		wreg, fsr2l, fsr2h, status,2, status,0, prodl, prodh, cstack
 Tracked objects:
		On entry : 
		On exit  : 
		Unchanged: 
 Data sizes:     COMRAM   BANK0   BANK1   BANK2   BANK3   BANK4   BANK5   BANK6   BANK7   BANK8   BANK9  BANK10  BANK11  BANK12  BANK13  BANK14  BANK15
      Params:         0       0       0       0       0       0       0       0       0       0       0       0       0       0       0       0       0
      Locals:         0       0       0       0       0       0       0       0       0       0       0       0       0       0       0       0       0
      Temps:          0       0       0       0       0       0       0       0       0       0       0       0       0       0       0       0       0
      Totals:         0       0       0       0       0       0       0       0       0       0       0       0       0       0       0       0       0
Total ram usage:        0 bytes
 Hardware stack levels used:    1
 Hardware stack levels required when called:    1
 This function calls:
		i2_GPIO_Pin_Toggle_Logic
 This function is called by:
		_INT0_ISR
		_INT2_ISR
		_INT1_ISR
 This function uses a non-reentrant model


 *************** function i2_GPIO_Pin_Toggle_Logic *****************
 Defined at:
		line 135 in file "MCAL/GPIO/hal_gpio.c"
 Parameters:    Size  Location     Type
  _pin_config     2    0[COMRAM] PTR const struct .
		 -> PIN2(1), PIN1(1), 
 Auto vars:     Size  Location     Type
  ERRORSTATUS     1    0        unsigned char 
 Return value:  Size  Location     Type
                  1    wreg      unsigned char 
 Registers used:
		wreg, fsr2l, fsr2h, status,2, status,0, prodl, prodh
 Tracked objects:
		On entry : 
		On exit  : 
		Unchanged: 
 Data sizes:     COMRAM   BANK0   BANK1   BANK2   BANK3   BANK4   BANK5   BANK6   BANK7   BANK8   BANK9  BANK10  BANK11  BANK12  BANK13  BANK14  BANK15
      Params:         2       0       0       0       0       0       0       0       0       0       0       0       0       0       0       0       0
      Locals:         1       0       0       0       0       0       0       0       0       0       0       0       0       0       0       0       0
      Temps:          5       0       0       0       0       0       0       0       0       0       0       0       0       0       0       0       0
      Totals:         8       0       0       0       0       0       0       0       0       0       0       0       0       0       0       0       0
Total ram usage:        8 bytes
 Hardware stack levels used:    1
 This function calls:
		Nothing
 This function is called by:
		i2_INT1_Handler
 This function uses a non-reentrant model



MODULE INFORMATION

Module		Function		Class		Link	Load	Size
MCAL/Interrupts/mcal_external_interrupt.c
		_INT2_set_callback		CODE           	1386	0000	44
		_interrupt_INTx_set_callback		CODE           	0AD4	0000	160
		_interrupt_INTx_set_priority		CODE           	086A	0000	240
		_interrupt_INTx_pin_init		CODE           	0BFA	0000	116
		_interrupt_INTx_disable		CODE           	0A18	0000	188
		_Interrupt_INTx_INIT		CODE           	0B74	0000	134
		_interrupt_RBx_enable		CODE           	0E98	0000	104
		_interrupt_INTx_set_edge		CODE           	03F0	0000	302
		_RB4_set_callback		CODE           	11DA	0000	70
		_RB5_set_callback		CODE           	1194	0000	70
		_interrupt_RBx_set_priority		CODE           	0E2E	0000	106
		_RB6_set_callback		CODE           	114E	0000	70
		_RB4_ISR       		CODE           	1068	0000	86
		_RB7_set_callback		CODE           	1108	0000	70
		_RB5_ISR       		CODE           	1012	0000	86
		_RB6_ISR       		CODE           	0FBC	0000	86
		_RB7_ISR       		CODE           	0F66	0000	86
		_interrupt_INTx_clear_flag		CODE           	0C6E	0000	116
		_Interrupt_RBx_INIT		CODE           	0DC2	0000	108
		_interrupt_RBx_set_callback		CODE           	064C	0000	296
		_interrupt_INTx_enable		CODE           	095A	0000	190
		_INT0_ISR      		CODE           	132A	0000	48
		_interrupt_RBx_pin_init		CODE           	1294	0000	54
		_interrupt_RBx_disable		CODE           	0F00	0000	102
		_INT0_set_callback		CODE           	13DE	0000	44
		_INT1_ISR      		CODE           	12CA	0000	48
		_INT1_set_callback		CODE           	13B2	0000	44
		_INT2_ISR      		CODE           	12FA	0000	48

MCAL/Interrupts/mcal_external_interrupt.c estimated size: 3116

MCAL/GPIO/hal_gpio.c
		_GPIO_Pin_Toggle_Logic		CODE           	0CE2	0000	112
		_GPIO_Pin_Direction_Initialize		CODE           	02AA	0000	326
		_GPIO_Pin_Initialize		CODE           	10BE	0000	74
		_GPIO_Pin_Write_Logic		CODE           	051E	0000	302

MCAL/GPIO/hal_gpio.c estimated size: 814

MCAL/Interrupts/mcal_interrupt_manager.c
		_InterruptManagerLow		CODE           	0018	0000	654
		_InterruptManagerHigh		CODE           	0008	0000	252

MCAL/Interrupts/mcal_interrupt_manager.c estimated size: 906

shared
		__initialization		CODE           	1220	0000	44
		i2_INT1_Handler		CODE           	1430	0000	14
		i2_GPIO_Pin_Toggle_Logic		CODE           	0D52	0000	112

shared estimated size: 170

application.c
		_OnChanggeINT_Handler		CODE           	1422	0000	14
		_INT1_Handler  		CODE           	140A	0000	24
		_main          		CODE           	143E	0000	12
		_application_intialize		CODE           	125A	0000	58

application.c estimated size: 108

