Microchip MPLAB XC8 Compiler V2.36

Linker command line:

-W-3 --edf=C:\Program Files\Microchip\xc8\v2.36\pic\dat\en_msgs.txt -cn \
  -h+dist/default/production\graduation_project.production.sym \
  --cmf=dist/default/production\graduation_project.production.cmf -z \
  -Q18F46K20 -oC:\Users\ahmed radwan\AppData\Local\Temp\xcAs684.4 \
  --defsym=__MPLAB_BUILD=1 \
  -Mdist/default/production/graduation_project.production.map \
  --md=C:\Users\ahmed radwan\AppData\Local\Temp\xcAs684.dat -E1 \
  -ver=XC8 Compiler --acfsm=1493 -ACODE=00h-0FFFFh -ACONST=00h-0FFFFh \
  -ASMALLCONST=01000h-010FFhx240 -AMEDIUMCONST=01000h-0FFFFh \
  -ACOMRAM=01h-05Fh -AABS1=00h-0F5Fh -ABIGRAM=01h-0F5Fh \
  -ARAM=060h-0FFh,0100h-01FFhx14,0F00h-0F5Fh -ABANK0=060h-0FFh \
  -ABANK1=0100h-01FFh -ABANK2=0200h-02FFh -ABANK3=0300h-03FFh \
  -ABANK4=0400h-04FFh -ABANK5=0500h-05FFh -ABANK6=0600h-06FFh \
  -ABANK7=0700h-07FFh -ABANK8=0800h-08FFh -ABANK9=0900h-09FFh \
  -ABANK10=0A00h-0AFFh -ABANK11=0B00h-0BFFh -ABANK12=0C00h-0CFFh \
  -ABANK13=0D00h-0DFFh -ABANK14=0E00h-0EFFh -ABANK15=0F00h-0F5Fh \
  -ASFR=0F60h-0FFFh -ABIGSFR=0F60h-0FFFh -ACONFIG=0300000h-030000Dh \
  -AIDLOC=0200000h-0200007h -AEEDATA=0F00000h-0F003FFh -peeprom_data=EEDATA \
  -preset_vec=00h,intcode=08h,intcodelo=018h,powerup,init -pramtop=01000h \
  -psmallconst=SMALLCONST -pmediumconst=MEDIUMCONST -pconst=CONST \
  -AFARRAM=00h-00h \
  -prdata=COMRAM,nvrram=COMRAM,nvbit=COMRAM,rbss=COMRAM,rbit=COMRAM \
  -pfarbss=FARRAM,fardata=FARRAM,nvFARRAM=FARRAM \
  -pintsave_regs=BIGRAM,bigbss=BIGRAM,bigdata=BIGRAM -pbss=RAM \
  -pidata=CODE,irdata=CODE,ibigdata=CODE,ifardata=CODE -prparam=COMRAM \
  C:\Users\ahmed radwan\AppData\Local\Temp\xcAs684.o \
  dist/default/production\graduation_project.production.o 

Object code version is 3.11

Machine type is 18F46K20



                Name                               Link     Load   Length Selector   Space Scale
C:\Users\ahmed radwan\AppData\Local\Temp\xcAs684.o
                idloc                            200000   200000        8        0       5
                config                           300000   300000        E        0       4
                init                                286      286        4        C       0
                reset_vec                             0        0        4        0       0
dist/default/production\graduation_project.production.o
                intcodelo                            18       18      26E        C       0
                intcode                               8        8        6        4       0
                idloc                            200000   200000        8        0       5
                config                           300000   300000        E        0       4
                temp                                 5B       5B        1        1       1
                smallconst                         1000     1000       48      800       0
                text47                             34AA     34AA        2     1A51       0
                text46                             34A8     34A8        2     1A51       0
                text45                             34A6     34A6        2     1A51       0
                intcode_body                       2DA8     2DA8       B4      824       0
                text43                             34A4     34A4        2     1A51       0
                text42                             349A     349A        4      824       0
                text41                             3468     3468       1A      824       0
                text40                             344E     344E       1A      824       0
                text39                             3434     3434       1A      824       0
                text38                             341A     341A       1A      824       0
                text36                             2FF2     2FF2       70      824       0
                text35                             26B0     26B0      128      824       0
                text34                             33A8     33A8       28      824       0
                text33                             1932     1932      39A      824       0
                text32                             1508     1508      42A      824       0
                text31                             27D8     27D8      108      824       0
                text30                             1CCC     1CCC      1B4      824       0
                text29                             2008     2008      182      824       0
                text28                             33D0     33D0       26      824       0
                text27                             3316     3316       38      824       0
                text26                             32DE     32DE       38      824       0
                text25                             30D0     30D0       68      824       0
                text24                             3138     3138       66      824       0
                text23                             1048     1048      4C0      824       0
                text22                             29D6     29D6       DC      824       0
                text21                             2C34     2C34       C0      824       0
                text20                             3380     3380       28      824       0
                text19                             2B74     2B74       C0      824       0
                text18                             2F82     2F82       70      824       0
                text17                             2432     2432      140      824       0
                text16                             218A     218A      168      824       0
                text15                             34A2     34A2        2     1A51       0
                text14                             3062     3062       6E      824       0
                text13                             2E5C     2E5C       A2      824       0
                text12                             22F2     22F2      140      824       0
                text11                             3250     3250       4A      824       0
                text10                             28E0     28E0       F6      824       0
                text9                              319E     319E       5C      824       0
                text8                              33F6     33F6       24      824       0
                text7                              2CF4     2CF4       B4      824       0
                text6                              3494     3494        6      824       0
                text5                              334E     334E       32      824       0
                text4                              2572     2572      13E      824       0
                text3                              2AB2     2AB2       C2      824       0
                text2                              2EFE     2EFE       84      824       0
                text1                              3482     3482       12      824       0
                text0                              1E80     1E80      188      824       0
                cstackCOMRAM                          1        1       56        1       1
                cstackBANK0                          E0       E0       15       60       1
                dataBANK0                            60       60       44       60       1
                bssBANK0                             A4       A4       3C       60       1
                dataCOMRAM                           57       57        3        1       1
                bssCOMRAM                            5A       5A        1        1       1
                cinit                              31FA     31FA       56      824       0
                idataBANK0                         329A     329A       44      824       0
                idataCOMRAM                        349E     349E        3      824       0

TOTAL           Name                               Link     Load   Length     Space
        CLASS   CODE           
                intcodelo                            18       18      26E         0
                intcode                               8        8        6         0
                init                                286      286        4         0
                reset_vec                             0        0        4         0
                text47                             34AA     34AA        2         0
                text46                             34A8     34A8        2         0
                text45                             34A6     34A6        2         0
                intcode_body                       2DA8     2DA8       B4         0
                text43                             34A4     34A4        2         0
                text42                             349A     349A        4         0
                text41                             3468     3468       1A         0
                text40                             344E     344E       1A         0
                text39                             3434     3434       1A         0
                text38                             341A     341A       1A         0
                text36                             2FF2     2FF2       70         0
                text35                             26B0     26B0      128         0
                text34                             33A8     33A8       28         0
                text33                             1932     1932      39A         0
                text32                             1508     1508      42A         0
                text31                             27D8     27D8      108         0
                text30                             1CCC     1CCC      1B4         0
                text29                             2008     2008      182         0
                text28                             33D0     33D0       26         0
                text27                             3316     3316       38         0
                text26                             32DE     32DE       38         0
                text25                             30D0     30D0       68         0
                text24                             3138     3138       66         0
                text23                             1048     1048      4C0         0
                text22                             29D6     29D6       DC         0
                text21                             2C34     2C34       C0         0
                text20                             3380     3380       28         0
                text19                             2B74     2B74       C0         0
                text18                             2F82     2F82       70         0
                text17                             2432     2432      140         0
                text16                             218A     218A      168         0
                text15                             34A2     34A2        2         0
                text14                             3062     3062       6E         0
                text13                             2E5C     2E5C       A2         0
                text12                             22F2     22F2      140         0
                text11                             3250     3250       4A         0
                text10                             28E0     28E0       F6         0
                text9                              319E     319E       5C         0
                text8                              33F6     33F6       24         0
                text7                              2CF4     2CF4       B4         0
                text6                              3494     3494        6         0
                text5                              334E     334E       32         0
                text4                              2572     2572      13E         0
                text3                              2AB2     2AB2       C2         0
                text2                              2EFE     2EFE       84         0
                text1                              3482     3482       12         0
                text0                              1E80     1E80      188         0
                cinit                              31FA     31FA       56         0
                idataBANK0                         329A     329A       44         0
                idataCOMRAM                        349E     349E        3         0

        CLASS   CONST          

        CLASS   SMALLCONST     
                smallconst                         1000     1000       48         0

        CLASS   MEDIUMCONST    

        CLASS   COMRAM         
                temp                                 5B       5B        1         1
                cstackCOMRAM                          1        1       56         1
                dataCOMRAM                           57       57        3         1
                bssCOMRAM                            5A       5A        1         1

        CLASS   ABS1           

        CLASS   BIGRAM         

        CLASS   RAM            

        CLASS   BANK0          
                cstackBANK0                          E0       E0       15         1
                dataBANK0                            60       60       44         1
                bssBANK0                             A4       A4       3C         1

        CLASS   BANK1          

        CLASS   BANK2          

        CLASS   BANK3          

        CLASS   BANK4          

        CLASS   BANK5          

        CLASS   BANK6          

        CLASS   BANK7          

        CLASS   BANK8          

        CLASS   BANK9          

        CLASS   BANK10         

        CLASS   BANK11         

        CLASS   BANK12         

        CLASS   BANK13         

        CLASS   BANK14         

        CLASS   BANK15         

        CLASS   SFR            

        CLASS   BIGSFR         

        CLASS   CONFIG         
                config                           300000   300000        E         4

        CLASS   IDLOC          
                idloc                            200000   200000        8         5

        CLASS   EEDATA         

        CLASS   FARRAM         

        CLASS   HEAP           

        CLASS   STACK          



SEGMENTS        Name                           Load    Length   Top    Selector   Space  Class

                reset_vec                      000000  000004  000004         0       0  CODE    
                cstackCOMRAM                   000001  00005B  00005C         1       1  COMRAM  
                intcode                        000008  000006  00000E         4       0  CODE    
                intcodelo                      000018  000272  00028A         C       0  CODE    
                dataBANK0                      000060  000095  0000F5        60       1  BANK0   
                smallconst                     001000  000048  001048       800       0  SMALLCON
                text23                         001048  002459  0034A1       824       0  CODE    
                text15                         0034A2  00000A  0034AC      1A51       0  CODE    


UNUSED ADDRESS RANGES

        Name                Unused          Largest block    Delta
        BANK0            0000F5-0000FF                B
        BANK1            000100-0001FF              100
        BANK10           000A00-000AFF              100
        BANK11           000B00-000BFF              100
        BANK12           000C00-000CFF              100
        BANK13           000D00-000DFF              100
        BANK14           000E00-000EFF              100
        BANK15           000F00-000F5F               60
        BANK2            000200-0002FF              100
        BANK3            000300-0003FF              100
        BANK4            000400-0004FF              100
        BANK5            000500-0005FF              100
        BANK6            000600-0006FF              100
        BANK7            000700-0007FF              100
        BANK8            000800-0008FF              100
        BANK9            000900-0009FF              100
        BIGRAM           00005C-00005F                4
                         0000F5-000F5F              E6B
        BIGSFR           000F60-000FFF               A0
        CODE             000004-000007                4
                         00000E-000017                A
                         00028A-000FFF              D76
                         0034A1-0034A1                1
                         0034AC-00FFFF             CB54
        COMRAM           00005C-00005F                4
        CONST            000004-000007                4
                         00000E-000017                A
                         00028A-000FFF              D76
                         0034A1-0034A1                1
                         0034AC-00FFFF             CB54
        EEDATA           F00000-F003FF              400
        MEDIUMCONST      0034A1-0034A1                1
                         0034AC-00FFFF             CB54
        RAM              0000F5-000F5F              100
        SFR              000F60-000FFF               A0
        SMALLCONST       0034A1-0034A1                1
                         0034AC-00FFFF              100

                                  Symbol Table

?___fladd                                     cstackCOMRAM 000045
?___fldiv                                     cstackCOMRAM 000013
?___flmul                                     cstackCOMRAM 00002C
?___fltol                                     cstackBANK0  0000E0
?___xxtofl                                    cstackCOMRAM 000005
CCP_Capture_Mode_Config@_ccp_obj              cstackCOMRAM 000008
CCP_Capture_Mode_Config@ret                   cstackCOMRAM 00000C
CCP_Compare_Mode_Config@_ccp_obj              cstackCOMRAM 000008
CCP_Compare_Mode_Config@ret                   cstackCOMRAM 00000C
CCP_Init@_ccp_obj                             cstackCOMRAM 000012
CCP_Interrupt_Config@_ccp_obj                 cstackCOMRAM 000005
CCP_Mode_Timer_Select@_ccp_obj                cstackCOMRAM 000005
CCP_PWM_Mode_Config@_ccp_obj                  cstackCOMRAM 000008
CCP_PWM_Set_Duty@_ccp_obj                     cstackBANK0  0000E8
CCP_PWM_Set_Duty@_duty                        cstackBANK0  0000EA
CCP_PWM_Set_Duty@l_duty_temp                  cstackBANK0  0000F1
CCP_PWM_Start@_ccp_obj                        cstackCOMRAM 000005
ECU_DC_Motor_Init@dc_motor                    cstackCOMRAM 000012
ECU_DC_Motor_Run_Left@dc_motor                cstackCOMRAM 00000F
ECU_DC_Motor_Run_Right@dc_motor               cstackCOMRAM 00000F
GPIO_Pin_Direction_Initialize@ERRORSTATUS     cstackCOMRAM 00000D
GPIO_Pin_Direction_Initialize@_pin_config     cstackCOMRAM 000005
GPIO_Pin_Initialize@ERRORSTATUS               cstackCOMRAM 000011
GPIO_Pin_Initialize@_pin_config               cstackCOMRAM 00000F
GPIO_Pin_Toggle_Logic@_pin_config             cstackCOMRAM 000005
GPIO_Pin_Write_Logic@ERRORSTATUS              cstackCOMRAM 00000E
GPIO_Pin_Write_Logic@_pin_config              cstackCOMRAM 000005
GPIO_Pin_Write_Logic@logic                    cstackCOMRAM 000007
I2C_Master_Mode_Clock_Configurations@i2c_obj  cstackBANK0  0000E8
I2C_Slave_Mode_Clock_Configurations@i2c_obj   cstackCOMRAM 000005
MSSP_I2C_Init@i2c_obj                         cstackBANK0  0000EB
MSSP_I2C_Master_Send_Start@i2c_obj            cstackCOMRAM 000005
MSSP_I2C_Master_Send_Stop@i2c_obj             cstackCOMRAM 000005
MSSP_I2C_Master_Write_Blocking@_ack           cstackCOMRAM 000008
MSSP_I2C_Master_Write_Blocking@i2c_data       cstackCOMRAM 000007
MSSP_I2C_Master_Write_Blocking@i2c_obj        cstackCOMRAM 000005
PCA_Write_Reg@ack                             cstackCOMRAM 00000F
PCA_Write_Reg@data                            cstackCOMRAM 00000E
PCA_Write_Reg@i2c_obj                         cstackCOMRAM 00000A
PCA_Write_Reg@reg_address                     cstackCOMRAM 00000D
PCA_Write_Reg@slave_address                   cstackCOMRAM 00000C
RB4_ISR@Handler_Select                        cstackCOMRAM 000001
RB5_ISR@Handler_Select                        cstackCOMRAM 000001
RB6_ISR@Handler_Select                        cstackCOMRAM 000001
RB7_ISR@Handler_Select                        cstackCOMRAM 000001
ServoDriver_Init@i2c_obj                      cstackBANK0  0000ED
ServoDriver_Init@servo_driver_obj             cstackBANK0  0000EF
Servo_SetAngle@angle                          cstackBANK0  0000ED
Servo_SetAngle@angle_in_reg                   cstackBANK0  0000EE
Servo_SetAngle@i2c_obj                        cstackBANK0  0000E8
Servo_SetAngle@reg_addrees                    cstackBANK0  0000F0
Servo_SetAngle@servo_driver_obj               cstackBANK0  0000EA
Servo_SetAngle@servo_no                       cstackBANK0  0000EC
Timer2_Init@_timer2                           cstackCOMRAM 000005
_ADCON0bits                                   (abs)        000FC2
_ADCON1bits                                   (abs)        000FC1
_ADCON2bits                                   (abs)        000FC0
_ADC_ISR                                      text43       0034A4
_ADRESH                                       (abs)        000FC4
_ADRESL                                       (abs)        000FC3
_BAUDCONbits                                  (abs)        000FB8
_CCP1CONbits                                  (abs)        000FBD
_CCP1_Obj                                     dataBANK0    00008A
_CCP2CONbits                                  (abs)        000FBA
_CCP2_Obj                                     dataBANK0    00007E
_CCPR1L                                       (abs)        000FBE
_CCPR2L                                       (abs)        000FBB
_CCP_Capture_Mode_Config                      text17       002432
_CCP_Compare_Mode_Config                      text16       00218A
_CCP_Init                                     text10       0028E0
_CCP_Interrupt_Config                         text15       0034A2
_CCP_Mode_Timer_Select                        text18       002F82
_CCP_PWM_Mode_Config                          text13       002E5C
_CCP_PWM_Set_Duty                             text29       002008
_CCP_PWM_Set_Duty$5542                        cstackBANK0  0000ED
_CCP_PWM_Start                                text9        00319E
_ECU_DC_Motor_Init                            text8        0033F6
_ECU_DC_Motor_Run_Left                        text34       0033A8
_ECU_DC_Motor_Run_Right                       text20       003380
_EUSART_Rx_ISR                                text47       0034AA
_EUSART_Tx_ISR                                text46       0034A8
_GPIO_Pin_Direction_Initialize                text12       0022F2
_GPIO_Pin_Initialize                          text11       003250
_GPIO_Pin_Toggle_Logic                        text36       002FF2
_GPIO_Pin_Write_Logic                         text35       0026B0
_I2C_Master_Mode_Clock_Configurations         text7        002CF4
_I2C_Pin_Configurations                       text6        003494
_I2C_Slave_Mode_Clock_Configurations          text5        00334E
_INT0_InterruptHandler                        bssBANK0     0000D1
_INT1_ISR                                     text42       00349A
_INT1_InterruptHandler                        bssBANK0     0000CF
_INT2_InterruptHandler                        bssBANK0     0000CD
_INTCON2bits                                  (abs)        000FF1
_INTCON3bits                                  (abs)        000FF0
_INTCONbits                                   (abs)        000FF2
_IPR1bits                                     (abs)        000F9F
_InterruptManagerHigh                         intcode      000008
_InterruptManagerLow                          intcodelo    000018
_LATA                                         (abs)        000F89
_LATB                                         (abs)        000F8A
_LATC                                         (abs)        000F8B
_LATD                                         (abs)        000F8C
_LATDbits                                     (abs)        000F8C
_LATE                                         (abs)        000F8D
_MSSP_I2C_Init                                text4        002572
_MSSP_I2C_Master_Send_Start                   text27       003316
_MSSP_I2C_Master_Send_Stop                    text26       0032DE
_MSSP_I2C_Master_Write_Blocking               text25       0030D0
_Movement_State                               bssBANK0     0000DF
_PCA_Write_Reg                                text24       003138
_PIE1bits                                     (abs)        000F9D
_PIE2bits                                     (abs)        000FA0
_PIR1bits                                     (abs)        000F9E
_PIR2bits                                     (abs)        000FA1
_PORTA                                        (abs)        000F80
_PORTB                                        (abs)        000F81
_PORTBbits                                    (abs)        000F81
_PORTC                                        (abs)        000F82
_PORTD                                        (abs)        000F83
_PORTDbits                                    (abs)        000F83
_PORTE                                        (abs)        000F84
_PR2                                          (abs)        000FCB
_RB4_ISR                                      text41       003468
_RB4_InterruptHandler_HIGH                    bssBANK0     0000CB
_RB4_InterruptHandler_LOW                     bssBANK0     0000C9
_RB5_ISR                                      text40       00344E
_RB5_InterruptHandler_HIGH                    bssBANK0     0000C7
_RB5_InterruptHandler_LOW                     bssBANK0     0000C5
_RB6_ISR                                      text39       003434
_RB6_InterruptHandler_HIGH                    bssBANK0     0000C3
_RB6_InterruptHandler_LOW                     bssBANK0     0000C1
_RB7_ISR                                      text38       00341A
_RB7_InterruptHandler_HIGH                    bssBANK0     0000BF
_RB7_InterruptHandler_LOW                     bssBANK0     0000BD
_RCONbits                                     (abs)        000FD0
_RCREG                                        (abs)        000FAE
_RCSTA1bits                                   (abs)        000FAB
_RCSTAbits                                    (abs)        000FAB
_RX9D                                         (abs)        007D58
_Robot_Move_Backward                          text21       002C34
_Robot_Move_Forward                           text19       002B74
_Robot_Nav_Init                               text2        002EFE
_Robot_Steer_Stop                             text28       0033D0
_SPBRG                                        (abs)        000FAF
_SPBRGH                                       (abs)        000FB0
_SSPADD                                       (abs)        000FC8
_SSPBUF                                       (abs)        000FC9
_SSPCON1bits                                  (abs)        000FC6
_SSPCON2bits                                  (abs)        000FC5
_SSPSTATbits                                  (abs)        000FC7
_ServoDriver_Init                             text3        002AB2
_Servo_SetAngle                               text22       0029D6
_T0CONbits                                    (abs)        000FD5
_T1CONbits                                    (abs)        000FCD
_T2CONbits                                    (abs)        000FCA
_T3CONbits                                    (abs)        000FB1
_TMR0H                                        (abs)        000FD7
_TMR0L                                        (abs)        000FD6
_TMR0_ISR                                     text45       0034A6
_TMR1H                                        (abs)        000FCF
_TMR1L                                        (abs)        000FCE
_TMR2                                         (abs)        000FCC
_TRISA                                        (abs)        000F92
_TRISB                                        (abs)        000F93
_TRISBbits                                    (abs)        000F93
_TRISC                                        (abs)        000F94
_TRISCbits                                    (abs)        000F94
_TRISD                                        (abs)        000F95
_TRISDbits                                    (abs)        000F95
_TRISE                                        (abs)        000F96
_TXREG                                        (abs)        000FAD
_TXSTA1bits                                   (abs)        000FAC
_TXSTAbits                                    (abs)        000FAC
_Timer1_Interrupt_Handler                     bssBANK0     0000B7
_Timer1_PreLoaded_Value_Store                 bssBANK0     0000B9
_Timer2_Init                                  text14       003062
_Timer2_PreLoaded_Value_Store                 bssCOMRAM    00005A
_W1_W3_W5_Motor_Control                       dataBANK0    0000A3
_W2_W4_W6_Motor_Control                       dataBANK0    0000A2
_WDTCONbits                                   (abs)        000FD1
__HRAM                                        (abs)        000000
__Habs1                                       abs1         000000
__Hbank0                                      bank0        000000
__Hbank1                                      bank1        000000
__Hbank10                                     bank10       000000
__Hbank11                                     bank11       000000
__Hbank12                                     bank12       000000
__Hbank13                                     bank13       000000
__Hbank14                                     bank14       000000
__Hbank15                                     bank15       000000
__Hbank2                                      bank2        000000
__Hbank3                                      bank3        000000
__Hbank4                                      bank4        000000
__Hbank5                                      bank5        000000
__Hbank6                                      bank6        000000
__Hbank7                                      bank7        000000
__Hbank8                                      bank8        000000
__Hbank9                                      bank9        000000
__Hbigbss                                     bigbss       000000
__Hbigdata                                    bigdata      000000
__Hbigram                                     bigram       000000
__Hbigsfr                                     bigsfr       000000
__Hbss                                        bss          000000
__HbssBANK0                                   bssBANK0     000000
__HbssCOMRAM                                  bssCOMRAM    000000
__Hcinit                                      cinit        000000
__Hclrtext                                    clrtext      000000
__Hcomram                                     comram       000000
__Hconfig                                     config       30000E
__Hconst                                      const        000000
__HcstackBANK0                                cstackBANK0  000000
__HcstackCOMRAM                               cstackCOMRAM 000000
__Hdata                                       data         000000
__HdataBANK0                                  dataBANK0    000000
__HdataCOMRAM                                 dataCOMRAM   000000
__Heeprom_data                                eeprom_data  000000
__Hfarbss                                     farbss       000000
__Hfardata                                    fardata      000000
__Hheap                                       heap         000000
__Hibigdata                                   ibigdata     000000
__Hidata                                      idata        000000
__HidataBANK0                                 idataBANK0   000000
__HidataCOMRAM                                idataCOMRAM  000000
__Hidloc                                      idloc        200008
__Hifardata                                   ifardata     000000
__Hinit                                       init         00028A
__Hintcode                                    intcode      00000E
__Hintcode_body                               intcode_body 000000
__Hintcodelo                                  intcodelo    000286
__Hintentry                                   intentry     000000
__Hintret                                     intret       000000
__Hintsave_regs                               intsave_regs 000000
__Hirdata                                     irdata       000000
__Hmediumconst                                mediumconst  000000
__HnvFARRAM                                   nvFARRAM     000000
__Hnvbit                                      nvbit        000000
__Hnvrram                                     nvrram       000000
__Hparam                                      rparam       000000
__Hpowerup                                    powerup      000286
__Hram                                        ram          000000
__Hramtop                                     ramtop       001000
__Hrbit                                       rbit         000000
__Hrbss                                       rbss         000000
__Hrdata                                      rdata        000000
__Hreset_vec                                  reset_vec    000004
__Hrparam                                     rparam       000000
__Hsfr                                        sfr          000000
__Hsmallconst                                 smallconst   001048
__Hspace_0                                    (abs)        0034AC
__Hspace_1                                    (abs)        0000F5
__Hspace_2                                    (abs)        000000
__Hspace_4                                    (abs)        60000E
__Hstack                                      stack        000000
__Hstruct                                     struct       000000
__Htemp                                       temp         00005C
__Htext                                       text         000000
__Htext0                                      text0        000000
__Htext1                                      text1        000000
__Htext10                                     text10       000000
__Htext11                                     text11       000000
__Htext12                                     text12       000000
__Htext13                                     text13       000000
__Htext14                                     text14       000000
__Htext15                                     text15       000000
__Htext16                                     text16       000000
__Htext17                                     text17       000000
__Htext18                                     text18       000000
__Htext19                                     text19       000000
__Htext2                                      text2        000000
__Htext20                                     text20       000000
__Htext21                                     text21       000000
__Htext22                                     text22       000000
__Htext23                                     text23       000000
__Htext24                                     text24       000000
__Htext25                                     text25       000000
__Htext26                                     text26       000000
__Htext27                                     text27       000000
__Htext28                                     text28       000000
__Htext29                                     text29       000000
__Htext3                                      text3        000000
__Htext30                                     text30       000000
__Htext31                                     text31       000000
__Htext32                                     text32       000000
__Htext33                                     text33       000000
__Htext34                                     text34       000000
__Htext35                                     text35       000000
__Htext36                                     text36       000000
__Htext38                                     text38       000000
__Htext39                                     text39       000000
__Htext4                                      text4        000000
__Htext40                                     text40       000000
__Htext41                                     text41       000000
__Htext42                                     text42       000000
__Htext43                                     text43       000000
__Htext45                                     text45       000000
__Htext46                                     text46       000000
__Htext47                                     text47       000000
__Htext5                                      text5        000000
__Htext6                                      text6        000000
__Htext7                                      text7        000000
__Htext8                                      text8        000000
__Htext9                                      text9        000000
__LRAM                                        (abs)        000001
__Labs1                                       abs1         000000
__Lbank0                                      bank0        000000
__Lbank1                                      bank1        000000
__Lbank10                                     bank10       000000
__Lbank11                                     bank11       000000
__Lbank12                                     bank12       000000
__Lbank13                                     bank13       000000
__Lbank14                                     bank14       000000
__Lbank15                                     bank15       000000
__Lbank2                                      bank2        000000
__Lbank3                                      bank3        000000
__Lbank4                                      bank4        000000
__Lbank5                                      bank5        000000
__Lbank6                                      bank6        000000
__Lbank7                                      bank7        000000
__Lbank8                                      bank8        000000
__Lbank9                                      bank9        000000
__Lbigbss                                     bigbss       000000
__Lbigdata                                    bigdata      000000
__Lbigram                                     bigram       000000
__Lbigsfr                                     bigsfr       000000
__Lbss                                        bss          000000
__LbssBANK0                                   bssBANK0     000000
__LbssCOMRAM                                  bssCOMRAM    000000
__Lcinit                                      cinit        000000
__Lclrtext                                    clrtext      000000
__Lcomram                                     comram       000000
__Lconfig                                     config       000000
__Lconst                                      const        000000
__LcstackBANK0                                cstackBANK0  000000
__LcstackCOMRAM                               cstackCOMRAM 000000
__Ldata                                       data         000000
__LdataBANK0                                  dataBANK0    000000
__LdataCOMRAM                                 dataCOMRAM   000000
__Leeprom_data                                eeprom_data  000000
__Lfarbss                                     farbss       000000
__Lfardata                                    fardata      000000
__Lheap                                       heap         000000
__Libigdata                                   ibigdata     000000
__Lidata                                      idata        000000
__LidataBANK0                                 idataBANK0   000000
__LidataCOMRAM                                idataCOMRAM  000000
__Lidloc                                      idloc        000000
__Lifardata                                   ifardata     000000
__Linit                                       init         000286
__Lintcode                                    intcode      000008
__Lintcode_body                               intcode_body 000000
__Lintcodelo                                  intcodelo    000018
__Lintentry                                   intentry     000000
__Lintret                                     intret       000000
__Lintsave_regs                               intsave_regs 000000
__Lirdata                                     irdata       000000
__Lmediumconst                                mediumconst  000000
__LnvFARRAM                                   nvFARRAM     000000
__Lnvbit                                      nvbit        000000
__Lnvrram                                     nvrram       000000
__Lparam                                      rparam       000000
__Lpowerup                                    powerup      000286
__Lram                                        ram          000000
__Lramtop                                     ramtop       001000
__Lrbit                                       rbit         000000
__Lrbss                                       rbss         000000
__Lrdata                                      rdata        000000
__Lreset_vec                                  reset_vec    000000
__Lrparam                                     rparam       000000
__Lsfr                                        sfr          000000
__Lsmallconst                                 smallconst   001000
__Lspace_0                                    (abs)        000000
__Lspace_1                                    (abs)        000000
__Lspace_2                                    (abs)        000000
__Lspace_4                                    (abs)        000000
__Lstack                                      stack        000000
__Lstruct                                     struct       000000
__Ltemp                                       temp         00005B
__Ltext                                       text         000000
__Ltext0                                      text0        000000
__Ltext1                                      text1        000000
__Ltext10                                     text10       000000
__Ltext11                                     text11       000000
__Ltext12                                     text12       000000
__Ltext13                                     text13       000000
__Ltext14                                     text14       000000
__Ltext15                                     text15       000000
__Ltext16                                     text16       000000
__Ltext17                                     text17       000000
__Ltext18                                     text18       000000
__Ltext19                                     text19       000000
__Ltext2                                      text2        000000
__Ltext20                                     text20       000000
__Ltext21                                     text21       000000
__Ltext22                                     text22       000000
__Ltext23                                     text23       000000
__Ltext24                                     text24       000000
__Ltext25                                     text25       000000
__Ltext26                                     text26       000000
__Ltext27                                     text27       000000
__Ltext28                                     text28       000000
__Ltext29                                     text29       000000
__Ltext3                                      text3        000000
__Ltext30                                     text30       000000
__Ltext31                                     text31       000000
__Ltext32                                     text32       000000
__Ltext33                                     text33       000000
__Ltext34                                     text34       000000
__Ltext35                                     text35       000000
__Ltext36                                     text36       000000
__Ltext38                                     text38       000000
__Ltext39                                     text39       000000
__Ltext4                                      text4        000000
__Ltext40                                     text40       000000
__Ltext41                                     text41       000000
__Ltext42                                     text42       000000
__Ltext43                                     text43       000000
__Ltext45                                     text45       000000
__Ltext46                                     text46       000000
__Ltext47                                     text47       000000
__Ltext5                                      text5        000000
__Ltext6                                      text6        000000
__Ltext7                                      text7        000000
__Ltext8                                      text8        000000
__Ltext9                                      text9        000000
__S0                                          (abs)        0034AC
__S1                                          (abs)        0000F5
__S4                                          (abs)        000000
__S5                                          (abs)        000000
___fladd                                      text23       001048
___fladd@a                                    cstackCOMRAM 000049
___fladd@aexp                                 cstackCOMRAM 000052
___fladd@b                                    cstackCOMRAM 000045
___fladd@bexp                                 cstackCOMRAM 000053
___fladd@grs                                  cstackCOMRAM 000054
___fladd@signs                                cstackCOMRAM 000051
___fldiv                                      text33       001932
___fldiv@a                                    cstackCOMRAM 000017
___fldiv@aexp                                 cstackCOMRAM 00002B
___fldiv@b                                    cstackCOMRAM 000013
___fldiv@bexp                                 cstackCOMRAM 00002A
___fldiv@grs                                  cstackCOMRAM 000026
___fldiv@new_exp                              cstackCOMRAM 000024
___fldiv@rem                                  cstackCOMRAM 00001F
___fldiv@sign                                 cstackCOMRAM 000023
___flmul                                      text32       001508
___flmul@a                                    cstackCOMRAM 000030
___flmul@aexp                                 cstackCOMRAM 00003D
___flmul@b                                    cstackCOMRAM 00002C
___flmul@bexp                                 cstackCOMRAM 00003E
___flmul@grs                                  cstackCOMRAM 000039
___flmul@prod                                 cstackCOMRAM 00003F
___flmul@sign                                 cstackCOMRAM 000038
___flmul@temp                                 cstackCOMRAM 000043
___fltol                                      text31       0027D8
___fltol@exp1                                 cstackCOMRAM 000056
___fltol@f1                                   cstackBANK0  0000E0
___fltol@sign1                                cstackCOMRAM 000055
___heap_hi                                    (abs)        000000
___heap_lo                                    (abs)        000000
___inthi_sp                                   stack        000000
___intlo_sp                                   stack        000000
___param_bank                                 (abs)        000000
___rparam_used                                (abs)        000001
___sp                                         stack        000000
___xxtofl                                     text30       001CCC
___xxtofl@arg                                 cstackCOMRAM 00000F
___xxtofl@exp                                 cstackCOMRAM 00000E
___xxtofl@sign                                cstackCOMRAM 00000D
___xxtofl@val                                 cstackCOMRAM 000005
__accesstop                                   (abs)        000060
__activetblptr                                (abs)        000003
__end_of_ADC_ISR                              text43       0034A6
__end_of_CCP_Capture_Mode_Config              text17       002572
__end_of_CCP_Compare_Mode_Config              text16       0022F2
__end_of_CCP_Init                             text10       0029D6
__end_of_CCP_Interrupt_Config                 text15       0034A4
__end_of_CCP_Mode_Timer_Select                text18       002FF2
__end_of_CCP_PWM_Mode_Config                  text13       002EFE
__end_of_CCP_PWM_Set_Duty                     text29       00218A
__end_of_CCP_PWM_Start                        text9        0031FA
__end_of_ECU_DC_Motor_Init                    text8        00341A
__end_of_ECU_DC_Motor_Run_Left                text34       0033D0
__end_of_ECU_DC_Motor_Run_Right               text20       0033A8
__end_of_EUSART_Rx_ISR                        text47       0034AC
__end_of_EUSART_Tx_ISR                        text46       0034AA
__end_of_GPIO_Pin_Direction_Initialize        text12       002432
__end_of_GPIO_Pin_Initialize                  text11       00329A
__end_of_GPIO_Pin_Toggle_Logic                text36       003062
__end_of_GPIO_Pin_Write_Logic                 text35       0027D8
__end_of_I2C_Master_Mode_Clock_Configurations text7        002DA8
__end_of_I2C_Pin_Configurations               text6        00349A
__end_of_I2C_Slave_Mode_Clock_Configurations  text5        003380
__end_of_INT1_ISR                             text42       00349E
__end_of_InterruptManagerHigh                 intcode_body 002E5C
__end_of_InterruptManagerLow                  intcodelo    000286
__end_of_MSSP_I2C_Init                        text4        0026B0
__end_of_MSSP_I2C_Master_Send_Start           text27       00334E
__end_of_MSSP_I2C_Master_Send_Stop            text26       003316
__end_of_MSSP_I2C_Master_Write_Blocking       text25       003138
__end_of_PCA_Write_Reg                        text24       00319E
__end_of_RB4_ISR                              text41       003482
__end_of_RB5_ISR                              text40       003468
__end_of_RB6_ISR                              text39       00344E
__end_of_RB7_ISR                              text38       003434
__end_of_Robot_Move_Backward                  text21       002CF4
__end_of_Robot_Move_Forward                   text19       002C34
__end_of_Robot_Nav_Init                       text2        002F82
__end_of_Robot_Steer_Stop                     text28       0033F6
__end_of_ServoDriver_Init                     text3        002B74
__end_of_Servo_SetAngle                       text22       002AB2
__end_of_TMR0_ISR                             text45       0034A8
__end_of_Timer2_Init                          text14       0030D0
__end_of___fladd                              text23       001508
__end_of___fldiv                              text33       001CCC
__end_of___flmul                              text32       001932
__end_of___fltol                              text31       0028E0
__end_of___xxtofl                             text30       001E80
__end_of__initialization                      cinit        003246
__end_of_application_intialize                text1        003494
__end_of_main                                 text0        002008
__initialization                              cinit        0031FA
__mediumconst                                 mediumconst  000000
__pbssBANK0                                   bssBANK0     0000A4
__pbssCOMRAM                                  bssCOMRAM    00005A
__pcinit                                      cinit        0031FA
__pcstackBANK0                                cstackBANK0  0000E0
__pcstackCOMRAM                               cstackCOMRAM 000001
__pdataBANK0                                  dataBANK0    000060
__pdataCOMRAM                                 dataCOMRAM   000057
__pidataBANK0                                 idataBANK0   00329A
__pidataCOMRAM                                idataCOMRAM  00349E
__pintcode                                    intcode      000008
__pintcode_body                               intcode_body 002DA8
__pintcodelo                                  intcodelo    000018
__psmallconst                                 smallconst   001000
__ptext0                                      text0        001E80
__ptext1                                      text1        003482
__ptext10                                     text10       0028E0
__ptext11                                     text11       003250
__ptext12                                     text12       0022F2
__ptext13                                     text13       002E5C
__ptext14                                     text14       003062
__ptext15                                     text15       0034A2
__ptext16                                     text16       00218A
__ptext17                                     text17       002432
__ptext18                                     text18       002F82
__ptext19                                     text19       002B74
__ptext2                                      text2        002EFE
__ptext20                                     text20       003380
__ptext21                                     text21       002C34
__ptext22                                     text22       0029D6
__ptext23                                     text23       001048
__ptext24                                     text24       003138
__ptext25                                     text25       0030D0
__ptext26                                     text26       0032DE
__ptext27                                     text27       003316
__ptext28                                     text28       0033D0
__ptext29                                     text29       002008
__ptext3                                      text3        002AB2
__ptext30                                     text30       001CCC
__ptext31                                     text31       0027D8
__ptext32                                     text32       001508
__ptext33                                     text33       001932
__ptext34                                     text34       0033A8
__ptext35                                     text35       0026B0
__ptext36                                     text36       002FF2
__ptext38                                     text38       00341A
__ptext39                                     text39       003434
__ptext4                                      text4        002572
__ptext40                                     text40       00344E
__ptext41                                     text41       003468
__ptext42                                     text42       00349A
__ptext43                                     text43       0034A4
__ptext45                                     text45       0034A6
__ptext46                                     text46       0034A8
__ptext47                                     text47       0034AA
__ptext5                                      text5        00334E
__ptext6                                      text6        003494
__ptext7                                      text7        002CF4
__ptext8                                      text8        0033F6
__ptext9                                      text9        00319E
__ramtop                                      ramtop       001000
__smallconst                                  smallconst   001000
_application_intialize                        text1        003482
_eusart_Rx_InterruptHandler                   bssBANK0     0000DD
_eusart_frameerr_CallBack                     bssBANK0     0000D9
_eusart_overrunerr_CallBack                   bssBANK0     0000DB
_flags                                        dataCOMRAM   000059
_i2c_obj                                      dataBANK0    000096
_lat_registers                                dataBANK0    00006A
_main                                         text0        001E80
_pinc0                                        dataBANK0    0000A1
_port_registers                               dataBANK0    000060
_preloaded_val                                bssBANK0     0000BB
_servo_driver_obj                             dataBANK0    00009D
_string                                       bssBANK0     0000B3
_tris_registers                               dataBANK0    000074
btemp                                         temp         00005B
end_of_initialization                         cinit        003246
int$flags                                     temp         00005B
int_func                                      intcode_body 002DA8
intlevel0                                     text         000000
intlevel1                                     text         000000
intlevel2                                     text         000000
intlevel3                                     text         000000
isa$std                                       (abs)        000001
isa$xinst                                     (abs)        000000
stackhi                                       (abs)        000000
stacklo                                       (abs)        000000
start                                         init         000286
start_initialization                          cinit        0031FA
ttemp5                                        temp         00005C
ttemp6                                        temp         00005F
ttemp7                                        temp         000063
wtemp8                                        temp         00005C


MODULE INFORMATION

Module		Function		Class		Link	Load	Size
MCAL/TIMER2/mcal_timer2.c
		_Timer2_Init   		CODE           	3062	0000	110

MCAL/TIMER2/mcal_timer2.c estimated size: 110

C:\Program Files\Microchip\xc8\v2.36\pic\sources\c99\common\sprcmul.c
		___flmul       		CODE           	1508	0000	1066

C:\Program Files\Microchip\xc8\v2.36\pic\sources\c99\common\sprcmul.c estimated size: 1066

MCAL/Interrupts/mcal_external_interrupt.c
		_RB4_ISR       		CODE           	3468	0000	26
		_RB5_ISR       		CODE           	344E	0000	26
		_RB6_ISR       		CODE           	3434	0000	26
		_RB7_ISR       		CODE           	341A	0000	26
		_INT1_ISR      		CODE           	349A	0000	4

MCAL/Interrupts/mcal_external_interrupt.c estimated size: 108

MCAL/I2C/mcal_i2c.c
		_MSSP_I2C_Init 		CODE           	2572	0000	318
		_MSSP_I2C_Master_Send_Stop		CODE           	32DE	0000	56
		_MSSP_I2C_Master_Send_Start		CODE           	3316	0000	56
		_I2C_Slave_Mode_Clock_Configurations		CODE           	334E	0000	50
		_I2C_Master_Mode_Clock_Configurations		CODE           	2CF4	0000	180
		_MSSP_I2C_Master_Write_Blocking		CODE           	30D0	0000	104
		_I2C_Pin_Configurations		CODE           	3494	0000	6

MCAL/I2C/mcal_i2c.c estimated size: 770

C:\Program Files\Microchip\xc8\v2.36\pic\sources\c99\common\sprcdiv.c
		___fldiv       		CODE           	1932	0000	922

C:\Program Files\Microchip\xc8\v2.36\pic\sources\c99\common\sprcdiv.c estimated size: 922

MCAL/Timer0/hal_timer0.c
		_TMR0_ISR      		CODE           	34A6	0000	2

MCAL/Timer0/hal_timer0.c estimated size: 2

C:\Program Files\Microchip\xc8\v2.36\pic\sources\c99\common\xxtofl.c
		___xxtofl      		CODE           	1CCC	0000	436

C:\Program Files\Microchip\xc8\v2.36\pic\sources\c99\common\xxtofl.c estimated size: 436

ECU/DC_Motor/ecu_dc_motor.c
		_ECU_DC_Motor_Run_Left		CODE           	33A8	0000	40
		_ECU_DC_Motor_Run_Right		CODE           	3380	0000	40
		_ECU_DC_Motor_Init		CODE           	33F6	0000	36

ECU/DC_Motor/ecu_dc_motor.c estimated size: 116

MCAL/GPIO/hal_gpio.c
		_GPIO_Pin_Toggle_Logic		CODE           	2FF2	0000	112
		_GPIO_Pin_Direction_Initialize		CODE           	22F2	0000	320
		_GPIO_Pin_Initialize		CODE           	3250	0000	74
		_GPIO_Pin_Write_Logic		CODE           	26B0	0000	296

MCAL/GPIO/hal_gpio.c estimated size: 802

C:\Program Files\Microchip\xc8\v2.36\pic\sources\c99\common\sprcadd.c
		___fladd       		CODE           	1048	0000	1216

C:\Program Files\Microchip\xc8\v2.36\pic\sources\c99\common\sprcadd.c estimated size: 1216

MCAL/Interrupts/mcal_interrupt_manager.c
		_InterruptManagerLow		CODE           	0018	0000	622
		_InterruptManagerHigh		CODE           	0008	0000	186

MCAL/Interrupts/mcal_interrupt_manager.c estimated size: 808

C:\Program Files\Microchip\xc8\v2.36\pic\sources\c99\common\fltol.c
		___fltol       		CODE           	27D8	0000	264

C:\Program Files\Microchip\xc8\v2.36\pic\sources\c99\common\fltol.c estimated size: 264

shared
		__initialization		CODE           	31FA	0000	76

shared estimated size: 76

MCAL/CCP/hal_ccp.c
		_CCP_Capture_Mode_Config		CODE           	2432	0000	320
		_CCP_Mode_Timer_Select		CODE           	2F82	0000	112
		_CCP_PWM_Mode_Config		CODE           	2E5C	0000	162
		_CCP_Init      		CODE           	28E0	0000	246
		_CCP_PWM_Start 		CODE           	319E	0000	92
		_CCP_PWM_Set_Duty		CODE           	2008	0000	386
		_CCP_Compare_Mode_Config		CODE           	218A	0000	360
		_CCP_Interrupt_Config		CODE           	34A2	0000	2

MCAL/CCP/hal_ccp.c estimated size: 1680

Robot/Navigation/robot_navigation.c
		_Robot_Steer_Stop		CODE           	33D0	0000	38
		_Robot_Move_Forward		CODE           	2B74	0000	192
		_Robot_Move_Backward		CODE           	2C34	0000	192
		_Robot_Nav_Init		CODE           	2EFE	0000	132

Robot/Navigation/robot_navigation.c estimated size: 554

ECU/SERVO_MOTOR_CONTROL_BY_I2C/ecu_servo_motor_i2c.c
		_ServoDriver_Init		CODE           	2AB2	0000	194
		_Servo_SetAngle		CODE           	29D6	0000	220
		_PCA_Write_Reg 		CODE           	3138	0000	102

ECU/SERVO_MOTOR_CONTROL_BY_I2C/ecu_servo_motor_i2c.c estimated size: 516

MCAL/EUSART/mcal_EUSART.c
		_EUSART_Rx_ISR 		CODE           	34AA	0000	2
		_EUSART_Tx_ISR 		CODE           	34A8	0000	2

MCAL/EUSART/mcal_EUSART.c estimated size: 4

application.c
		_main          		CODE           	1E80	0000	392
		_application_intialize		CODE           	3482	0000	18

application.c estimated size: 410

MCAL/ADC/mcal_adc.c
		_ADC_ISR       		CODE           	34A4	0000	2

MCAL/ADC/mcal_adc.c estimated size: 2

