Microchip MPLAB XC8 Compiler V2.30

Linker command line:

-W-3 --edf=C:\Program Files\Microchip\xc8\v2.30\pic\dat\en_msgs.txt -cn \
  -h+dist/default/production\graduation_project.production.sym \
  --cmf=dist/default/production\graduation_project.production.cmf -z \
  -Q18F4620 -oC:\Users\ahmed radwan\AppData\Local\Temp\s2d8x2 \
  --defsym=__MPLAB_BUILD=1 \
  -Mdist/default/production/graduation_project.production.map -E1 \
  -ver=XC8 Compiler --acfsm=1493 -ASTACK=0D7h-0F7Fh -pstack=STACK \
  -ACODE=00h-0FFFFh -ACONST=00h-0FFFFh -ASMALLCONST=01000h-010FFhx240 \
  -AMEDIUMCONST=01000h-0FFFFh -ACOMRAM=01h-07Fh -AABS1=00h-0F7Fh \
  -ABIGRAM=01h-0F7Fh -ARAM=080h-0FFh,0100h-01FFhx14,0F00h-0F7Fh \
  -ABANK0=080h-0FFh -ABANK1=0100h-01FFh -ABANK2=0200h-02FFh \
  -ABANK3=0300h-03FFh -ABANK4=0400h-04FFh -ABANK5=0500h-05FFh \
  -ABANK6=0600h-06FFh -ABANK7=0700h-07FFh -ABANK8=0800h-08FFh \
  -ABANK9=0900h-09FFh -ABANK10=0A00h-0AFFh -ABANK11=0B00h-0BFFh \
  -ABANK12=0C00h-0CFFh -ABANK13=0D00h-0DFFh -ABANK14=0E00h-0EFFh \
  -ABANK15=0F00h-0F7Fh -ASFR=0F80h-0FFFh -ACONFIG=0300000h-030000Dh \
  -AIDLOC=0200000h-0200007h -AEEDATA=0F00000h-0F003FFh -peeprom_data=EEDATA \
  -preset_vec=00h,intcode=08h,intcodelo=018h,powerup,init -pramtop=01000h \
  -psmallconst=SMALLCONST -pmediumconst=MEDIUMCONST -pconst=CONST \
  -AFARRAM=00h-00h \
  -prdata=COMRAM,nvrram=COMRAM,nvbit=COMRAM,rbss=COMRAM,rbit=COMRAM \
  -pfarbss=FARRAM,fardata=FARRAM,nvFARRAM=FARRAM \
  -pintsave_regs=BIGRAM,bigbss=BIGRAM,bigdata=BIGRAM -pbss=RAM \
  -pidata=CODE,irdata=CODE,ibigdata=CODE,ifardata=CODE -prparam=COMRAM \
  C:\Users\ahmed radwan\AppData\Local\Temp\s2d8x8.o \
  dist/default/production\graduation_project.production.o 

Object code version is 3.11

Machine type is 18F4620



                Name                               Link     Load   Length Selector   Space Scale
C:\Users\ahmed radwan\AppData\Local\Temp\s2d8x8.o
                idloc                            200000   200000        8        0       5
                config                           300000   300000        E        0       4
                init                                276      276        4        C       0
                reset_vec                             0        0        4        0       0
dist/default/production\graduation_project.production.o
                intcodelo                            18       18      25E        C       0
                intcode                               8        8        6        4       0
                idloc                            200000   200000        8        0       5
                config                           300000   300000        E        0       4
                temp                                 61       61        1        1       1
                smallconst                         1000     1000        A      800       0
                text34                             29EA     29EA       68      805       0
                text33                             2982     2982       68      805       0
                text32                             1C06     1C06      1EA      805       0
                text31                             2842     2842       70      805       0
                text30                             24FC     24FC       E4      805       0
                text29                             2BCA     2BCA       38      805       0
                text28                             2C02     2C02       2C      805       0
                text27                             2CE4     2CE4        4      805       0
                text26                             2CE0     2CE0        4      805       0
                intcode_body                       2312     2312      106      805       0
                text24                             2CDC     2CDC        4      805       0
                text23                             2CC2     2CC2       1A      805       0
                text22                             2CA8     2CA8       1A      805       0
                text21                             2C8E     2C8E       1A      805       0
                text20                             2C74     2C74       1A      805       0
                text18                             291A     291A       68      805       0
                text17                             28B2     28B2       68      805       0
                text16                             2418     2418       E4      805       0
                text15                             2B90     2B90       3A      805       0
                text14                             27C0     27C0       82      805       0
                text13                             268E     268E       A2      805       0
                text12                             25E0     25E0       AE      805       0
                text11                             2730     2730       90      805       0
                text10                             100A     100A      4C2      805       0
                text9                              186A     186A      39C      805       0
                text8                              220C     220C      106      805       0
                text7                              1DF0     1DF0      1B4      805       0
                text6                              14CC     14CC      39E      805       0
                text5                              2AAE     2AAE       5C      805       0
                text4                              1FA4     1FA4      140      805       0
                text3                              20E4     20E4      128      805       0
                text2                              2B0A     2B0A       44      805       0
                text1                              2C58     2C58       1C      805       0
                text0                              2B4E     2B4E       42      805       0
                cstackCOMRAM                          1        1       40        1       1
                cstackBANK0                          AA       AA       27       80       1
                dataBANK0                            80       80       2A       80       1
                bssBANK0                             D1       D1        6       80       1
                dataCOMRAM                           5F       5F        2        1       1
                bssCOMRAM                            41       41       1E        1       1
                cinit                              2A52     2A52       5C      805       0
                idataBANK0                         2C2E     2C2E       2A      805       0
                idataCOMRAM                        2CE8     2CE8        2      805       0

TOTAL           Name                               Link     Load   Length     Space
        CLASS   STACK          

        CLASS   CODE           
                intcodelo                            18       18      25E         0
                intcode                               8        8        6         0
                init                                276      276        4         0
                reset_vec                             0        0        4         0
                text34                             29EA     29EA       68         0
                text33                             2982     2982       68         0
                text32                             1C06     1C06      1EA         0
                text31                             2842     2842       70         0
                text30                             24FC     24FC       E4         0
                text29                             2BCA     2BCA       38         0
                text28                             2C02     2C02       2C         0
                text27                             2CE4     2CE4        4         0
                text26                             2CE0     2CE0        4         0
                intcode_body                       2312     2312      106         0
                text24                             2CDC     2CDC        4         0
                text23                             2CC2     2CC2       1A         0
                text22                             2CA8     2CA8       1A         0
                text21                             2C8E     2C8E       1A         0
                text20                             2C74     2C74       1A         0
                text18                             291A     291A       68         0
                text17                             28B2     28B2       68         0
                text16                             2418     2418       E4         0
                text15                             2B90     2B90       3A         0
                text14                             27C0     27C0       82         0
                text13                             268E     268E       A2         0
                text12                             25E0     25E0       AE         0
                text11                             2730     2730       90         0
                text10                             100A     100A      4C2         0
                text9                              186A     186A      39C         0
                text8                              220C     220C      106         0
                text7                              1DF0     1DF0      1B4         0
                text6                              14CC     14CC      39E         0
                text5                              2AAE     2AAE       5C         0
                text4                              1FA4     1FA4      140         0
                text3                              20E4     20E4      128         0
                text2                              2B0A     2B0A       44         0
                text1                              2C58     2C58       1C         0
                text0                              2B4E     2B4E       42         0
                cinit                              2A52     2A52       5C         0
                idataBANK0                         2C2E     2C2E       2A         0
                idataCOMRAM                        2CE8     2CE8        2         0

        CLASS   CONST          

        CLASS   SMALLCONST     
                smallconst                         1000     1000        A         0

        CLASS   MEDIUMCONST    

        CLASS   COMRAM         
                temp                                 61       61        1         1
                cstackCOMRAM                          1        1       40         1
                dataCOMRAM                           5F       5F        2         1
                bssCOMRAM                            41       41       1E         1

        CLASS   ABS1           

        CLASS   BIGRAM         

        CLASS   RAM            

        CLASS   BANK0          
                cstackBANK0                          AA       AA       27         1
                dataBANK0                            80       80       2A         1
                bssBANK0                             D1       D1        6         1

        CLASS   BANK1          

        CLASS   BANK2          

        CLASS   BANK3          

        CLASS   BANK4          

        CLASS   BANK5          

        CLASS   BANK6          

        CLASS   BANK7          

        CLASS   BANK8          

        CLASS   BANK9          

        CLASS   BANK10         

        CLASS   BANK11         

        CLASS   BANK12         

        CLASS   BANK13         

        CLASS   BANK14         

        CLASS   BANK15         

        CLASS   SFR            

        CLASS   CONFIG         
                config                           300000   300000        E         4

        CLASS   IDLOC          
                idloc                            200000   200000        8         5

        CLASS   EEDATA         

        CLASS   FARRAM         



SEGMENTS        Name                           Load    Length   Top    Selector   Space  Class

                reset_vec                      000000  000004  000004         0       0  CODE    
                cstackCOMRAM                   000001  000061  000062         1       1  COMRAM  
                intcode                        000008  000006  00000E         4       0  CODE    
                intcodelo                      000018  000262  00027A         C       0  CODE    
                dataBANK0                      000080  000057  0000D7        80       1  BANK0   
                smallconst                     001000  00000A  00100A       800       0  SMALLCON
                text10                         00100A  001CE0  002CEA       805       0  CODE    


UNUSED ADDRESS RANGES

        Name                Unused          Largest block    Delta
        BANK0            0000D7-0000FF               29
        BANK1            000100-0001FF              100
        BANK10           000A00-000AFF              100
        BANK11           000B00-000BFF              100
        BANK12           000C00-000CFF              100
        BANK13           000D00-000DFF              100
        BANK14           000E00-000EFF              100
        BANK15           000F00-000F7F               80
        BANK2            000200-0002FF              100
        BANK3            000300-0003FF              100
        BANK4            000400-0004FF              100
        BANK5            000500-0005FF              100
        BANK6            000600-0006FF              100
        BANK7            000700-0007FF              100
        BANK8            000800-0008FF              100
        BANK9            000900-0009FF              100
        BIGRAM           000062-00007F               1E
                         0000D7-000F7F              EA9
        CODE             000004-000007                4
                         00000E-000017                A
                         00027A-000FFF              D86
                         002CEA-00FFFF             D316
        COMRAM           000062-00007F               1E
        CONST            000004-000007                4
                         00000E-000017                A
                         00027A-000FFF              D86
                         002CEA-00FFFF             D316
        EEDATA           F00000-F003FF              400
        MEDIUMCONST      002CEA-00FFFF             D316
        RAM              0000D7-000F7F              100
        SFR              000F80-000FFF               80
        SMALLCONST       002CEA-00FFFF              100
        STACK            0000D7-000F7F              EA9

                                  Symbol Table

?___fladd                                              cstackCOMRAM 000039
?___fldiv                                              cstackCOMRAM 00002D
?___fltol                                              cstackCOMRAM 00001F
?___xxtofl                                             cstackCOMRAM 00001F
EUSART_Async_Init@_eusart_obj                          cstackBANK0  0000CC
EUSART_Async_Init@ret_val                              cstackBANK0  0000CE
EUSART_Async_Read_Data@_eusart_obj                     cstackCOMRAM 000006
EUSART_Async_Read_Data@data                            cstackCOMRAM 000008
EUSART_Async_Read_Data@l_temp_data                     cstackCOMRAM 000013
EUSART_Async_Transmit_Data@_eusart_obj                 cstackCOMRAM 000024
EUSART_Async_Transmit_Data@data                        cstackCOMRAM 000026
EUSART_Async_Transmit_Data_Blocking@_eusart_obj        cstackCOMRAM 00002B
EUSART_Async_Transmit_Data_Blocking@data               cstackCOMRAM 00002D
EUSART_Async_Transmit_Data_String_Blocking@_eusart_obj cstackCOMRAM 000030
EUSART_Async_Transmit_Data_String_Blocking@data        cstackCOMRAM 000032
EUSART_Async_Transmit_Data_String_Blocking@l_counter   cstackCOMRAM 000039
EUSART_Async_Transmit_Data_String_Blocking@len         cstackCOMRAM 000034
GPIO_Pin_Direction_Initialize@ERRORSTATUS              cstackCOMRAM 000027
GPIO_Pin_Direction_Initialize@_pin_config              cstackCOMRAM 00001F
GPIO_Pin_Initialize@ERRORSTATUS                        cstackCOMRAM 00002B
GPIO_Pin_Initialize@_pin_config                        cstackCOMRAM 000029
GPIO_Pin_Toggle_Logic@_pin_config                      cstackCOMRAM 000001
GPIO_Pin_Write_Logic@ERRORSTATUS                       cstackCOMRAM 000028
GPIO_Pin_Write_Logic@_pin_config                       cstackCOMRAM 00001F
GPIO_Pin_Write_Logic@logic                             cstackCOMRAM 000021
RB4_ISR@Handler_Select                                 cstackCOMRAM 00001B
RB5_ISR@Handler_Select                                 cstackCOMRAM 00001B
RB6_ISR@Handler_Select                                 cstackCOMRAM 00001B
RB7_ISR@Handler_Select                                 cstackCOMRAM 00001B
Rx_config_interrupt@_rx_obj                            cstackCOMRAM 00001F
Rx_config_interrupt@ret_val                            cstackCOMRAM 000021
_BAUDCONbits                                           (abs)        000FB8
_EUSART_Async_Init                                     text5        002AAE
_EUSART_Async_Read_Data                                text32       001C06
_EUSART_Async_Read_Data$2488                           cstackCOMRAM 00000D
_EUSART_Async_Read_Data$2489                           cstackCOMRAM 00000F
_EUSART_Async_Read_Data$2490                           cstackCOMRAM 000011
_EUSART_Async_Transmit_Data                            text16       002418
_EUSART_Async_Transmit_Data_Blocking                   text15       002B90
_EUSART_Async_Transmit_Data_String_Blocking            text14       0027C0
_EUSART_Rx_ISR                                         text28       002C02
_GPIO_Pin_Direction_Initialize                         text4        001FA4
_GPIO_Pin_Initialize                                   text2        002B0A
_GPIO_Pin_Toggle_Logic                                 text31       002842
_GPIO_Pin_Write_Logic                                  text3        0020E4
_I2C_DefaultInterruptHandler                           bssCOMRAM    00005B
_I2C_Report_Receive_Overflow                           bssCOMRAM    000059
_I2C_Report_Write_Collision                            bssBANK0     0000D5
_INT0_ISR                                              text27       002CE4
_INT0_InterruptHandler                                 bssCOMRAM    000057
_INT1_ISR                                              text24       002CDC
_INT1_InterruptHandler                                 bssCOMRAM    000055
_INT2_ISR                                              text26       002CE0
_INT2_InterruptHandler                                 bssCOMRAM    000053
_INTCON2bits                                           (abs)        000FF1
_INTCON3bits                                           (abs)        000FF0
_INTCONbits                                            (abs)        000FF2
_IPR1bits                                              (abs)        000F9F
_IPR2bits                                              (abs)        000FA2
_InterruptManagerHigh                                  intcode      000008
_InterruptManagerLow                                   intcodelo    000018
_LATA                                                  (abs)        000F89
_LATB                                                  (abs)        000F8A
_LATC                                                  (abs)        000F8B
_LATD                                                  (abs)        000F8C
_LATE                                                  (abs)        000F8D
_PIE1bits                                              (abs)        000F9D
_PIE2bits                                              (abs)        000FA0
_PIR1bits                                              (abs)        000F9E
_PIR2bits                                              (abs)        000FA1
_PORTA                                                 (abs)        000F80
_PORTB                                                 (abs)        000F81
_PORTBbits                                             (abs)        000F81
_PORTC                                                 (abs)        000F82
_PORTD                                                 (abs)        000F83
_PORTE                                                 (abs)        000F84
_RB4_ISR                                               text23       002CC2
_RB4_InterruptHandler_HIGH                             bssCOMRAM    000051
_RB4_InterruptHandler_LOW                              bssCOMRAM    00004F
_RB5_ISR                                               text22       002CA8
_RB5_InterruptHandler_HIGH                             bssCOMRAM    00004D
_RB5_InterruptHandler_LOW                              bssCOMRAM    00004B
_RB6_ISR                                               text21       002C8E
_RB6_InterruptHandler_HIGH                             bssCOMRAM    000049
_RB6_InterruptHandler_LOW                              bssCOMRAM    000047
_RB7_ISR                                               text20       002C74
_RB7_InterruptHandler_HIGH                             bssCOMRAM    000045
_RB7_InterruptHandler_LOW                              bssCOMRAM    000043
_RCONbits                                              (abs)        000FD0
_RCREG                                                 (abs)        000FAE
_RCSTA1bits                                            (abs)        000FAB
_RCSTAbits                                             (abs)        000FAB
_RX9D                                                  (abs)        007D58
_Rx_config_interrupt                                   text13       00268E
_SPBRG                                                 (abs)        000FAF
_SPBRGH                                                (abs)        000FB0
_SSPADD                                                (abs)        000FC8
_SSPBUF                                                (abs)        000FC9
_SSPCON1bits                                           (abs)        000FC6
_SSPCON2bits                                           (abs)        000FC5
_SSPSTATbits                                           (abs)        000FC7
_TRISA                                                 (abs)        000F92
_TRISB                                                 (abs)        000F93
_TRISBbits                                             (abs)        000F93
_TRISC                                                 (abs)        000F94
_TRISCbits                                             (abs)        000F94
_TRISD                                                 (abs)        000F95
_TRISE                                                 (abs)        000F96
_TXREG                                                 (abs)        000FAD
_TXSTA1bits                                            (abs)        000FAC
_TXSTAbits                                             (abs)        000FAC
__HRAM                                                 (abs)        000000
__Habs1                                                abs1         000000
__Hbank0                                               bank0        000000
__Hbank1                                               bank1        000000
__Hbank10                                              bank10       000000
__Hbank11                                              bank11       000000
__Hbank12                                              bank12       000000
__Hbank13                                              bank13       000000
__Hbank14                                              bank14       000000
__Hbank15                                              bank15       000000
__Hbank2                                               bank2        000000
__Hbank3                                               bank3        000000
__Hbank4                                               bank4        000000
__Hbank5                                               bank5        000000
__Hbank6                                               bank6        000000
__Hbank7                                               bank7        000000
__Hbank8                                               bank8        000000
__Hbank9                                               bank9        000000
__Hbigbss                                              bigbss       000000
__Hbigdata                                             bigdata      000000
__Hbigram                                              bigram       000000
__Hbss                                                 bss          000000
__HbssBANK0                                            bssBANK0     000000
__HbssCOMRAM                                           bssCOMRAM    000000
__Hcinit                                               cinit        000000
__Hclrtext                                             clrtext      000000
__Hcomram                                              comram       000000
__Hconfig                                              config       30000E
__Hconst                                               const        000000
__HcstackBANK0                                         cstackBANK0  000000
__HcstackCOMRAM                                        cstackCOMRAM 000000
__Hdata                                                data         000000
__HdataBANK0                                           dataBANK0    000000
__HdataCOMRAM                                          dataCOMRAM   000000
__Heeprom_data                                         eeprom_data  000000
__Hfarbss                                              farbss       000000
__Hfardata                                             fardata      000000
__Hibigdata                                            ibigdata     000000
__Hidata                                               idata        000000
__HidataBANK0                                          idataBANK0   000000
__HidataCOMRAM                                         idataCOMRAM  000000
__Hidloc                                               idloc        200008
__Hifardata                                            ifardata     000000
__Hinit                                                init         00027A
__Hintcode                                             intcode      00000E
__Hintcode_body                                        intcode_body 000000
__Hintcodelo                                           intcodelo    000276
__Hintentry                                            intentry     000000
__Hintret                                              intret       000000
__Hintsave_regs                                        intsave_regs 000000
__Hirdata                                              irdata       000000
__Hmediumconst                                         mediumconst  000000
__HnvFARRAM                                            nvFARRAM     000000
__Hnvbit                                               nvbit        000000
__Hnvrram                                              nvrram       000000
__Hparam                                               rparam       000000
__Hpowerup                                             powerup      000276
__Hram                                                 ram          000000
__Hramtop                                              ramtop       001000
__Hrbit                                                rbit         000000
__Hrbss                                                rbss         000000
__Hrdata                                               rdata        000000
__Hreset_vec                                           reset_vec    000004
__Hrparam                                              rparam       000000
__Hsfr                                                 sfr          000000
__Hsmallconst                                          smallconst   00100A
__Hspace_0                                             (abs)        002CEA
__Hspace_1                                             (abs)        0000D7
__Hspace_2                                             (abs)        000000
__Hspace_4                                             (abs)        60000E
__Hstack                                               stack        000000
__Hstruct                                              struct       000000
__Htemp                                                temp         000062
__Htext                                                text         000000
__Htext0                                               text0        000000
__Htext1                                               text1        000000
__Htext10                                              text10       000000
__Htext11                                              text11       000000
__Htext12                                              text12       000000
__Htext13                                              text13       000000
__Htext14                                              text14       000000
__Htext15                                              text15       000000
__Htext16                                              text16       000000
__Htext17                                              text17       000000
__Htext18                                              text18       000000
__Htext2                                               text2        000000
__Htext20                                              text20       000000
__Htext21                                              text21       000000
__Htext22                                              text22       000000
__Htext23                                              text23       000000
__Htext24                                              text24       000000
__Htext26                                              text26       000000
__Htext27                                              text27       000000
__Htext28                                              text28       000000
__Htext29                                              text29       000000
__Htext3                                               text3        000000
__Htext30                                              text30       000000
__Htext31                                              text31       000000
__Htext32                                              text32       000000
__Htext33                                              text33       000000
__Htext34                                              text34       000000
__Htext35                                              text35       000000
__Htext4                                               text4        000000
__Htext5                                               text5        000000
__Htext6                                               text6        000000
__Htext7                                               text7        000000
__Htext8                                               text8        000000
__Htext9                                               text9        000000
__LRAM                                                 (abs)        000001
__Labs1                                                abs1         000000
__Lbank0                                               bank0        000000
__Lbank1                                               bank1        000000
__Lbank10                                              bank10       000000
__Lbank11                                              bank11       000000
__Lbank12                                              bank12       000000
__Lbank13                                              bank13       000000
__Lbank14                                              bank14       000000
__Lbank15                                              bank15       000000
__Lbank2                                               bank2        000000
__Lbank3                                               bank3        000000
__Lbank4                                               bank4        000000
__Lbank5                                               bank5        000000
__Lbank6                                               bank6        000000
__Lbank7                                               bank7        000000
__Lbank8                                               bank8        000000
__Lbank9                                               bank9        000000
__Lbigbss                                              bigbss       000000
__Lbigdata                                             bigdata      000000
__Lbigram                                              bigram       000000
__Lbss                                                 bss          000000
__LbssBANK0                                            bssBANK0     000000
__LbssCOMRAM                                           bssCOMRAM    000000
__Lcinit                                               cinit        000000
__Lclrtext                                             clrtext      000000
__Lcomram                                              comram       000000
__Lconfig                                              config       000000
__Lconst                                               const        000000
__LcstackBANK0                                         cstackBANK0  000000
__LcstackCOMRAM                                        cstackCOMRAM 000000
__Ldata                                                data         000000
__LdataBANK0                                           dataBANK0    000000
__LdataCOMRAM                                          dataCOMRAM   000000
__Leeprom_data                                         eeprom_data  000000
__Lfarbss                                              farbss       000000
__Lfardata                                             fardata      000000
__Libigdata                                            ibigdata     000000
__Lidata                                               idata        000000
__LidataBANK0                                          idataBANK0   000000
__LidataCOMRAM                                         idataCOMRAM  000000
__Lidloc                                               idloc        000000
__Lifardata                                            ifardata     000000
__Linit                                                init         000276
__Lintcode                                             intcode      000008
__Lintcode_body                                        intcode_body 000000
__Lintcodelo                                           intcodelo    000018
__Lintentry                                            intentry     000000
__Lintret                                              intret       000000
__Lintsave_regs                                        intsave_regs 000000
__Lirdata                                              irdata       000000
__Lmediumconst                                         mediumconst  000000
__LnvFARRAM                                            nvFARRAM     000000
__Lnvbit                                               nvbit        000000
__Lnvrram                                              nvrram       000000
__Lparam                                               rparam       000000
__Lpowerup                                             powerup      000276
__Lram                                                 ram          000000
__Lramtop                                              ramtop       001000
__Lrbit                                                rbit         000000
__Lrbss                                                rbss         000000
__Lrdata                                               rdata        000000
__Lreset_vec                                           reset_vec    000000
__Lrparam                                              rparam       000000
__Lsfr                                                 sfr          000000
__Lsmallconst                                          smallconst   001000
__Lspace_0                                             (abs)        000000
__Lspace_1                                             (abs)        000000
__Lspace_2                                             (abs)        000000
__Lspace_4                                             (abs)        000000
__Lstack                                               stack        000000
__Lstruct                                              struct       000000
__Ltemp                                                temp         000061
__Ltext                                                text         000000
__Ltext0                                               text0        000000
__Ltext1                                               text1        000000
__Ltext10                                              text10       000000
__Ltext11                                              text11       000000
__Ltext12                                              text12       000000
__Ltext13                                              text13       000000
__Ltext14                                              text14       000000
__Ltext15                                              text15       000000
__Ltext16                                              text16       000000
__Ltext17                                              text17       000000
__Ltext18                                              text18       000000
__Ltext2                                               text2        000000
__Ltext20                                              text20       000000
__Ltext21                                              text21       000000
__Ltext22                                              text22       000000
__Ltext23                                              text23       000000
__Ltext24                                              text24       000000
__Ltext26                                              text26       000000
__Ltext27                                              text27       000000
__Ltext28                                              text28       000000
__Ltext29                                              text29       000000
__Ltext3                                               text3        000000
__Ltext30                                              text30       000000
__Ltext31                                              text31       000000
__Ltext32                                              text32       000000
__Ltext33                                              text33       000000
__Ltext34                                              text34       000000
__Ltext35                                              text35       000000
__Ltext4                                               text4        000000
__Ltext5                                               text5        000000
__Ltext6                                               text6        000000
__Ltext7                                               text7        000000
__Ltext8                                               text8        000000
__Ltext9                                               text9        000000
__S0                                                   (abs)        002CEA
__S1                                                   (abs)        0000D7
__S2                                                   (abs)        000000
__S4                                                   (abs)        000000
__S5                                                   (abs)        000000
___fladd                                               text10       00100A
___fladd@a                                             cstackCOMRAM 00003D
___fladd@aexp                                          cstackBANK0  0000BC
___fladd@b                                             cstackCOMRAM 000039
___fladd@bexp                                          cstackBANK0  0000BD
___fladd@grs                                           cstackBANK0  0000BE
___fladd@signs                                         cstackBANK0  0000BB
___fldiv                                               text9        00186A
___fldiv@a                                             cstackCOMRAM 000031
___fldiv@aexp                                          cstackBANK0  0000B6
___fldiv@b                                             cstackCOMRAM 00002D
___fldiv@bexp                                          cstackBANK0  0000B5
___fldiv@grs                                           cstackBANK0  0000B1
___fldiv@new_exp                                       cstackBANK0  0000AF
___fldiv@rem                                           cstackBANK0  0000AA
___fldiv@sign                                          cstackBANK0  0000AE
___fltol                                               text8        00220C
___fltol@exp1                                          cstackCOMRAM 000028
___fltol@f1                                            cstackCOMRAM 00001F
___fltol@sign1                                         cstackCOMRAM 000027
___inthi_sp                                            stack        000000
___intlo_sp                                            stack        000000
___param_bank                                          (abs)        000000
___rparam_used                                         (abs)        000001
___sp                                                  stack        000000
___xxtofl                                              text7        001DF0
___xxtofl@arg                                          cstackCOMRAM 000029
___xxtofl@exp                                          cstackCOMRAM 000028
___xxtofl@sign                                         cstackCOMRAM 000027
___xxtofl@val                                          cstackCOMRAM 00001F
__accesstop                                            (abs)        000080
__activetblptr                                         (abs)        000003
__end_of_EUSART_Async_Init                             text5        002B0A
__end_of_EUSART_Async_Read_Data                        text32       001DF0
__end_of_EUSART_Async_Transmit_Data                    text16       0024FC
__end_of_EUSART_Async_Transmit_Data_Blocking           text15       002BCA
__end_of_EUSART_Async_Transmit_Data_String_Blocking    text14       002842
__end_of_EUSART_Rx_ISR                                 text28       002C2E
__end_of_GPIO_Pin_Direction_Initialize                 text4        0020E4
__end_of_GPIO_Pin_Initialize                           text2        002B4E
__end_of_GPIO_Pin_Toggle_Logic                         text31       0028B2
__end_of_GPIO_Pin_Write_Logic                          text3        00220C
__end_of_INT0_ISR                                      text27       002CE8
__end_of_INT1_ISR                                      text24       002CE0
__end_of_INT2_ISR                                      text26       002CE4
__end_of_InterruptManagerHigh                          intcode_body 002418
__end_of_InterruptManagerLow                           intcodelo    000276
__end_of_RB4_ISR                                       text23       002CDC
__end_of_RB5_ISR                                       text22       002CC2
__end_of_RB6_ISR                                       text21       002CA8
__end_of_RB7_ISR                                       text20       002C8E
__end_of_Rx_config_interrupt                           text13       002730
__end_of___fladd                                       text10       0014CC
__end_of___fldiv                                       text9        001C06
__end_of___fltol                                       text8        002312
__end_of___xxtofl                                      text7        001FA4
__end_of__initialization                               cinit        002AA4
__end_of_application_intialize                         text1        002C74
__end_of_async_Rx_config                               text12       00268E
__end_of_async_Tx_config                               text11       0027C0
__end_of_async_config_baud_rate_gen                    text6        00186A
__end_of_bluetooth_isr                                 text29       002C02
__end_of_calc_parity_even                              text18       002982
__end_of_calc_parity_odd                               text17       00291A
__end_of_main                                          text0        002B90
__end_ofi2_EUSART_Async_Transmit_Data                  text30       0025E0
__end_ofi2_calc_parity_even                            text34       002A52
__end_ofi2_calc_parity_odd                             text33       0029EA
__initialization                                       cinit        002A52
__mediumconst                                          mediumconst  000000
__pbssBANK0                                            bssBANK0     0000D1
__pbssCOMRAM                                           bssCOMRAM    000041
__pcinit                                               cinit        002A52
__pcstackBANK0                                         cstackBANK0  0000AA
__pcstackCOMRAM                                        cstackCOMRAM 000001
__pdataBANK0                                           dataBANK0    000080
__pdataCOMRAM                                          dataCOMRAM   00005F
__pidataBANK0                                          idataBANK0   002C2E
__pidataCOMRAM                                         idataCOMRAM  002CE8
__pintcode                                             intcode      000008
__pintcode_body                                        intcode_body 002312
__pintcodelo                                           intcodelo    000018
__psmallconst                                          smallconst   001000
__ptext0                                               text0        002B4E
__ptext1                                               text1        002C58
__ptext10                                              text10       00100A
__ptext11                                              text11       002730
__ptext12                                              text12       0025E0
__ptext13                                              text13       00268E
__ptext14                                              text14       0027C0
__ptext15                                              text15       002B90
__ptext16                                              text16       002418
__ptext17                                              text17       0028B2
__ptext18                                              text18       00291A
__ptext2                                               text2        002B0A
__ptext20                                              text20       002C74
__ptext21                                              text21       002C8E
__ptext22                                              text22       002CA8
__ptext23                                              text23       002CC2
__ptext24                                              text24       002CDC
__ptext26                                              text26       002CE0
__ptext27                                              text27       002CE4
__ptext28                                              text28       002C02
__ptext29                                              text29       002BCA
__ptext3                                               text3        0020E4
__ptext30                                              text30       0024FC
__ptext31                                              text31       002842
__ptext32                                              text32       001C06
__ptext33                                              text33       002982
__ptext34                                              text34       0029EA
__ptext35                                              text35       000000
__ptext4                                               text4        001FA4
__ptext5                                               text5        002AAE
__ptext6                                               text6        0014CC
__ptext7                                               text7        001DF0
__ptext8                                               text8        00220C
__ptext9                                               text9        00186A
__ramtop                                               ramtop       001000
__size_of_EUSART_Async_Init                            (abs)        000000
__size_of_EUSART_Async_Read_Data                       (abs)        000000
__size_of_EUSART_Async_Transmit_Data                   (abs)        000000
__size_of_EUSART_Async_Transmit_Data_Blocking          (abs)        000000
__size_of_EUSART_Async_Transmit_Data_String_Blocking   (abs)        000000
__size_of_EUSART_Rx_ISR                                (abs)        000000
__size_of_GPIO_Pin_Direction_Initialize                (abs)        000000
__size_of_GPIO_Pin_Initialize                          (abs)        000000
__size_of_GPIO_Pin_Toggle_Logic                        (abs)        000000
__size_of_GPIO_Pin_Write_Logic                         (abs)        000000
__size_of_INT0_ISR                                     (abs)        000000
__size_of_INT1_ISR                                     (abs)        000000
__size_of_INT2_ISR                                     (abs)        000000
__size_of_InterruptManagerHigh                         (abs)        000000
__size_of_InterruptManagerLow                          (abs)        000000
__size_of_RB4_ISR                                      (abs)        000000
__size_of_RB5_ISR                                      (abs)        000000
__size_of_RB6_ISR                                      (abs)        000000
__size_of_RB7_ISR                                      (abs)        000000
__size_of_Rx_config_interrupt                          (abs)        000000
__size_of___fladd                                      (abs)        000000
__size_of___fldiv                                      (abs)        000000
__size_of___fltol                                      (abs)        000000
__size_of___xxtofl                                     (abs)        000000
__size_of_application_intialize                        (abs)        000000
__size_of_async_Rx_config                              (abs)        000000
__size_of_async_Tx_config                              (abs)        000000
__size_of_async_config_baud_rate_gen                   (abs)        000000
__size_of_bluetooth_isr                                (abs)        000000
__size_of_calc_parity_even                             (abs)        000000
__size_of_calc_parity_odd                              (abs)        000000
__size_of_main                                         (abs)        000000
__size_ofi2_EUSART_Async_Transmit_Data                 (abs)        000000
__size_ofi2_calc_parity_even                           (abs)        000000
__size_ofi2_calc_parity_odd                            (abs)        000000
__smallconst                                           smallconst   001000
_application_intialize                                 text1        002C58
_async_Rx_config                                       text12       0025E0
_async_Tx_config                                       text11       002730
_async_config_baud_rate_gen                            text6        0014CC
_async_config_baud_rate_gen$3371                       cstackBANK0  0000C8
_bluetooth_isr                                         text29       002BCA
_calc_parity_even                                      text18       00291A
_calc_parity_odd                                       text17       0028B2
_counter                                               bssCOMRAM    00005D
_data                                                  bssCOMRAM    00005E
_eusart_Rx_InterruptHandler                            bssCOMRAM    000041
_eusart_frameerr_CallBack                              bssBANK0     0000D1
_eusart_overrunerr_CallBack                            bssBANK0     0000D3
_flags                                                 dataCOMRAM   00005F
_lat_registers                                         dataBANK0    00008A
_main                                                  text0        002B4E
_pind2                                                 dataCOMRAM   000060
_port_registers                                        dataBANK0    000080
_tris_registers                                        dataBANK0    000094
_uart                                                  dataBANK0    00009E
async_Rx_config@_rx_obj                                cstackCOMRAM 000022
async_Rx_config@ret_val                                cstackCOMRAM 000024
async_Tx_config@_tx_obj                                cstackCOMRAM 00001F
async_Tx_config@ret_val                                cstackCOMRAM 000021
async_config_baud_rate_gen@Baudrate_temp               cstackBANK0  0000C4
async_config_baud_rate_gen@_eusart_obj                 cstackBANK0  0000BF
async_config_baud_rate_gen@ret_val                     cstackBANK0  0000C3
btemp                                                  temp         000061
calc_parity_even@data                                  cstackCOMRAM 000021
calc_parity_even@l_counter                             cstackCOMRAM 000023
calc_parity_even@number_of_ones                        cstackCOMRAM 000022
calc_parity_odd@data                                   cstackCOMRAM 000021
calc_parity_odd@l_counter                              cstackCOMRAM 000023
calc_parity_odd@number_of_ones                         cstackCOMRAM 000022
end_of_initialization                                  cinit        002AA4
i2EUSART_Async_Transmit_Data@_eusart_obj               cstackCOMRAM 000006
i2EUSART_Async_Transmit_Data@data                      cstackCOMRAM 000008
i2_EUSART_Async_Transmit_Data                          text30       0024FC
i2_calc_parity_even                                    text34       0029EA
i2_calc_parity_odd                                     text33       002982
i2calc_parity_even@data                                cstackCOMRAM 000003
i2calc_parity_even@l_counter                           cstackCOMRAM 000005
i2calc_parity_even@number_of_ones                      cstackCOMRAM 000004
i2calc_parity_odd@data                                 cstackCOMRAM 000003
i2calc_parity_odd@l_counter                            cstackCOMRAM 000005
i2calc_parity_odd@number_of_ones                       cstackCOMRAM 000004
int$flags                                              temp         000061
int_func                                               intcode_body 002312
intlevel0                                              text         000000
intlevel1                                              text         000000
intlevel2                                              text         000000
intlevel3                                              text         000000
stackhi                                                (abs)        000F7F
stacklo                                                (abs)        0000D7
start                                                  init         000276
start_initialization                                   cinit        002A52
ttemp5                                                 temp         000062
ttemp6                                                 temp         000065
ttemp7                                                 temp         000069
wtemp8                                                 temp         000062


FUNCTION INFORMATION:

 *************** function _main *****************
 Defined at:
		line 36 in file "application.c"
 Parameters:    Size  Location     Type
		None
 Auto vars:     Size  Location     Type
		None
 Return value:  Size  Location     Type
                  2  743[None  ] int 
 Registers used:
		wreg, fsr2l, fsr2h, status,2, status,0, tblptrl, tblptrh, tblptru, prodl, prodh, cstack
 Tracked objects:
		On entry : 
		On exit  : 
		Unchanged: 
 Data sizes:     COMRAM   BANK0   BANK1   BANK2   BANK3   BANK4   BANK5   BANK6   BANK7   BANK8   BANK9  BANK10  BANK11  BANK12  BANK13  BANK14  BANK15
      Params:         0       0       0       0       0       0       0       0       0       0       0       0       0       0       0       0       0
      Locals:         0       0       0       0       0       0       0       0       0       0       0       0       0       0       0       0       0
      Temps:          0       2       0       0       0       0       0       0       0       0       0       0       0       0       0       0       0
      Totals:         0       2       0       0       0       0       0       0       0       0       0       0       0       0       0       0       0
Total ram usage:        2 bytes
 Hardware stack levels required when called:   11
 This function calls:
		_EUSART_Async_Transmit_Data_String_Blocking
		_application_intialize
 This function is called by:
		Startup code after reset
 This function uses a non-reentrant model


 *************** function _application_intialize *****************
 Defined at:
		line 51 in file "application.c"
 Parameters:    Size  Location     Type
		None
 Auto vars:     Size  Location     Type
		None
 Return value:  Size  Location     Type
                  1    wreg      void 
 Registers used:
		wreg, fsr2l, fsr2h, status,2, status,0, prodl, prodh, cstack
 Tracked objects:
		On entry : 
		On exit  : 
		Unchanged: 
 Data sizes:     COMRAM   BANK0   BANK1   BANK2   BANK3   BANK4   BANK5   BANK6   BANK7   BANK8   BANK9  BANK10  BANK11  BANK12  BANK13  BANK14  BANK15
      Params:         0       0       0       0       0       0       0       0       0       0       0       0       0       0       0       0       0
      Locals:         0       0       0       0       0       0       0       0       0       0       0       0       0       0       0       0       0
      Temps:          0       0       0       0       0       0       0       0       0       0       0       0       0       0       0       0       0
      Totals:         0       0       0       0       0       0       0       0       0       0       0       0       0       0       0       0       0
Total ram usage:        0 bytes
 Hardware stack levels used:    1
 Hardware stack levels required when called:   10
 This function calls:
		_EUSART_Async_Init
		_GPIO_Pin_Initialize
 This function is called by:
		_main
 This function uses a non-reentrant model


 *************** function _GPIO_Pin_Initialize *****************
 Defined at:
		line 158 in file "MCAL/GPIO/hal_gpio.c"
 Parameters:    Size  Location     Type
  _pin_config     2   40[COMRAM] PTR const struct .
		 -> pind2(1), 
 Auto vars:     Size  Location     Type
  ERRORSTATUS     1   42[COMRAM] unsigned char 
 Return value:  Size  Location     Type
                  1    wreg      unsigned char 
 Registers used:
		wreg, fsr2l, fsr2h, status,2, status,0, prodl, prodh, cstack
 Tracked objects:
		On entry : 
		On exit  : 
		Unchanged: 
 Data sizes:     COMRAM   BANK0   BANK1   BANK2   BANK3   BANK4   BANK5   BANK6   BANK7   BANK8   BANK9  BANK10  BANK11  BANK12  BANK13  BANK14  BANK15
      Params:         2       0       0       0       0       0       0       0       0       0       0       0       0       0       0       0       0
      Locals:         1       0       0       0       0       0       0       0       0       0       0       0       0       0       0       0       0
      Temps:          0       0       0       0       0       0       0       0       0       0       0       0       0       0       0       0       0
      Totals:         3       0       0       0       0       0       0       0       0       0       0       0       0       0       0       0       0
Total ram usage:        3 bytes
 Hardware stack levels used:    1
 Hardware stack levels required when called:    8
 This function calls:
		_GPIO_Pin_Direction_Initialize
		_GPIO_Pin_Write_Logic
 This function is called by:
		_application_intialize
 This function uses a non-reentrant model


 *************** function _GPIO_Pin_Write_Logic *****************
 Defined at:
		line 82 in file "MCAL/GPIO/hal_gpio.c"
 Parameters:    Size  Location     Type
  _pin_config     2   30[COMRAM] PTR const struct .
		 -> pind2(1), 
  logic           1   32[COMRAM] enum E2959
 Auto vars:     Size  Location     Type
  ERRORSTATUS     1   39[COMRAM] unsigned char 
 Return value:  Size  Location     Type
                  1    wreg      unsigned char 
 Registers used:
		wreg, fsr2l, fsr2h, status,2, status,0, prodl, prodh
 Tracked objects:
		On entry : 
		On exit  : 
		Unchanged: 
 Data sizes:     COMRAM   BANK0   BANK1   BANK2   BANK3   BANK4   BANK5   BANK6   BANK7   BANK8   BANK9  BANK10  BANK11  BANK12  BANK13  BANK14  BANK15
      Params:         3       0       0       0       0       0       0       0       0       0       0       0       0       0       0       0       0
      Locals:         1       0       0       0       0       0       0       0       0       0       0       0       0       0       0       0       0
      Temps:          6       0       0       0       0       0       0       0       0       0       0       0       0       0       0       0       0
      Totals:        10       0       0       0       0       0       0       0       0       0       0       0       0       0       0       0       0
Total ram usage:       10 bytes
 Hardware stack levels used:    1
 Hardware stack levels required when called:    7
 This function calls:
		Nothing
 This function is called by:
		_GPIO_Pin_Initialize
 This function uses a non-reentrant model


 *************** function _GPIO_Pin_Direction_Initialize *****************
 Defined at:
		line 25 in file "MCAL/GPIO/hal_gpio.c"
 Parameters:    Size  Location     Type
  _pin_config     2   30[COMRAM] PTR const struct .
		 -> pind2(1), 
 Auto vars:     Size  Location     Type
  ERRORSTATUS     1   38[COMRAM] unsigned char 
 Return value:  Size  Location     Type
                  1    wreg      unsigned char 
 Registers used:
		wreg, fsr2l, fsr2h, status,2, status,0, prodl, prodh
 Tracked objects:
		On entry : 
		On exit  : 
		Unchanged: 
 Data sizes:     COMRAM   BANK0   BANK1   BANK2   BANK3   BANK4   BANK5   BANK6   BANK7   BANK8   BANK9  BANK10  BANK11  BANK12  BANK13  BANK14  BANK15
      Params:         2       0       0       0       0       0       0       0       0       0       0       0       0       0       0       0       0
      Locals:         1       0       0       0       0       0       0       0       0       0       0       0       0       0       0       0       0
      Temps:          6       0       0       0       0       0       0       0       0       0       0       0       0       0       0       0       0
      Totals:         9       0       0       0       0       0       0       0       0       0       0       0       0       0       0       0       0
Total ram usage:        9 bytes
 Hardware stack levels used:    1
 Hardware stack levels required when called:    7
 This function calls:
		Nothing
 This function is called by:
		_GPIO_Pin_Initialize
		_interrupt_RBx_pin_init
 This function uses a non-reentrant model


 *************** function _EUSART_Async_Init *****************
 Defined at:
		line 42 in file "MCAL/EUSART/mcal_EUSART.c"
 Parameters:    Size  Location     Type
  _eusart_obj     2   34[BANK0 ] PTR const struct .
		 -> uart(12), 
 Auto vars:     Size  Location     Type
  ret_val         1   36[BANK0 ] unsigned char 
 Return value:  Size  Location     Type
                  1    wreg      unsigned char 
 Registers used:
		wreg, fsr2l, fsr2h, status,2, status,0, cstack
 Tracked objects:
		On entry : 
		On exit  : 
		Unchanged: 
 Data sizes:     COMRAM   BANK0   BANK1   BANK2   BANK3   BANK4   BANK5   BANK6   BANK7   BANK8   BANK9  BANK10  BANK11  BANK12  BANK13  BANK14  BANK15
      Params:         0       2       0       0       0       0       0       0       0       0       0       0       0       0       0       0       0
      Locals:         0       1       0       0       0       0       0       0       0       0       0       0       0       0       0       0       0
      Temps:          0       0       0       0       0       0       0       0       0       0       0       0       0       0       0       0       0
      Totals:         0       3       0       0       0       0       0       0       0       0       0       0       0       0       0       0       0
Total ram usage:        3 bytes
 Hardware stack levels used:    1
 Hardware stack levels required when called:    9
 This function calls:
		_async_Rx_config
		_async_Tx_config
		_async_config_baud_rate_gen
 This function is called by:
		_application_intialize
 This function uses a non-reentrant model


 *************** function _async_config_baud_rate_gen *****************
 Defined at:
		line 552 in file "MCAL/EUSART/mcal_EUSART.c"
 Parameters:    Size  Location     Type
  _eusart_obj     2   21[BANK0 ] PTR const struct .
		 -> uart(12), 
 Auto vars:     Size  Location     Type
  Baudrate_tem    4   26[BANK0 ] float 
  ret_val         1   25[BANK0 ] unsigned char 
 Return value:  Size  Location     Type
                  1    wreg      unsigned char 
 Registers used:
		wreg, fsr2l, fsr2h, status,2, status,0, cstack
 Tracked objects:
		On entry : 
		On exit  : 
		Unchanged: 
 Data sizes:     COMRAM   BANK0   BANK1   BANK2   BANK3   BANK4   BANK5   BANK6   BANK7   BANK8   BANK9  BANK10  BANK11  BANK12  BANK13  BANK14  BANK15
      Params:         0       2       0       0       0       0       0       0       0       0       0       0       0       0       0       0       0
      Locals:         0       9       0       0       0       0       0       0       0       0       0       0       0       0       0       0       0
      Temps:          0       2       0       0       0       0       0       0       0       0       0       0       0       0       0       0       0
      Totals:         0      13       0       0       0       0       0       0       0       0       0       0       0       0       0       0       0
Total ram usage:       13 bytes
 Hardware stack levels used:    1
 Hardware stack levels required when called:    8
 This function calls:
		___fladd
		___fldiv
		___fltol
		___xxtofl
 This function is called by:
		_EUSART_Async_Init
 This function uses a non-reentrant model


 *************** function ___xxtofl *****************
 Defined at:
		line 10 in file "C:\Program Files\Microchip\xc8\v2.30\pic\sources\c99\common\xxtofl.c"
 Parameters:    Size  Location     Type
  sign            1    wreg     unsigned char 
  val             4   30[COMRAM] long 
 Auto vars:     Size  Location     Type
  sign            1   38[COMRAM] unsigned char 
  arg             4   40[COMRAM] unsigned long 
  exp             1   39[COMRAM] unsigned char 
 Return value:  Size  Location     Type
                  4   30[COMRAM] unsigned char 
 Registers used:
		wreg, status,2, status,0
 Tracked objects:
		On entry : 
		On exit  : 
		Unchanged: 
 Data sizes:     COMRAM   BANK0   BANK1   BANK2   BANK3   BANK4   BANK5   BANK6   BANK7   BANK8   BANK9  BANK10  BANK11  BANK12  BANK13  BANK14  BANK15
      Params:         4       0       0       0       0       0       0       0       0       0       0       0       0       0       0       0       0
      Locals:         6       0       0       0       0       0       0       0       0       0       0       0       0       0       0       0       0
      Temps:          4       0       0       0       0       0       0       0       0       0       0       0       0       0       0       0       0
      Totals:        14       0       0       0       0       0       0       0       0       0       0       0       0       0       0       0       0
Total ram usage:       14 bytes
 Hardware stack levels used:    1
 Hardware stack levels required when called:    7
 This function calls:
		Nothing
 This function is called by:
		_async_config_baud_rate_gen
		_Servo_SetAngle
		_I2C_Master_Mode_Clock_Configurations
 This function uses a non-reentrant model


 *************** function ___fltol *****************
 Defined at:
		line 43 in file "C:\Program Files\Microchip\xc8\v2.30\pic\sources\c99\common\fltol.c"
 Parameters:    Size  Location     Type
  f1              4   30[COMRAM] unsigned char 
 Auto vars:     Size  Location     Type
  exp1            1   39[COMRAM] unsigned char 
  sign1           1   38[COMRAM] unsigned char 
 Return value:  Size  Location     Type
                  4   30[COMRAM] long 
 Registers used:
		wreg, status,2, status,0
 Tracked objects:
		On entry : 
		On exit  : 
		Unchanged: 
 Data sizes:     COMRAM   BANK0   BANK1   BANK2   BANK3   BANK4   BANK5   BANK6   BANK7   BANK8   BANK9  BANK10  BANK11  BANK12  BANK13  BANK14  BANK15
      Params:         4       0       0       0       0       0       0       0       0       0       0       0       0       0       0       0       0
      Locals:         2       0       0       0       0       0       0       0       0       0       0       0       0       0       0       0       0
      Temps:          4       0       0       0       0       0       0       0       0       0       0       0       0       0       0       0       0
      Totals:        10       0       0       0       0       0       0       0       0       0       0       0       0       0       0       0       0
Total ram usage:       10 bytes
 Hardware stack levels used:    1
 Hardware stack levels required when called:    7
 This function calls:
		Nothing
 This function is called by:
		_async_config_baud_rate_gen
		_Servo_SetAngle
		_I2C_Master_Mode_Clock_Configurations
 This function uses a non-reentrant model


 *************** function ___fldiv *****************
 Defined at:
		line 11 in file "C:\Program Files\Microchip\xc8\v2.30\pic\sources\c99\common\sprcdiv.c"
 Parameters:    Size  Location     Type
  b               4   44[COMRAM] long 
  a               4   48[COMRAM] long 
 Auto vars:     Size  Location     Type
  grs             4    7[BANK0 ] unsigned long 
  rem             4    0[BANK0 ] unsigned long 
  new_exp         2    5[BANK0 ] short 
  aexp            1   12[BANK0 ] unsigned char 
  bexp            1   11[BANK0 ] unsigned char 
  sign            1    4[BANK0 ] unsigned char 
 Return value:  Size  Location     Type
                  4   44[COMRAM] unsigned char 
 Registers used:
		wreg, status,2, status,0
 Tracked objects:
		On entry : 
		On exit  : 
		Unchanged: 
 Data sizes:     COMRAM   BANK0   BANK1   BANK2   BANK3   BANK4   BANK5   BANK6   BANK7   BANK8   BANK9  BANK10  BANK11  BANK12  BANK13  BANK14  BANK15
      Params:         8       0       0       0       0       0       0       0       0       0       0       0       0       0       0       0       0
      Locals:         0      13       0       0       0       0       0       0       0       0       0       0       0       0       0       0       0
      Temps:          4       0       0       0       0       0       0       0       0       0       0       0       0       0       0       0       0
      Totals:        12      13       0       0       0       0       0       0       0       0       0       0       0       0       0       0       0
Total ram usage:       25 bytes
 Hardware stack levels used:    1
 Hardware stack levels required when called:    7
 This function calls:
		Nothing
 This function is called by:
		_async_config_baud_rate_gen
		_I2C_Master_Mode_Clock_Configurations
 This function uses a non-reentrant model


 *************** function ___fladd *****************
 Defined at:
		line 10 in file "C:\Program Files\Microchip\xc8\v2.30\pic\sources\c99\common\sprcadd.c"
 Parameters:    Size  Location     Type
  b               4   56[COMRAM] unsigned char 
  a               4   60[COMRAM] unsigned char 
 Auto vars:     Size  Location     Type
  grs             1   20[BANK0 ] unsigned char 
  bexp            1   19[BANK0 ] unsigned char 
  aexp            1   18[BANK0 ] unsigned char 
  signs           1   17[BANK0 ] unsigned char 
 Return value:  Size  Location     Type
                  4   56[COMRAM] unsigned char 
 Registers used:
		wreg, status,2, status,0
 Tracked objects:
		On entry : 
		On exit  : 
		Unchanged: 
 Data sizes:     COMRAM   BANK0   BANK1   BANK2   BANK3   BANK4   BANK5   BANK6   BANK7   BANK8   BANK9  BANK10  BANK11  BANK12  BANK13  BANK14  BANK15
      Params:         8       0       0       0       0       0       0       0       0       0       0       0       0       0       0       0       0
      Locals:         0       4       0       0       0       0       0       0       0       0       0       0       0       0       0       0       0
      Temps:          0       4       0       0       0       0       0       0       0       0       0       0       0       0       0       0       0
      Totals:         8       8       0       0       0       0       0       0       0       0       0       0       0       0       0       0       0
Total ram usage:       16 bytes
 Hardware stack levels used:    1
 Hardware stack levels required when called:    7
 This function calls:
		Nothing
 This function is called by:
		_async_config_baud_rate_gen
		_Servo_SetAngle
		_I2C_Master_Mode_Clock_Configurations
 This function uses a non-reentrant model


 *************** function _async_Tx_config *****************
 Defined at:
		line 374 in file "MCAL/EUSART/mcal_EUSART.c"
 Parameters:    Size  Location     Type
  _tx_obj         2   30[COMRAM] PTR const struct .
		 -> uart(12), 
 Auto vars:     Size  Location     Type
  ret_val         1   32[COMRAM] unsigned char 
 Return value:  Size  Location     Type
                  1    wreg      unsigned char 
 Registers used:
		wreg, fsr2l, fsr2h, status,2, status,0
 Tracked objects:
		On entry : 
		On exit  : 
		Unchanged: 
 Data sizes:     COMRAM   BANK0   BANK1   BANK2   BANK3   BANK4   BANK5   BANK6   BANK7   BANK8   BANK9  BANK10  BANK11  BANK12  BANK13  BANK14  BANK15
      Params:         2       0       0       0       0       0       0       0       0       0       0       0       0       0       0       0       0
      Locals:         1       0       0       0       0       0       0       0       0       0       0       0       0       0       0       0       0
      Temps:          0       0       0       0       0       0       0       0       0       0       0       0       0       0       0       0       0
      Totals:         3       0       0       0       0       0       0       0       0       0       0       0       0       0       0       0       0
Total ram usage:        3 bytes
 Hardware stack levels used:    1
 Hardware stack levels required when called:    7
 This function calls:
		Nothing
 This function is called by:
		_EUSART_Async_Init
 This function uses a non-reentrant model


 *************** function _async_Rx_config *****************
 Defined at:
		line 419 in file "MCAL/EUSART/mcal_EUSART.c"
 Parameters:    Size  Location     Type
  _rx_obj         2   33[COMRAM] PTR const struct .
		 -> uart(12), 
 Auto vars:     Size  Location     Type
  ret_val         1   35[COMRAM] unsigned char 
 Return value:  Size  Location     Type
                  1    wreg      unsigned char 
 Registers used:
		wreg, fsr2l, fsr2h, status,2, status,0, cstack
 Tracked objects:
		On entry : 
		On exit  : 
		Unchanged: 
 Data sizes:     COMRAM   BANK0   BANK1   BANK2   BANK3   BANK4   BANK5   BANK6   BANK7   BANK8   BANK9  BANK10  BANK11  BANK12  BANK13  BANK14  BANK15
      Params:         2       0       0       0       0       0       0       0       0       0       0       0       0       0       0       0       0
      Locals:         1       0       0       0       0       0       0       0       0       0       0       0       0       0       0       0       0
      Temps:          0       0       0       0       0       0       0       0       0       0       0       0       0       0       0       0       0
      Totals:         3       0       0       0       0       0       0       0       0       0       0       0       0       0       0       0       0
Total ram usage:        3 bytes
 Hardware stack levels used:    1
 Hardware stack levels required when called:    8
 This function calls:
		_Rx_config_interrupt
 This function is called by:
		_EUSART_Async_Init
 This function uses a non-reentrant model


 *************** function _Rx_config_interrupt *****************
 Defined at:
		line 506 in file "MCAL/EUSART/mcal_EUSART.c"
 Parameters:    Size  Location     Type
  _rx_obj         2   30[COMRAM] PTR const struct .
		 -> uart(12), 
 Auto vars:     Size  Location     Type
  ret_val         1   32[COMRAM] unsigned char 
 Return value:  Size  Location     Type
                  1    wreg      unsigned char 
 Registers used:
		wreg, fsr2l, fsr2h, status,2, status,0
 Tracked objects:
		On entry : 
		On exit  : 
		Unchanged: 
 Data sizes:     COMRAM   BANK0   BANK1   BANK2   BANK3   BANK4   BANK5   BANK6   BANK7   BANK8   BANK9  BANK10  BANK11  BANK12  BANK13  BANK14  BANK15
      Params:         2       0       0       0       0       0       0       0       0       0       0       0       0       0       0       0       0
      Locals:         1       0       0       0       0       0       0       0       0       0       0       0       0       0       0       0       0
      Temps:          0       0       0       0       0       0       0       0       0       0       0       0       0       0       0       0       0
      Totals:         3       0       0       0       0       0       0       0       0       0       0       0       0       0       0       0       0
Total ram usage:        3 bytes
 Hardware stack levels used:    1
 Hardware stack levels required when called:    7
 This function calls:
		Nothing
 This function is called by:
		_async_Rx_config
 This function uses a non-reentrant model


 *************** function _EUSART_Async_Transmit_Data_String_Blocking *****************
 Defined at:
		line 349 in file "MCAL/EUSART/mcal_EUSART.c"
 Parameters:    Size  Location     Type
  _eusart_obj     2   47[COMRAM] PTR const struct .
		 -> uart(12), 
  data            2   49[COMRAM] PTR unsigned char 
		 -> STR_1(8), 
  len             2   51[COMRAM] unsigned short 
 Auto vars:     Size  Location     Type
  l_counter       2   56[COMRAM] unsigned short 
  ret_val         1    0        unsigned char 
 Return value:  Size  Location     Type
                  1    wreg      unsigned char 
 Registers used:
		wreg, fsr2l, fsr2h, status,2, status,0, tblptrl, tblptrh, tblptru, cstack
 Tracked objects:
		On entry : 
		On exit  : 
		Unchanged: 
 Data sizes:     COMRAM   BANK0   BANK1   BANK2   BANK3   BANK4   BANK5   BANK6   BANK7   BANK8   BANK9  BANK10  BANK11  BANK12  BANK13  BANK14  BANK15
      Params:         6       0       0       0       0       0       0       0       0       0       0       0       0       0       0       0       0
      Locals:         3       0       0       0       0       0       0       0       0       0       0       0       0       0       0       0       0
      Temps:          2       0       0       0       0       0       0       0       0       0       0       0       0       0       0       0       0
      Totals:        11       0       0       0       0       0       0       0       0       0       0       0       0       0       0       0       0
Total ram usage:       11 bytes
 Hardware stack levels used:    1
[...]
Total ram usage:        1 bytes
 Hardware stack levels used:    1
 Hardware stack levels required when called:    5
 This function calls:
		Nothing
 This function is called by:
		_InterruptManagerLow
 This function uses a non-reentrant model


 *************** function _INT1_ISR *****************
 Defined at:
		line 73 in file "MCAL/Interrupts/mcal_external_interrupt.c"
 Parameters:    Size  Location     Type
		None
 Auto vars:     Size  Location     Type
		None
 Return value:  Size  Location     Type
                  1    wreg      void 
 Registers used:
		None
 Tracked objects:
		On entry : 
		On exit  : 
		Unchanged: 
 Data sizes:     COMRAM   BANK0   BANK1   BANK2   BANK3   BANK4   BANK5   BANK6   BANK7   BANK8   BANK9  BANK10  BANK11  BANK12  BANK13  BANK14  BANK15
      Params:         0       0       0       0       0       0       0       0       0       0       0       0       0       0       0       0       0
      Locals:         0       0       0       0       0       0       0       0       0       0       0       0       0       0       0       0       0
      Temps:          0       0       0       0       0       0       0       0       0       0       0       0       0       0       0       0       0
      Totals:         0       0       0       0       0       0       0       0       0       0       0       0       0       0       0       0       0
Total ram usage:        0 bytes
 Hardware stack levels used:    1
 Hardware stack levels required when called:    5
 This function calls:
		Nothing
 This function is called by:
		_InterruptManagerLow
 This function uses a non-reentrant model


 *************** function _InterruptManagerHigh *****************
 Defined at:
		line 33 in file "MCAL/Interrupts/mcal_interrupt_manager.c"
 Parameters:    Size  Location     Type
		None
 Auto vars:     Size  Location     Type
		None
 Return value:  Size  Location     Type
                  1    wreg      void 
 Registers used:
		wreg, fsr2l, fsr2h, status,2, status,0, pclath, tosl, prodl, prodh, cstack
 Tracked objects:
		On entry : 
		On exit  : 
		Unchanged: 
 Data sizes:     COMRAM   BANK0   BANK1   BANK2   BANK3   BANK4   BANK5   BANK6   BANK7   BANK8   BANK9  BANK10  BANK11  BANK12  BANK13  BANK14  BANK15
      Params:         0       0       0       0       0       0       0       0       0       0       0       0       0       0       0       0       0
      Locals:         0       0       0       0       0       0       0       0       0       0       0       0       0       0       0       0       0
      Temps:          6       0       0       0       0       0       0       0       0       0       0       0       0       0       0       0       0
      Totals:         6       0       0       0       0       0       0       0       0       0       0       0       0       0       0       0       0
Total ram usage:        6 bytes
 Hardware stack levels used:    1
 Hardware stack levels required when called:    4
 This function calls:
		_EUSART_Rx_ISR
		_INT0_ISR
		_INT2_ISR
 This function is called by:
		Interrupt level 2
 This function uses a non-reentrant model


 *************** function _INT2_ISR *****************
 Defined at:
		line 86 in file "MCAL/Interrupts/mcal_external_interrupt.c"
 Parameters:    Size  Location     Type
		None
 Auto vars:     Size  Location     Type
		None
 Return value:  Size  Location     Type
                  1    wreg      void 
 Registers used:
		None
 Tracked objects:
		On entry : 
		On exit  : 
		Unchanged: 
 Data sizes:     COMRAM   BANK0   BANK1   BANK2   BANK3   BANK4   BANK5   BANK6   BANK7   BANK8   BANK9  BANK10  BANK11  BANK12  BANK13  BANK14  BANK15
      Params:         0       0       0       0       0       0       0       0       0       0       0       0       0       0       0       0       0
      Locals:         0       0       0       0       0       0       0       0       0       0       0       0       0       0       0       0       0
      Temps:          0       0       0       0       0       0       0       0       0       0       0       0       0       0       0       0       0
      Totals:         0       0       0       0       0       0       0       0       0       0       0       0       0       0       0       0       0
Total ram usage:        0 bytes
 Hardware stack levels used:    1
 This function calls:
		Nothing
 This function is called by:
		_InterruptManagerHigh
 This function uses a non-reentrant model


 *************** function _INT0_ISR *****************
 Defined at:
		line 60 in file "MCAL/Interrupts/mcal_external_interrupt.c"
 Parameters:    Size  Location     Type
		None
 Auto vars:     Size  Location     Type
		None
 Return value:  Size  Location     Type
                  1    wreg      void 
 Registers used:
		None
 Tracked objects:
		On entry : 
		On exit  : 
		Unchanged: 
 Data sizes:     COMRAM   BANK0   BANK1   BANK2   BANK3   BANK4   BANK5   BANK6   BANK7   BANK8   BANK9  BANK10  BANK11  BANK12  BANK13  BANK14  BANK15
      Params:         0       0       0       0       0       0       0       0       0       0       0       0       0       0       0       0       0
      Locals:         0       0       0       0       0       0       0       0       0       0       0       0       0       0       0       0       0
      Temps:          0       0       0       0       0       0       0       0       0       0       0       0       0       0       0       0       0
      Totals:         0       0       0       0       0       0       0       0       0       0       0       0       0       0       0       0       0
Total ram usage:        0 bytes
 Hardware stack levels used:    1
 This function calls:
		Nothing
 This function is called by:
		_InterruptManagerHigh
 This function uses a non-reentrant model


 *************** function _EUSART_Rx_ISR *****************
 Defined at:
		line 691 in file "MCAL/EUSART/mcal_EUSART.c"
 Parameters:    Size  Location     Type
		None
 Auto vars:     Size  Location     Type
		None
 Return value:  Size  Location     Type
                  1    wreg      void 
 Registers used:
		wreg, fsr2l, fsr2h, status,2, status,0, pclath, tosl, prodl, prodh, cstack
 Tracked objects:
		On entry : 
		On exit  : 
		Unchanged: 
 Data sizes:     COMRAM   BANK0   BANK1   BANK2   BANK3   BANK4   BANK5   BANK6   BANK7   BANK8   BANK9  BANK10  BANK11  BANK12  BANK13  BANK14  BANK15
      Params:         0       0       0       0       0       0       0       0       0       0       0       0       0       0       0       0       0
      Locals:         0       0       0       0       0       0       0       0       0       0       0       0       0       0       0       0       0
      Temps:          0       0       0       0       0       0       0       0       0       0       0       0       0       0       0       0       0
      Totals:         0       0       0       0       0       0       0       0       0       0       0       0       0       0       0       0       0
Total ram usage:        0 bytes
 Hardware stack levels used:    1
 Hardware stack levels required when called:    3
 This function calls:
		Absolute function
		_bluetooth_isr
 This function is called by:
		_InterruptManagerHigh
 This function uses a non-reentrant model


 *************** function _bluetooth_isr *****************
 Defined at:
		line 56 in file "application.c"
 Parameters:    Size  Location     Type
		None
 Auto vars:     Size  Location     Type
		None
 Return value:  Size  Location     Type
                  1    wreg      void 
 Registers used:
		wreg, fsr2l, fsr2h, status,2, status,0, prodl, prodh, cstack
 Tracked objects:
		On entry : 
		On exit  : 
		Unchanged: 
 Data sizes:     COMRAM   BANK0   BANK1   BANK2   BANK3   BANK4   BANK5   BANK6   BANK7   BANK8   BANK9  BANK10  BANK11  BANK12  BANK13  BANK14  BANK15
      Params:         0       0       0       0       0       0       0       0       0       0       0       0       0       0       0       0       0
      Locals:         0       0       0       0       0       0       0       0       0       0       0       0       0       0       0       0       0
      Temps:          0       0       0       0       0       0       0       0       0       0       0       0       0       0       0       0       0
      Totals:         0       0       0       0       0       0       0       0       0       0       0       0       0       0       0       0       0
Total ram usage:        0 bytes
 Hardware stack levels used:    1
 Hardware stack levels required when called:    2
 This function calls:
		_EUSART_Async_Read_Data
		_GPIO_Pin_Toggle_Logic
		i2_EUSART_Async_Transmit_Data
 This function is called by:
		_EUSART_Rx_ISR
 This function uses a non-reentrant model


 *************** function i2_EUSART_Async_Transmit_Data *****************
 Defined at:
		line 124 in file "MCAL/EUSART/mcal_EUSART.c"
 Parameters:    Size  Location     Type
  _eusart_obj     2    5[COMRAM] PTR const struct .
		 -> uart(12), 
  data            2    7[COMRAM] unsigned short 
 Auto vars:     Size  Location     Type
  ret_val         1    0        unsigned char 
 Return value:  Size  Location     Type
                  1    wreg      unsigned char 
 Registers used:
		wreg, fsr2l, fsr2h, status,2, status,0, cstack
 Tracked objects:
		On entry : 
		On exit  : 
		Unchanged: 
 Data sizes:     COMRAM   BANK0   BANK1   BANK2   BANK3   BANK4   BANK5   BANK6   BANK7   BANK8   BANK9  BANK10  BANK11  BANK12  BANK13  BANK14  BANK15
      Params:         4       0       0       0       0       0       0       0       0       0       0       0       0       0       0       0       0
      Locals:         1       0       0       0       0       0       0       0       0       0       0       0       0       0       0       0       0
      Temps:          2       0       0       0       0       0       0       0       0       0       0       0       0       0       0       0       0
      Totals:         7       0       0       0       0       0       0       0       0       0       0       0       0       0       0       0       0
Total ram usage:        7 bytes
 Hardware stack levels used:    1
 Hardware stack levels required when called:    1
 This function calls:
		i2_calc_parity_even
		i2_calc_parity_odd
 This function is called by:
		_bluetooth_isr
 This function uses a non-reentrant model


 *************** function _GPIO_Pin_Toggle_Logic *****************
 Defined at:
		line 135 in file "MCAL/GPIO/hal_gpio.c"
 Parameters:    Size  Location     Type
  _pin_config     2    0[COMRAM] PTR const struct .
		 -> pind2(1), 
 Auto vars:     Size  Location     Type
  ERRORSTATUS     1    0        unsigned char 
 Return value:  Size  Location     Type
                  1    wreg      unsigned char 
 Registers used:
		wreg, fsr2l, fsr2h, status,2, status,0, prodl, prodh
 Tracked objects:
		On entry : 
		On exit  : 
		Unchanged: 
 Data sizes:     COMRAM   BANK0   BANK1   BANK2   BANK3   BANK4   BANK5   BANK6   BANK7   BANK8   BANK9  BANK10  BANK11  BANK12  BANK13  BANK14  BANK15
      Params:         2       0       0       0       0       0       0       0       0       0       0       0       0       0       0       0       0
      Locals:         1       0       0       0       0       0       0       0       0       0       0       0       0       0       0       0       0
      Temps:          5       0       0       0       0       0       0       0       0       0       0       0       0       0       0       0       0
      Totals:         8       0       0       0       0       0       0       0       0       0       0       0       0       0       0       0       0
Total ram usage:        8 bytes
 Hardware stack levels used:    1
 This function calls:
		Nothing
 This function is called by:
		_bluetooth_isr
 This function uses a non-reentrant model


 *************** function _EUSART_Async_Read_Data *****************
 Defined at:
		line 181 in file "MCAL/EUSART/mcal_EUSART.c"
 Parameters:    Size  Location     Type
  _eusart_obj     2    5[COMRAM] PTR const struct .
		 -> uart(12), 
  data            2    7[COMRAM] PTR unsigned short 
		 -> data(1), 
 Auto vars:     Size  Location     Type
  l_temp_data     2   18[COMRAM] unsigned short 
  ret_val         1    0        unsigned char 
 Return value:  Size  Location     Type
                  1    wreg      unsigned char 
 Registers used:
		wreg, fsr2l, fsr2h, status,2, status,0, cstack
 Tracked objects:
		On entry : 
		On exit  : 
		Unchanged: 
 Data sizes:     COMRAM   BANK0   BANK1   BANK2   BANK3   BANK4   BANK5   BANK6   BANK7   BANK8   BANK9  BANK10  BANK11  BANK12  BANK13  BANK14  BANK15
      Params:         4       0       0       0       0       0       0       0       0       0       0       0       0       0       0       0       0
      Locals:         9       0       0       0       0       0       0       0       0       0       0       0       0       0       0       0       0
      Temps:          2       0       0       0       0       0       0       0       0       0       0       0       0       0       0       0       0
      Totals:        15       0       0       0       0       0       0       0       0       0       0       0       0       0       0       0       0
Total ram usage:       15 bytes
 Hardware stack levels used:    1
 Hardware stack levels required when called:    1
 This function calls:
		i2_calc_parity_even
		i2_calc_parity_odd
 This function is called by:
		_bluetooth_isr
		_EUSART_Async_Read_Data_Blocking
		_Bluetooth_Recieve_Data_Non_Blocking
 This function uses a non-reentrant model


 *************** function i2_calc_parity_odd *****************
 Defined at:
		line 600 in file "MCAL/EUSART/mcal_EUSART.c"
 Parameters:    Size  Location     Type
  data            1    wreg     unsigned char 
 Auto vars:     Size  Location     Type
  data            1    2[COMRAM] unsigned char 
  l_counter       1    4[COMRAM] unsigned char 
  number_of_on    1    3[COMRAM] unsigned char 
 Return value:  Size  Location     Type
                  1    wreg      unsigned char 
 Registers used:
		wreg, status,2, status,0
 Tracked objects:
		On entry : 
		On exit  : 
		Unchanged: 
 Data sizes:     COMRAM   BANK0   BANK1   BANK2   BANK3   BANK4   BANK5   BANK6   BANK7   BANK8   BANK9  BANK10  BANK11  BANK12  BANK13  BANK14  BANK15
      Params:         0       0       0       0       0       0       0       0       0       0       0       0       0       0       0       0       0
      Locals:         3       0       0       0       0       0       0       0       0       0       0       0       0       0       0       0       0
      Temps:          2       0       0       0       0       0       0       0       0       0       0       0       0       0       0       0       0
      Totals:         5       0       0       0       0       0       0       0       0       0       0       0       0       0       0       0       0
Total ram usage:        5 bytes
 Hardware stack levels used:    1
 This function calls:
		Nothing
 This function is called by:
		_EUSART_Async_Read_Data
		i2_EUSART_Async_Transmit_Data
 This function uses a non-reentrant model


 *************** function i2_calc_parity_even *****************
 Defined at:
		line 638 in file "MCAL/EUSART/mcal_EUSART.c"
 Parameters:    Size  Location     Type
  data            1    wreg     unsigned char 
 Auto vars:     Size  Location     Type
  data            1    2[COMRAM] unsigned char 
  l_counter       1    4[COMRAM] unsigned char 
  number_of_on    1    3[COMRAM] unsigned char 
 Return value:  Size  Location     Type
                  1    wreg      unsigned char 
 Registers used:
		wreg, status,2, status,0
 Tracked objects:
		On entry : 
		On exit  : 
		Unchanged: 
 Data sizes:     COMRAM   BANK0   BANK1   BANK2   BANK3   BANK4   BANK5   BANK6   BANK7   BANK8   BANK9  BANK10  BANK11  BANK12  BANK13  BANK14  BANK15
      Params:         0       0       0       0       0       0       0       0       0       0       0       0       0       0       0       0       0
      Locals:         3       0       0       0       0       0       0       0       0       0       0       0       0       0       0       0       0
      Temps:          2       0       0       0       0       0       0       0       0       0       0       0       0       0       0       0       0
      Totals:         5       0       0       0       0       0       0       0       0       0       0       0       0       0       0       0       0
Total ram usage:        5 bytes
 Hardware stack levels used:    1
 This function calls:
		Nothing
 This function is called by:
		_EUSART_Async_Read_Data
		i2_EUSART_Async_Transmit_Data
 This function uses a non-reentrant model



MODULE INFORMATION

Module		Function		Class		Link	Load	Size
C:\Program Files\Microchip\xc8\v2.30\pic\sources\c99\common\sprcdiv.c
		___fldiv       		CODE           	186A	0000	924

C:\Program Files\Microchip\xc8\v2.30\pic\sources\c99\common\sprcdiv.c estimated size: 924

MCAL/Interrupts/mcal_external_interrupt.c
		_RB4_ISR       		CODE           	2CC2	0000	26
		_RB5_ISR       		CODE           	2CA8	0000	26
		_RB6_ISR       		CODE           	2C8E	0000	26
		_RB7_ISR       		CODE           	2C74	0000	26
		_INT0_ISR      		CODE           	2CE4	0000	4
		_INT1_ISR      		CODE           	2CDC	0000	4
		_INT2_ISR      		CODE           	2CE0	0000	4

MCAL/Interrupts/mcal_external_interrupt.c estimated size: 116

C:\Program Files\Microchip\xc8\v2.30\pic\sources\c99\common\sprcadd.c
		___fladd       		CODE           	100A	0000	1218

C:\Program Files\Microchip\xc8\v2.30\pic\sources\c99\common\sprcadd.c estimated size: 1218

C:\Program Files\Microchip\xc8\v2.30\pic\sources\c99\common\fltol.c
		___fltol       		CODE           	220C	0000	262

C:\Program Files\Microchip\xc8\v2.30\pic\sources\c99\common\fltol.c estimated size: 262

MCAL/GPIO/hal_gpio.c
		_GPIO_Pin_Toggle_Logic		CODE           	2842	0000	112
		_GPIO_Pin_Direction_Initialize		CODE           	1FA4	0000	320
		_GPIO_Pin_Initialize		CODE           	2B0A	0000	68
		_GPIO_Pin_Write_Logic		CODE           	20E4	0000	296

MCAL/GPIO/hal_gpio.c estimated size: 796

MCAL/Interrupts/mcal_interrupt_manager.c
		_InterruptManagerLow		CODE           	0018	0000	606
		_InterruptManagerHigh		CODE           	0008	0000	268

MCAL/Interrupts/mcal_interrupt_manager.c estimated size: 874

C:\Program Files\Microchip\xc8\v2.30\pic\sources\c99\common\xxtofl.c
		___xxtofl      		CODE           	1DF0	0000	436

C:\Program Files\Microchip\xc8\v2.30\pic\sources\c99\common\xxtofl.c estimated size: 436

shared
		i2_calc_parity_odd		CODE           	2982	0000	104
		__initialization		CODE           	2A52	0000	82
		i2_EUSART_Async_Transmit_Data		CODE           	24FC	0000	228
		i2_calc_parity_even		CODE           	29EA	0000	104

shared estimated size: 518

MCAL/EUSART/mcal_EUSART.c
		_EUSART_Async_Transmit_Data		CODE           	2418	0000	228
		_EUSART_Async_Transmit_Data_Blocking		CODE           	2B90	0000	58
		_Rx_config_interrupt		CODE           	268E	0000	162
		_calc_parity_even		CODE           	291A	0000	104
		_EUSART_Async_Transmit_Data_String_Blocking		CODE           	27C0	0000	130
		_EUSART_Rx_ISR 		CODE           	2C02	0000	44
		_async_Tx_config		CODE           	2730	0000	144
		_EUSART_Async_Init		CODE           	2AAE	0000	92
		_calc_parity_odd		CODE           	28B2	0000	104
		_async_config_baud_rate_gen		CODE           	14CC	0000	926
		_EUSART_Async_Read_Data		CODE           	1C06	0000	490
		_async_Rx_config		CODE           	25E0	0000	174

MCAL/EUSART/mcal_EUSART.c estimated size: 2656

application.c
		_main          		CODE           	2B4E	0000	66
		_application_intialize		CODE           	2C58	0000	28
		_bluetooth_isr 		CODE           	2BCA	0000	56

application.c estimated size: 150

