Microchip MPLAB XC8 Compiler V2.36

Linker command line:

-W-3 --edf=C:\Program Files\Microchip\xc8\v2.36\pic\dat\en_msgs.txt -cn \
  -h+dist/default/production\graduation_project.production.sym \
  --cmf=dist/default/production\graduation_project.production.cmf -z \
  -Q18F46K20 -oC:\Users\ahmed radwan\AppData\Local\Temp\xcAs6eo.4 \
  --defsym=__MPLAB_BUILD=1 \
  -Mdist/default/production/graduation_project.production.map \
  --md=C:\Users\ahmed radwan\AppData\Local\Temp\xcAs6eo.dat -E1 \
  -ver=XC8 Compiler --acfsm=1493 -ACODE=00h-0FFFFh -ACONST=00h-0FFFFh \
  -ASMALLCONST=01000h-010FFhx240 -AMEDIUMCONST=01000h-0FFFFh \
  -ACOMRAM=01h-05Fh -AABS1=00h-0F5Fh -ABIGRAM=01h-0F5Fh \
  -ARAM=060h-0FFh,0100h-01FFhx14,0F00h-0F5Fh -ABANK0=060h-0FFh \
  -ABANK1=0100h-01FFh -ABANK2=0200h-02FFh -ABANK3=0300h-03FFh \
  -ABANK4=0400h-04FFh -ABANK5=0500h-05FFh -ABANK6=0600h-06FFh \
  -ABANK7=0700h-07FFh -ABANK8=0800h-08FFh -ABANK9=0900h-09FFh \
  -ABANK10=0A00h-0AFFh -ABANK11=0B00h-0BFFh -ABANK12=0C00h-0CFFh \
  -ABANK13=0D00h-0DFFh -ABANK14=0E00h-0EFFh -ABANK15=0F00h-0F5Fh \
  -ASFR=0F60h-0FFFh -ABIGSFR=0F60h-0FFFh -ACONFIG=0300000h-030000Dh \
  -AIDLOC=0200000h-0200007h -AEEDATA=0F00000h-0F003FFh -peeprom_data=EEDATA \
  -preset_vec=00h,intcode=08h,intcodelo=018h,powerup,init -pramtop=01000h \
  -psmallconst=SMALLCONST -pmediumconst=MEDIUMCONST -pconst=CONST \
  -AFARRAM=00h-00h \
  -prdata=COMRAM,nvrram=COMRAM,nvbit=COMRAM,rbss=COMRAM,rbit=COMRAM \
  -pfarbss=FARRAM,fardata=FARRAM,nvFARRAM=FARRAM \
  -pintsave_regs=BIGRAM,bigbss=BIGRAM,bigdata=BIGRAM -pbss=RAM \
  -pidata=CODE,irdata=CODE,ibigdata=CODE,ifardata=CODE -prparam=COMRAM \
  C:\Users\ahmed radwan\AppData\Local\Temp\xcAs6eo.o \
  dist/default/production\graduation_project.production.o 

Object code version is 3.11

Machine type is 18F46K20



                Name                               Link     Load   Length Selector   Space Scale
C:\Users\ahmed radwan\AppData\Local\Temp\xcAs6eo.o
                idloc                            200000   200000        8        0       5
                config                           300000   300000        E        0       4
                init                                286      286        4        C       0
                reset_vec                             0        0        4        0       0
dist/default/production\graduation_project.production.o
                intcodelo                            18       18      26E        C       0
                intcode                               8        8        6        4       0
                idloc                            200000   200000        8        0       5
                config                           300000   300000        E        0       4
                temp                                 5A       5A        1        1       1
                smallconst                         1000     1000       48      800       0
                text28                             253C     253C        2     11F9       0
                text27                             253A     253A        2     11F9       0
                text26                             2538     2538        2     11F9       0
                intcode_body                       20C4     20C4       B4      824       0
                text24                             2536     2536        2     11F9       0
                text23                             2532     2532        4     11F9       0
                text22                             250A     250A       1A     11F9       0
                text21                             24F0     24F0       1A     11F9       0
                text20                             24D6     24D6       1A     11F9       0
                text19                             24BC     24BC       1A     11F9       0
                text17                             2228     2228       70      824       0
                text16                             242A     242A       38     11F9       0
                text15                             23F2     23F2       38     11F9       0
                text14                             2298     2298       68      824       0
                text13                             1BA0     1BA0      140      824       0
                text12                             1CE0     1CE0      128      824       0
                text11                             2362     2362       4A      824       0
                text10                             1FEE     1FEE       D6      824       0
                text9                              1048     1048      4C0      824       0
                text8                              1508     1508      39A      824       0
                text7                              1E08     1E08      106      824       0
                text6                              18A2     18A2      1B4      824       0
                text5                              2178     2178       B0      824       0
                text4                              252C     252C        6     11F9       0
                text3                              2462     2462       32     11F9       0
                text2                              1A56     1A56      14A      824       0
                text1                              2494     2494       28     11F9       0
                text0                              1F0E     1F0E       E0      824       0
                cstackCOMRAM                          1        1       48        1       1
                cstackBANK0                          D8       D8        4       60       1
                dataBANK0                            60       60       45       60       1
                bssBANK0                             A5       A5       33       60       1
                dataCOMRAM                           52       52        8        1       1
                bssCOMRAM                            49       49        9        1       1
                cinit                              2300     2300       62      824       0
                idataBANK0                         23AC     23AC       45      824       0
                idataCOMRAM                        2524     2524        8     11F9       0

TOTAL           Name                               Link     Load   Length     Space
        CLASS   CODE           
                intcodelo                            18       18      26E         0
                intcode                               8        8        6         0
                init                                286      286        4         0
                reset_vec                             0        0        4         0
                text28                             253C     253C        2         0
                text27                             253A     253A        2         0
                text26                             2538     2538        2         0
                intcode_body                       20C4     20C4       B4         0
                text24                             2536     2536        2         0
                text23                             2532     2532        4         0
                text22                             250A     250A       1A         0
                text21                             24F0     24F0       1A         0
                text20                             24D6     24D6       1A         0
                text19                             24BC     24BC       1A         0
                text17                             2228     2228       70         0
                text16                             242A     242A       38         0
                text15                             23F2     23F2       38         0
                text14                             2298     2298       68         0
                text13                             1BA0     1BA0      140         0
                text12                             1CE0     1CE0      128         0
                text11                             2362     2362       4A         0
                text10                             1FEE     1FEE       D6         0
                text9                              1048     1048      4C0         0
                text8                              1508     1508      39A         0
                text7                              1E08     1E08      106         0
                text6                              18A2     18A2      1B4         0
                text5                              2178     2178       B0         0
                text4                              252C     252C        6         0
                text3                              2462     2462       32         0
                text2                              1A56     1A56      14A         0
                text1                              2494     2494       28         0
                text0                              1F0E     1F0E       E0         0
                cinit                              2300     2300       62         0
                idataBANK0                         23AC     23AC       45         0
                idataCOMRAM                        2524     2524        8         0

        CLASS   CONST          

        CLASS   SMALLCONST     
                smallconst                         1000     1000       48         0

        CLASS   MEDIUMCONST    

        CLASS   COMRAM         
                temp                                 5A       5A        1         1
                cstackCOMRAM                          1        1       48         1
                dataCOMRAM                           52       52        8         1
                bssCOMRAM                            49       49        9         1

        CLASS   ABS1           

        CLASS   BIGRAM         

        CLASS   RAM            

        CLASS   BANK0          
                cstackBANK0                          D8       D8        4         1
                dataBANK0                            60       60       45         1
                bssBANK0                             A5       A5       33         1

        CLASS   BANK1          

        CLASS   BANK2          

        CLASS   BANK3          

        CLASS   BANK4          

        CLASS   BANK5          

        CLASS   BANK6          

        CLASS   BANK7          

        CLASS   BANK8          

        CLASS   BANK9          

        CLASS   BANK10         

        CLASS   BANK11         

        CLASS   BANK12         

        CLASS   BANK13         

        CLASS   BANK14         

        CLASS   BANK15         

        CLASS   SFR            

        CLASS   BIGSFR         

        CLASS   CONFIG         
                config                           300000   300000        E         4

        CLASS   IDLOC          
                idloc                            200000   200000        8         5

        CLASS   EEDATA         

        CLASS   FARRAM         

        CLASS   HEAP           

        CLASS   STACK          



SEGMENTS        Name                           Load    Length   Top    Selector   Space  Class

                reset_vec                      000000  000004  000004         0       0  CODE    
                cstackCOMRAM                   000001  00005A  00005B         1       1  COMRAM  
                intcode                        000008  000006  00000E         4       0  CODE    
                intcodelo                      000018  000272  00028A         C       0  CODE    
                dataBANK0                      000060  00007C  0000DC        60       1  BANK0   
                smallconst                     001000  000048  001048       800       0  SMALLCON
                text9                          001048  0013A9  0023F1       824       0  CODE    
                text15                         0023F2  00014C  00253E      11F9       0  CODE    


UNUSED ADDRESS RANGES

        Name                Unused          Largest block    Delta
        BANK0            0000DC-0000FF               24
        BANK1            000100-0001FF              100
        BANK10           000A00-000AFF              100
        BANK11           000B00-000BFF              100
        BANK12           000C00-000CFF              100
        BANK13           000D00-000DFF              100
        BANK14           000E00-000EFF              100
        BANK15           000F00-000F5F               60
        BANK2            000200-0002FF              100
        BANK3            000300-0003FF              100
        BANK4            000400-0004FF              100
        BANK5            000500-0005FF              100
        BANK6            000600-0006FF              100
        BANK7            000700-0007FF              100
        BANK8            000800-0008FF              100
        BANK9            000900-0009FF              100
        BIGRAM           00005B-00005F                5
                         0000DC-000F5F              E84
        BIGSFR           000F60-000FFF               A0
        CODE             000004-000007                4
                         00000E-000017                A
                         00028A-000FFF              D76
                         0023F1-0023F1                1
                         00253E-00FFFF             DAC2
        COMRAM           00005B-00005F                5
        CONST            000004-000007                4
                         00000E-000017                A
                         00028A-000FFF              D76
                         0023F1-0023F1                1
                         00253E-00FFFF             DAC2
        EEDATA           F00000-F003FF              400
        MEDIUMCONST      0023F1-0023F1                1
                         00253E-00FFFF             DAC2
        RAM              0000DC-000F5F              100
        SFR              000F60-000FFF               A0
        SMALLCONST       0023F1-0023F1                1
                         00253E-00FFFF              100

                                  Symbol Table

?___fladd                                     cstackCOMRAM 00002C
?___fldiv                                     cstackCOMRAM 000013
?___fltol                                     cstackCOMRAM 00003C
?___xxtofl                                    cstackCOMRAM 000005
GPIO_Pin_Direction_Initialize@ERRORSTATUS     cstackCOMRAM 00000D
GPIO_Pin_Direction_Initialize@_pin_config     cstackCOMRAM 000005
GPIO_Pin_Initialize@ERRORSTATUS               cstackCOMRAM 000011
GPIO_Pin_Initialize@_pin_config               cstackCOMRAM 00000F
GPIO_Pin_Toggle_Logic@_pin_config             cstackCOMRAM 000005
GPIO_Pin_Write_Logic@ERRORSTATUS              cstackCOMRAM 00000E
GPIO_Pin_Write_Logic@_pin_config              cstackCOMRAM 000005
GPIO_Pin_Write_Logic@logic                    cstackCOMRAM 000007
I2C_Interrupt_configuration@i2c_obj           cstackCOMRAM 000005
I2C_Master_Mode_Clock_Configurations@i2c_obj  cstackCOMRAM 000046
I2C_Slave_Mode_Clock_Configurations@i2c_obj   cstackCOMRAM 000005
MSSP_I2C_Init@i2c_obj                         cstackBANK0  0000D8
MSSP_I2C_Master_Send_Start@i2c_obj            cstackCOMRAM 000005
MSSP_I2C_Master_Send_Stop@i2c_obj             cstackCOMRAM 000005
MSSP_I2C_Master_Write_Blocking@_ack           cstackCOMRAM 000008
MSSP_I2C_Master_Write_Blocking@i2c_data       cstackCOMRAM 000007
MSSP_I2C_Master_Write_Blocking@i2c_obj        cstackCOMRAM 000005
RB4_ISR@Handler_Select                        cstackCOMRAM 000001
RB5_ISR@Handler_Select                        cstackCOMRAM 000001
RB6_ISR@Handler_Select                        cstackCOMRAM 000001
RB7_ISR@Handler_Select                        cstackCOMRAM 000001
_ADCON0bits                                   (abs)        000FC2
_ADCON1bits                                   (abs)        000FC1
_ADCON2bits                                   (abs)        000FC0
_ADC_ISR                                      text24       002536
_ADRESH                                       (abs)        000FC4
_ADRESL                                       (abs)        000FC3
_BAUDCONbits                                  (abs)        000FB8
_CCP1CONbits                                  (abs)        000FBD
_CCP1_Obj                                     dataBANK0    000099
_CCP2CONbits                                  (abs)        000FBA
_CCP2_Obj                                     dataBANK0    00008D
_CCPR1L                                       (abs)        000FBE
_CCPR2L                                       (abs)        000FBB
_EUSART_Rx_ISR                                text28       00253C
_EUSART_Tx_ISR                                text27       00253A
_GPIO_Pin_Direction_Initialize                text13       001BA0
_GPIO_Pin_Initialize                          text11       002362
_GPIO_Pin_Toggle_Logic                        text17       002228
_GPIO_Pin_Write_Logic                         text12       001CE0
_I2C_DefaultInterruptHandler                  bssBANK0     0000D2
_I2C_Interrupt_configuration                  text10       001FEE
_I2C_Master_Mode_Clock_Configurations         text5        002178
_I2C_Pin_Configurations                       text4        00252C
_I2C_Report_Receive_Overflow                  bssBANK0     0000D0
_I2C_Report_Write_Collision                   bssBANK0     0000CE
_I2C_Slave_Mode_Clock_Configurations          text3        002462
_INT0_InterruptHandler                        bssBANK0     0000CC
_INT1_ISR                                     text23       002532
_INT1_InterruptHandler                        bssCOMRAM    00004B
_INT2_InterruptHandler                        bssBANK0     0000CA
_INTCON2bits                                  (abs)        000FF1
_INTCON3bits                                  (abs)        000FF0
_INTCONbits                                   (abs)        000FF2
_IPR1bits                                     (abs)        000F9F
_IPR2bits                                     (abs)        000FA2
_InterruptManagerHigh                         intcode      000008
_InterruptManagerLow                          intcodelo    000018
_LATA                                         (abs)        000F89
_LATB                                         (abs)        000F8A
_LATC                                         (abs)        000F8B
_LATD                                         (abs)        000F8C
_LATDbits                                     (abs)        000F8C
_LATE                                         (abs)        000F8D
_MSSP_I2C_Init                                text2        001A56
_MSSP_I2C_Master_Send_Start                   text16       00242A
_MSSP_I2C_Master_Send_Stop                    text15       0023F2
_MSSP_I2C_Master_Write_Blocking               text14       002298
_Movement_State                               bssCOMRAM    000050
_PIE1bits                                     (abs)        000F9D
_PIE2bits                                     (abs)        000FA0
_PIR1bits                                     (abs)        000F9E
_PIR2bits                                     (abs)        000FA1
_PORTA                                        (abs)        000F80
_PORTB                                        (abs)        000F81
_PORTBbits                                    (abs)        000F81
_PORTC                                        (abs)        000F82
_PORTD                                        (abs)        000F83
_PORTDbits                                    (abs)        000F83
_PORTE                                        (abs)        000F84
_PR2                                          (abs)        000FCB
_RB4_ISR                                      text22       00250A
_RB4_InterruptHandler_HIGH                    bssBANK0     0000C8
_RB4_InterruptHandler_LOW                     bssBANK0     0000C6
_RB5_ISR                                      text21       0024F0
_RB5_InterruptHandler_HIGH                    bssBANK0     0000C4
_RB5_InterruptHandler_LOW                     bssBANK0     0000C2
_RB6_ISR                                      text20       0024D6
_RB6_InterruptHandler_HIGH                    bssBANK0     0000C0
_RB6_InterruptHandler_LOW                     bssBANK0     0000BE
_RB7_ISR                                      text19       0024BC
_RB7_InterruptHandler_HIGH                    bssBANK0     0000BC
_RB7_InterruptHandler_LOW                     bssBANK0     0000BA
_RCONbits                                     (abs)        000FD0
_RCREG                                        (abs)        000FAE
_RCSTA1bits                                   (abs)        000FAB
_RCSTAbits                                    (abs)        000FAB
_RX9D                                         (abs)        007D58
_SPBRG                                        (abs)        000FAF
_SPBRGH                                       (abs)        000FB0
_SSPADD                                       (abs)        000FC8
_SSPBUF                                       (abs)        000FC9
_SSPCON1bits                                  (abs)        000FC6
_SSPCON2bits                                  (abs)        000FC5
_SSPSTATbits                                  (abs)        000FC7
_T0CONbits                                    (abs)        000FD5
_T1CONbits                                    (abs)        000FCD
_T3CONbits                                    (abs)        000FB1
_TMR0H                                        (abs)        000FD7
_TMR0L                                        (abs)        000FD6
_TMR0_ISR                                     text26       002538
_TMR1H                                        (abs)        000FCF
_TMR1L                                        (abs)        000FCE
_TRISA                                        (abs)        000F92
_TRISB                                        (abs)        000F93
_TRISBbits                                    (abs)        000F93
_TRISC                                        (abs)        000F94
_TRISCbits                                    (abs)        000F94
_TRISD                                        (abs)        000F95
_TRISDbits                                    (abs)        000F95
_TRISE                                        (abs)        000F96
_TXREG                                        (abs)        000FAD
_TXSTA1bits                                   (abs)        000FAC
_TXSTAbits                                    (abs)        000FAC
_Timer1_Interrupt_Handler                     bssBANK0     0000B4
_Timer1_PreLoaded_Value_Store                 bssCOMRAM    000049
_W1_W3_W5_Motor_Control                       dataCOMRAM   000056
_W2_W4_W6_Motor_Control                       dataCOMRAM   000054
_WDTCONbits                                   (abs)        000FD1
__HRAM                                        (abs)        000000
__Habs1                                       abs1         000000
__Hbank0                                      bank0        000000
__Hbank1                                      bank1        000000
__Hbank10                                     bank10       000000
__Hbank11                                     bank11       000000
__Hbank12                                     bank12       000000
__Hbank13                                     bank13       000000
__Hbank14                                     bank14       000000
__Hbank15                                     bank15       000000
__Hbank2                                      bank2        000000
__Hbank3                                      bank3        000000
__Hbank4                                      bank4        000000
__Hbank5                                      bank5        000000
__Hbank6                                      bank6        000000
__Hbank7                                      bank7        000000
__Hbank8                                      bank8        000000
__Hbank9                                      bank9        000000
__Hbigbss                                     bigbss       000000
__Hbigdata                                    bigdata      000000
__Hbigram                                     bigram       000000
__Hbigsfr                                     bigsfr       000000
__Hbss                                        bss          000000
__HbssBANK0                                   bssBANK0     000000
__HbssCOMRAM                                  bssCOMRAM    000000
__Hcinit                                      cinit        000000
__Hclrtext                                    clrtext      000000
__Hcomram                                     comram       000000
__Hconfig                                     config       30000E
__Hconst                                      const        000000
__HcstackBANK0                                cstackBANK0  000000
__HcstackCOMRAM                               cstackCOMRAM 000000
__Hdata                                       data         000000
__HdataBANK0                                  dataBANK0    000000
__HdataCOMRAM                                 dataCOMRAM   000000
__Heeprom_data                                eeprom_data  000000
__Hfarbss                                     farbss       000000
__Hfardata                                    fardata      000000
__Hheap                                       heap         000000
__Hibigdata                                   ibigdata     000000
__Hidata                                      idata        000000
__HidataBANK0                                 idataBANK0   000000
__HidataCOMRAM                                idataCOMRAM  000000
__Hidloc                                      idloc        200008
__Hifardata                                   ifardata     000000
__Hinit                                       init         00028A
__Hintcode                                    intcode      00000E
__Hintcode_body                               intcode_body 000000
__Hintcodelo                                  intcodelo    000286
__Hintentry                                   intentry     000000
__Hintret                                     intret       000000
__Hintsave_regs                               intsave_regs 000000
__Hirdata                                     irdata       000000
__Hmediumconst                                mediumconst  000000
__HnvFARRAM                                   nvFARRAM     000000
__Hnvbit                                      nvbit        000000
__Hnvrram                                     nvrram       000000
__Hparam                                      rparam       000000
__Hpowerup                                    powerup      000286
__Hram                                        ram          000000
__Hramtop                                     ramtop       001000
__Hrbit                                       rbit         000000
__Hrbss                                       rbss         000000
__Hrdata                                      rdata        000000
__Hreset_vec                                  reset_vec    000004
__Hrparam                                     rparam       000000
__Hsfr                                        sfr          000000
__Hsmallconst                                 smallconst   001048
__Hspace_0                                    (abs)        00253E
__Hspace_1                                    (abs)        0000DC
__Hspace_2                                    (abs)        000000
__Hspace_4                                    (abs)        60000E
__Hstack                                      stack        000000
__Hstruct                                     struct       000000
__Htemp                                       temp         00005B
__Htext                                       text         000000
__Htext0                                      text0        000000
__Htext1                                      text1        000000
__Htext10                                     text10       000000
__Htext11                                     text11       000000
__Htext12                                     text12       000000
__Htext13                                     text13       000000
__Htext14                                     text14       000000
__Htext15                                     text15       000000
__Htext16                                     text16       000000
__Htext17                                     text17       000000
__Htext19                                     text19       000000
__Htext2                                      text2        000000
__Htext20                                     text20       000000
__Htext21                                     text21       000000
__Htext22                                     text22       000000
__Htext23                                     text23       000000
__Htext24                                     text24       000000
__Htext26                                     text26       000000
__Htext27                                     text27       000000
__Htext28                                     text28       000000
__Htext3                                      text3        000000
__Htext4                                      text4        000000
__Htext5                                      text5        000000
__Htext6                                      text6        000000
__Htext7                                      text7        000000
__Htext8                                      text8        000000
__Htext9                                      text9        000000
__LRAM                                        (abs)        000001
__Labs1                                       abs1         000000
__Lbank0                                      bank0        000000
__Lbank1                                      bank1        000000
__Lbank10                                     bank10       000000
__Lbank11                                     bank11       000000
__Lbank12                                     bank12       000000
__Lbank13                                     bank13       000000
__Lbank14                                     bank14       000000
__Lbank15                                     bank15       000000
__Lbank2                                      bank2        000000
__Lbank3                                      bank3        000000
__Lbank4                                      bank4        000000
__Lbank5                                      bank5        000000
__Lbank6                                      bank6        000000
__Lbank7                                      bank7        000000
__Lbank8                                      bank8        000000
__Lbank9                                      bank9        000000
__Lbigbss                                     bigbss       000000
__Lbigdata                                    bigdata      000000
__Lbigram                                     bigram       000000
__Lbigsfr                                     bigsfr       000000
__Lbss                                        bss          000000
__LbssBANK0                                   bssBANK0     000000
__LbssCOMRAM                                  bssCOMRAM    000000
__Lcinit                                      cinit        000000
__Lclrtext                                    clrtext      000000
__Lcomram                                     comram       000000
__Lconfig                                     config       000000
__Lconst                                      const        000000
__LcstackBANK0                                cstackBANK0  000000
__LcstackCOMRAM                               cstackCOMRAM 000000
__Ldata                                       data         000000
__LdataBANK0                                  dataBANK0    000000
__LdataCOMRAM                                 dataCOMRAM   000000
__Leeprom_data                                eeprom_data  000000
__Lfarbss                                     farbss       000000
__Lfardata                                    fardata      000000
__Lheap                                       heap         000000
__Libigdata                                   ibigdata     000000
__Lidata                                      idata        000000
__LidataBANK0                                 idataBANK0   000000
__LidataCOMRAM                                idataCOMRAM  000000
__Lidloc                                      idloc        000000
__Lifardata                                   ifardata     000000
__Linit                                       init         000286
__Lintcode                                    intcode      000008
__Lintcode_body                               intcode_body 000000
__Lintcodelo                                  intcodelo    000018
__Lintentry                                   intentry     000000
__Lintret                                     intret       000000
__Lintsave_regs                               intsave_regs 000000
__Lirdata                                     irdata       000000
__Lmediumconst                                mediumconst  000000
__LnvFARRAM                                   nvFARRAM     000000
__Lnvbit                                      nvbit        000000
__Lnvrram                                     nvrram       000000
__Lparam                                      rparam       000000
__Lpowerup                                    powerup      000286
__Lram                                        ram          000000
__Lramtop                                     ramtop       001000
__Lrbit                                       rbit         000000
__Lrbss                                       rbss         000000
__Lrdata                                      rdata        000000
__Lreset_vec                                  reset_vec    000000
__Lrparam                                     rparam       000000
__Lsfr                                        sfr          000000
__Lsmallconst                                 smallconst   001000
__Lspace_0                                    (abs)        000000
__Lspace_1                                    (abs)        000000
__Lspace_2                                    (abs)        000000
__Lspace_4                                    (abs)        000000
__Lstack                                      stack        000000
__Lstruct                                     struct       000000
__Ltemp                                       temp         00005A
__Ltext                                       text         000000
__Ltext0                                      text0        000000
__Ltext1                                      text1        000000
__Ltext10                                     text10       000000
__Ltext11                                     text11       000000
__Ltext12                                     text12       000000
__Ltext13                                     text13       000000
__Ltext14                                     text14       000000
__Ltext15                                     text15       000000
__Ltext16                                     text16       000000
__Ltext17                                     text17       000000
__Ltext19                                     text19       000000
__Ltext2                                      text2        000000
__Ltext20                                     text20       000000
__Ltext21                                     text21       000000
__Ltext22                                     text22       000000
__Ltext23                                     text23       000000
__Ltext24                                     text24       000000
__Ltext26                                     text26       000000
__Ltext27                                     text27       000000
__Ltext28                                     text28       000000
__Ltext3                                      text3        000000
__Ltext4                                      text4        000000
__Ltext5                                      text5        000000
__Ltext6                                      text6        000000
__Ltext7                                      text7        000000
__Ltext8                                      text8        000000
__Ltext9                                      text9        000000
__S0                                          (abs)        00253E
__S1                                          (abs)        0000DC
__S4                                          (abs)        000000
__S5                                          (abs)        000000
___fladd                                      text9        001048
___fladd@a                                    cstackCOMRAM 000030
___fladd@aexp                                 cstackCOMRAM 000039
___fladd@b                                    cstackCOMRAM 00002C
___fladd@bexp                                 cstackCOMRAM 00003A
___fladd@grs                                  cstackCOMRAM 00003B
___fladd@signs                                cstackCOMRAM 000038
___fldiv                                      text8        001508
___fldiv@a                                    cstackCOMRAM 000017
___fldiv@aexp                                 cstackCOMRAM 00002B
___fldiv@b                                    cstackCOMRAM 000013
___fldiv@bexp                                 cstackCOMRAM 00002A
___fldiv@grs                                  cstackCOMRAM 000026
___fldiv@new_exp                              cstackCOMRAM 000024
___fldiv@rem                                  cstackCOMRAM 00001F
___fldiv@sign                                 cstackCOMRAM 000023
___fltol                                      text7        001E08
___fltol@exp1                                 cstackCOMRAM 000045
___fltol@f1                                   cstackCOMRAM 00003C
___fltol@sign1                                cstackCOMRAM 000044
___heap_hi                                    (abs)        000000
___heap_lo                                    (abs)        000000
___inthi_sp                                   stack        000000
___intlo_sp                                   stack        000000
___param_bank                                 (abs)        000000
___rparam_used                                (abs)        000001
___sp                                         stack        000000
___xxtofl                                     text6        0018A2
___xxtofl@arg                                 cstackCOMRAM 00000F
___xxtofl@exp                                 cstackCOMRAM 00000E
___xxtofl@sign                                cstackCOMRAM 00000D
___xxtofl@val                                 cstackCOMRAM 000005
__accesstop                                   (abs)        000060
__activetblptr                                (abs)        000003
__end_of_ADC_ISR                              text24       002538
__end_of_EUSART_Rx_ISR                        text28       00253E
__end_of_EUSART_Tx_ISR                        text27       00253C
__end_of_GPIO_Pin_Direction_Initialize        text13       001CE0
__end_of_GPIO_Pin_Initialize                  text11       0023AC
__end_of_GPIO_Pin_Toggle_Logic                text17       002298
__end_of_GPIO_Pin_Write_Logic                 text12       001E08
__end_of_I2C_Interrupt_configuration          text10       0020C4
__end_of_I2C_Master_Mode_Clock_Configurations text5        002228
__end_of_I2C_Pin_Configurations               text4        002532
__end_of_I2C_Slave_Mode_Clock_Configurations  text3        002494
__end_of_INT1_ISR                             text23       002536
__end_of_InterruptManagerHigh                 intcode_body 002178
__end_of_InterruptManagerLow                  intcodelo    000286
__end_of_MSSP_I2C_Init                        text2        001BA0
__end_of_MSSP_I2C_Master_Send_Start           text16       002462
__end_of_MSSP_I2C_Master_Send_Stop            text15       00242A
__end_of_MSSP_I2C_Master_Write_Blocking       text14       002300
__end_of_RB4_ISR                              text22       002524
__end_of_RB5_ISR                              text21       00250A
__end_of_RB6_ISR                              text20       0024F0
__end_of_RB7_ISR                              text19       0024D6
__end_of_TMR0_ISR                             text26       00253A
__end_of___fladd                              text9        001508
__end_of___fldiv                              text8        0018A2
__end_of___fltol                              text7        001F0E
__end_of___xxtofl                             text6        001A56
__end_of__initialization                      cinit        002358
__end_of_application_intialize                text1        0024BC
__end_of_main                                 text0        001FEE
__initialization                              cinit        002300
__mediumconst                                 mediumconst  000000
__pbssBANK0                                   bssBANK0     0000A5
__pbssCOMRAM                                  bssCOMRAM    000049
__pcinit                                      cinit        002300
__pcstackBANK0                                cstackBANK0  0000D8
__pcstackCOMRAM                               cstackCOMRAM 000001
__pdataBANK0                                  dataBANK0    000060
__pdataCOMRAM                                 dataCOMRAM   000052
__pidataBANK0                                 idataBANK0   0023AC
__pidataCOMRAM                                idataCOMRAM  002524
__pintcode                                    intcode      000008
__pintcode_body                               intcode_body 0020C4
__pintcodelo                                  intcodelo    000018
__psmallconst                                 smallconst   001000
__ptext0                                      text0        001F0E
__ptext1                                      text1        002494
__ptext10                                     text10       001FEE
__ptext11                                     text11       002362
__ptext12                                     text12       001CE0
__ptext13                                     text13       001BA0
__ptext14                                     text14       002298
__ptext15                                     text15       0023F2
__ptext16                                     text16       00242A
__ptext17                                     text17       002228
__ptext19                                     text19       0024BC
__ptext2                                      text2        001A56
__ptext20                                     text20       0024D6
__ptext21                                     text21       0024F0
__ptext22                                     text22       00250A
__ptext23                                     text23       002532
__ptext24                                     text24       002536
__ptext26                                     text26       002538
__ptext27                                     text27       00253A
__ptext28                                     text28       00253C
__ptext3                                      text3        002462
__ptext4                                      text4        00252C
__ptext5                                      text5        002178
__ptext6                                      text6        0018A2
__ptext7                                      text7        001E08
__ptext8                                      text8        001508
__ptext9                                      text9        001048
__ramtop                                      ramtop       001000
__smallconst                                  smallconst   001000
_ack                                          bssCOMRAM    000051
_angle1                                       dataCOMRAM   000052
_application_intialize                        text1        002494
_counter                                      bssBANK0     0000B6
_eusart_Rx_InterruptHandler                   bssCOMRAM    00004D
_eusart_frameerr_CallBack                     bssBANK0     0000D4
_eusart_overrunerr_CallBack                   bssBANK0     0000D6
_flags                                        dataCOMRAM   000053
_i2c_obj                                      dataBANK0    00007E
_lat_registers                                dataBANK0    00006A
_main                                         text0        001F0E
_pinc0                                        dataCOMRAM   000059
_pinc1                                        dataCOMRAM   000058
_port_registers                               dataBANK0    000060
_preloaded_val                                bssBANK0     0000B8
_state                                        bssCOMRAM    00004F
_tris_registers                               dataBANK0    000074
btemp                                         temp         00005A
end_of_initialization                         cinit        002358
int$flags                                     temp         00005A
int_func                                      intcode_body 0020C4
intlevel0                                     text         000000
intlevel1                                     text         000000
intlevel2                                     text         000000
intlevel3                                     text         000000
isa$std                                       (abs)        000001
isa$xinst                                     (abs)        000000
stackhi                                       (abs)        000000
stacklo                                       (abs)        000000
start                                         init         000286
start_initialization                          cinit        002300
ttemp5                                        temp         00005B
ttemp6                                        temp         00005E
ttemp7                                        temp         000062
wtemp8                                        temp         00005B


MODULE INFORMATION

Module		Function		Class		Link	Load	Size
MCAL/Interrupts/mcal_external_interrupt.c
		_RB4_ISR       		CODE           	250A	0000	26
		_RB5_ISR       		CODE           	24F0	0000	26
		_RB6_ISR       		CODE           	24D6	0000	26
		_RB7_ISR       		CODE           	24BC	0000	26
		_INT1_ISR      		CODE           	2532	0000	4

MCAL/Interrupts/mcal_external_interrupt.c estimated size: 108

MCAL/I2C/mcal_i2c.c
		_MSSP_I2C_Init 		CODE           	1A56	0000	330
		_MSSP_I2C_Master_Send_Stop		CODE           	23F2	0000	56
		_I2C_Interrupt_configuration		CODE           	1FEE	0000	214
		_MSSP_I2C_Master_Send_Start		CODE           	242A	0000	56
		_I2C_Slave_Mode_Clock_Configurations		CODE           	2462	0000	50
		_I2C_Master_Mode_Clock_Configurations		CODE           	2178	0000	176
		_MSSP_I2C_Master_Write_Blocking		CODE           	2298	0000	104
		_I2C_Pin_Configurations		CODE           	252C	0000	6

MCAL/I2C/mcal_i2c.c estimated size: 992

C:\Program Files\Microchip\xc8\v2.36\pic\sources\c99\common\sprcdiv.c
		___fldiv       		CODE           	1508	0000	922

C:\Program Files\Microchip\xc8\v2.36\pic\sources\c99\common\sprcdiv.c estimated size: 922

MCAL/Timer0/hal_timer0.c
		_TMR0_ISR      		CODE           	2538	0000	2

MCAL/Timer0/hal_timer0.c estimated size: 2

C:\Program Files\Microchip\xc8\v2.36\pic\sources\c99\common\xxtofl.c
		___xxtofl      		CODE           	18A2	0000	436

C:\Program Files\Microchip\xc8\v2.36\pic\sources\c99\common\xxtofl.c estimated size: 436

MCAL/GPIO/hal_gpio.c
		_GPIO_Pin_Toggle_Logic		CODE           	2228	0000	112
		_GPIO_Pin_Direction_Initialize		CODE           	1BA0	0000	320
		_GPIO_Pin_Initialize		CODE           	2362	0000	74
		_GPIO_Pin_Write_Logic		CODE           	1CE0	0000	296

MCAL/GPIO/hal_gpio.c estimated size: 802

C:\Program Files\Microchip\xc8\v2.36\pic\sources\c99\common\sprcadd.c
		___fladd       		CODE           	1048	0000	1216

C:\Program Files\Microchip\xc8\v2.36\pic\sources\c99\common\sprcadd.c estimated size: 1216

MCAL/Interrupts/mcal_interrupt_manager.c
		_InterruptManagerLow		CODE           	0018	0000	622
		_InterruptManagerHigh		CODE           	0008	0000	186

MCAL/Interrupts/mcal_interrupt_manager.c estimated size: 808

C:\Program Files\Microchip\xc8\v2.36\pic\sources\c99\common\fltol.c
		___fltol       		CODE           	1E08	0000	262

C:\Program Files\Microchip\xc8\v2.36\pic\sources\c99\common\fltol.c estimated size: 262

shared
		__initialization		CODE           	2300	0000	88

shared estimated size: 88

MCAL/EUSART/mcal_EUSART.c
		_EUSART_Rx_ISR 		CODE           	253C	0000	2
		_EUSART_Tx_ISR 		CODE           	253A	0000	2

MCAL/EUSART/mcal_EUSART.c estimated size: 4

application.c
		_main          		CODE           	1F0E	0000	224
		_application_intialize		CODE           	2494	0000	40

application.c estimated size: 264

MCAL/ADC/mcal_adc.c
		_ADC_ISR       		CODE           	2536	0000	2

MCAL/ADC/mcal_adc.c estimated size: 2

