Microchip MPLAB XC8 Compiler V2.36

Linker command line:

-W-3 --edf=C:\Program Files\Microchip\xc8\v2.36\pic\dat\en_msgs.txt -cn \
  -h+dist/default/production\graduation_project.production.sym \
  --cmf=dist/default/production\graduation_project.production.cmf -z \
  -Q18F4620 -oC:\Users\ahmed\AppData\Local\Temp\xcAs83o.4 \
  --defsym=__MPLAB_BUILD=1 \
  -Mdist/default/production/graduation_project.production.map \
  --md=C:\Users\ahmed\AppData\Local\Temp\xcAs83o.dat -E1 -ver=XC8 Compiler \
  --acfsm=1493 -ACODE=00h-0FFFFh -ACONST=00h-0FFFFh \
  -ASMALLCONST=01000h-010FFhx240 -AMEDIUMCONST=01000h-0FFFFh \
  -ACOMRAM=01h-07Fh -AABS1=00h-0F7Fh -ABIGRAM=01h-0F7Fh \
  -ARAM=080h-0FFh,0100h-01FFhx14,0F00h-0F7Fh -ABANK0=080h-0FFh \
  -ABANK1=0100h-01FFh -ABANK2=0200h-02FFh -ABANK3=0300h-03FFh \
  -ABANK4=0400h-04FFh -ABANK5=0500h-05FFh -ABANK6=0600h-06FFh \
  -ABANK7=0700h-07FFh -ABANK8=0800h-08FFh -ABANK9=0900h-09FFh \
  -ABANK10=0A00h-0AFFh -ABANK11=0B00h-0BFFh -ABANK12=0C00h-0CFFh \
  -ABANK13=0D00h-0DFFh -ABANK14=0E00h-0EFFh -ABANK15=0F00h-0F7Fh \
  -ASFR=0F80h-0FFFh -ABIGSFR=0F80h-0FFFh -ACONFIG=0300000h-030000Dh \
  -AIDLOC=0200000h-0200007h -AEEDATA=0F00000h-0F003FFh -peeprom_data=EEDATA \
  -preset_vec=00h,intcode=08h,intcodelo=018h,powerup,init -pramtop=01000h \
  -psmallconst=SMALLCONST -pmediumconst=MEDIUMCONST -pconst=CONST \
  -AFARRAM=00h-00h \
  -prdata=COMRAM,nvrram=COMRAM,nvbit=COMRAM,rbss=COMRAM,rbit=COMRAM \
  -pfarbss=FARRAM,fardata=FARRAM,nvFARRAM=FARRAM \
  -pintsave_regs=BIGRAM,bigbss=BIGRAM,bigdata=BIGRAM -pbss=RAM \
  -pidata=CODE,irdata=CODE,ibigdata=CODE,ifardata=CODE -prparam=COMRAM \
  C:\Users\ahmed\AppData\Local\Temp\xcAs83o.o \
  dist/default/production\graduation_project.production.o 

Object code version is 3.11

Machine type is 18F4620



                Name                               Link     Load   Length Selector   Space Scale
C:\Users\ahmed\AppData\Local\Temp\xcAs83o.o
                idloc                            200000   200000        8        0       5
                config                           300000   300000        E        0       4
                init                                286      286        4        C       0
                reset_vec                             0        0        4        0       0
dist/default/production\graduation_project.production.o
                intcodelo                            18       18      26E        C       0
                intcode                               8        8        6        4       0
                idloc                            200000   200000        8        0       5
                config                           300000   300000        E        0       4
                temp                                 7A       7A        1        1       1
                smallconst                         1000     1000       48      800       0
                text16                             15B0     15B0        2      A9F       0
                text15                             15AE     15AE        2      A9F       0
                text14                             15AC     15AC        2      A9F       0
                intcode_body                       12B0     12B0       B6      824       0
                text12                             15AA     15AA        2      A9F       0
                text11                             15A6     15A6        4      A9F       0
                text10                             158C     158C       1A      A9F       0
                text9                              1572     1572       1A      A9F       0
                text8                              1558     1558       1A      A9F       0
                text7                              153E     153E       1A      A9F       0
                text5                              1048     1048      140      824       0
                text4                              1188     1188      128      824       0
                text3                              142E     142E       4A      824       0
                text2                              1366     1366       74      824       0
                text1                              13DA     13DA       54      824       0
                text0                              1478     1478       46      824       0
                cstackCOMRAM                         67       67       13        1       1
                bssBANK0                             80       80        F       80       1
                dataCOMRAM                            1        1       3D        1       1
                bssCOMRAM                            3E       3E       29        1       1
                cinit                              14BE     14BE       42      824       0
                idataCOMRAM                        1500     1500       3D      824       0

TOTAL           Name                               Link     Load   Length     Space
        CLASS   CODE           
                intcodelo                            18       18      26E         0
                intcode                               8        8        6         0
                init                                286      286        4         0
                reset_vec                             0        0        4         0
                text16                             15B0     15B0        2         0
                text15                             15AE     15AE        2         0
                text14                             15AC     15AC        2         0
                intcode_body                       12B0     12B0       B6         0
                text12                             15AA     15AA        2         0
                text11                             15A6     15A6        4         0
                text10                             158C     158C       1A         0
                text9                              1572     1572       1A         0
                text8                              1558     1558       1A         0
                text7                              153E     153E       1A         0
                text5                              1048     1048      140         0
                text4                              1188     1188      128         0
                text3                              142E     142E       4A         0
                text2                              1366     1366       74         0
                text1                              13DA     13DA       54         0
                text0                              1478     1478       46         0
                cinit                              14BE     14BE       42         0
                idataCOMRAM                        1500     1500       3D         0

        CLASS   CONST          

        CLASS   SMALLCONST     
                smallconst                         1000     1000       48         0

        CLASS   MEDIUMCONST    

        CLASS   COMRAM         
                temp                                 7A       7A        1         1
                cstackCOMRAM                         67       67       13         1
                dataCOMRAM                            1        1       3D         1
                bssCOMRAM                            3E       3E       29         1

        CLASS   ABS1           

        CLASS   BIGRAM         

        CLASS   RAM            

        CLASS   BANK0          
                bssBANK0                             80       80        F         1

        CLASS   BANK1          

        CLASS   BANK2          

        CLASS   BANK3          

        CLASS   BANK4          

        CLASS   BANK5          

        CLASS   BANK6          

        CLASS   BANK7          

        CLASS   BANK8          

        CLASS   BANK9          

        CLASS   BANK10         

        CLASS   BANK11         

        CLASS   BANK12         

        CLASS   BANK13         

        CLASS   BANK14         

        CLASS   BANK15         

        CLASS   SFR            

        CLASS   BIGSFR         

        CLASS   CONFIG         
                config                           300000   300000        E         4

        CLASS   IDLOC          
                idloc                            200000   200000        8         5

        CLASS   EEDATA         

        CLASS   FARRAM         

        CLASS   HEAP           

        CLASS   STACK          



SEGMENTS        Name                           Load    Length   Top    Selector   Space  Class

                reset_vec                      000000  000004  000004         0       0  CODE    
                dataCOMRAM                     000001  00007A  00007B         1       1  COMRAM  
                intcode                        000008  000006  00000E         4       0  CODE    
                intcodelo                      000018  000272  00028A         C       0  CODE    
                bssBANK0                       000080  00000F  00008F        80       1  BANK0   
                smallconst                     001000  000048  001048       800       0  SMALLCON
                text5                          001048  0004F5  00153D       824       0  CODE    
                text7                          00153E  000074  0015B2       A9F       0  CODE    


UNUSED ADDRESS RANGES

        Name                Unused          Largest block    Delta
        BANK0            00008F-0000FF               71
        BANK1            000100-0001FF              100
        BANK10           000A00-000AFF              100
        BANK11           000B00-000BFF              100
        BANK12           000C00-000CFF              100
        BANK13           000D00-000DFF              100
        BANK14           000E00-000EFF              100
        BANK15           000F00-000F7F               80
        BANK2            000200-0002FF              100
        BANK3            000300-0003FF              100
        BANK4            000400-0004FF              100
        BANK5            000500-0005FF              100
        BANK6            000600-0006FF              100
        BANK7            000700-0007FF              100
        BANK8            000800-0008FF              100
        BANK9            000900-0009FF              100
        BIGRAM           00007B-00007F                5
                         00008F-000F7F              EF1
        BIGSFR           000F80-000FFF               80
        CODE             000004-000007                4
                         00000E-000017                A
                         00028A-000FFF              D76
                         00153D-00153D                1
                         0015B2-00FFFF             EA4E
        COMRAM           00007B-00007F                5
        CONST            000004-000007                4
                         00000E-000017                A
                         00028A-000FFF              D76
                         00153D-00153D                1
                         0015B2-00FFFF             EA4E
        EEDATA           F00000-F003FF              400
        MEDIUMCONST      00153D-00153D                1
                         0015B2-00FFFF             EA4E
        RAM              00008F-000F7F              100
        SFR              000F80-000FFF               80
        SMALLCONST       00153D-00153D                1
                         0015B2-00FFFF              100

                                  Symbol Table

Ecu_Stepper_Init@stepper                  cstackCOMRAM 000078
Ecu_Stepper_Step@stepper                  cstackCOMRAM 000075
GPIO_Pin_Direction_Initialize@ERRORSTATUS cstackCOMRAM 000073
GPIO_Pin_Direction_Initialize@_pin_config cstackCOMRAM 00006B
GPIO_Pin_Initialize@ERRORSTATUS           cstackCOMRAM 000077
GPIO_Pin_Initialize@_pin_config           cstackCOMRAM 000075
GPIO_Pin_Write_Logic@ERRORSTATUS          cstackCOMRAM 000074
GPIO_Pin_Write_Logic@_pin_config          cstackCOMRAM 00006B
GPIO_Pin_Write_Logic@logic                cstackCOMRAM 00006D
RB4_ISR@Handler_Select                    cstackCOMRAM 000067
RB5_ISR@Handler_Select                    cstackCOMRAM 000067
RB6_ISR@Handler_Select                    cstackCOMRAM 000067
RB7_ISR@Handler_Select                    cstackCOMRAM 000067
_ADCON0bits                               (abs)        000FC2
_ADCON1bits                               (abs)        000FC1
_ADCON2bits                               (abs)        000FC0
_ADC_ISR                                  text12       0015AA
_ADRESH                                   (abs)        000FC4
_ADRESL                                   (abs)        000FC3
_BAUDCONbits                              (abs)        000FB8
_CCP1CONbits                              (abs)        000FBD
_CCP1_Obj                                 dataCOMRAM   00002E
_CCP2CONbits                              (abs)        000FBA
_CCP2_Obj                                 dataCOMRAM   000022
_CCPR1L                                   (abs)        000FBE
_CCPR2L                                   (abs)        000FBB
_EUSART_Rx_ISR                            text16       0015B0
_EUSART_Tx_ISR                            text15       0015AE
_Ecu_Stepper_Init                         text2        001366
_Ecu_Stepper_Step                         text1        0013DA
_GPIO_Pin_Direction_Initialize            text5        001048
_GPIO_Pin_Initialize                      text3        00142E
_GPIO_Pin_Write_Logic                     text4        001188
_I2C_DefaultInterruptHandler              bssCOMRAM    00005C
_I2C_Report_Receive_Overflow              bssCOMRAM    00005A
_I2C_Report_Write_Collision               bssCOMRAM    000058
_INT0_InterruptHandler                    bssCOMRAM    000056
_INT1_ISR                                 text11       0015A6
_INT1_InterruptHandler                    bssCOMRAM    000054
_INT2_InterruptHandler                    bssCOMRAM    000052
_INTCON2bits                              (abs)        000FF1
_INTCON3bits                              (abs)        000FF0
_INTCONbits                               (abs)        000FF2
_IPR1bits                                 (abs)        000F9F
_IPR2bits                                 (abs)        000FA2
_InterruptManagerHigh                     intcode      000008
_InterruptManagerLow                      intcodelo    000018
_LATA                                     (abs)        000F89
_LATB                                     (abs)        000F8A
_LATC                                     (abs)        000F8B
_LATD                                     (abs)        000F8C
_LATDbits                                 (abs)        000F8C
_LATE                                     (abs)        000F8D
_Movement_State                           bssCOMRAM    000064
_PIE1bits                                 (abs)        000F9D
_PIE2bits                                 (abs)        000FA0
_PIR1bits                                 (abs)        000F9E
_PIR2bits                                 (abs)        000FA1
_PORTA                                    (abs)        000F80
_PORTB                                    (abs)        000F81
_PORTBbits                                (abs)        000F81
_PORTC                                    (abs)        000F82
_PORTD                                    (abs)        000F83
_PORTDbits                                (abs)        000F83
_PORTE                                    (abs)        000F84
_PR2                                      (abs)        000FCB
_RB4_ISR                                  text10       00158C
_RB4_InterruptHandler_HIGH                bssCOMRAM    000050
_RB4_InterruptHandler_LOW                 bssCOMRAM    00004E
_RB5_ISR                                  text9        001572
_RB5_InterruptHandler_HIGH                bssCOMRAM    00004C
_RB5_InterruptHandler_LOW                 bssCOMRAM    00004A
_RB6_ISR                                  text8        001558
_RB6_InterruptHandler_HIGH                bssCOMRAM    000048
_RB6_InterruptHandler_LOW                 bssCOMRAM    000046
_RB7_ISR                                  text7        00153E
_RB7_InterruptHandler_HIGH                bssCOMRAM    000044
_RB7_InterruptHandler_LOW                 bssCOMRAM    000042
_RCONbits                                 (abs)        000FD0
_RCREG                                    (abs)        000FAE
_RCSTA1bits                               (abs)        000FAB
_RCSTAbits                                (abs)        000FAB
_RX9D                                     (abs)        007D58
_SPBRG                                    (abs)        000FAF
_SPBRGH                                   (abs)        000FB0
_SSPADD                                   (abs)        000FC8
_SSPBUF                                   (abs)        000FC9
_SSPCON1bits                              (abs)        000FC6
_SSPCON2bits                              (abs)        000FC5
_SSPSTATbits                              (abs)        000FC7
_T0CONbits                                (abs)        000FD5
_T3CONbits                                (abs)        000FB1
_TMR0H                                    (abs)        000FD7
_TMR0L                                    (abs)        000FD6
_TMR0_ISR                                 text14       0015AC
_TRISA                                    (abs)        000F92
_TRISB                                    (abs)        000F93
_TRISBbits                                (abs)        000F93
_TRISC                                    (abs)        000F94
_TRISCbits                                (abs)        000F94
_TRISD                                    (abs)        000F95
_TRISDbits                                (abs)        000F95
_TRISE                                    (abs)        000F96
_TXREG                                    (abs)        000FAD
_TXSTA1bits                               (abs)        000FAC
_TXSTAbits                                (abs)        000FAC
_W1_W3_W5_Motor_Control                   dataCOMRAM   00003C
_W2_W4_W6_Motor_Control                   dataCOMRAM   00003A
_WDTCONbits                               (abs)        000FD1
__HRAM                                    (abs)        000000
__Habs1                                   abs1         000000
__Hbank0                                  bank0        000000
__Hbank1                                  bank1        000000
__Hbank10                                 bank10       000000
__Hbank11                                 bank11       000000
__Hbank12                                 bank12       000000
__Hbank13                                 bank13       000000
__Hbank14                                 bank14       000000
__Hbank15                                 bank15       000000
__Hbank2                                  bank2        000000
__Hbank3                                  bank3        000000
__Hbank4                                  bank4        000000
__Hbank5                                  bank5        000000
__Hbank6                                  bank6        000000
__Hbank7                                  bank7        000000
__Hbank8                                  bank8        000000
__Hbank9                                  bank9        000000
__Hbigbss                                 bigbss       000000
__Hbigdata                                bigdata      000000
__Hbigram                                 bigram       000000
__Hbigsfr                                 bigsfr       000000
__Hbss                                    bss          000000
__HbssBANK0                               bssBANK0     000000
__HbssCOMRAM                              bssCOMRAM    000000
__Hcinit                                  cinit        000000
__Hclrtext                                clrtext      000000
__Hcomram                                 comram       000000
__Hconfig                                 config       30000E
__Hconst                                  const        000000
__HcstackCOMRAM                           cstackCOMRAM 000000
__Hdata                                   data         000000
__HdataCOMRAM                             dataCOMRAM   000000
__Heeprom_data                            eeprom_data  000000
__Hfarbss                                 farbss       000000
__Hfardata                                fardata      000000
__Hheap                                   heap         000000
__Hibigdata                               ibigdata     000000
__Hidata                                  idata        000000
__HidataCOMRAM                            idataCOMRAM  000000
__Hidloc                                  idloc        200008
__Hifardata                               ifardata     000000
__Hinit                                   init         00028A
__Hintcode                                intcode      00000E
__Hintcode_body                           intcode_body 000000
__Hintcodelo                              intcodelo    000286
__Hintentry                               intentry     000000
__Hintret                                 intret       000000
__Hintsave_regs                           intsave_regs 000000
__Hirdata                                 irdata       000000
__Hmediumconst                            mediumconst  000000
__HnvFARRAM                               nvFARRAM     000000
__Hnvbit                                  nvbit        000000
__Hnvrram                                 nvrram       000000
__Hparam                                  rparam       000000
__Hpowerup                                powerup      000286
__Hram                                    ram          000000
__Hramtop                                 ramtop       001000
__Hrbit                                   rbit         000000
__Hrbss                                   rbss         000000
__Hrdata                                  rdata        000000
__Hreset_vec                              reset_vec    000004
__Hrparam                                 rparam       000000
__Hsfr                                    sfr          000000
__Hsmallconst                             smallconst   001048
__Hspace_0                                (abs)        0015B2
__Hspace_1                                (abs)        00008F
__Hspace_2                                (abs)        000000
__Hspace_4                                (abs)        60000E
__Hstack                                  stack        000000
__Hstruct                                 struct       000000
__Htemp                                   temp         00007B
__Htext                                   text         000000
__Htext0                                  text0        000000
__Htext1                                  text1        000000
__Htext10                                 text10       000000
__Htext11                                 text11       000000
__Htext12                                 text12       000000
__Htext14                                 text14       000000
__Htext15                                 text15       000000
__Htext16                                 text16       000000
__Htext2                                  text2        000000
__Htext3                                  text3        000000
__Htext4                                  text4        000000
__Htext5                                  text5        000000
__Htext7                                  text7        000000
__Htext8                                  text8        000000
__Htext9                                  text9        000000
__LRAM                                    (abs)        000001
__Labs1                                   abs1         000000
__Lbank0                                  bank0        000000
__Lbank1                                  bank1        000000
__Lbank10                                 bank10       000000
__Lbank11                                 bank11       000000
__Lbank12                                 bank12       000000
__Lbank13                                 bank13       000000
__Lbank14                                 bank14       000000
__Lbank15                                 bank15       000000
__Lbank2                                  bank2        000000
__Lbank3                                  bank3        000000
__Lbank4                                  bank4        000000
__Lbank5                                  bank5        000000
__Lbank6                                  bank6        000000
__Lbank7                                  bank7        000000
__Lbank8                                  bank8        000000
__Lbank9                                  bank9        000000
__Lbigbss                                 bigbss       000000
__Lbigdata                                bigdata      000000
__Lbigram                                 bigram       000000
__Lbigsfr                                 bigsfr       000000
__Lbss                                    bss          000000
__LbssBANK0                               bssBANK0     000000
__LbssCOMRAM                              bssCOMRAM    000000
__Lcinit                                  cinit        000000
__Lclrtext                                clrtext      000000
__Lcomram                                 comram       000000
__Lconfig                                 config       000000
__Lconst                                  const        000000
__LcstackCOMRAM                           cstackCOMRAM 000000
__Ldata                                   data         000000
__LdataCOMRAM                             dataCOMRAM   000000
__Leeprom_data                            eeprom_data  000000
__Lfarbss                                 farbss       000000
__Lfardata                                fardata      000000
__Lheap                                   heap         000000
__Libigdata                               ibigdata     000000
__Lidata                                  idata        000000
__LidataCOMRAM                            idataCOMRAM  000000
__Lidloc                                  idloc        000000
__Lifardata                               ifardata     000000
__Linit                                   init         000286
__Lintcode                                intcode      000008
__Lintcode_body                           intcode_body 000000
__Lintcodelo                              intcodelo    000018
__Lintentry                               intentry     000000
__Lintret                                 intret       000000
__Lintsave_regs                           intsave_regs 000000
__Lirdata                                 irdata       000000
__Lmediumconst                            mediumconst  000000
__LnvFARRAM                               nvFARRAM     000000
__Lnvbit                                  nvbit        000000
__Lnvrram                                 nvrram       000000
__Lparam                                  rparam       000000
__Lpowerup                                powerup      000286
__Lram                                    ram          000000
__Lramtop                                 ramtop       001000
__Lrbit                                   rbit         000000
__Lrbss                                   rbss         000000
__Lrdata                                  rdata        000000
__Lreset_vec                              reset_vec    000000
__Lrparam                                 rparam       000000
__Lsfr                                    sfr          000000
__Lsmallconst                             smallconst   001000
__Lspace_0                                (abs)        000000
__Lspace_1                                (abs)        000000
__Lspace_2                                (abs)        000000
__Lspace_4                                (abs)        000000
__Lstack                                  stack        000000
__Lstruct                                 struct       000000
__Ltemp                                   temp         00007A
__Ltext                                   text         000000
__Ltext0                                  text0        000000
__Ltext1                                  text1        000000
__Ltext10                                 text10       000000
__Ltext11                                 text11       000000
__Ltext12                                 text12       000000
__Ltext14                                 text14       000000
__Ltext15                                 text15       000000
__Ltext16                                 text16       000000
__Ltext2                                  text2        000000
__Ltext3                                  text3        000000
__Ltext4                                  text4        000000
__Ltext5                                  text5        000000
__Ltext7                                  text7        000000
__Ltext8                                  text8        000000
__Ltext9                                  text9        000000
__S0                                      (abs)        0015B2
__S1                                      (abs)        00008F
__S4                                      (abs)        000000
__S5                                      (abs)        000000
___heap_hi                                (abs)        000000
___heap_lo                                (abs)        000000
___inthi_sp                               stack        000000
___intlo_sp                               stack        000000
___param_bank                             (abs)        000000
___rparam_used                            (abs)        000001
___sp                                     stack        000000
__accesstop                               (abs)        000080
__activetblptr                            (abs)        000003
__end_of_ADC_ISR                          text12       0015AC
__end_of_EUSART_Rx_ISR                    text16       0015B2
__end_of_EUSART_Tx_ISR                    text15       0015B0
__end_of_Ecu_Stepper_Init                 text2        0013DA
__end_of_Ecu_Stepper_Step                 text1        00142E
__end_of_GPIO_Pin_Direction_Initialize    text5        001188
__end_of_GPIO_Pin_Initialize              text3        001478
__end_of_GPIO_Pin_Write_Logic             text4        0012B0
__end_of_INT1_ISR                         text11       0015AA
__end_of_InterruptManagerHigh             intcode_body 001366
__end_of_InterruptManagerLow              intcodelo    000286
__end_of_RB4_ISR                          text10       0015A6
__end_of_RB5_ISR                          text9        00158C
__end_of_RB6_ISR                          text8        001572
__end_of_RB7_ISR                          text7        001558
__end_of_TMR0_ISR                         text14       0015AE
__end_of__initialization                  cinit        0014F6
__end_of_main                             text0        0014BE
__initialization                          cinit        0014BE
__mediumconst                             mediumconst  000000
__pbssBANK0                               bssBANK0     000080
__pbssCOMRAM                              bssCOMRAM    00003E
__pcinit                                  cinit        0014BE
__pcstackCOMRAM                           cstackCOMRAM 000067
__pdataCOMRAM                             dataCOMRAM   000001
__pidataCOMRAM                            idataCOMRAM  001500
__pintcode                                intcode      000008
__pintcode_body                           intcode_body 0012B0
__pintcodelo                              intcodelo    000018
__psmallconst                             smallconst   001000
__ptext0                                  text0        001478
__ptext1                                  text1        0013DA
__ptext10                                 text10       00158C
__ptext11                                 text11       0015A6
__ptext12                                 text12       0015AA
__ptext14                                 text14       0015AC
__ptext15                                 text15       0015AE
__ptext16                                 text16       0015B0
__ptext2                                  text2        001366
__ptext3                                  text3        00142E
__ptext4                                  text4        001188
__ptext5                                  text5        001048
__ptext7                                  text7        00153E
__ptext8                                  text8        001558
__ptext9                                  text9        001572
__ramtop                                  ramtop       001000
__smallconst                              smallconst   001000
_counter                                  bssCOMRAM    00003E
_dir_pin1                                 dataCOMRAM   00001F
_eusart_Rx_InterruptHandler               bssCOMRAM    000062
_eusart_frameerr_CallBack                 bssCOMRAM    00005E
_eusart_overrunerr_CallBack               bssCOMRAM    000060
_flags                                    dataCOMRAM   000021
_lat_registers                            dataCOMRAM   00000B
_main                                     text0        001478
_port_registers                           dataCOMRAM   000001
_preloaded_val                            bssCOMRAM    000040
_step_pin1                                dataCOMRAM   000020
_stepper1                                 bssCOMRAM    000065
_tris_registers                           dataCOMRAM   000015
btemp                                     temp         00007A
end_of_initialization                     cinit        0014F6
int$flags                                 temp         00007A
int_func                                  intcode_body 0012B0
intlevel0                                 text         000000
intlevel1                                 text         000000
intlevel2                                 text         000000
intlevel3                                 text         000000
isa$std                                   (abs)        000001
isa$xinst                                 (abs)        000000
stackhi                                   (abs)        000000
stacklo                                   (abs)        000000
start                                     init         000286
start_initialization                      cinit        0014BE
ttemp5                                    temp         00007B
ttemp6                                    temp         00007E
ttemp7                                    temp         000082
wtemp8                                    temp         00007B


MODULE INFORMATION

Module		Function		Class		Link	Load	Size
MCAL/Interrupts/mcal_external_interrupt.c
		_RB4_ISR       		CODE           	158C	0000	26
		_RB5_ISR       		CODE           	1572	0000	26
		_RB6_ISR       		CODE           	1558	0000	26
		_RB7_ISR       		CODE           	153E	0000	26
		_INT1_ISR      		CODE           	15A6	0000	4

MCAL/Interrupts/mcal_external_interrupt.c estimated size: 108

MCAL/Timer0/hal_timer0.c
		_TMR0_ISR      		CODE           	15AC	0000	2

MCAL/Timer0/hal_timer0.c estimated size: 2

MCAL/GPIO/hal_gpio.c
		_GPIO_Pin_Direction_Initialize		CODE           	1048	0000	320
		_GPIO_Pin_Initialize		CODE           	142E	0000	74
		_GPIO_Pin_Write_Logic		CODE           	1188	0000	296

MCAL/GPIO/hal_gpio.c estimated size: 690

ECU/Stepper/ecu_stepper.c
		_Ecu_Stepper_Step		CODE           	13DA	0000	84
		_Ecu_Stepper_Init		CODE           	1366	0000	116

ECU/Stepper/ecu_stepper.c estimated size: 200

MCAL/Interrupts/mcal_interrupt_manager.c
		_InterruptManagerLow		CODE           	0018	0000	622
		_InterruptManagerHigh		CODE           	0008	0000	188

MCAL/Interrupts/mcal_interrupt_manager.c estimated size: 810

shared
		__initialization		CODE           	14BE	0000	56

shared estimated size: 56

MCAL/EUSART/mcal_EUSART.c
		_EUSART_Rx_ISR 		CODE           	15B0	0000	2
		_EUSART_Tx_ISR 		CODE           	15AE	0000	2

MCAL/EUSART/mcal_EUSART.c estimated size: 4

application.c
		_main          		CODE           	1478	0000	70

application.c estimated size: 70

MCAL/ADC/mcal_adc.c
		_ADC_ISR       		CODE           	15AA	0000	2

MCAL/ADC/mcal_adc.c estimated size: 2

