Microchip MPLAB XC8 Compiler V2.30

Linker command line:

-W-3 --edf=C:\Program Files\Microchip\xc8\v2.30\pic\dat\en_msgs.txt -cn \
  -h+dist/default/production\graduation_project.production.sym \
  --cmf=dist/default/production\graduation_project.production.cmf -z \
  -Q18F4620 -oC:\Users\ahmed radwan\AppData\Local\Temp\sqf8x2 \
  --defsym=__MPLAB_BUILD=1 \
  -Mdist/default/production/graduation_project.production.map -E1 \
  -ver=XC8 Compiler --acfsm=1493 -ASTACK=013Fh-0F7Fh -pstack=STACK \
  -ACODE=00h-0FFFFh -ACONST=00h-0FFFFh -ASMALLCONST=01000h-010FFhx240 \
  -AMEDIUMCONST=01000h-0FFFFh -ACOMRAM=01h-07Fh -AABS1=00h-0F7Fh \
  -ABIGRAM=01h-0F7Fh -ARAM=080h-0FFh,0100h-01FFhx14,0F00h-0F7Fh \
  -ABANK0=080h-0FFh -ABANK1=0100h-01FFh -ABANK2=0200h-02FFh \
  -ABANK3=0300h-03FFh -ABANK4=0400h-04FFh -ABANK5=0500h-05FFh \
  -ABANK6=0600h-06FFh -ABANK7=0700h-07FFh -ABANK8=0800h-08FFh \
  -ABANK9=0900h-09FFh -ABANK10=0A00h-0AFFh -ABANK11=0B00h-0BFFh \
  -ABANK12=0C00h-0CFFh -ABANK13=0D00h-0DFFh -ABANK14=0E00h-0EFFh \
  -ABANK15=0F00h-0F7Fh -ASFR=0F80h-0FFFh -ACONFIG=0300000h-030000Dh \
  -AIDLOC=0200000h-0200007h -AEEDATA=0F00000h-0F003FFh -peeprom_data=EEDATA \
  -preset_vec=00h,intcode=08h,intcodelo=018h,powerup,init -pramtop=01000h \
  -psmallconst=SMALLCONST -pmediumconst=MEDIUMCONST -pconst=CONST \
  -AFARRAM=00h-00h \
  -prdata=COMRAM,nvrram=COMRAM,nvbit=COMRAM,rbss=COMRAM,rbit=COMRAM \
  -pfarbss=FARRAM,fardata=FARRAM,nvFARRAM=FARRAM \
  -pintsave_regs=BIGRAM,bigbss=BIGRAM,bigdata=BIGRAM -pbss=RAM \
  -pidata=CODE,irdata=CODE,ibigdata=CODE,ifardata=CODE -prparam=COMRAM \
  C:\Users\ahmed radwan\AppData\Local\Temp\sqf8x8.o \
  dist/default/production\graduation_project.production.o 

Object code version is 3.11

Machine type is 18F4620



                Name                               Link     Load   Length Selector   Space Scale
C:\Users\ahmed radwan\AppData\Local\Temp\sqf8x8.o
                idloc                            200000   200000        8        0       5
                config                           300000   300000        E        0       4
                init                                286      286        4        C       0
                reset_vec                             0        0        4        0       0
dist/default/production\graduation_project.production.o
                intcodelo                            18       18      26E        C       0
                intcode                               8        8        6        4       0
                idloc                            200000   200000        8        0       5
                config                           300000   300000        E        0       4
                temp                                 56       56        1        1       1
                smallconst                         1000     1000       58      800       0
                text49                             30D2     30D2       68      82C       0
                text48                             306A     306A       68      82C       0
                text47                             2828     2828       E4      82C       0
                text46                             3578     3578       2A      82C       0
                text45                             1DA4     1DA4      20A      82C       0
                text44                             2512     2512      128      82C       0
                text43                             348E     348E       46      82C       0
                text42                             2E2E     2E2E       7A      82C       0
                text41                             3264     3264       62      82C       0
                text40                             3202     3202       62      82C       0
                text39                             2A70     2A70       B0      82C       0
                text38                             3510     3510       3C      82C       0
                text37                             2F8C     2F8C       70      82C       0
                text36                             3444     3444       4A      82C       0
                text35                             354C     354C       2C      82C       0
                text34                             3648     3648        2     1B1F       0
                text33                             34D4     34D4       3C      82C       0
                text32                             35A2     35A2       26      82C       0
                text31                             33FA     33FA       4A      82C       0
                intcode_body                       2742     2742       E6      82C       0
                text29                             3646     3646        2     1B1F       0
                text28                             3642     3642        4     1B1F       0
                text27                             3616     3616       1A      82C       0
                text26                             35FC     35FC       1A      82C       0
                text25                             35E2     35E2       1A      82C       0
                text24                             35C8     35C8       1A      82C       0
                text22                             2EA8     2EA8       74      82C       0
                text21                             2C7A     2C7A       A2      82C       0
                text20                             29BE     29BE       B2      82C       0
                text19                             2D1C     2D1C       90      82C       0
                text18                             1058     1058      55E      82C       0
                text17                             15B6     15B6      42E      82C       0
                text16                             263A     263A      108      82C       0
                text15                             1FAE     1FAE      1B8      82C       0
                text14                             19E4     19E4      3C0      82C       0
                text13                             31A0     31A0       62      82C       0
                text12                             363E     363E        4     1B1F       0
                text11                             2166     2166      146      82C       0
                text10                             23E4     23E4      12E      82C       0
                text9                              3316     3316       50      82C       0
                text8                              33B0     33B0       4A      82C       0
                text7                              2DAC     2DAC       82      82C       0
                text6                              2F1C     2F1C       70      82C       0
                text5                              22AC     22AC      138      82C       0
                text4                              32C6     32C6       50      82C       0
                text3                              313A     313A       66      82C       0
                text2                              290C     290C       B2      82C       0
                text1                              2B20     2B20       AE      82C       0
                text0                              2BCE     2BCE       AC      82C       0
                cstackCOMRAM                          1        1       2D        1       1
                cstackBANK0                          CA       CA       20       80       1
                cstackBANK1                         100      100       25      100       1
                bssBANK1                            125      125       1A      100       1
                dataBANK0                            80       80       4A       80       1
                bssBANK0                             EA       EA       16       80       1
                dataCOMRAM                           49       49        D        1       1
                bssCOMRAM                            2E       2E       1B        1       1
                cinit                              2FFC     2FFC       6E      82C       0
                idataBANK0                         3366     3366       4A      82C       0
                idataCOMRAM                        3630     3630        D      82C       0

TOTAL           Name                               Link     Load   Length     Space
        CLASS   STACK          

        CLASS   CODE           
                intcodelo                            18       18      26E         0
                intcode                               8        8        6         0
                init                                286      286        4         0
                reset_vec                             0        0        4         0
                text49                             30D2     30D2       68         0
                text48                             306A     306A       68         0
                text47                             2828     2828       E4         0
                text46                             3578     3578       2A         0
                text45                             1DA4     1DA4      20A         0
                text44                             2512     2512      128         0
                text43                             348E     348E       46         0
                text42                             2E2E     2E2E       7A         0
                text41                             3264     3264       62         0
                text40                             3202     3202       62         0
                text39                             2A70     2A70       B0         0
                text38                             3510     3510       3C         0
                text37                             2F8C     2F8C       70         0
                text36                             3444     3444       4A         0
                text35                             354C     354C       2C         0
                text34                             3648     3648        2         0
                text33                             34D4     34D4       3C         0
                text32                             35A2     35A2       26         0
                text31                             33FA     33FA       4A         0
                intcode_body                       2742     2742       E6         0
                text29                             3646     3646        2         0
                text28                             3642     3642        4         0
                text27                             3616     3616       1A         0
                text26                             35FC     35FC       1A         0
                text25                             35E2     35E2       1A         0
                text24                             35C8     35C8       1A         0
                text22                             2EA8     2EA8       74         0
                text21                             2C7A     2C7A       A2         0
                text20                             29BE     29BE       B2         0
                text19                             2D1C     2D1C       90         0
                text18                             1058     1058      55E         0
                text17                             15B6     15B6      42E         0
                text16                             263A     263A      108         0
                text15                             1FAE     1FAE      1B8         0
                text14                             19E4     19E4      3C0         0
                text13                             31A0     31A0       62         0
                text12                             363E     363E        4         0
                text11                             2166     2166      146         0
                text10                             23E4     23E4      12E         0
                text9                              3316     3316       50         0
                text8                              33B0     33B0       4A         0
                text7                              2DAC     2DAC       82         0
                text6                              2F1C     2F1C       70         0
                text5                              22AC     22AC      138         0
                text4                              32C6     32C6       50         0
                text3                              313A     313A       66         0
                text2                              290C     290C       B2         0
                text1                              2B20     2B20       AE         0
                text0                              2BCE     2BCE       AC         0
                cinit                              2FFC     2FFC       6E         0
                idataBANK0                         3366     3366       4A         0
                idataCOMRAM                        3630     3630        D         0

        CLASS   CONST          

        CLASS   SMALLCONST     
                smallconst                         1000     1000       58         0

        CLASS   MEDIUMCONST    

        CLASS   COMRAM         
                temp                                 56       56        1         1
                cstackCOMRAM                          1        1       2D         1
                dataCOMRAM                           49       49        D         1
                bssCOMRAM                            2E       2E       1B         1

        CLASS   ABS1           

        CLASS   BIGRAM         

        CLASS   RAM            

        CLASS   BANK0          
                cstackBANK0                          CA       CA       20         1
                dataBANK0                            80       80       4A         1
                bssBANK0                             EA       EA       16         1

        CLASS   BANK1          
                cstackBANK1                         100      100       25         1
                bssBANK1                            125      125       1A         1

        CLASS   BANK2          

        CLASS   BANK3          

        CLASS   BANK4          

        CLASS   BANK5          

        CLASS   BANK6          

        CLASS   BANK7          

        CLASS   BANK8          

        CLASS   BANK9          

        CLASS   BANK10         

        CLASS   BANK11         

        CLASS   BANK12         

        CLASS   BANK13         

        CLASS   BANK14         

        CLASS   BANK15         

        CLASS   SFR            

        CLASS   CONFIG         
                config                           300000   300000        E         4

        CLASS   IDLOC          
                idloc                            200000   200000        8         5

        CLASS   EEDATA         

        CLASS   FARRAM         



SEGMENTS        Name                           Load    Length   Top    Selector   Space  Class

                reset_vec                      000000  000004  000004         0       0  CODE    
                cstackCOMRAM                   000001  000056  000057         1       1  COMRAM  
                intcode                        000008  000006  00000E         4       0  CODE    
                intcodelo                      000018  000272  00028A         C       0  CODE    
                dataBANK0                      000080  000080  000100        80       1  BANK0   
                cstackBANK1                    000100  00003F  00013F       100       1  BANK1   
                smallconst                     001000  000058  001058       800       0  SMALLCON
                text18                         001058  0025E5  00363D       82C       0  CODE    
                text12                         00363E  00000C  00364A      1B1F       0  CODE    


UNUSED ADDRESS RANGES

        Name                Unused          Largest block    Delta
        BANK1            00013F-0001FF               C1
        BANK10           000A00-000AFF              100
        BANK11           000B00-000BFF              100
        BANK12           000C00-000CFF              100
        BANK13           000D00-000DFF              100
        BANK14           000E00-000EFF              100
        BANK15           000F00-000F7F               80
        BANK2            000200-0002FF              100
        BANK3            000300-0003FF              100
        BANK4            000400-0004FF              100
        BANK5            000500-0005FF              100
        BANK6            000600-0006FF              100
        BANK7            000700-0007FF              100
        BANK8            000800-0008FF              100
        BANK9            000900-0009FF              100
        BIGRAM           000057-00007F               29
                         00013F-000F7F              E41
        CODE             000004-000007                4
                         00000E-000017                A
                         00028A-000FFF              D76
                         00363D-00363D                1
                         00364A-00FFFF             C9B6
        COMRAM           000057-00007F               29
        CONST            000004-000007                4
                         00000E-000017                A
                         00028A-000FFF              D76
                         00363D-00363D                1
                         00364A-00FFFF             C9B6
        EEDATA           F00000-F003FF              400
        MEDIUMCONST      00363D-00363D                1
                         00364A-00FFFF             C9B6
        RAM              00013F-000F7F              100
        SFR              000F80-000FFF               80
        SMALLCONST       00363D-00363D                1
                         00364A-00FFFF              100
        STACK            00013F-000F7F              E41

                                  Symbol Table

?___fladd                                  cstackBANK0  0000E0
?___fldiv                                  cstackBANK0  0000D4
?___fltol                                  cstackCOMRAM 00002A
?___xxtofl                                 cstackCOMRAM 00002A
Bluetooth_Send_Data_Non_Blocking@_uart_obj cstackCOMRAM 00000D
Bluetooth_Send_Data_Non_Blocking@data      cstackCOMRAM 00000F
ECU_DC_Motor_Stop@dc_motor                 cstackCOMRAM 00000B
EUSART_Async_Init@_eusart_obj              cstackBANK1  000120
EUSART_Async_Init@ret_val                  cstackBANK1  000122
EUSART_Async_Read_Data@_eusart_obj         cstackCOMRAM 000006
EUSART_Async_Read_Data@data                cstackCOMRAM 000008
EUSART_Async_Read_Data@l_temp_data         cstackCOMRAM 000013
EUSART_Async_Transmit_Data@_eusart_obj     cstackCOMRAM 000006
EUSART_Async_Transmit_Data@data            cstackCOMRAM 000008
GPIO_Pin_Direction_Initialize@ERRORSTATUS  cstackCOMRAM 00002C
GPIO_Pin_Direction_Initialize@_pin_config  cstackCOMRAM 00002A
GPIO_Pin_Initialize@ERRORSTATUS            cstackBANK0  0000D2
GPIO_Pin_Initialize@_pin_config            cstackBANK0  0000D0
GPIO_Pin_Toggle_Logic@_pin_config          cstackCOMRAM 00002A
GPIO_Pin_Write_Logic@ERRORSTATUS           cstackCOMRAM 00002D
GPIO_Pin_Write_Logic@_pin_config           cstackCOMRAM 00002A
GPIO_Pin_Write_Logic@logic                 cstackCOMRAM 00002C
RB4_ISR@Handler_Select                     cstackCOMRAM 000026
RB5_ISR@Handler_Select                     cstackCOMRAM 000026
RB6_ISR@Handler_Select                     cstackCOMRAM 000026
RB7_ISR@Handler_Select                     cstackCOMRAM 000026
Rx_config_interrupt@_rx_obj                cstackCOMRAM 00002A
Rx_config_interrupt@ret_val                cstackCOMRAM 00002C
_ADCON0bits                                (abs)        000FC2
_ADCON1bits                                (abs)        000FC1
_ADCON2bits                                (abs)        000FC0
_ADC_ISR                                   text29       003646
_ADRESH                                    (abs)        000FC4
_ADRESL                                    (abs)        000FC3
_BAUDCONbits                               (abs)        000FB8
_Bluetooth_Send_Data_Non_Blocking          text46       003578
_CCP1CONbits                               (abs)        000FBD
_CCP1_Obj                                  dataBANK0    0000B4
_CCP2CONbits                               (abs)        000FBA
_CCP2_Obj                                  dataBANK0    0000AA
_CCPR1L                                    (abs)        000FBE
_CCPR2L                                    (abs)        000FBB
_ECU_DC_Motor_Stop                         text33       0034D4
_EUSART_Async_Init                         text13       0031A0
_EUSART_Async_Read_Data                    text45       001DA4
_EUSART_Async_Read_Data$1599               cstackCOMRAM 00000D
_EUSART_Async_Read_Data$1600               cstackCOMRAM 00000F
_EUSART_Async_Read_Data$1601               cstackCOMRAM 000011
_EUSART_Async_Transmit_Data                text47       002828
_EUSART_Rx_ISR                             text35       00354C
_EUSART_Tx_ISR                             text34       003648
_GPIO_Pin_Direction_Initialize             text11       002166
_GPIO_Pin_Initialize                       text9        003316
_GPIO_Pin_Toggle_Logic                     text22       002EA8
_GPIO_Pin_Write_Logic                      text10       0023E4
_I2C_DefaultInterruptHandler               bssBANK0     0000FA
_I2C_Report_Receive_Overflow               bssBANK0     0000F8
_I2C_Report_Write_Collision                bssBANK0     0000F6
_INT0_InterruptHandler                     bssBANK0     0000F4
_INT1_ISR                                  text28       003642
_INT1_InterruptHandler                     bssCOMRAM    000040
_INT2_InterruptHandler                     bssBANK0     0000F2
_INTCON2bits                               (abs)        000FF1
_INTCON3bits                               (abs)        000FF0
_INTCONbits                                (abs)        000FF2
_IPR1bits                                  (abs)        000F9F
_IPR2bits                                  (abs)        000FA2
_InterruptManagerHigh                      intcode      000008
_InterruptManagerLow                       intcodelo    000018
_LATA                                      (abs)        000F89
_LATB                                      (abs)        000F8A
_LATC                                      (abs)        000F8B
_LATD                                      (abs)        000F8C
_LATE                                      (abs)        000F8D
_Movement_State                            bssCOMRAM    000046
_PIE1bits                                  (abs)        000F9D
_PIE2bits                                  (abs)        000FA0
_PIR1bits                                  (abs)        000F9E
_PIR2bits                                  (abs)        000FA1
_PORTA                                     (abs)        000F80
_PORTB                                     (abs)        000F81
_PORTBbits                                 (abs)        000F81
_PORTC                                     (abs)        000F82
_PORTD                                     (abs)        000F83
_PORTE                                     (abs)        000F84
_PR2                                       (abs)        000FCB
_RB4_ISR                                   text27       003616
_RB4_InterruptHandler_HIGH                 bssCOMRAM    00003E
_RB4_InterruptHandler_LOW                  bssCOMRAM    00003C
_RB5_ISR                                   text26       0035FC
_RB5_InterruptHandler_HIGH                 bssCOMRAM    00003A
_RB5_InterruptHandler_LOW                  bssCOMRAM    000038
_RB6_ISR                                   text25       0035E2
_RB6_InterruptHandler_HIGH                 bssCOMRAM    000036
_RB6_InterruptHandler_LOW                  bssCOMRAM    000034
_RB7_ISR                                   text24       0035C8
_RB7_InterruptHandler_HIGH                 bssCOMRAM    000032
_RB7_InterruptHandler_LOW                  bssBANK0     0000F0
_RCONbits                                  (abs)        000FD0
_RCREG                                     (abs)        000FAE
_RCSTA1bits                                (abs)        000FAB
_RCSTAbits                                 (abs)        000FAB
_RX9D                                      (abs)        007D58
_Rx_config_interrupt                       text21       002C7A
_SPBRG                                     (abs)        000FAF
_SPBRGH                                    (abs)        000FB0
_SSPADD                                    (abs)        000FC8
_SSPBUF                                    (abs)        000FC9
_SSPCON1bits                               (abs)        000FC6
_SSPCON2bits                               (abs)        000FC5
_SSPSTATbits                               (abs)        000FC7
_T0CONbits                                 (abs)        000FD5
_T3CONbits                                 (abs)        000FB1
_TMR0H                                     (abs)        000FD7
_TMR0L                                     (abs)        000FD6
_TMR0_ISR                                  text31       0033FA
_TRISA                                     (abs)        000F92
_TRISB                                     (abs)        000F93
_TRISBbits                                 (abs)        000F93
_TRISC                                     (abs)        000F94
_TRISCbits                                 (abs)        000F94
_TRISD                                     (abs)        000F95
_TRISE                                     (abs)        000F96
_TXREG                                     (abs)        000FAD
_TXSTA1bits                                (abs)        000FAC
_TXSTAbits                                 (abs)        000FAC
_Timer0                                    dataBANK0    0000C4
_Timer0_Handler                            text32       0035A2
_W1_W5_W2_W6_Motor_Control                 dataCOMRAM   000051
_W3_Motor_Control                          dataCOMRAM   00004F
_W4_Motor_Control                          dataCOMRAM   00004D
_WDTCONbits                                (abs)        000FD1
_WDT_Init                                  text12       00363E
__HRAM                                     (abs)        000000
__Habs1                                    abs1         000000
__Hbank0                                   bank0        000000
__Hbank1                                   bank1        000000
__Hbank10                                  bank10       000000
__Hbank11                                  bank11       000000
__Hbank12                                  bank12       000000
__Hbank13                                  bank13       000000
__Hbank14                                  bank14       000000
__Hbank15                                  bank15       000000
__Hbank2                                   bank2        000000
__Hbank3                                   bank3        000000
__Hbank4                                   bank4        000000
__Hbank5                                   bank5        000000
__Hbank6                                   bank6        000000
__Hbank7                                   bank7        000000
__Hbank8                                   bank8        000000
__Hbank9                                   bank9        000000
__Hbigbss                                  bigbss       000000
__Hbigdata                                 bigdata      000000
__Hbigram                                  bigram       000000
__Hbss                                     bss          000000
__HbssBANK0                                bssBANK0     000000
__HbssBANK1                                bssBANK1     000000
__HbssCOMRAM                               bssCOMRAM    000000
__Hcinit                                   cinit        000000
__Hclrtext                                 clrtext      000000
__Hcomram                                  comram       000000
__Hconfig                                  config       30000E
__Hconst                                   const        000000
__HcstackBANK0                             cstackBANK0  000000
__HcstackBANK1                             cstackBANK1  000000
__HcstackCOMRAM                            cstackCOMRAM 000000
__Hdata                                    data         000000
__HdataBANK0                               dataBANK0    000000
__HdataCOMRAM                              dataCOMRAM   000000
__Heeprom_data                             eeprom_data  000000
__Hfarbss                                  farbss       000000
__Hfardata                                 fardata      000000
__Hibigdata                                ibigdata     000000
__Hidata                                   idata        000000
__HidataBANK0                              idataBANK0   000000
__HidataCOMRAM                             idataCOMRAM  000000
__Hidloc                                   idloc        200008
__Hifardata                                ifardata     000000
__Hinit                                    init         00028A
__Hintcode                                 intcode      00000E
__Hintcode_body                            intcode_body 000000
__Hintcodelo                               intcodelo    000286
__Hintentry                                intentry     000000
__Hintret                                  intret       000000
__Hintsave_regs                            intsave_regs 000000
__Hirdata                                  irdata       000000
__Hmediumconst                             mediumconst  000000
__HnvFARRAM                                nvFARRAM     000000
__Hnvbit                                   nvbit        000000
__Hnvrram                                  nvrram       000000
__Hparam                                   rparam       000000
__Hpowerup                                 powerup      000286
__Hram                                     ram          000000
__Hramtop                                  ramtop       001000
__Hrbit                                    rbit         000000
__Hrbss                                    rbss         000000
__Hrdata                                   rdata        000000
__Hreset_vec                               reset_vec    000004
__Hrparam                                  rparam       000000
__Hsfr                                     sfr          000000
__Hsmallconst                              smallconst   001058
__Hspace_0                                 (abs)        00364A
__Hspace_1                                 (abs)        00013F
__Hspace_2                                 (abs)        000000
__Hspace_4                                 (abs)        60000E
__Hstack                                   stack        000000
__Hstruct                                  struct       000000
__Htemp                                    temp         000057
__Htext                                    text         000000
__Htext0                                   text0        000000
__Htext1                                   text1        000000
__Htext10                                  text10       000000
__Htext11                                  text11       000000
__Htext12                                  text12       000000
__Htext13                                  text13       000000
__Htext14                                  text14       000000
__Htext15                                  text15       000000
__Htext16                                  text16       000000
__Htext17                                  text17       000000
__Htext18                                  text18       000000
__Htext19                                  text19       000000
__Htext2                                   text2        000000
__Htext20                                  text20       000000
__Htext21                                  text21       000000
__Htext22                                  text22       000000
__Htext24                                  text24       000000
__Htext25                                  text25       000000
__Htext26                                  text26       000000
__Htext27                                  text27       000000
__Htext28                                  text28       000000
__Htext29                                  text29       000000
__Htext3                                   text3        000000
__Htext31                                  text31       000000
__Htext32                                  text32       000000
__Htext33                                  text33       000000
__Htext34                                  text34       000000
__Htext35                                  text35       000000
__Htext36                                  text36       000000
__Htext37                                  text37       000000
__Htext38                                  text38       000000
__Htext39                                  text39       000000
__Htext4                                   text4        000000
__Htext40                                  text40       000000
__Htext41                                  text41       000000
__Htext42                                  text42       000000
__Htext43                                  text43       000000
__Htext44                                  text44       000000
__Htext45                                  text45       000000
__Htext46                                  text46       000000
__Htext47                                  text47       000000
__Htext48                                  text48       000000
__Htext49                                  text49       000000
__Htext5                                   text5        000000
__Htext50                                  text50       000000
__Htext6                                   text6        000000
__Htext7                                   text7        000000
__Htext8                                   text8        000000
__Htext9                                   text9        000000
__LRAM                                     (abs)        000001
__Labs1                                    abs1         000000
__Lbank0                                   bank0        000000
__Lbank1                                   bank1        000000
__Lbank10                                  bank10       000000
__Lbank11                                  bank11       000000
__Lbank12                                  bank12       000000
__Lbank13                                  bank13       000000
__Lbank14                                  bank14       000000
__Lbank15                                  bank15       000000
__Lbank2                                   bank2        000000
__Lbank3                                   bank3        000000
__Lbank4                                   bank4        000000
__Lbank5                                   bank5        000000
__Lbank6                                   bank6        000000
__Lbank7                                   bank7        000000
__Lbank8                                   bank8        000000
__Lbank9                                   bank9        000000
__Lbigbss                                  bigbss       000000
__Lbigdata                                 bigdata      000000
__Lbigram                                  bigram       000000
__Lbss                                     bss          000000
__LbssBANK0                                bssBANK0     000000
__LbssBANK1                                bssBANK1     000000
__LbssCOMRAM                               bssCOMRAM    000000
__Lcinit                                   cinit        000000
__Lclrtext                                 clrtext      000000
__Lcomram                                  comram       000000
__Lconfig                                  config       000000
__Lconst                                   const        000000
__LcstackBANK0                             cstackBANK0  000000
__LcstackBANK1                             cstackBANK1  000000
__LcstackCOMRAM                            cstackCOMRAM 000000
__Ldata                                    data         000000
__LdataBANK0                               dataBANK0    000000
__LdataCOMRAM                              dataCOMRAM   000000
__Leeprom_data                             eeprom_data  000000
__Lfarbss                                  farbss       000000
__Lfardata                                 fardata      000000
__Libigdata                                ibigdata     000000
__Lidata                                   idata        000000
__LidataBANK0                              idataBANK0   000000
__LidataCOMRAM                             idataCOMRAM  000000
__Lidloc                                   idloc        000000
__Lifardata                                ifardata     000000
__Linit                                    init         000286
__Lintcode                                 intcode      000008
__Lintcode_body                            intcode_body 000000
__Lintcodelo                               intcodelo    000018
__Lintentry                                intentry     000000
__Lintret                                  intret       000000
__Lintsave_regs                            intsave_regs 000000
__Lirdata                                  irdata       000000
__Lmediumconst                             mediumconst  000000
__LnvFARRAM                                nvFARRAM     000000
__Lnvbit                                   nvbit        000000
__Lnvrram                                  nvrram       000000
__Lparam                                   rparam       000000
__Lpowerup                                 powerup      000286
__Lram                                     ram          000000
__Lramtop                                  ramtop       001000
__Lrbit                                    rbit         000000
__Lrbss                                    rbss         000000
__Lrdata                                   rdata        000000
__Lreset_vec                               reset_vec    000000
__Lrparam                                  rparam       000000
__Lsfr                                     sfr          000000
__Lsmallconst                              smallconst   001000
__Lspace_0                                 (abs)        000000
__Lspace_1                                 (abs)        000000
__Lspace_2                                 (abs)        000000
__Lspace_4                                 (abs)        000000
__Lstack                                   stack        000000
__Lstruct                                  struct       000000
__Ltemp                                    temp         000056
__Ltext                                    text         000000
__Ltext0                                   text0        000000
__Ltext1                                   text1        000000
__Ltext10                                  text10       000000
__Ltext11                                  text11       000000
__Ltext12                                  text12       000000
__Ltext13                                  text13       000000
__Ltext14                                  text14       000000
__Ltext15                                  text15       000000
__Ltext16                                  text16       000000
__Ltext17                                  text17       000000
__Ltext18                                  text18       000000
__Ltext19                                  text19       000000
__Ltext2                                   text2        000000
__Ltext20                                  text20       000000
__Ltext21                                  text21       000000
__Ltext22                                  text22       000000
__Ltext24                                  text24       000000
__Ltext25                                  text25       000000
__Ltext26                                  text26       000000
__Ltext27                                  text27       000000
__Ltext28                                  text28       000000
__Ltext29                                  text29       000000
__Ltext3                                   text3        000000
__Ltext31                                  text31       000000
__Ltext32                                  text32       000000
__Ltext33                                  text33       000000
__Ltext34                                  text34       000000
__Ltext35                                  text35       000000
__Ltext36                                  text36       000000
__Ltext37                                  text37       000000
__Ltext38                                  text38       000000
__Ltext39                                  text39       000000
__Ltext4                                   text4        000000
__Ltext40                                  text40       000000
__Ltext41                                  text41       000000
__Ltext42                                  text42       000000
__Ltext43                                  text43       000000
__Ltext44                                  text44       000000
__Ltext45                                  text45       000000
__Ltext46                                  text46       000000
__Ltext47                                  text47       000000
__Ltext48                                  text48       000000
__Ltext49                                  text49       000000
__Ltext5                                   text5        000000
__Ltext50                                  text50       000000
__Ltext6                                   text6        000000
__Ltext7                                   text7        000000
__Ltext8                                   text8        000000
__Ltext9                                   text9        000000
__S0                                       (abs)        00364A
__S1                                       (abs)        00013F
__S2                                       (abs)        000000
__S4                                       (abs)        000000
__S5                                       (abs)        000000
___fladd                                   text18       001058
___fladd@a                                 cstackBANK0  0000E4
___fladd@aexp                              cstackBANK1  000112
___fladd@b                                 cstackBANK0  0000E0
___fladd@bexp                              cstackBANK1  000113
___fladd@grs                               cstackBANK1  000114
___fladd@signs                             cstackBANK1  000111
___fldiv                                   text17       0015B6
___fldiv@a                                 cstackBANK0  0000D8
___fldiv@aexp                              cstackBANK1  00010C
___fldiv@b                                 cstackBANK0  0000D4
___fldiv@bexp                              cstackBANK1  00010B
___fldiv@grs                               cstackBANK1  000107
___fldiv@new_exp                           cstackBANK1  000105
___fldiv@rem                               cstackBANK1  000100
___fldiv@sign                              cstackBANK1  000104
___fltol                                   text16       00263A
___fltol@exp1                              cstackBANK0  0000CF
___fltol@f1                                cstackCOMRAM 00002A
___fltol@sign1                             cstackBANK0  0000CE
___inthi_sp                                stack        000000
___intlo_sp                                stack        000000
___param_bank                              (abs)        000000
___rparam_used                             (abs)        000001
___sp                                      stack        000000
___xxtofl                                  text15       001FAE
___xxtofl@arg                              cstackBANK0  0000D0
___xxtofl@exp                              cstackBANK0  0000CF
___xxtofl@sign                             cstackBANK0  0000CE
___xxtofl@val                              cstackCOMRAM 00002A
__accesstop                                (abs)        000080
__activetblptr                             (abs)        000003
__end_of_ADC_ISR                           text29       003648
__end_of_Bluetooth_Send_Data_Non_Blocking  text46       0035A2
__end_of_ECU_DC_Motor_Stop                 text33       003510
__end_of_EUSART_Async_Init                 text13       003202
__end_of_EUSART_Async_Read_Data            text45       001FAE
__end_of_EUSART_Async_Transmit_Data        text47       00290C
__end_of_EUSART_Rx_ISR                     text35       003578
__end_of_EUSART_Tx_ISR                     text34       00364A
__end_of_GPIO_Pin_Direction_Initialize     text11       0022AC
__end_of_GPIO_Pin_Initialize               text9        003366
__end_of_GPIO_Pin_Toggle_Logic             text22       002F1C
__end_of_GPIO_Pin_Write_Logic              text10       002512
__end_of_INT1_ISR                          text28       003646
__end_of_InterruptManagerHigh              intcode_body 002828
__end_of_InterruptManagerLow               intcodelo    000286
__end_of_RB4_ISR                           text27       003630
__end_of_RB5_ISR                           text26       003616
__end_of_RB6_ISR                           text25       0035FC
__end_of_RB7_ISR                           text24       0035E2
__end_of_Rx_config_interrupt               text21       002D1C
__end_of_TMR0_ISR                          text31       003444
__end_of_Timer0_Handler                    text32       0035C8
__end_of_WDT_Init                          text12       003642
__end_of___fladd                           text18       0015B6
__end_of___fldiv                           text17       0019E4
__end_of___fltol                           text16       002742
__end_of___xxtofl                          text15       002166
__end_of__initialization                   cinit        003060
__end_of_application_intialize             text4        003316
__end_of_async_Rx_config                   text20       002A70
__end_of_async_Tx_config                   text19       002DAC
__end_of_async_config_baud_rate_gen        text14       001DA4
__end_of_calc_parity_even                  text49       00313A
__end_of_calc_parity_odd                   text48       0030D2
__end_of_lcd_4bit_initialize               text5        0023E4
__end_of_lcd_4bit_send_char_data           text3        0031A0
__end_of_lcd_4bit_send_char_data_pos       text38       00354C
__end_of_lcd_4bit_send_command             text6        002F8C
__end_of_lcd_4bit_send_string_data_pos     text1        002BCE
__end_of_lcd_4bits_send_enable_signal      text8        0033FA
__end_of_lcd_4bits_set_courser             text2        0029BE
__end_of_lcd_send_4bits                    text7        002E2E
__end_of_main                              text0        002C7A
__end_of_usart_isr                         text36       00348E
__end_ofi2_GPIO_Pin_Toggle_Logic           text37       002FFC
__end_ofi2_GPIO_Pin_Write_Logic            text44       00263A
__end_ofi2_lcd_4bit_send_char_data         text41       0032C6
__end_ofi2_lcd_4bit_send_command           text40       003264
__end_ofi2_lcd_4bits_send_enable_signal    text43       0034D4
__end_ofi2_lcd_4bits_set_courser           text39       002B20
__end_ofi2_lcd_send_4bits                  text42       002EA8
__initialization                           cinit        002FFC
__mediumconst                              mediumconst  000000
__pbssBANK0                                bssBANK0     0000EA
__pbssBANK1                                bssBANK1     000125
__pbssCOMRAM                               bssCOMRAM    00002E
__pcinit                                   cinit        002FFC
__pcstackBANK0                             cstackBANK0  0000CA
__pcstackBANK1                             cstackBANK1  000100
__pcstackCOMRAM                            cstackCOMRAM 000001
__pdataBANK0                               dataBANK0    000080
__pdataCOMRAM                              dataCOMRAM   000049
__pidataBANK0                              idataBANK0   003366
__pidataCOMRAM                             idataCOMRAM  003630
__pintcode                                 intcode      000008
__pintcode_body                            intcode_body 002742
__pintcodelo                               intcodelo    000018
__psmallconst                              smallconst   001000
__ptext0                                   text0        002BCE
__ptext1                                   text1        002B20
__ptext10                                  text10       0023E4
__ptext11                                  text11       002166
__ptext12                                  text12       00363E
__ptext13                                  text13       0031A0
__ptext14                                  text14       0019E4
__ptext15                                  text15       001FAE
__ptext16                                  text16       00263A
__ptext17                                  text17       0015B6
__ptext18                                  text18       001058
__ptext19                                  text19       002D1C
__ptext2                                   text2        00290C
__ptext20                                  text20       0029BE
__ptext21                                  text21       002C7A
__ptext22                                  text22       002EA8
__ptext24                                  text24       0035C8
__ptext25                                  text25       0035E2
__ptext26                                  text26       0035FC
__ptext27                                  text27       003616
__ptext28                                  text28       003642
__ptext29                                  text29       003646
__ptext3                                   text3        00313A
__ptext31                                  text31       0033FA
__ptext32                                  text32       0035A2
__ptext33                                  text33       0034D4
__ptext34                                  text34       003648
__ptext35                                  text35       00354C
__ptext36                                  text36       003444
__ptext37                                  text37       002F8C
__ptext38                                  text38       003510
__ptext39                                  text39       002A70
__ptext4                                   text4        0032C6
__ptext40                                  text40       003202
__ptext41                                  text41       003264
__ptext42                                  text42       002E2E
__ptext43                                  text43       00348E
__ptext44                                  text44       002512
__ptext45                                  text45       001DA4
__ptext46                                  text46       003578
__ptext47                                  text47       002828
__ptext48                                  text48       00306A
__ptext49                                  text49       0030D2
__ptext5                                   text5        0022AC
__ptext50                                  text50       000000
__ptext6                                   text6        002F1C
__ptext7                                   text7        002DAC
__ptext8                                   text8        0033B0
__ptext9                                   text9        003316
__ramtop                                   ramtop       001000
__size_of_ADC_ISR                          (abs)        000000
__size_of_Bluetooth_Send_Data_Non_Blocking (abs)        000000
__size_of_ECU_DC_Motor_Stop                (abs)        000000
__size_of_EUSART_Async_Init                (abs)        000000
__size_of_EUSART_Async_Read_Data           (abs)        000000
__size_of_EUSART_Async_Transmit_Data       (abs)        000000
__size_of_EUSART_Rx_ISR                    (abs)        000000
__size_of_EUSART_Tx_ISR                    (abs)        000000
__size_of_GPIO_Pin_Direction_Initialize    (abs)        000000
__size_of_GPIO_Pin_Initialize              (abs)        000000
__size_of_GPIO_Pin_Toggle_Logic            (abs)        000000
__size_of_GPIO_Pin_Write_Logic             (abs)        000000
__size_of_INT1_ISR                         (abs)        000000
__size_of_InterruptManagerHigh             (abs)        000000
__size_of_InterruptManagerLow              (abs)        000000
__size_of_RB4_ISR                          (abs)        000000
__size_of_RB5_ISR                          (abs)        000000
__size_of_RB6_ISR                          (abs)        000000
__size_of_RB7_ISR                          (abs)        000000
__size_of_Rx_config_interrupt              (abs)        000000
__size_of_TMR0_ISR                         (abs)        000000
__size_of_Timer0_Handler                   (abs)        000000
__size_of_WDT_Init                         (abs)        000000
__size_of___fladd                          (abs)        000000
__size_of___fldiv                          (abs)        000000
__size_of___fltol                          (abs)        000000
__size_of___xxtofl                         (abs)        000000
__size_of_application_intialize            (abs)        000000
__size_of_async_Rx_config                  (abs)        000000
__size_of_async_Tx_config                  (abs)        000000
__size_of_async_config_baud_rate_gen       (abs)        000000
__size_of_calc_parity_even                 (abs)        000000
__size_of_calc_parity_odd                  (abs)        000000
__size_of_lcd_4bit_initialize              (abs)        000000
__size_of_lcd_4bit_send_char_data          (abs)        000000
__size_of_lcd_4bit_send_char_data_pos      (abs)        000000
__size_of_lcd_4bit_send_command            (abs)        000000
__size_of_lcd_4bit_send_string_data_pos    (abs)        000000
__size_of_lcd_4bits_send_enable_signal     (abs)        000000
__size_of_lcd_4bits_set_courser            (abs)        000000
__size_of_lcd_send_4bits                   (abs)        000000
__size_of_main                             (abs)        000000
__size_of_usart_isr                        (abs)        000000
__size_ofi2_GPIO_Pin_Toggle_Logic          (abs)        000000
__size_ofi2_GPIO_Pin_Write_Logic           (abs)        000000
__size_ofi2_lcd_4bit_send_char_data        (abs)        000000
__size_ofi2_lcd_4bit_send_command          (abs)        000000
__size_ofi2_lcd_4bits_send_enable_signal   (abs)        000000
__size_ofi2_lcd_4bits_set_courser          (abs)        000000
__size_ofi2_lcd_send_4bits                 (abs)        000000
__smallconst                               smallconst   001000
__uart_obj                                 dataBANK0    00009E
_application_intialize                     text4        0032C6
_async_Rx_config                           text20       0029BE
_async_Tx_config                           text19       002D1C
_async_config_baud_rate_gen                text14       0019E4
_async_config_baud_rate_gen$4998           cstackBANK1  00011C
_blue                                      dataCOMRAM   000049
_calc_parity_even                          text49       0030D2
_calc_parity_odd                           text48       00306A
_counter                                   bssCOMRAM    000044
_datarecive                                bssCOMRAM    000048
_datasend                                  dataCOMRAM   00004B
_eusart_Rx_InterruptHandler                bssCOMRAM    000042
_eusart_frameerr_CallBack                  bssBANK0     0000FC
_eusart_overrunerr_CallBack                bssBANK0     0000FE
_flags                                     dataCOMRAM   00004C
_gps                                       dataCOMRAM   00004A
_gpstemp                                   bssCOMRAM    000047
_i                                         bssCOMRAM    000045
_lat_registers                             dataBANK0    00008A
_latitude                                  bssBANK1     000132
_lcd1                                      dataBANK0    0000BE
_lcd_4bit_initialize                       text5        0022AC
_lcd_4bit_send_char_data                   text3        00313A
_lcd_4bit_send_char_data_pos               text38       003510
_lcd_4bit_send_command                     text6        002F1C
_lcd_4bit_send_string_data_pos             text1        002B20
_lcd_4bits_send_enable_signal              text8        0033B0
_lcd_4bits_set_courser                     text2        00290C
_lcd_send_4bits                            text7        002DAC
_longtude                                  bssBANK1     000125
_main                                      text0        002BCE
_pind1                                     dataCOMRAM   000054
_pind2                                     dataCOMRAM   000055
_port_registers                            dataBANK0    000080
_preloaded_val                             bssCOMRAM    00002E
_selector                                  dataCOMRAM   000053
_tmr0_InterruptHandler                     bssCOMRAM    000030
_tris_registers                            dataBANK0    000094
_usart_isr                                 text36       003444
async_Rx_config@_rx_obj                    cstackBANK0  0000CA
async_Rx_config@ret_val                    cstackCOMRAM 00002D
async_Tx_config@_tx_obj                    cstackCOMRAM 00002A
async_Tx_config@ret_val                    cstackCOMRAM 00002C
async_config_baud_rate_gen@Baudrate_temp   cstackBANK1  000118
async_config_baud_rate_gen@_eusart_obj     cstackBANK0  0000E8
async_config_baud_rate_gen@ret_val         cstackBANK1  000117
btemp                                      temp         000056
calc_parity_even@data                      cstackCOMRAM 000003
calc_parity_even@l_counter                 cstackCOMRAM 000005
calc_parity_even@number_of_ones            cstackCOMRAM 000004
calc_parity_odd@data                       cstackCOMRAM 000003
calc_parity_odd@l_counter                  cstackCOMRAM 000005
calc_parity_odd@number_of_ones             cstackCOMRAM 000004
end_of_initialization                      cinit        003060
i2GPIO_Pin_Toggle_Logic@_pin_config        cstackCOMRAM 000001
i2GPIO_Pin_Write_Logic@ERRORSTATUS         cstackCOMRAM 00000A
i2GPIO_Pin_Write_Logic@_pin_config         cstackCOMRAM 000001
i2GPIO_Pin_Write_Logic@logic               cstackCOMRAM 000003
i2_GPIO_Pin_Toggle_Logic                   text37       002F8C
i2_GPIO_Pin_Write_Logic                    text44       002512
i2_lcd_4bit_send_char_data                 text41       003264
i2_lcd_4bit_send_command                   text40       003202
i2_lcd_4bits_send_enable_signal            text43       00348E
i2_lcd_4bits_set_courser                   text39       002A70
i2_lcd_send_4bits                          text42       002E2E
i2lcd_4bit_send_char_data@data             cstackCOMRAM 000011
i2lcd_4bit_send_char_data@lcd              cstackCOMRAM 00000F
i2lcd_4bit_send_command@command            cstackCOMRAM 000011
i2lcd_4bit_send_command@lcd                cstackCOMRAM 00000F
i2lcd_4bits_send_enable_signal@lcd         cstackCOMRAM 00000B
i2lcd_4bits_set_courser@colum              cstackCOMRAM 000016
i2lcd_4bits_set_courser@lcd                cstackCOMRAM 000013
i2lcd_4bits_set_courser@row                cstackCOMRAM 000015
i2lcd_send_4bits@data_command              cstackCOMRAM 00000D
i2lcd_send_4bits@lcd                       cstackCOMRAM 00000B
int$flags                                  temp         000056
int_func                                   intcode_body 002742
intlevel0                                  text         000000
intlevel1                                  text         000000
intlevel2                                  text         000000
intlevel3                                  text         000000
lcd_4bit_initialize@lcd                    cstackBANK0  0000D8
lcd_4bit_initialize@pin_lcd_counter        cstackBANK0  0000DC
lcd_4bit_send_char_data@data               cstackBANK0  0000D6
lcd_4bit_send_char_data@lcd                cstackBANK0  0000D4
lcd_4bit_send_char_data_pos@colum          cstackCOMRAM 00001D
lcd_4bit_send_char_data_pos@data           cstackCOMRAM 00001E
lcd_4bit_send_char_data_pos@lcd            cstackCOMRAM 00001A
lcd_4bit_send_char_data_pos@row            cstackCOMRAM 00001C
lcd_4bit_send_command@ERRORSTATUS          cstackBANK0  0000D7
lcd_4bit_send_command@command              cstackBANK0  0000D6
lcd_4bit_send_command@lcd                  cstackBANK0  0000D4
lcd_4bit_send_string_data_pos@colum        cstackBANK0  0000E2
lcd_4bit_send_string_data_pos@lcd          cstackBANK0  0000DF
lcd_4bit_send_string_data_pos@row          cstackBANK0  0000E1
lcd_4bit_send_string_data_pos@str          cstackBANK0  0000E3
lcd_4bits_send_enable_signal@lcd           cstackBANK0  0000D0
lcd_4bits_set_courser@colum                cstackBANK0  0000DB
lcd_4bits_set_courser@lcd                  cstackBANK0  0000D8
lcd_4bits_set_courser@row                  cstackBANK0  0000DA
lcd_send_4bits@data_command                cstackBANK0  0000D2
lcd_send_4bits@lcd                         cstackBANK0  0000D0
stackhi                                    (abs)        000F7F
stacklo                                    (abs)        00013F
start                                      init         000286
start_initialization                       cinit        002FFC
ttemp5                                     temp         000057
ttemp6                                     temp         00005A
ttemp7                                     temp         00005E
wtemp8                                     temp         000057


FUNCTION INFORMATION:

 *************** function _main *****************
 Defined at:
		line 95 in file "application.c"
 Parameters:    Size  Location     Type
		None
 Auto vars:     Size  Location     Type
		None
 Return value:  Size  Location     Type
                  2  1551[None  ] int 
 Registers used:
		wreg, fsr0l, fsr0h, fsr2l, fsr2h, status,2, status,0, tblptrl, tblptrh, tblptru, prodl, prodh, cstack
 Tracked objects:
		On entry : 
		On exit  : 
		Unchanged: 
 Data sizes:     COMRAM   BANK0   BANK1   BANK2   BANK3   BANK4   BANK5   BANK6   BANK7   BANK8   BANK9  BANK10  BANK11  BANK12  BANK13  BANK14  BANK15
      Params:         0       0       0       0       0       0       0       0       0       0       0       0       0       0       0       0       0
      Locals:         0       0       0       0       0       0       0       0       0       0       0       0       0       0       0       0       0
      Temps:          0       0       2       0       0       0       0       0       0       0       0       0       0       0       0       0       0
      Totals:         0       0       2       0       0       0       0       0       0       0       0       0       0       0       0       0       0
Total ram usage:        2 bytes
 Hardware stack levels required when called:   15
 This function calls:
		_GPIO_Pin_Toggle_Logic
		_GPIO_Pin_Write_Logic
		_application_intialize
		_lcd_4bit_send_string_data_pos
 This function is called by:
		Startup code after reset
 This function uses a non-reentrant model


 *************** function _lcd_4bit_send_string_data_pos *****************
 Defined at:
		line 163 in file "ECU/LCD_for_test_gps/ecu_char_lcd.c"
 Parameters:    Size  Location     Type
  lcd             2   21[BANK0 ] PTR const struct .
		 -> lcd1(6), 
  row             1   23[BANK0 ] unsigned char 
  colum           1   24[BANK0 ] unsigned char 
  str             2   25[BANK0 ] PTR unsigned char 
		 -> STR_11(15), STR_10(15), longtude(13), latitude(13), 
		 -> STR_9(4), 
 Auto vars:     Size  Location     Type
  ERRORSTATUS     1    0        unsigned char 
 Return value:  Size  Location     Type
                  1    wreg      unsigned char 
 Registers used:
		wreg, fsr0l, fsr0h, fsr2l, fsr2h, status,2, status,0, tblptrl, tblptrh, tblptru, prodl, prodh, cstack
 Tracked objects:
		On entry : 
		On exit  : 
		Unchanged: 
 Data sizes:     COMRAM   BANK0   BANK1   BANK2   BANK3   BANK4   BANK5   BANK6   BANK7   BANK8   BANK9  BANK10  BANK11  BANK12  BANK13  BANK14  BANK15
      Params:         0       6       0       0       0       0       0       0       0       0       0       0       0       0       0       0       0
      Locals:         0       1       0       0       0       0       0       0       0       0       0       0       0       0       0       0       0
      Temps:          0       0       0       0       0       0       0       0       0       0       0       0       0       0       0       0       0
      Totals:         0       7       0       0       0       0       0       0       0       0       0       0       0       0       0       0       0
Total ram usage:        7 bytes
 Hardware stack levels used:    1
 Hardware stack levels required when called:   14
 This function calls:
		_lcd_4bit_send_char_data
		_lcd_4bits_set_courser
 This function is called by:
		_main
		_GPS_Service
 This function uses a non-reentrant model


 *************** function _lcd_4bits_set_courser *****************
 Defined at:
		line 567 in file "ECU/LCD_for_test_gps/ecu_char_lcd.c"
 Parameters:    Size  Location     Type
  lcd             2   14[BANK0 ] PTR const struct .
		 -> lcd1(6), 
  row             1   16[BANK0 ] unsigned char 
  colum           1   17[BANK0 ] unsigned char 
 Auto vars:     Size  Location     Type
  ERRORSTATUS     1    0        unsigned char 
 Return value:  Size  Location     Type
                  1    wreg      unsigned char 
 Registers used:
		wreg, fsr2l, fsr2h, status,2, status,0, prodl, prodh, cstack
 Tracked objects:
		On entry : 
		On exit  : 
		Unchanged: 
 Data sizes:     COMRAM   BANK0   BANK1   BANK2   BANK3   BANK4   BANK5   BANK6   BANK7   BANK8   BANK9  BANK10  BANK11  BANK12  BANK13  BANK14  BANK15
      Params:         0       4       0       0       0       0       0       0       0       0       0       0       0       0       0       0       0
      Locals:         0       1       0       0       0       0       0       0       0       0       0       0       0       0       0       0       0
      Temps:          0       2       0       0       0       0       0       0       0       0       0       0       0       0       0       0       0
      Totals:         0       7       0       0       0       0       0       0       0       0       0       0       0       0       0       0       0
Total ram usage:        7 bytes
 Hardware stack levels used:    1
 Hardware stack levels required when called:   13
 This function calls:
		_lcd_4bit_send_command
 This function is called by:
		_lcd_4bit_send_string_data_pos
 This function uses a non-reentrant model


 *************** function _lcd_4bit_send_char_data *****************
 Defined at:
		line 90 in file "ECU/LCD_for_test_gps/ecu_char_lcd.c"
 Parameters:    Size  Location     Type
  lcd             2   10[BANK0 ] PTR const struct .
		 -> lcd1(6), 
  data            1   12[BANK0 ] unsigned char 
 Auto vars:     Size  Location     Type
  ERRORSTATUS     1    0        unsigned char 
 Return value:  Size  Location     Type
                  1    wreg      unsigned char 
 Registers used:
		wreg, fsr2l, fsr2h, status,2, status,0, prodl, prodh, cstack
 Tracked objects:
		On entry : 
		On exit  : 
		Unchanged: 
 Data sizes:     COMRAM   BANK0   BANK1   BANK2   BANK3   BANK4   BANK5   BANK6   BANK7   BANK8   BANK9  BANK10  BANK11  BANK12  BANK13  BANK14  BANK15
      Params:         0       3       0       0       0       0       0       0       0       0       0       0       0       0       0       0       0
      Locals:         0       1       0       0       0       0       0       0       0       0       0       0       0       0       0       0       0
      Temps:          0       0       0       0       0       0       0       0       0       0       0       0       0       0       0       0       0
      Totals:         0       4       0       0       0       0       0       0       0       0       0       0       0       0       0       0       0
Total ram usage:        4 bytes
 Hardware stack levels used:    1
 Hardware stack levels required when called:   12
 This function calls:
		_GPIO_Pin_Write_Logic
		_lcd_4bits_send_enable_signal
		_lcd_send_4bits
 This function is called by:
		_lcd_4bit_send_string_data_pos
		_lcd_4bit_send_string_data
		_lcd_4bit_send_custom_char
 This function uses a non-reentrant model


 *************** function _application_intialize *****************
 Defined at:
		line 195 in file "application.c"
 Parameters:    Size  Location     Type
		None
 Auto vars:     Size  Location     Type
		None
 Return value:  Size  Location     Type
                  1    wreg      void 
 Registers used:
		wreg, fsr2l, fsr2h, status,2, status,0, prodl, prodh, cstack
 Tracked objects:
		On entry : 
		On exit  : 
		Unchanged: 
 Data sizes:     COMRAM   BANK0   BANK1   BANK2   BANK3   BANK4   BANK5   BANK6   BANK7   BANK8   BANK9  BANK10  BANK11  BANK12  BANK13  BANK14  BANK15
      Params:         0       0       0       0       0       0       0       0       0       0       0       0       0       0       0       0       0
      Locals:         0       0       0       0       0       0       0       0       0       0       0       0       0       0       0       0       0
      Temps:          0       0       0       0       0       0       0       0       0       0       0       0       0       0       0       0       0
      Totals:         0       0       0       0       0       0       0       0       0       0       0       0       0       0       0       0       0
Total ram usage:        0 bytes
 Hardware stack levels used:    1
 Hardware stack levels required when called:   14
 This function calls:
		_EUSART_Async_Init
		_GPIO_Pin_Initialize
		_WDT_Init
		_lcd_4bit_initialize
 This function is called by:
		_main
 This function uses a non-reentrant model


 *************** function _lcd_4bit_initialize *****************
 Defined at:
		line 21 in file "ECU/LCD_for_test_gps/ecu_char_lcd.c"
 Parameters:    Size  Location     Type
  lcd             2   14[BANK0 ] PTR const struct .
		 -> lcd1(6), 
 Auto vars:     Size  Location     Type
  pin_lcd_coun    1   18[BANK0 ] unsigned char 
  ERRORSTATUS     1    0        unsigned char 
 Return value:  Size  Location     Type
                  1    wreg      unsigned char 
 Registers used:
		wreg, fsr2l, fsr2h, status,2, status,0, prodl, prodh, cstack
 Tracked objects:
		On entry : 
		On exit  : 
		Unchanged: 
 Data sizes:     COMRAM   BANK0   BANK1   BANK2   BANK3   BANK4   BANK5   BANK6   BANK7   BANK8   BANK9  BANK10  BANK11  BANK12  BANK13  BANK14  BANK15
      Params:         0       2       0       0       0       0       0       0       0       0       0       0       0       0       0       0       0
      Locals:         0       2       0       0       0       0       0       0       0       0       0       0       0       0       0       0       0
      Temps:          0       2       0       0       0       0       0       0       0       0       0       0       0       0       0       0       0
      Totals:         0       6       0       0       0       0       0       0       0       0       0       0       0       0       0       0       0
Total ram usage:        6 bytes
 Hardware stack levels used:    1
 Hardware stack levels required when called:   13
 This function calls:
		_GPIO_Pin_Initialize
		_lcd_4bit_send_command
 This function is called by:
		_application_intialize
 This function uses a non-reentrant model


 *************** function _lcd_4bit_send_command *****************
 Defined at:
		line 65 in file "ECU/LCD_for_test_gps/ecu_char_lcd.c"
 Parameters:    Size  Location     Type
  lcd             2   10[BANK0 ] PTR const struct .
		 -> lcd1(6), 
  command         1   12[BANK0 ] unsigned char 
 Auto vars:     Size  Location     Type
  ERRORSTATUS     1   13[BANK0 ] unsigned char 
 Return value:  Size  Location     Type
                  1    wreg      unsigned char 
 Registers used:
		wreg, fsr2l, fsr2h, status,2, status,0, prodl, prodh, cstack
 Tracked objects:
		On entry : 
		On exit  : 
		Unchanged: 
 Data sizes:     COMRAM   BANK0   BANK1   BANK2   BANK3   BANK4   BANK5   BANK6   BANK7   BANK8   BANK9  BANK10  BANK11  BANK12  BANK13  BANK14  BANK15
      Params:         0       3       0       0       0       0       0       0       0       0       0       0       0       0       0       0       0
      Locals:         0       1       0       0       0       0       0       0       0       0       0       0       0       0       0       0       0
      Temps:          0       0       0       0       0       0       0       0       0       0       0       0       0       0       0       0       0
      Totals:         0       4       0       0       0       0       0       0       0       0       0       0       0       0       0       0       0
Total ram usage:        4 bytes
 Hardware stack levels used:    1
 Hardware stack levels required when called:   12
 This function calls:
		_GPIO_Pin_Write_Logic
		_lcd_4bits_send_enable_signal
		_lcd_send_4bits
 This function is called by:
		_lcd_4bit_initialize
		_lcd_4bits_set_courser
		_lcd_4bit_send_custom_char
 This function uses a non-reentrant model


 *************** function _lcd_send_4bits *****************
 Defined at:
		line 505 in file "ECU/LCD_for_test_gps/ecu_char_lcd.c"
 Parameters:    Size  Location     Type
  lcd             2    6[BANK0 ] PTR const struct .
		 -> lcd1(6), 
  data_command    1    8[BANK0 ] unsigned char 
 Auto vars:     Size  Location     Type
  ERRORSTATUS     1    0        unsigned char 
 Return value:  Size  Location     Type
                  1    wreg      unsigned char 
 Registers used:
		wreg, fsr2l, fsr2h, status,2, status,0, prodl, prodh, cstack
 Tracked objects:
		On entry : 
		On exit  : 
		Unchanged: 
 Data sizes:     COMRAM   BANK0   BANK1   BANK2   BANK3   BANK4   BANK5   BANK6   BANK7   BANK8   BANK9  BANK10  BANK11  BANK12  BANK13  BANK14  BANK15
      Params:         0       3       0       0       0       0       0       0       0       0       0       0       0       0       0       0       0
      Locals:         0       1       0       0       0       0       0       0       0       0       0       0       0       0       0       0       0
      Temps:          0       0       0       0       0       0       0       0       0       0       0       0       0       0       0       0       0
      Totals:         0       4       0       0       0       0       0       0       0       0       0       0       0       0       0       0       0
Total ram usage:        4 bytes
 Hardware stack levels used:    1
 Hardware stack levels required when called:   11
 This function calls:
		_GPIO_Pin_Write_Logic
 This function is called by:
		_lcd_4bit_send_command
		_lcd_4bit_send_char_data
 This function uses a non-reentrant model


 *************** function _lcd_4bits_send_enable_signal *****************
 Defined at:
		line 488 in file "ECU/LCD_for_test_gps/ecu_char_lcd.c"
 Parameters:    Size  Location     Type
  lcd             2    6[BANK0 ] PTR const struct .
		 -> lcd1(6), 
 Auto vars:     Size  Location     Type
  ERRORSTATUS     1    0        unsigned char 
 Return value:  Size  Location     Type
                  1    wreg      unsigned char 
 Registers used:
		wreg, fsr2l, fsr2h, status,2, status,0, prodl, prodh, cstack
 Tracked objects:
		On entry : 
		On exit  : 
		Unchanged: 
 Data sizes:     COMRAM   BANK0   BANK1   BANK2   BANK3   BANK4   BANK5   BANK6   BANK7   BANK8   BANK9  BANK10  BANK11  BANK12  BANK13  BANK14  BANK15
      Params:         0       2       0       0       0       0       0       0       0       0       0       0       0       0       0       0       0
      Locals:         0       1       0       0       0       0       0       0       0       0       0       0       0       0       0       0       0
      Temps:          0       0       0       0       0       0       0       0       0       0       0       0       0       0       0       0       0
      Totals:         0       3       0       0       0       0       0       0       0       0       0       0       0       0       0       0       0
Total ram usage:        3 bytes
 Hardware stack levels used:    1
 Hardware stack levels required when called:   11
 This function calls:
		_GPIO_Pin_Write_Logic
 This function is called by:
		_lcd_4bit_send_command
		_lcd_4bit_send_char_data
 This function uses a non-reentrant model


 *************** function _GPIO_Pin_Initialize *****************
 Defined at:
		line 158 in file "MCAL/GPIO/hal_gpio.c"
 Parameters:    Size  Location     Type
  _pin_config     2    6[BANK0 ] PTR const struct .
		 -> selector(1), pind2(1), pind1(1), lcd1.lcd_data_pins(4), 
		 -> lcd1(6), CCP2_Obj(10), CCP1_Obj(10), W4_Motor_Control.dc_motor(2), 
		 -> W4_Motor_Control(2), W3_Motor_Control.dc_motor(2), W3_Motor_Control(2), W1_W5_W2_W6_Motor_Control.dc_motor(2), 
		 -> W1_W5_W2_W6_Motor_Control(2), 
 Auto vars:     Size  Location     Type
  ERRORSTATUS     1    8[BANK0 ] unsigned char 
 Return value:  Size  Location     Type
                  1    wreg      unsigned char 
 Registers used:
		wreg, fsr2l, fsr2h, status,2, status,0, prodl, prodh, cstack
 Tracked objects:
		On entry : 
		On exit  : 
		Unchanged: 
 Data sizes:     COMRAM   BANK0   BANK1   BANK2   BANK3   BANK4   BANK5   BANK6   BANK7   BANK8   BANK9  BANK10  BANK11  BANK12  BANK13  BANK14  BANK15
      Params:         0       2       0       0       0       0       0       0       0       0       0       0       0       0       0       0       0
      Locals:         0       1       0       0       0       0       0       0       0       0       0       0       0       0       0       0       0
      Temps:          0       0       0       0       0       0       0       0       0       0       0       0       0       0       0       0       0
      Totals:         0       3       0       0       0       0       0       0       0       0       0       0       0       0       0       0       0
Total ram usage:        3 bytes
 Hardware stack levels used:    1
 Hardware stack levels required when called:   11
 This function calls:
		_GPIO_Pin_Direction_Initialize
		_GPIO_Pin_Write_Logic
 This function is called by:
		_lcd_4bit_initialize
		_application_intialize
		_ECU_DC_Motor_Init
		_lcd_8bit_initialize
		_CCP_Init
 This function uses a non-reentrant model


 *************** function _GPIO_Pin_Write_Logic *****************
 Defined at:
		line 82 in file "MCAL/GPIO/hal_gpio.c"
 Parameters:    Size  Location     Type
  _pin_config     2   41[COMRAM] PTR const struct .
		 -> selector(1), pind2(1), pind1(1), lcd1.lcd_data_pins(4), 
		 -> lcd1(6), CCP2_Obj(10), CCP1_Obj(10), W4_Motor_Control.dc_motor(2), 
		 -> W4_Motor_Control(2), W3_Motor_Control.dc_motor(2), W3_Motor_Control(2), W1_W5_W2_W6_Motor_Control.dc_motor(2), 
		 -> W1_W5_W2_W6_Motor_Control(2), 
  logic           1   43[COMRAM] enum E2958
 Auto vars:     Size  Location     Type
  ERRORSTATUS     1   44[COMRAM] unsigned char 
 Return value:  Size  Location     Type
[...]
Total ram usage:        4 bytes
 Hardware stack levels used:    1
 Hardware stack levels required when called:    2
 This function calls:
		i2_GPIO_Pin_Write_Logic
		i2_lcd_4bits_send_enable_signal
		i2_lcd_send_4bits
 This function is called by:
		i2_lcd_4bits_set_courser
 This function uses a non-reentrant model


 *************** function i2_lcd_4bit_send_char_data *****************
 Defined at:
		line 90 in file "ECU/LCD_for_test_gps/ecu_char_lcd.c"
 Parameters:    Size  Location     Type
  lcd             2   14[COMRAM] PTR const struct .
		 -> lcd1(6), 
  data            1   16[COMRAM] unsigned char 
 Auto vars:     Size  Location     Type
  ERRORSTATUS     1    0        unsigned char 
 Return value:  Size  Location     Type
                  1    wreg      unsigned char 
 Registers used:
		wreg, fsr2l, fsr2h, status,2, status,0, prodl, prodh, cstack
 Tracked objects:
		On entry : 
		On exit  : 
		Unchanged: 
 Data sizes:     COMRAM   BANK0   BANK1   BANK2   BANK3   BANK4   BANK5   BANK6   BANK7   BANK8   BANK9  BANK10  BANK11  BANK12  BANK13  BANK14  BANK15
      Params:         3       0       0       0       0       0       0       0       0       0       0       0       0       0       0       0       0
      Locals:         1       0       0       0       0       0       0       0       0       0       0       0       0       0       0       0       0
      Temps:          0       0       0       0       0       0       0       0       0       0       0       0       0       0       0       0       0
      Totals:         4       0       0       0       0       0       0       0       0       0       0       0       0       0       0       0       0
Total ram usage:        4 bytes
 Hardware stack levels used:    1
 Hardware stack levels required when called:    2
 This function calls:
		i2_GPIO_Pin_Write_Logic
		i2_lcd_4bits_send_enable_signal
		i2_lcd_send_4bits
 This function is called by:
		_lcd_4bit_send_char_data_pos
 This function uses a non-reentrant model


 *************** function i2_lcd_send_4bits *****************
 Defined at:
		line 505 in file "ECU/LCD_for_test_gps/ecu_char_lcd.c"
 Parameters:    Size  Location     Type
  lcd             2   10[COMRAM] PTR const struct .
		 -> lcd1(6), 
  data_command    1   12[COMRAM] unsigned char 
 Auto vars:     Size  Location     Type
  ERRORSTATUS     1    0        unsigned char 
 Return value:  Size  Location     Type
                  1    wreg      unsigned char 
 Registers used:
		wreg, fsr2l, fsr2h, status,2, status,0, prodl, prodh, cstack
 Tracked objects:
		On entry : 
		On exit  : 
		Unchanged: 
 Data sizes:     COMRAM   BANK0   BANK1   BANK2   BANK3   BANK4   BANK5   BANK6   BANK7   BANK8   BANK9  BANK10  BANK11  BANK12  BANK13  BANK14  BANK15
      Params:         3       0       0       0       0       0       0       0       0       0       0       0       0       0       0       0       0
      Locals:         1       0       0       0       0       0       0       0       0       0       0       0       0       0       0       0       0
      Temps:          0       0       0       0       0       0       0       0       0       0       0       0       0       0       0       0       0
      Totals:         4       0       0       0       0       0       0       0       0       0       0       0       0       0       0       0       0
Total ram usage:        4 bytes
 Hardware stack levels used:    1
 Hardware stack levels required when called:    1
 This function calls:
		i2_GPIO_Pin_Write_Logic
 This function is called by:
		i2_lcd_4bit_send_command
		i2_lcd_4bit_send_char_data
 This function uses a non-reentrant model


 *************** function i2_lcd_4bits_send_enable_signal *****************
 Defined at:
		line 488 in file "ECU/LCD_for_test_gps/ecu_char_lcd.c"
 Parameters:    Size  Location     Type
  lcd             2   10[COMRAM] PTR const struct .
		 -> lcd1(6), 
 Auto vars:     Size  Location     Type
  ERRORSTATUS     1    0        unsigned char 
 Return value:  Size  Location     Type
                  1    wreg      unsigned char 
 Registers used:
		wreg, fsr2l, fsr2h, status,2, status,0, prodl, prodh, cstack
 Tracked objects:
		On entry : 
		On exit  : 
		Unchanged: 
 Data sizes:     COMRAM   BANK0   BANK1   BANK2   BANK3   BANK4   BANK5   BANK6   BANK7   BANK8   BANK9  BANK10  BANK11  BANK12  BANK13  BANK14  BANK15
      Params:         2       0       0       0       0       0       0       0       0       0       0       0       0       0       0       0       0
      Locals:         1       0       0       0       0       0       0       0       0       0       0       0       0       0       0       0       0
      Temps:          0       0       0       0       0       0       0       0       0       0       0       0       0       0       0       0       0
      Totals:         3       0       0       0       0       0       0       0       0       0       0       0       0       0       0       0       0
Total ram usage:        3 bytes
 Hardware stack levels used:    1
 Hardware stack levels required when called:    1
 This function calls:
		i2_GPIO_Pin_Write_Logic
 This function is called by:
		i2_lcd_4bit_send_command
		i2_lcd_4bit_send_char_data
 This function uses a non-reentrant model


 *************** function i2_GPIO_Pin_Write_Logic *****************
 Defined at:
		line 82 in file "MCAL/GPIO/hal_gpio.c"
 Parameters:    Size  Location     Type
  _pin_config     2    0[COMRAM] PTR const struct .
		 -> selector(1), pind2(1), pind1(1), lcd1.lcd_data_pins(4), 
		 -> lcd1(6), CCP2_Obj(10), CCP1_Obj(10), W4_Motor_Control.dc_motor(2), 
		 -> W4_Motor_Control(2), W3_Motor_Control.dc_motor(2), W3_Motor_Control(2), W1_W5_W2_W6_Motor_Control.dc_motor(2), 
		 -> W1_W5_W2_W6_Motor_Control(2), 
  logic           1    2[COMRAM] enum E2958
 Auto vars:     Size  Location     Type
  ERRORSTATUS     1    9[COMRAM] unsigned char 
 Return value:  Size  Location     Type
                  1    wreg      unsigned char 
 Registers used:
		wreg, fsr2l, fsr2h, status,2, status,0, prodl, prodh
 Tracked objects:
		On entry : 
		On exit  : 
		Unchanged: 
 Data sizes:     COMRAM   BANK0   BANK1   BANK2   BANK3   BANK4   BANK5   BANK6   BANK7   BANK8   BANK9  BANK10  BANK11  BANK12  BANK13  BANK14  BANK15
      Params:         3       0       0       0       0       0       0       0       0       0       0       0       0       0       0       0       0
      Locals:         1       0       0       0       0       0       0       0       0       0       0       0       0       0       0       0       0
      Temps:          6       0       0       0       0       0       0       0       0       0       0       0       0       0       0       0       0
      Totals:        10       0       0       0       0       0       0       0       0       0       0       0       0       0       0       0       0
Total ram usage:       10 bytes
 Hardware stack levels used:    1
 This function calls:
		Nothing
 This function is called by:
		_ECU_DC_Motor_Stop
		i2_lcd_4bit_send_command
		i2_lcd_4bit_send_char_data
		i2_lcd_4bits_send_enable_signal
		i2_lcd_send_4bits
 This function uses a non-reentrant model


 *************** function _EUSART_Async_Read_Data *****************
 Defined at:
		line 181 in file "MCAL/EUSART/mcal_EUSART.c"
 Parameters:    Size  Location     Type
  _eusart_obj     2    5[COMRAM] PTR const struct .
		 -> _uart_obj(12), 
  data            2    7[COMRAM] PTR unsigned short 
		 -> longtude(13), latitude(13), gpstemp(1), datarecive(1), 
 Auto vars:     Size  Location     Type
  l_temp_data     2   18[COMRAM] unsigned short 
  ret_val         1    0        unsigned char 
 Return value:  Size  Location     Type
                  1    wreg      unsigned char 
 Registers used:
		wreg, fsr2l, fsr2h, status,2, status,0, cstack
 Tracked objects:
		On entry : 
		On exit  : 
		Unchanged: 
 Data sizes:     COMRAM   BANK0   BANK1   BANK2   BANK3   BANK4   BANK5   BANK6   BANK7   BANK8   BANK9  BANK10  BANK11  BANK12  BANK13  BANK14  BANK15
      Params:         4       0       0       0       0       0       0       0       0       0       0       0       0       0       0       0       0
      Locals:         9       0       0       0       0       0       0       0       0       0       0       0       0       0       0       0       0
      Temps:          2       0       0       0       0       0       0       0       0       0       0       0       0       0       0       0       0
      Totals:        15       0       0       0       0       0       0       0       0       0       0       0       0       0       0       0       0
Total ram usage:       15 bytes
 Hardware stack levels used:    1
 Hardware stack levels required when called:    1
 This function calls:
		_calc_parity_even
		_calc_parity_odd
 This function is called by:
		_usart_isr
		_Bluetooth_Recieve_Data_Non_Blocking
		_EUSART_Async_Read_Data_Blocking
 This function uses a non-reentrant model


 *************** function _Bluetooth_Send_Data_Non_Blocking *****************
 Defined at:
		line 71 in file "ECU/Bluetooth/Bluetooth.c"
 Parameters:    Size  Location     Type
  _uart_obj       2   12[COMRAM] PTR const struct .
		 -> _uart_obj(12), 
  data            1   14[COMRAM] unsigned char 
 Auto vars:     Size  Location     Type
  ret_val         1    0        unsigned char 
 Return value:  Size  Location     Type
                  1    wreg      unsigned char 
 Registers used:
		wreg, fsr2l, fsr2h, status,2, status,0, cstack
 Tracked objects:
		On entry : 
		On exit  : 
		Unchanged: 
 Data sizes:     COMRAM   BANK0   BANK1   BANK2   BANK3   BANK4   BANK5   BANK6   BANK7   BANK8   BANK9  BANK10  BANK11  BANK12  BANK13  BANK14  BANK15
      Params:         3       0       0       0       0       0       0       0       0       0       0       0       0       0       0       0       0
      Locals:         1       0       0       0       0       0       0       0       0       0       0       0       0       0       0       0       0
      Temps:          0       0       0       0       0       0       0       0       0       0       0       0       0       0       0       0       0
      Totals:         4       0       0       0       0       0       0       0       0       0       0       0       0       0       0       0       0
Total ram usage:        4 bytes
 Hardware stack levels used:    1
 Hardware stack levels required when called:    2
 This function calls:
		_EUSART_Async_Transmit_Data
 This function is called by:
		_usart_isr
 This function uses a non-reentrant model


 *************** function _EUSART_Async_Transmit_Data *****************
 Defined at:
		line 124 in file "MCAL/EUSART/mcal_EUSART.c"
 Parameters:    Size  Location     Type
  _eusart_obj     2    5[COMRAM] PTR const struct .
		 -> _uart_obj(12), 
  data            2    7[COMRAM] unsigned short 
 Auto vars:     Size  Location     Type
  ret_val         1    0        unsigned char 
 Return value:  Size  Location     Type
                  1    wreg      unsigned char 
 Registers used:
		wreg, fsr2l, fsr2h, status,2, status,0, cstack
 Tracked objects:
		On entry : 
		On exit  : 
		Unchanged: 
 Data sizes:     COMRAM   BANK0   BANK1   BANK2   BANK3   BANK4   BANK5   BANK6   BANK7   BANK8   BANK9  BANK10  BANK11  BANK12  BANK13  BANK14  BANK15
      Params:         4       0       0       0       0       0       0       0       0       0       0       0       0       0       0       0       0
      Locals:         1       0       0       0       0       0       0       0       0       0       0       0       0       0       0       0       0
      Temps:          2       0       0       0       0       0       0       0       0       0       0       0       0       0       0       0       0
      Totals:         7       0       0       0       0       0       0       0       0       0       0       0       0       0       0       0       0
Total ram usage:        7 bytes
 Hardware stack levels used:    1
 Hardware stack levels required when called:    1
 This function calls:
		_calc_parity_even
		_calc_parity_odd
 This function is called by:
		_Bluetooth_Send_Data_Non_Blocking
		_EUSART_Async_Transmit_Data_Blocking
 This function uses a non-reentrant model


 *************** function _calc_parity_odd *****************
 Defined at:
		line 612 in file "MCAL/EUSART/mcal_EUSART.c"
 Parameters:    Size  Location     Type
  data            1    wreg     unsigned char 
 Auto vars:     Size  Location     Type
  data            1    2[COMRAM] unsigned char 
  l_counter       1    4[COMRAM] unsigned char 
  number_of_on    1    3[COMRAM] unsigned char 
 Return value:  Size  Location     Type
                  1    wreg      unsigned char 
 Registers used:
		wreg, status,2, status,0
 Tracked objects:
		On entry : 
		On exit  : 
		Unchanged: 
 Data sizes:     COMRAM   BANK0   BANK1   BANK2   BANK3   BANK4   BANK5   BANK6   BANK7   BANK8   BANK9  BANK10  BANK11  BANK12  BANK13  BANK14  BANK15
      Params:         0       0       0       0       0       0       0       0       0       0       0       0       0       0       0       0       0
      Locals:         3       0       0       0       0       0       0       0       0       0       0       0       0       0       0       0       0
      Temps:          2       0       0       0       0       0       0       0       0       0       0       0       0       0       0       0       0
      Totals:         5       0       0       0       0       0       0       0       0       0       0       0       0       0       0       0       0
Total ram usage:        5 bytes
 Hardware stack levels used:    1
 This function calls:
		Nothing
 This function is called by:
		_EUSART_Async_Transmit_Data
		_EUSART_Async_Read_Data
 This function uses a non-reentrant model


 *************** function _calc_parity_even *****************
 Defined at:
		line 650 in file "MCAL/EUSART/mcal_EUSART.c"
 Parameters:    Size  Location     Type
  data            1    wreg     unsigned char 
 Auto vars:     Size  Location     Type
  data            1    2[COMRAM] unsigned char 
  l_counter       1    4[COMRAM] unsigned char 
  number_of_on    1    3[COMRAM] unsigned char 
 Return value:  Size  Location     Type
                  1    wreg      unsigned char 
 Registers used:
		wreg, status,2, status,0
 Tracked objects:
		On entry : 
		On exit  : 
		Unchanged: 
 Data sizes:     COMRAM   BANK0   BANK1   BANK2   BANK3   BANK4   BANK5   BANK6   BANK7   BANK8   BANK9  BANK10  BANK11  BANK12  BANK13  BANK14  BANK15
      Params:         0       0       0       0       0       0       0       0       0       0       0       0       0       0       0       0       0
      Locals:         3       0       0       0       0       0       0       0       0       0       0       0       0       0       0       0       0
      Temps:          2       0       0       0       0       0       0       0       0       0       0       0       0       0       0       0       0
      Totals:         5       0       0       0       0       0       0       0       0       0       0       0       0       0       0       0       0
Total ram usage:        5 bytes
 Hardware stack levels used:    1
 This function calls:
		Nothing
 This function is called by:
		_EUSART_Async_Transmit_Data
		_EUSART_Async_Read_Data
 This function uses a non-reentrant model



MODULE INFORMATION

Module		Function		Class		Link	Load	Size
C:\Program Files\Microchip\xc8\v2.30\pic\sources\c99\common\sprcdiv.c
		___fldiv       		CODE           	15B6	0000	1070

C:\Program Files\Microchip\xc8\v2.30\pic\sources\c99\common\sprcdiv.c estimated size: 1070

MCAL/Interrupts/mcal_external_interrupt.c
		_RB4_ISR       		CODE           	3616	0000	26
		_RB5_ISR       		CODE           	35FC	0000	26
		_RB6_ISR       		CODE           	35E2	0000	26
		_RB7_ISR       		CODE           	35C8	0000	26
		_INT1_ISR      		CODE           	3642	0000	4

MCAL/Interrupts/mcal_external_interrupt.c estimated size: 108

MCAL/Timer0/hal_timer0.c
		_TMR0_ISR      		CODE           	33FA	0000	74

MCAL/Timer0/hal_timer0.c estimated size: 74

C:\Program Files\Microchip\xc8\v2.30\pic\sources\c99\common\sprcadd.c
		___fladd       		CODE           	1058	0000	1374

C:\Program Files\Microchip\xc8\v2.30\pic\sources\c99\common\sprcadd.c estimated size: 1374

ECU/DC_Motor/ecu_dc_motor.c
		_ECU_DC_Motor_Stop		CODE           	34D4	0000	60

ECU/DC_Motor/ecu_dc_motor.c estimated size: 60

C:\Program Files\Microchip\xc8\v2.30\pic\sources\c99\common\fltol.c
		___fltol       		CODE           	263A	0000	264

C:\Program Files\Microchip\xc8\v2.30\pic\sources\c99\common\fltol.c estimated size: 264

MCAL/GPIO/hal_gpio.c
		_GPIO_Pin_Toggle_Logic		CODE           	2EA8	0000	116
		_GPIO_Pin_Direction_Initialize		CODE           	2166	0000	326
		_GPIO_Pin_Initialize		CODE           	3316	0000	80
		_GPIO_Pin_Write_Logic		CODE           	23E4	0000	302

MCAL/GPIO/hal_gpio.c estimated size: 824

MCAL/Interrupts/mcal_interrupt_manager.c
		_InterruptManagerLow		CODE           	0018	0000	622
		_InterruptManagerHigh		CODE           	0008	0000	236

MCAL/Interrupts/mcal_interrupt_manager.c estimated size: 858

C:\Program Files\Microchip\xc8\v2.30\pic\sources\c99\common\xxtofl.c
		___xxtofl      		CODE           	1FAE	0000	440

C:\Program Files\Microchip\xc8\v2.30\pic\sources\c99\common\xxtofl.c estimated size: 440

shared
		i2_lcd_send_4bits		CODE           	2E2E	0000	122
		i2_GPIO_Pin_Write_Logic		CODE           	2512	0000	296
		i2_lcd_4bit_send_char_data		CODE           	3264	0000	98
		i2_lcd_4bit_send_command		CODE           	3202	0000	98
		__initialization		CODE           	2FFC	0000	100
		i2_lcd_4bits_send_enable_signal		CODE           	348E	0000	70
		i2_GPIO_Pin_Toggle_Logic		CODE           	2F8C	0000	112
		i2_lcd_4bits_set_courser		CODE           	2A70	0000	176

shared estimated size: 1072

Robot/Navigation/robot_navigation.c
		_Timer0_Handler		CODE           	35A2	0000	38

Robot/Navigation/robot_navigation.c estimated size: 38

ECU/LCD_for_test_gps/ecu_char_lcd.c
		_lcd_4bit_send_command		CODE           	2F1C	0000	112
		_lcd_4bit_send_char_data		CODE           	313A	0000	102
		_lcd_send_4bits		CODE           	2DAC	0000	130
		_lcd_4bit_send_char_data_pos		CODE           	3510	0000	60
		_lcd_4bit_send_string_data_pos		CODE           	2B20	0000	174
		_lcd_4bits_send_enable_signal		CODE           	33B0	0000	74
		_lcd_4bits_set_courser		CODE           	290C	0000	178
		_lcd_4bit_initialize		CODE           	22AC	0000	312

ECU/LCD_for_test_gps/ecu_char_lcd.c estimated size: 1142

MCAL/WATCH_DOG_TIMER/WDT.c
		_WDT_Init      		CODE           	363E	0000	4

MCAL/WATCH_DOG_TIMER/WDT.c estimated size: 4

MCAL/EUSART/mcal_EUSART.c
		_EUSART_Async_Transmit_Data		CODE           	2828	0000	228
		_Rx_config_interrupt		CODE           	2C7A	0000	162
		_calc_parity_even		CODE           	30D2	0000	104
		_EUSART_Rx_ISR 		CODE           	354C	0000	44
		_EUSART_Tx_ISR 		CODE           	3648	0000	2
		_async_Tx_config		CODE           	2D1C	0000	144
		_EUSART_Async_Init		CODE           	31A0	0000	98
		_calc_parity_odd		CODE           	306A	0000	104
		_async_config_baud_rate_gen		CODE           	19E4	0000	960
		_EUSART_Async_Read_Data		CODE           	1DA4	0000	522
		_async_Rx_config		CODE           	29BE	0000	178

MCAL/EUSART/mcal_EUSART.c estimated size: 2546

application.c
		_main          		CODE           	2BCE	0000	172
		_application_intialize		CODE           	32C6	0000	80
		_usart_isr     		CODE           	3444	0000	74

application.c estimated size: 326

ECU/Bluetooth/Bluetooth.c
		_Bluetooth_Send_Data_Non_Blocking		CODE           	3578	0000	42

ECU/Bluetooth/Bluetooth.c estimated size: 42

MCAL/ADC/mcal_adc.c
		_ADC_ISR       		CODE           	3646	0000	2

MCAL/ADC/mcal_adc.c estimated size: 2

