Microchip MPLAB XC8 Compiler V2.30

Linker command line:

-W-3 --edf=C:\Program Files\Microchip\xc8\v2.30\pic\dat\en_msgs.txt -cn \
  -h+dist/default/production\graduation_project.production.sym \
  --cmf=dist/default/production\graduation_project.production.cmf -z \
  -Q18F4620 -oC:\Users\ahmed radwan\AppData\Local\Temp\simox2 \
  --defsym=__MPLAB_BUILD=1 \
  -Mdist/default/production/graduation_project.production.map -E1 \
  -ver=XC8 Compiler --acfsm=1493 -ASTACK=0250h-0F7Fh -pstack=STACK \
  -ACODE=00h-0FFFFh -ACONST=00h-0FFFFh -ASMALLCONST=01000h-010FFhx240 \
  -AMEDIUMCONST=01000h-0FFFFh -ACOMRAM=01h-07Fh -AABS1=00h-0F7Fh \
  -ABIGRAM=01h-0F7Fh -ARAM=080h-0FFh,0100h-01FFhx14,0F00h-0F7Fh \
  -ABANK0=080h-0FFh -ABANK1=0100h-01FFh -ABANK2=0200h-02FFh \
  -ABANK3=0300h-03FFh -ABANK4=0400h-04FFh -ABANK5=0500h-05FFh \
  -ABANK6=0600h-06FFh -ABANK7=0700h-07FFh -ABANK8=0800h-08FFh \
  -ABANK9=0900h-09FFh -ABANK10=0A00h-0AFFh -ABANK11=0B00h-0BFFh \
  -ABANK12=0C00h-0CFFh -ABANK13=0D00h-0DFFh -ABANK14=0E00h-0EFFh \
  -ABANK15=0F00h-0F7Fh -ASFR=0F80h-0FFFh -ACONFIG=0300000h-030000Dh \
  -AIDLOC=0200000h-0200007h -AEEDATA=0F00000h-0F003FFh -peeprom_data=EEDATA \
  -preset_vec=00h,intcode=08h,intcodelo=018h,powerup,init -pramtop=01000h \
  -psmallconst=SMALLCONST -pmediumconst=MEDIUMCONST -pconst=CONST \
  -AFARRAM=00h-00h \
  -prdata=COMRAM,nvrram=COMRAM,nvbit=COMRAM,rbss=COMRAM,rbit=COMRAM \
  -pfarbss=FARRAM,fardata=FARRAM,nvFARRAM=FARRAM \
  -pintsave_regs=BIGRAM,bigbss=BIGRAM,bigdata=BIGRAM -pbss=RAM \
  -pidata=CODE,irdata=CODE,ibigdata=CODE,ifardata=CODE -prparam=COMRAM \
  C:\Users\ahmed radwan\AppData\Local\Temp\simoxd.o \
  dist/default/production\graduation_project.production.o 

Object code version is 3.11

Machine type is 18F4620



                Name                               Link     Load   Length Selector   Space Scale
C:\Users\ahmed radwan\AppData\Local\Temp\simoxd.o
                idloc                            200000   200000        8        0       5
                config                           300000   300000        E        0       4
                init                                286      286        4        C       0
                reset_vec                             0        0        4        0       0
dist/default/production\graduation_project.production.o
                intcodelo                            18       18      26E        C       0
                intcode                               8        8        6        4       0
                idloc                            200000   200000        8        0       5
                config                           300000   300000        E        0       4
                temp                                 56       56        1        1       1
                smallconst                         1000     1000       90      800       0
                text86                             59CE     59CE       68      848       0
                text85                             5966     5966       68      848       0
                text84                             4936     4936       E4      848       0
                text83                             6264     6264       2A     2F4E       0
                text82                             36BE     36BE      20A      848       0
                text81                             441A     441A      128      848       0
                text80                             604E     604E       46     2F4E       0
                text79                             56BE     56BE       7A      848       0
                text78                             5C28     5C28       62      848       0
                text77                             5BC6     5BC6       62      848       0
                text76                             51E2     51E2       B0      848       0
                text75                             6150     6150       3C     2F4E       0
                text74                             581C     581C       70      848       0
                text73                             5F30     5F30       4A     2F4E       0
                text72                             6238     6238       2C     2F4E       0
                text71                             637E     637E        2     2F4E       0
                text70                             6114     6114       3C     2F4E       0
                text69                             62B6     62B6       26     2F4E       0
                text68                             5EE6     5EE6       4A     2F4E       0
                intcode_body                       4850     4850       E6      848       0
                text66                             637C     637C        2     2F4E       0
                text65                             6376     6376        4     2F4E       0
                text64                             634E     634E       1A     2F4E       0
                text63                             6334     6334       1A     2F4E       0
                text62                             631A     631A       1A     2F4E       0
                text61                             6300     6300       1A     2F4E       0
                text59                             5738     5738       74      848       0
                text58                             4BDA     4BDA       DC      848       0
                text57                             5CEA     5CEA       5E      848       0
                text56                             5B00     5B00       64      848       0
                text55                             548E     548E       98      848       0
                text54                             53EC     53EC       A2      848       0
                text53                             5130     5130       B2      848       0
                text52                             5526     5526       90      848       0
                text51                             1D56     1D56      4C2      848       0
                text50                             2E28     2E28      39C      848       0
                text49                             4542     4542      108      848       0
                text48                             38C8     38C8      1B8      848       0
                text47                             2A70     2A70      3B8      848       0
                text46                             5D48     5D48       5C      848       0
                text45                             406E     406E      146      848       0
                text44                             42EC     42EC      12E      848       0
                text43                             5DFC     5DFC       50      848       0
                text42                             5E9C     5E9C       4A     2F4E       0
                text41                             563C     563C       82      848       0
                text40                             57AC     57AC       70      848       0
                text39                             41B4     41B4      138      848       0
                text38                             5A9C     5A9C       64      848       0
                text37                             4F10     4F10       BC      848       0
                text36                             62DC     62DC       24     2F4E       0
                text35                             60D6     60D6       3E     2F4E       0
                text34                             55B6     55B6       86      848       0
                text33                             628E     628E       28     2F4E       0
                text32                             3D90     3D90      178      848       0
                text31                             3A80     3A80      18A      848       0
                text30                             3F08     3F08      166      848       0
                text29                             6094     6094       42     2F4E       0
                text28                             637A     637A        2     2F4E       0
                text27                             4CB6     4CB6       CC      848       0
                text26                             6008     6008       46     2F4E       0
                text25                             6200     6200       38     2F4E       0
                text24                             4D82     4D82       C8      848       0
                text23                             31C4     31C4      2E4      848       0
                text22                             4E4A     4E4A       C6      848       0
                text21                             507E     507E       B2      848       0
                text20                             5340     5340       AC      848       0
                text19                             464A     464A      106      848       0
                text18                             2644     2644      42C      848       0
                text17                             61C6     61C6       3A     2F4E       0
                text16                             5F7A     5F7A       48     2F4E       0
                text15                             4750     4750      100      848       0
                text14                             34A8     34A8      216      848       0
                text13                             5C8A     5C8A       60      848       0
                text12                             618C     618C       3A     2F4E       0
                text11                             5B64     5B64       62      848       0
                text10                             1090     1090      CC6      848       0
                text9                              4AFC     4AFC       DE      848       0
                text8                              2218     2218      42C      848       0
                text7                              58FA     58FA       6C      848       0
                text6                              5DA4     5DA4       58      848       0
                text5                              4A1A     4A1A       E2      848       0
                text4                              5A36     5A36       66      848       0
                text3                              4FCC     4FCC       B2      848       0
                text2                              5292     5292       AE      848       0
                text1                              3C0A     3C0A      186      848       0
                text0                              5FC2     5FC2       46     2F4E       0
                cstackCOMRAM                          1        1       2C        1       1
                cstackBANK0                          80       80       7D       80       1
                cstackBANK1                         158      158       51      100       1
                bssBANK2                            200      200       50      200       1
                dataBANK1                           1A9      1A9       4F      100       1
                bssBANK1                            100      100       58      100       1
                dataCOMRAM                           48       48        E        1       1
                bssCOMRAM                            2D       2D       1B        1       1
                cinit                              588C     588C       6E      848       0
                idataBANK1                         5E4C     5E4C       4F      848       0
                idataCOMRAM                        6368     6368        E     2F4E       0

TOTAL           Name                               Link     Load   Length     Space
        CLASS   STACK          

        CLASS   CODE           
                intcodelo                            18       18      26E         0
                intcode                               8        8        6         0
                init                                286      286        4         0
                reset_vec                             0        0        4         0
                text86                             59CE     59CE       68         0
                text85                             5966     5966       68         0
                text84                             4936     4936       E4         0
                text83                             6264     6264       2A         0
                text82                             36BE     36BE      20A         0
                text81                             441A     441A      128         0
                text80                             604E     604E       46         0
                text79                             56BE     56BE       7A         0
                text78                             5C28     5C28       62         0
                text77                             5BC6     5BC6       62         0
                text76                             51E2     51E2       B0         0
                text75                             6150     6150       3C         0
                text74                             581C     581C       70         0
                text73                             5F30     5F30       4A         0
                text72                             6238     6238       2C         0
                text71                             637E     637E        2         0
                text70                             6114     6114       3C         0
                text69                             62B6     62B6       26         0
                text68                             5EE6     5EE6       4A         0
                intcode_body                       4850     4850       E6         0
                text66                             637C     637C        2         0
                text65                             6376     6376        4         0
                text64                             634E     634E       1A         0
                text63                             6334     6334       1A         0
                text62                             631A     631A       1A         0
                text61                             6300     6300       1A         0
                text59                             5738     5738       74         0
                text58                             4BDA     4BDA       DC         0
                text57                             5CEA     5CEA       5E         0
                text56                             5B00     5B00       64         0
                text55                             548E     548E       98         0
                text54                             53EC     53EC       A2         0
                text53                             5130     5130       B2         0
                text52                             5526     5526       90         0
                text51                             1D56     1D56      4C2         0
                text50                             2E28     2E28      39C         0
                text49                             4542     4542      108         0
                text48                             38C8     38C8      1B8         0
                text47                             2A70     2A70      3B8         0
                text46                             5D48     5D48       5C         0
                text45                             406E     406E      146         0
                text44                             42EC     42EC      12E         0
                text43                             5DFC     5DFC       50         0
                text42                             5E9C     5E9C       4A         0
                text41                             563C     563C       82         0
                text40                             57AC     57AC       70         0
                text39                             41B4     41B4      138         0
                text38                             5A9C     5A9C       64         0
                text37                             4F10     4F10       BC         0
                text36                             62DC     62DC       24         0
                text35                             60D6     60D6       3E         0
                text34                             55B6     55B6       86         0
                text33                             628E     628E       28         0
                text32                             3D90     3D90      178         0
                text31                             3A80     3A80      18A         0
                text30                             3F08     3F08      166         0
                text29                             6094     6094       42         0
                text28                             637A     637A        2         0
                text27                             4CB6     4CB6       CC         0
                text26                             6008     6008       46         0
                text25                             6200     6200       38         0
                text24                             4D82     4D82       C8         0
                text23                             31C4     31C4      2E4         0
                text22                             4E4A     4E4A       C6         0
                text21                             507E     507E       B2         0
                text20                             5340     5340       AC         0
                text19                             464A     464A      106         0
                text18                             2644     2644      42C         0
                text17                             61C6     61C6       3A         0
                text16                             5F7A     5F7A       48         0
                text15                             4750     4750      100         0
                text14                             34A8     34A8      216         0
                text13                             5C8A     5C8A       60         0
                text12                             618C     618C       3A         0
                text11                             5B64     5B64       62         0
                text10                             1090     1090      CC6         0
                text9                              4AFC     4AFC       DE         0
                text8                              2218     2218      42C         0
                text7                              58FA     58FA       6C         0
                text6                              5DA4     5DA4       58         0
                text5                              4A1A     4A1A       E2         0
                text4                              5A36     5A36       66         0
                text3                              4FCC     4FCC       B2         0
                text2                              5292     5292       AE         0
                text1                              3C0A     3C0A      186         0
                text0                              5FC2     5FC2       46         0
                cinit                              588C     588C       6E         0
                idataBANK1                         5E4C     5E4C       4F         0
                idataCOMRAM                        6368     6368        E         0

        CLASS   CONST          

        CLASS   SMALLCONST     
                smallconst                         1000     1000       90         0

        CLASS   MEDIUMCONST    

        CLASS   COMRAM         
                temp                                 56       56        1         1
                cstackCOMRAM                          1        1       2C         1
                dataCOMRAM                           48       48        E         1
                bssCOMRAM                            2D       2D       1B         1

        CLASS   ABS1           

        CLASS   BIGRAM         

        CLASS   RAM            

        CLASS   BANK0          
                cstackBANK0                          80       80       7D         1

        CLASS   BANK1          
                cstackBANK1                         158      158       51         1
                dataBANK1                           1A9      1A9       4F         1
                bssBANK1                            100      100       58         1

        CLASS   BANK2          
                bssBANK2                            200      200       50         1

        CLASS   BANK3          

        CLASS   BANK4          

        CLASS   BANK5          

        CLASS   BANK6          

        CLASS   BANK7          

        CLASS   BANK8          

        CLASS   BANK9          

        CLASS   BANK10         

        CLASS   BANK11         

        CLASS   BANK12         

        CLASS   BANK13         

        CLASS   BANK14         

        CLASS   BANK15         

        CLASS   SFR            

        CLASS   CONFIG         
                config                           300000   300000        E         4

        CLASS   IDLOC          
                idloc                            200000   200000        8         5

        CLASS   EEDATA         

        CLASS   FARRAM         



SEGMENTS        Name                           Load    Length   Top    Selector   Space  Class

                reset_vec                      000000  000004  000004         0       0  CODE    
                cstackCOMRAM                   000001  000056  000057         1       1  COMRAM  
                intcode                        000008  000006  00000E         4       0  CODE    
                intcodelo                      000018  000272  00028A         C       0  CODE    
                cstackBANK0                    000080  00007D  0000FD        80       1  BANK0   
                bssBANK1                       000100  0000F8  0001F8       100       1  BANK1   
                bssBANK2                       000200  000050  000250       200       1  BANK2   
                smallconst                     001000  000090  001090       800       0  SMALLCON
                text10                         001090  004E0B  005E9B       848       0  CODE    
                text42                         005E9C  0004E4  006380      2F4E       0  CODE    


UNUSED ADDRESS RANGES

        Name                Unused          Largest block    Delta
        BANK0            0000FD-0000FF                3
        BANK1            0001F8-0001FF                8
        BANK10           000A00-000AFF              100
        BANK11           000B00-000BFF              100
        BANK12           000C00-000CFF              100
        BANK13           000D00-000DFF              100
        BANK14           000E00-000EFF              100
        BANK15           000F00-000F7F               80
        BANK2            000250-0002FF               B0
        BANK3            000300-0003FF              100
        BANK4            000400-0004FF              100
        BANK5            000500-0005FF              100
        BANK6            000600-0006FF              100
        BANK7            000700-0007FF              100
        BANK8            000800-0008FF              100
        BANK9            000900-0009FF              100
        BIGRAM           000057-00007F               29
                         0000FD-0000FF                3
                         0001F8-0001FF                8
                         000250-000F7F              D30
        CODE             000004-000007                4
                         00000E-000017                A
                         00028A-000FFF              D76
                         005E9B-005E9B                1
                         006380-00FFFF             9C80
        COMRAM           000057-00007F               29
        CONST            000004-000007                4
                         00000E-000017                A
                         00028A-000FFF              D76
                         005E9B-005E9B                1
                         006380-00FFFF             9C80
        EEDATA           F00000-F003FF              400
        MEDIUMCONST      005E9B-005E9B                1
                         006380-00FFFF             9C80
        RAM              0000FD-0000FF                3
                         0001F8-0001FF                8
                         000250-000F7F              100
        SFR              000F80-000FFF               80
        SMALLCONST       005E9B-005E9B                1
                         006380-00FFFF              100
        STACK            000250-000F7F              D30

                                  Symbol Table

?___aodiv                                  cstackBANK0  000080
?___aomod                                  cstackBANK0  000080
?___awdiv                                  cstackBANK0  000080
?___awmod                                  cstackBANK0  000080
?___fladd                                  cstackBANK0  0000AB
?___fldiv                                  cstackBANK0  000092
?___flmul                                  cstackBANK0  000080
?___flneg                                  cstackBANK0  000080
?___flsub                                  cstackBANK0  0000BB
?___fltol                                  cstackBANK0  000080
?___fpclassifyf                            cstackBANK0  000080
?___wmul                                   cstackBANK0  000080
?___xxtofl                                 cstackBANK0  000084
?_abs                                      cstackBANK0  000090
?_dtoa                                     cstackBANK0  00009A
?_efgtoa                                   cstackBANK0  0000C3
?_floorf                                   cstackBANK0  0000AB
?_isupper                                  cstackCOMRAM 00002A
?_pad                                      cstackBANK0  00008D
?_sprintf                                  cstackBANK1  000190
?_strlen                                   cstackCOMRAM 00002A
?_strncmp                                  cstackBANK0  000080
?_tolower                                  cstackBANK0  000084
?_vfpfcnvrt                                cstackBANK0  0000CF
?_vfprintf                                 cstackBANK0  0000EB
ADC_Get_Conversion_Blocking@ERRORSTATUS    cstackBANK0  00008F
ADC_Get_Conversion_Blocking@_adc           cstackBANK0  000089
ADC_Get_Conversion_Blocking@_channel       cstackBANK0  00008B
ADC_Get_Conversion_Blocking@_result        cstackBANK0  00008C
ADC_Get_Conversion_Results@ERRORSTATUS     cstackCOMRAM 00002A
ADC_Get_Conversion_Results@_adc            cstackBANK0  000080
ADC_Get_Conversion_Results@_result         cstackBANK0  000082
ADC_Init@_adc                              cstackBANK0  000082
ADC_Start_Conversion@ERRORSTATUS           cstackCOMRAM 00002C
ADC_Start_Conversion@_adc                  cstackCOMRAM 00002A
ADC_select_channel@ERRORSTATUS             cstackBANK0  000085
ADC_select_channel@_adc                    cstackBANK0  000082
ADC_select_channel@_channel                cstackBANK0  000084
Bluetooth_Send_Data_Non_Blocking@_uart_obj cstackCOMRAM 00000D
Bluetooth_Send_Data_Non_Blocking@data      cstackCOMRAM 00000F
ECU_DC_Motor_Stop@dc_motor                 cstackCOMRAM 00000B
EUSART_Async_Init@_eusart_obj              cstackBANK0  0000C8
EUSART_Async_Init@ret_val                  cstackBANK0  0000CA
EUSART_Async_Read_Data@_eusart_obj         cstackCOMRAM 000006
EUSART_Async_Read_Data@data                cstackCOMRAM 000008
EUSART_Async_Read_Data@l_temp_data         cstackCOMRAM 000013
EUSART_Async_Transmit_Data@_eusart_obj     cstackCOMRAM 000006
EUSART_Async_Transmit_Data@data            cstackCOMRAM 000008
GPIO_Pin_Direction_Initialize@ERRORSTATUS  cstackCOMRAM 00002C
GPIO_Pin_Direction_Initialize@_pin_config  cstackCOMRAM 00002A
GPIO_Pin_Initialize@ERRORSTATUS            cstackBANK0  000089
GPIO_Pin_Initialize@_pin_config            cstackBANK0  000087
GPIO_Pin_Toggle_Logic@_pin_config          cstackCOMRAM 00002A
GPIO_Pin_Write_Logic@ERRORSTATUS           cstackBANK0  000086
GPIO_Pin_Write_Logic@_pin_config           cstackCOMRAM 00002A
GPIO_Pin_Write_Logic@logic                 cstackCOMRAM 00002C
RB4_ISR@Handler_Select                     cstackCOMRAM 000026
RB5_ISR@Handler_Select                     cstackCOMRAM 000026
RB6_ISR@Handler_Select                     cstackCOMRAM 000026
RB7_ISR@Handler_Select                     cstackCOMRAM 000026
Rx_config_interrupt@_rx_obj                cstackCOMRAM 00002A
Rx_config_interrupt@ret_val                cstackCOMRAM 00002C
_ADCON0bits                                (abs)        000FC2
_ADCON1bits                                (abs)        000FC1
_ADCON2bits                                (abs)        000FC0
_ADC_Get_Conversion_Blocking               text34       0055B6
_ADC_Get_Conversion_Results                text37       004F10
_ADC_ISR                                   text66       00637C
_ADC_Init                                  text55       00548E
_ADC_Start_Conversion                      text36       0062DC
_ADC_select_channel                        text35       0060D6
_ADRESH                                    (abs)        000FC4
_ADRESL                                    (abs)        000FC3
_BAUDCONbits                               (abs)        000FB8
_Bluetooth_Send_Data_Non_Blocking          text83       006264
_CCP1CONbits                               (abs)        000FBD
_CCP1_Obj                                  dataBANK1    0001DD
_CCP2CONbits                               (abs)        000FBA
_CCP2_Obj                                  dataBANK1    0001D3
_CCPR1L                                    (abs)        000FBE
_CCPR2L                                    (abs)        000FBB
_ECU_DC_Motor_Stop                         text70       006114
_EUSART_Async_Init                         text46       005D48
_EUSART_Async_Read_Data                    text82       0036BE
_EUSART_Async_Read_Data$1885               cstackCOMRAM 00000D
_EUSART_Async_Read_Data$1886               cstackCOMRAM 00000F
_EUSART_Async_Read_Data$1887               cstackCOMRAM 000011
_EUSART_Async_Transmit_Data                text84       004936
_EUSART_Rx_ISR                             text72       006238
_EUSART_Tx_ISR                             text71       00637E
_GPIO_Pin_Direction_Initialize             text45       00406E
_GPIO_Pin_Initialize                       text43       005DFC
_GPIO_Pin_Toggle_Logic                     text59       005738
_GPIO_Pin_Write_Logic                      text44       0042EC
_I2C_DefaultInterruptHandler               bssBANK1     00012F
_I2C_Report_Receive_Overflow               bssBANK1     00012D
_I2C_Report_Write_Collision                bssBANK1     00012B
_INT0_InterruptHandler                     bssBANK1     000129
_INT1_ISR                                  text65       006376
_INT1_InterruptHandler                     bssCOMRAM    00003D
_INT2_InterruptHandler                     bssBANK1     000127
_INTCON2bits                               (abs)        000FF1
_INTCON3bits                               (abs)        000FF0
_INTCONbits                                (abs)        000FF2
_IPR1bits                                  (abs)        000F9F
_IPR2bits                                  (abs)        000FA2
_InterruptManagerHigh                      intcode      000008
_InterruptManagerLow                       intcodelo    000018
_LATA                                      (abs)        000F89
_LATB                                      (abs)        000F8A
_LATC                                      (abs)        000F8B
_LATD                                      (abs)        000F8C
_LATE                                      (abs)        000F8D
_Movement_State                            bssCOMRAM    000043
_PIE1bits                                  (abs)        000F9D
_PIE2bits                                  (abs)        000FA0
_PIR1bits                                  (abs)        000F9E
_PIR2bits                                  (abs)        000FA1
_PORTA                                     (abs)        000F80
_PORTB                                     (abs)        000F81
_PORTBbits                                 (abs)        000F81
_PORTC                                     (abs)        000F82
_PORTD                                     (abs)        000F83
_PORTE                                     (abs)        000F84
_PR2                                       (abs)        000FCB
_RB4_ISR                                   text64       00634E
_RB4_InterruptHandler_HIGH                 bssCOMRAM    00003B
_RB4_InterruptHandler_LOW                  bssCOMRAM    000039
_RB5_ISR                                   text63       006334
_RB5_InterruptHandler_HIGH                 bssCOMRAM    000037
_RB5_InterruptHandler_LOW                  bssBANK1     000125
_RB6_ISR                                   text62       00631A
_RB6_InterruptHandler_HIGH                 bssBANK1     000123
_RB6_InterruptHandler_LOW                  bssBANK1     000121
_RB7_ISR                                   text61       006300
_RB7_InterruptHandler_HIGH                 bssBANK1     00011F
_RB7_InterruptHandler_LOW                  bssBANK1     00011D
_RCONbits                                  (abs)        000FD0
_RCREG                                     (abs)        000FAE
_RCSTA1bits                                (abs)        000FAB
_RCSTAbits                                 (abs)        000FAB
_RX9D                                      (abs)        007D58
_Rx_config_interrupt                       text54       0053EC
_SPBRG                                     (abs)        000FAF
_SPBRGH                                    (abs)        000FB0
_SSPADD                                    (abs)        000FC8
_SSPBUF                                    (abs)        000FC9
_SSPCON1bits                               (abs)        000FC6
_SSPCON2bits                               (abs)        000FC5
_SSPSTATbits                               (abs)        000FC7
_T0CONbits                                 (abs)        000FD5
_T3CONbits                                 (abs)        000FB1
_TMR0H                                     (abs)        000FD7
_TMR0L                                     (abs)        000FD6
_TMR0_ISR                                  text68       005EE6
_TRISA                                     (abs)        000F92
_TRISB                                     (abs)        000F93
_TRISBbits                                 (abs)        000F93
_TRISC                                     (abs)        000F94
_TRISCbits                                 (abs)        000F94
_TRISD                                     (abs)        000F95
_TRISE                                     (abs)        000F96
_TXREG                                     (abs)        000FAD
_TXSTA1bits                                (abs)        000FAC
_TXSTAbits                                 (abs)        000FAC
_Timer0                                    dataBANK1    0001ED
_Timer0_Handler                            text69       0062B6
_W1_W5_W2_W6_Motor_Control                 dataCOMRAM   000050
_W3_Motor_Control                          dataCOMRAM   00004E
_W4_Motor_Control                          dataCOMRAM   00004C
_WDTCONbits                                (abs)        000FD1
__HRAM                                     (abs)        000000
__Habs1                                    abs1         000000
__Hbank0                                   bank0        000000
__Hbank1                                   bank1        000000
__Hbank10                                  bank10       000000
__Hbank11                                  bank11       000000
__Hbank12                                  bank12       000000
__Hbank13                                  bank13       000000
__Hbank14                                  bank14       000000
__Hbank15                                  bank15       000000
__Hbank2                                   bank2        000000
__Hbank3                                   bank3        000000
__Hbank4                                   bank4        000000
__Hbank5                                   bank5        000000
__Hbank6                                   bank6        000000
__Hbank7                                   bank7        000000
__Hbank8                                   bank8        000000
__Hbank9                                   bank9        000000
__Hbigbss                                  bigbss       000000
__Hbigdata                                 bigdata      000000
__Hbigram                                  bigram       000000
__Hbss                                     bss          000000
__HbssBANK1                                bssBANK1     000000
__HbssBANK2                                bssBANK2     000000
__HbssCOMRAM                               bssCOMRAM    000000
__Hcinit                                   cinit        000000
__Hclrtext                                 clrtext      000000
__Hcomram                                  comram       000000
__Hconfig                                  config       30000E
__Hconst                                   const        000000
__HcstackBANK0                             cstackBANK0  000000
__HcstackBANK1                             cstackBANK1  000000
__HcstackCOMRAM                            cstackCOMRAM 000000
__Hdata                                    data         000000
__HdataBANK1                               dataBANK1    000000
__HdataCOMRAM                              dataCOMRAM   000000
__Heeprom_data                             eeprom_data  000000
__Hfarbss                                  farbss       000000
__Hfardata                                 fardata      000000
__Hibigdata                                ibigdata     000000
__Hidata                                   idata        000000
__HidataBANK1                              idataBANK1   000000
__HidataCOMRAM                             idataCOMRAM  000000
__Hidloc                                   idloc        200008
__Hifardata                                ifardata     000000
__Hinit                                    init         00028A
__Hintcode                                 intcode      00000E
__Hintcode_body                            intcode_body 000000
__Hintcodelo                               intcodelo    000286
__Hintentry                                intentry     000000
__Hintret                                  intret       000000
__Hintsave_regs                            intsave_regs 000000
__Hirdata                                  irdata       000000
__Hmediumconst                             mediumconst  000000
__HnvFARRAM                                nvFARRAM     000000
__Hnvbit                                   nvbit        000000
__Hnvrram                                  nvrram       000000
__Hparam                                   rparam       000000
__Hpowerup                                 powerup      000286
__Hram                                     ram          000000
__Hramtop                                  ramtop       001000
__Hrbit                                    rbit         000000
__Hrbss                                    rbss         000000
__Hrdata                                   rdata        000000
__Hreset_vec                               reset_vec    000004
__Hrparam                                  rparam       000000
__Hsfr                                     sfr          000000
__Hsmallconst                              smallconst   001090
__Hspace_0                                 (abs)        006380
__Hspace_1                                 (abs)        000250
__Hspace_2                                 (abs)        000000
__Hspace_4                                 (abs)        60000E
__Hstack                                   stack        000000
__Hstruct                                  struct       000000
__Htemp                                    temp         000057
__Htext                                    text         000000
__Htext0                                   text0        000000
__Htext1                                   text1        000000
__Htext10                                  text10       000000
__Htext11                                  text11       000000
__Htext12                                  text12       000000
__Htext13                                  text13       000000
__Htext14                                  text14       000000
__Htext15                                  text15       000000
__Htext16                                  text16       000000
__Htext17                                  text17       000000
__Htext18                                  text18       000000
__Htext19                                  text19       000000
__Htext2                                   text2        000000
__Htext20                                  text20       000000
__Htext21                                  text21       000000
__Htext22                                  text22       000000
__Htext23                                  text23       000000
__Htext24                                  text24       000000
__Htext25                                  text25       000000
__Htext26                                  text26       000000
__Htext27                                  text27       000000
__Htext28                                  text28       000000
__Htext29                                  text29       000000
__Htext3                                   text3        000000
__Htext30                                  text30       000000
__Htext31                                  text31       000000
__Htext32                                  text32       000000
__Htext33                                  text33       000000
__Htext34                                  text34       000000
__Htext35                                  text35       000000
__Htext36                                  text36       000000
__Htext37                                  text37       000000
__Htext38                                  text38       000000
__Htext39                                  text39       000000
__Htext4                                   text4        000000
__Htext40                                  text40       000000
__Htext41                                  text41       000000
__Htext42                                  text42       000000
__Htext43                                  text43       000000
__Htext44                                  text44       000000
__Htext45                                  text45       000000
__Htext46                                  text46       000000
__Htext47                                  text47       000000
__Htext48                                  text48       000000
__Htext49                                  text49       000000
__Htext5                                   text5        000000
__Htext50                                  text50       000000
__Htext51                                  text51       000000
__Htext52                                  text52       000000
__Htext53                                  text53       000000
__Htext54                                  text54       000000
__Htext55                                  text55       000000
__Htext56                                  text56       000000
__Htext57                                  text57       000000
__Htext58                                  text58       000000
__Htext59                                  text59       000000
__Htext6                                   text6        000000
__Htext61                                  text61       000000
__Htext62                                  text62       000000
__Htext63                                  text63       000000
__Htext64                                  text64       000000
__Htext65                                  text65       000000
__Htext66                                  text66       000000
__Htext68                                  text68       000000
__Htext69                                  text69       000000
__Htext7                                   text7        000000
__Htext70                                  text70       000000
__Htext71                                  text71       000000
__Htext72                                  text72       000000
__Htext73                                  text73       000000
__Htext74                                  text74       000000
__Htext75                                  text75       000000
__Htext76                                  text76       000000
__Htext77                                  text77       000000
__Htext78                                  text78       000000
__Htext79                                  text79       000000
__Htext8                                   text8        000000
__Htext80                                  text80       000000
__Htext81                                  text81       000000
__Htext82                                  text82       000000
__Htext83                                  text83       000000
__Htext84                                  text84       000000
__Htext85                                  text85       000000
__Htext86                                  text86       000000
__Htext87                                  text87       000000
__Htext9                                   text9        000000
__LRAM                                     (abs)        000001
__Labs1                                    abs1         000000
__Lbank0                                   bank0        000000
__Lbank1                                   bank1        000000
__Lbank10                                  bank10       000000
__Lbank11                                  bank11       000000
__Lbank12                                  bank12       000000
__Lbank13                                  bank13       000000
__Lbank14                                  bank14       000000
__Lbank15                                  bank15       000000
__Lbank2                                   bank2        000000
__Lbank3                                   bank3        000000
__Lbank4                                   bank4        000000
__Lbank5                                   bank5        000000
__Lbank6                                   bank6        000000
__Lbank7                                   bank7        000000
__Lbank8                                   bank8        000000
__Lbank9                                   bank9        000000
__Lbigbss                                  bigbss       000000
__Lbigdata                                 bigdata      000000
__Lbigram                                  bigram       000000
__Lbss                                     bss          000000
__LbssBANK1                                bssBANK1     000000
__LbssBANK2                                bssBANK2     000000
__LbssCOMRAM                               bssCOMRAM    000000
__Lcinit                                   cinit        000000
__Lclrtext                                 clrtext      000000
__Lcomram                                  comram       000000
__Lconfig                                  config       000000
__Lconst                                   const        000000
__LcstackBANK0                             cstackBANK0  000000
__LcstackBANK1                             cstackBANK1  000000
__LcstackCOMRAM                            cstackCOMRAM 000000
__Ldata                                    data         000000
__LdataBANK1                               dataBANK1    000000
__LdataCOMRAM                              dataCOMRAM   000000
__Leeprom_data                             eeprom_data  000000
__Lfarbss                                  farbss       000000
__Lfardata                                 fardata      000000
__Libigdata                                ibigdata     000000
__Lidata                                   idata        000000
__LidataBANK1                              idataBANK1   000000
__LidataCOMRAM                             idataCOMRAM  000000
__Lidloc                                   idloc        000000
__Lifardata                                ifardata     000000
__Linit                                    init         000286
__Lintcode                                 intcode      000008
__Lintcode_body                            intcode_body 000000
__Lintcodelo                               intcodelo    000018
__Lintentry                                intentry     000000
__Lintret                                  intret       000000
__Lintsave_regs                            intsave_regs 000000
__Lirdata                                  irdata       000000
__Lmediumconst                             mediumconst  000000
__LnvFARRAM                                nvFARRAM     000000
__Lnvbit                                   nvbit        000000
__Lnvrram                                  nvrram       000000
__Lparam                                   rparam       000000
__Lpowerup                                 powerup      000286
__Lram                                     ram          000000
__Lramtop                                  ramtop       001000
__Lrbit                                    rbit         000000
__Lrbss                                    rbss         000000
__Lrdata                                   rdata        000000
__Lreset_vec                               reset_vec    000000
__Lrparam                                  rparam       000000
__Lsfr                                     sfr          000000
__Lsmallconst                              smallconst   001000
__Lspace_0                                 (abs)        000000
__Lspace_1                                 (abs)        000000
__Lspace_2                                 (abs)        000000
__Lspace_4                                 (abs)        000000
__Lstack                                   stack        000000
__Lstruct                                  struct       000000
__Ltemp                                    temp         000056
__Ltext                                    text         000000
__Ltext0                                   text0        000000
__Ltext1                                   text1        000000
__Ltext10                                  text10       000000
__Ltext11                                  text11       000000
__Ltext12                                  text12       000000
__Ltext13                                  text13       000000
__Ltext14                                  text14       000000
__Ltext15                                  text15       000000
__Ltext16                                  text16       000000
__Ltext17                                  text17       000000
__Ltext18                                  text18       000000
__Ltext19                                  text19       000000
__Ltext2                                   text2        000000
__Ltext20                                  text20       000000
__Ltext21                                  text21       000000
__Ltext22                                  text22       000000
__Ltext23                                  text23       000000
__Ltext24                                  text24       000000
__Ltext25                                  text25       000000
__Ltext26                                  text26       000000
__Ltext27                                  text27       000000
__Ltext28                                  text28       000000
__Ltext29                                  text29       000000
__Ltext3                                   text3        000000
__Ltext30                                  text30       000000
__Ltext31                                  text31       000000
__Ltext32                                  text32       000000
__Ltext33                                  text33       000000
__Ltext34                                  text34       000000
__Ltext35                                  text35       000000
__Ltext36                                  text36       000000
__Ltext37                                  text37       000000
__Ltext38                                  text38       000000
__Ltext39                                  text39       000000
__Ltext4                                   text4        000000
__Ltext40                                  text40       000000
__Ltext41                                  text41       000000
__Ltext42                                  text42       000000
__Ltext43                                  text43       000000
__Ltext44                                  text44       000000
__Ltext45                                  text45       000000
__Ltext46                                  text46       000000
__Ltext47                                  text47       000000
__Ltext48                                  text48       000000
__Ltext49                                  text49       000000
__Ltext5                                   text5        000000
__Ltext50                                  text50       000000
__Ltext51                                  text51       000000
__Ltext52                                  text52       000000
__Ltext53                                  text53       000000
__Ltext54                                  text54       000000
__Ltext55                                  text55       000000
__Ltext56                                  text56       000000
__Ltext57                                  text57       000000
__Ltext58                                  text58       000000
__Ltext59                                  text59       000000
__Ltext6                                   text6        000000
__Ltext61                                  text61       000000
__Ltext62                                  text62       000000
__Ltext63                                  text63       000000
__Ltext64                                  text64       000000
__Ltext65                                  text65       000000
__Ltext66                                  text66       000000
__Ltext68                                  text68       000000
__Ltext69                                  text69       000000
__Ltext7                                   text7        000000
__Ltext70                                  text70       000000
__Ltext71                                  text71       000000
__Ltext72                                  text72       000000
__Ltext73                                  text73       000000
__Ltext74                                  text74       000000
__Ltext75                                  text75       000000
__Ltext76                                  text76       000000
__Ltext77                                  text77       000000
__Ltext78                                  text78       000000
__Ltext79                                  text79       000000
__Ltext8                                   text8        000000
__Ltext80                                  text80       000000
__Ltext81                                  text81       000000
__Ltext82                                  text82       000000
__Ltext83                                  text83       000000
__Ltext84                                  text84       000000
__Ltext85                                  text85       000000
__Ltext86                                  text86       000000
__Ltext87                                  text87       000000
__Ltext9                                   text9        000000
__S0                                       (abs)        006380
__S1                                       (abs)        000250
__S2                                       (abs)        000000
__S4                                       (abs)        000000
__S5                                       (abs)        000000
___aodiv                                   text31       003A80
___aodiv@counter                           cstackBANK0  000090
___aodiv@dividend                          cstackBANK0  000080
___aodiv@divisor                           cstackBANK0  000088
___aodiv@quotient                          cstackBANK0  000092
___aodiv@sign                              cstackBANK0  000091
___aomod                                   text30       003F08
___aomod@counter                           cstackCOMRAM 00002A
___aomod@dividend                          cstackBANK0  000080
___aomod@divisor                           cstackBANK0  000088
___aomod@sign                              cstackCOMRAM 00002B
___awdiv                                   text22       004E4A
___awdiv@counter                           cstackBANK0  000084
___awdiv@dividend                          cstackBANK0  000080
___awdiv@divisor                           cstackBANK0  000082
___awdiv@quotient                          cstackBANK0  000086
___awdiv@sign                              cstackBANK0  000085
___awmod                                   text21       00507E
___awmod@counter                           cstackCOMRAM 00002A
___awmod@dividend                          cstackBANK0  000080
___awmod@divisor                           cstackBANK0  000082
___awmod@sign                              cstackCOMRAM 00002B
___fladd                                   text51       001D56
___fladd@a                                 cstackBANK0  0000AF
___fladd@aexp                              cstackBANK0  0000B8
___fladd@b                                 cstackBANK0  0000AB
___fladd@bexp                              cstackBANK0  0000B9
___fladd@grs                               cstackBANK0  0000BA
___fladd@signs                             cstackBANK0  0000B7
___fldiv                                   text50       002E28
___fldiv@a                                 cstackBANK0  000096
___fldiv@aexp                              cstackBANK0  0000AA
___fldiv@b                                 cstackBANK0  000092
___fldiv@bexp                              cstackBANK0  0000A9
___fldiv@grs                               cstackBANK0  0000A5
___fldiv@new_exp                           cstackBANK0  0000A3
___fldiv@rem                               cstackBANK0  00009E
___fldiv@sign                              cstackBANK0  0000A2
___fleq                                    text20       005340
___fleq@ff1                                cstackBANK0  000080
___fleq@ff2                                cstackBANK0  000084
___flge                                    text19       00464A
___flge@ff1                                cstackBANK0  000099
___flge@ff2                                cstackBANK0  00009D
___flmul                                   text18       002644
___flmul@a                                 cstackBANK0  000084
___flmul@aexp                              cstackBANK0  00008D
___flmul@b                                 cstackBANK0  000080
___flmul@bexp                              cstackBANK0  000092
___flmul@grs                               cstackBANK0  00008E
___flmul@prod                              cstackBANK0  000093
___flmul@sign                              cstackBANK0  00008C
___flmul@temp                              cstackBANK0  000097
___flneg                                   text17       0061C6
___flneg@f1                                cstackBANK0  000080
___flsub                                   text16       005F7A
___flsub@a                                 cstackBANK0  0000BF
___flsub@b                                 cstackBANK0  0000BB
___fltol                                   text49       004542
___fltol@exp1                              cstackCOMRAM 00002B
___fltol@f1                                cstackBANK0  000080
___fltol@sign1                             cstackCOMRAM 00002A
___fpclassifyf                             text15       004750
___fpclassifyf@F465                        bssBANK1     000113
___fpclassifyf@e                           cstackBANK0  000088
___fpclassifyf@u                           cstackBANK0  00008A
___fpclassifyf@x                           cstackBANK0  000080
___inthi_sp                                stack        000000
___intlo_sp                                stack        000000
___param_bank                              (abs)        000000
___rparam_used                             (abs)        000001
___sp                                      stack        000000
___wmul                                    text33       00628E
___wmul@multiplicand                       cstackBANK0  000082
___wmul@multiplier                         cstackBANK0  000080
___wmul@product                            cstackCOMRAM 00002A
___xxtofl                                  text48       0038C8
___xxtofl@arg                              cstackBANK0  00008E
___xxtofl@exp                              cstackBANK0  00008D
___xxtofl@sign                             cstackBANK0  00008C
___xxtofl@val                              cstackBANK0  000084
__accesstop                                (abs)        000080
__activetblptr                             (abs)        000003
__end_of_ADC_Get_Conversion_Blocking       text34       00563C
__end_of_ADC_Get_Conversion_Results        text37       004FCC
__end_of_ADC_ISR                           text66       00637E
__end_of_ADC_Init                          text55       005526
__end_of_ADC_Start_Conversion              text36       006300
__end_of_ADC_select_channel                text35       006114
__end_of_Bluetooth_Send_Data_Non_Blocking  text83       00628E
__end_of_ECU_DC_Motor_Stop                 text70       006150
__end_of_EUSART_Async_Init                 text46       005DA4
__end_of_EUSART_Async_Read_Data            text82       0038C8
__end_of_EUSART_Async_Transmit_Data        text84       004A1A
__end_of_EUSART_Rx_ISR                     text72       006264
__end_of_EUSART_Tx_ISR                     text71       006380
__end_of_GPIO_Pin_Direction_Initialize     text45       0041B4
__end_of_GPIO_Pin_Initialize               text43       005E4C
__end_of_GPIO_Pin_Toggle_Logic             text59       0057AC
__end_of_GPIO_Pin_Write_Logic              text44       00441A
__end_of_INT1_ISR                          text65       00637A
__end_of_InterruptManagerHigh              intcode_body 004936
__end_of_InterruptManagerLow               intcodelo    000286
__end_of_RB4_ISR                           text64       006368
__end_of_RB5_ISR                           text63       00634E
__end_of_RB6_ISR                           text62       006334
__end_of_RB7_ISR                           text61       00631A
__end_of_Rx_config_interrupt               text54       00548E
__end_of_TMR0_ISR                          text68       005F30
__end_of_Timer0_Handler                    text69       0062DC
__end_of___aodiv                           text31       003C0A
__end_of___aomod                           text30       00406E
__end_of___awdiv                           text22       004F10
__end_of___awmod                           text21       005130
__end_of___fladd                           text51       002218
__end_of___fldiv                           text50       0031C4
__end_of___fleq                            text20       0053EC
__end_of___flge                            text19       004750
__end_of___flmul                           text18       002A70
__end_of___flneg                           text17       006200
__end_of___flsub                           text16       005FC2
__end_of___fltol                           text49       00464A
__end_of___fpclassifyf                     text15       004850
__end_of___wmul                            text33       0062B6
__end_of___xxtofl                          text48       003A80
__end_of__initialization                   cinit        0058F0
__end_of_abs                               text29       0060D6
__end_of_adc_channel_pin_config_as_input   text58       004CB6
__end_of_adc_select_result_formate         text57       005D48
__end_of_adc_select_voltage_reference      text56       005B64
__end_of_application_intialize             text38       005B00
__end_of_async_Rx_config                   text53       0051E2
__end_of_async_Tx_config                   text52       0055B6
__end_of_async_config_baud_rate_gen        text47       002E28
__end_of_battery_level                     text1        003D90
__end_of_calc_parity_even                  text86       005A36
__end_of_calc_parity_odd                   text85       0059CE
__end_of_convert_float32_to_string         text5        004AFC
__end_of_dtoa                              text23       0034A8
__end_of_efgtoa                            text10       001D56
__end_of_floorf                            text14       0036BE
__end_of_fputc                             text27       004D82
__end_of_fputs                             text26       00604E
__end_of_isupper                           text12       0061C6
__end_of_lcd_4bit_initialize               text39       0042EC
__end_of_lcd_4bit_send_char_data           text4        005A9C
__end_of_lcd_4bit_send_char_data_pos       text75       00618C
__end_of_lcd_4bit_send_command             text40       00581C
__end_of_lcd_4bit_send_string_data_pos     text2        005340
__end_of_lcd_4bits_send_enable_signal      text42       005EE6
__end_of_lcd_4bits_set_courser             text3        00507E
__end_of_lcd_send_4bits                    text41       0056BE
__end_of_main                              text0        006008
__end_of_memset                            text32       003F08
__end_of_pad                               text24       004E4A
__end_of_putch                             text28       00637C
__end_of_sprintf                           text6        005DFC
__end_of_strcpy                            text13       005CEA
__end_of_strlen                            text25       006238
__end_of_strncmp                           text9        004BDA
__end_of_tolower                           text11       005BC6
__end_of_usart_isr                         text73       005F7A
__end_of_vfpfcnvrt                         text8        002644
__end_of_vfprintf                          text7        005966
__end_ofi2_GPIO_Pin_Toggle_Logic           text74       00588C
__end_ofi2_GPIO_Pin_Write_Logic            text81       004542
__end_ofi2_lcd_4bit_send_char_data         text78       005C8A
__end_ofi2_lcd_4bit_send_command           text77       005C28
__end_ofi2_lcd_4bits_send_enable_signal    text80       006094
__end_ofi2_lcd_4bits_set_courser           text76       005292
__end_ofi2_lcd_send_4bits                  text79       005738
__initialization                           cinit        00588C
__mediumconst                              mediumconst  000000
__pbssBANK1                                bssBANK1     000100
__pbssBANK2                                bssBANK2     000200
__pbssCOMRAM                               bssCOMRAM    00002D
__pcinit                                   cinit        00588C
__pcstackBANK0                             cstackBANK0  000080
__pcstackBANK1                             cstackBANK1  000158
__pcstackCOMRAM                            cstackCOMRAM 000001
__pdataBANK1                               dataBANK1    0001A9
__pdataCOMRAM                              dataCOMRAM   000048
__pidataBANK1                              idataBANK1   005E4C
__pidataCOMRAM                             idataCOMRAM  006368
__pintcode                                 intcode      000008
__pintcode_body                            intcode_body 004850
__pintcodelo                               intcodelo    000018
__psmallconst                              smallconst   001000
__ptext0                                   text0        005FC2
__ptext1                                   text1        003C0A
__ptext10                                  text10       001090
__ptext11                                  text11       005B64
__ptext12                                  text12       00618C
__ptext13                                  text13       005C8A
__ptext14                                  text14       0034A8
__ptext15                                  text15       004750
__ptext16                                  text16       005F7A
__ptext17                                  text17       0061C6
__ptext18                                  text18       002644
__ptext19                                  text19       00464A
__ptext2                                   text2        005292
__ptext20                                  text20       005340
__ptext21                                  text21       00507E
__ptext22                                  text22       004E4A
__ptext23                                  text23       0031C4
__ptext24                                  text24       004D82
__ptext25                                  text25       006200
__ptext26                                  text26       006008
__ptext27                                  text27       004CB6
__ptext28                                  text28       00637A
__ptext29                                  text29       006094
__ptext3                                   text3        004FCC
__ptext30                                  text30       003F08
__ptext31                                  text31       003A80
__ptext32                                  text32       003D90
__ptext33                                  text33       00628E
__ptext34                                  text34       0055B6
__ptext35                                  text35       0060D6
__ptext36                                  text36       0062DC
__ptext37                                  text37       004F10
__ptext38                                  text38       005A9C
__ptext39                                  text39       0041B4
__ptext4                                   text4        005A36
__ptext40                                  text40       0057AC
__ptext41                                  text41       00563C
__ptext42                                  text42       005E9C
__ptext43                                  text43       005DFC
__ptext44                                  text44       0042EC
__ptext45                                  text45       00406E
__ptext46                                  text46       005D48
__ptext47                                  text47       002A70
__ptext48                                  text48       0038C8
__ptext49                                  text49       004542
__ptext5                                   text5        004A1A
__ptext50                                  text50       002E28
__ptext51                                  text51       001D56
__ptext52                                  text52       005526
__ptext53                                  text53       005130
__ptext54                                  text54       0053EC
__ptext55                                  text55       00548E
__ptext56                                  text56       005B00
__ptext57                                  text57       005CEA
__ptext58                                  text58       004BDA
__ptext59                                  text59       005738
__ptext6                                   text6        005DA4
__ptext61                                  text61       006300
__ptext62                                  text62       00631A
__ptext63                                  text63       006334
__ptext64                                  text64       00634E
__ptext65                                  text65       006376
__ptext66                                  text66       00637C
__ptext68                                  text68       005EE6
__ptext69                                  text69       0062B6
__ptext7                                   text7        0058FA
__ptext70                                  text70       006114
__ptext71                                  text71       00637E
__ptext72                                  text72       006238
__ptext73                                  text73       005F30
__ptext74                                  text74       00581C
__ptext75                                  text75       006150
__ptext76                                  text76       0051E2
__ptext77                                  text77       005BC6
__ptext78                                  text78       005C28
__ptext79                                  text79       0056BE
__ptext8                                   text8        002218
__ptext80                                  text80       00604E
__ptext81                                  text81       00441A
__ptext82                                  text82       0036BE
__ptext83                                  text83       006264
__ptext84                                  text84       004936
__ptext85                                  text85       005966
__ptext86                                  text86       0059CE
__ptext87                                  text87       000000
__ptext9                                   text9        004AFC
__ramtop                                   ramtop       001000
__size_of_ADC_Get_Conversion_Blocking      (abs)        000000
__size_of_ADC_Get_Conversion_Results       (abs)        000000
__size_of_ADC_ISR                          (abs)        000000
__size_of_ADC_Init                         (abs)        000000
__size_of_ADC_Start_Conversion             (abs)        000000
__size_of_ADC_select_channel               (abs)        000000
__size_of_Bluetooth_Send_Data_Non_Blocking (abs)        000000
__size_of_ECU_DC_Motor_Stop                (abs)        000000
__size_of_EUSART_Async_Init                (abs)        000000
__size_of_EUSART_Async_Read_Data           (abs)        000000
__size_of_EUSART_Async_Transmit_Data       (abs)        000000
__size_of_EUSART_Rx_ISR                    (abs)        000000
__size_of_EUSART_Tx_ISR                    (abs)        000000
__size_of_GPIO_Pin_Direction_Initialize    (abs)        000000
__size_of_GPIO_Pin_Initialize              (abs)        000000
__size_of_GPIO_Pin_Toggle_Logic            (abs)        000000
__size_of_GPIO_Pin_Write_Logic             (abs)        000000
__size_of_INT1_ISR                         (abs)        000000
__size_of_InterruptManagerHigh             (abs)        000000
__size_of_InterruptManagerLow              (abs)        000000
__size_of_RB4_ISR                          (abs)        000000
__size_of_RB5_ISR                          (abs)        000000
__size_of_RB6_ISR                          (abs)        000000
__size_of_RB7_ISR                          (abs)        000000
__size_of_Rx_config_interrupt              (abs)        000000
__size_of_TMR0_ISR                         (abs)        000000
__size_of_Timer0_Handler                   (abs)        000000
__size_of___aodiv                          (abs)        000000
__size_of___aomod                          (abs)        000000
__size_of___awdiv                          (abs)        000000
__size_of___awmod                          (abs)        000000
__size_of___fladd                          (abs)        000000
__size_of___fldiv                          (abs)        000000
__size_of___fleq                           (abs)        000000
__size_of___flge                           (abs)        000000
__size_of___flmul                          (abs)        000000
__size_of___flneg                          (abs)        000000
__size_of___flsub                          (abs)        000000
__size_of___fltol                          (abs)        000000
__size_of___fpclassifyf                    (abs)        000000
__size_of___wmul                           (abs)        000000
__size_of___xxtofl                         (abs)        000000
__size_of_abs                              (abs)        000000
__size_of_adc_channel_pin_config_as_input  (abs)        000000
__size_of_adc_select_result_formate        (abs)        000000
__size_of_adc_select_voltage_reference     (abs)        000000
__size_of_application_intialize            (abs)        000000
__size_of_async_Rx_config                  (abs)        000000
__size_of_async_Tx_config                  (abs)        000000
__size_of_async_config_baud_rate_gen       (abs)        000000
__size_of_battery_level                    (abs)        000000
__size_of_calc_parity_even                 (abs)        000000
__size_of_calc_parity_odd                  (abs)        000000
__size_of_convert_float32_to_string        (abs)        000000
__size_of_dtoa                             (abs)        000000
__size_of_efgtoa                           (abs)        000000
__size_of_floorf                           (abs)        000000
__size_of_fputc                            (abs)        000000
__size_of_fputs                            (abs)        000000
__size_of_isupper                          (abs)        000000
__size_of_lcd_4bit_initialize              (abs)        000000
__size_of_lcd_4bit_send_char_data          (abs)        000000
__size_of_lcd_4bit_send_char_data_pos      (abs)        000000
__size_of_lcd_4bit_send_command            (abs)        000000
__size_of_lcd_4bit_send_string_data_pos    (abs)        000000
__size_of_lcd_4bits_send_enable_signal     (abs)        000000
__size_of_lcd_4bits_set_courser            (abs)        000000
__size_of_lcd_send_4bits                   (abs)        000000
__size_of_main                             (abs)        000000
__size_of_memset                           (abs)        000000
__size_of_pad                              (abs)        000000
__size_of_putch                            (abs)        000000
__size_of_sprintf                          (abs)        000000
__size_of_strcpy                           (abs)        000000
__size_of_strlen                           (abs)        000000
__size_of_strncmp                          (abs)        000000
__size_of_tolower                          (abs)        000000
__size_of_usart_isr                        (abs)        000000
__size_of_vfpfcnvrt                        (abs)        000000
__size_of_vfprintf                         (abs)        000000
__size_ofi2_GPIO_Pin_Toggle_Logic          (abs)        000000
__size_ofi2_GPIO_Pin_Write_Logic           (abs)        000000
__size_ofi2_lcd_4bit_send_char_data        (abs)        000000
__size_ofi2_lcd_4bit_send_command          (abs)        000000
__size_ofi2_lcd_4bits_send_enable_signal   (abs)        000000
__size_ofi2_lcd_4bits_set_courser          (abs)        000000
__size_ofi2_lcd_send_4bits                 (abs)        000000
__smallconst                               smallconst   001000
__uart_obj                                 dataBANK1    0001C7
_abs                                       text29       006094
_adc_channel_pin_config_as_input           text58       004BDA
_adc_select_result_formate                 text57       005CEA
_adc_select_voltage_reference              text56       005B00
_application_intialize                     text38       005A9C
_async_Rx_config                           text53       005130
_async_Tx_config                           text52       005526
[...]
 Parameters:    Size  Location     Type
  _pin_config     2    0[COMRAM] PTR const struct .
		 -> selector(1), pind0(1), pind1(1), pind2(1), 
		 -> lcd1.lcd_data_pins(4), lcd1(6), CCP2_Obj(10), CCP1_Obj(10), 
		 -> W4_Motor_Control.dc_motor(2), W4_Motor_Control(2), W3_Motor_Control.dc_motor(2), W3_Motor_Control(2), 
		 -> W1_W5_W2_W6_Motor_Control.dc_motor(2), W1_W5_W2_W6_Motor_Control(2), 
  logic           1    2[COMRAM] enum E2958
 Auto vars:     Size  Location     Type
  ERRORSTATUS     1    9[COMRAM] unsigned char 
 Return value:  Size  Location     Type
                  1    wreg      unsigned char 
 Registers used:
		wreg, fsr2l, fsr2h, status,2, status,0, prodl, prodh
 Tracked objects:
		On entry : 
		On exit  : 
		Unchanged: 
 Data sizes:     COMRAM   BANK0   BANK1   BANK2   BANK3   BANK4   BANK5   BANK6   BANK7   BANK8   BANK9  BANK10  BANK11  BANK12  BANK13  BANK14  BANK15
      Params:         3       0       0       0       0       0       0       0       0       0       0       0       0       0       0       0       0
      Locals:         1       0       0       0       0       0       0       0       0       0       0       0       0       0       0       0       0
      Temps:          6       0       0       0       0       0       0       0       0       0       0       0       0       0       0       0       0
      Totals:        10       0       0       0       0       0       0       0       0       0       0       0       0       0       0       0       0
Total ram usage:       10 bytes
 Hardware stack levels used:    1
 This function calls:
		Nothing
 This function is called by:
		_ECU_DC_Motor_Stop
		i2_lcd_4bit_send_command
		i2_lcd_4bit_send_char_data
		i2_lcd_4bits_send_enable_signal
		i2_lcd_send_4bits
 This function uses a non-reentrant model


 *************** function _EUSART_Async_Read_Data *****************
 Defined at:
		line 181 in file "MCAL/EUSART/mcal_EUSART.c"
 Parameters:    Size  Location     Type
  _eusart_obj     2    5[COMRAM] PTR const struct .
		 -> _uart_obj(12), 
  data            2    7[COMRAM] PTR unsigned short 
		 -> longtude(13), latitude(13), gpstemp(1), datarecive(1), 
 Auto vars:     Size  Location     Type
  l_temp_data     2   18[COMRAM] unsigned short 
  ret_val         1    0        unsigned char 
 Return value:  Size  Location     Type
                  1    wreg      unsigned char 
 Registers used:
		wreg, fsr2l, fsr2h, status,2, status,0, cstack
 Tracked objects:
		On entry : 
		On exit  : 
		Unchanged: 
 Data sizes:     COMRAM   BANK0   BANK1   BANK2   BANK3   BANK4   BANK5   BANK6   BANK7   BANK8   BANK9  BANK10  BANK11  BANK12  BANK13  BANK14  BANK15
      Params:         4       0       0       0       0       0       0       0       0       0       0       0       0       0       0       0       0
      Locals:         9       0       0       0       0       0       0       0       0       0       0       0       0       0       0       0       0
      Temps:          2       0       0       0       0       0       0       0       0       0       0       0       0       0       0       0       0
      Totals:        15       0       0       0       0       0       0       0       0       0       0       0       0       0       0       0       0
Total ram usage:       15 bytes
 Hardware stack levels used:    1
 Hardware stack levels required when called:    1
 This function calls:
		_calc_parity_even
		_calc_parity_odd
 This function is called by:
		_usart_isr
		_Bluetooth_Recieve_Data_Non_Blocking
		_EUSART_Async_Read_Data_Blocking
 This function uses a non-reentrant model


 *************** function _Bluetooth_Send_Data_Non_Blocking *****************
 Defined at:
		line 71 in file "ECU/Bluetooth/Bluetooth.c"
 Parameters:    Size  Location     Type
  _uart_obj       2   12[COMRAM] PTR const struct .
		 -> _uart_obj(12), 
  data            1   14[COMRAM] unsigned char 
 Auto vars:     Size  Location     Type
  ret_val         1    0        unsigned char 
 Return value:  Size  Location     Type
                  1    wreg      unsigned char 
 Registers used:
		wreg, fsr2l, fsr2h, status,2, status,0, cstack
 Tracked objects:
		On entry : 
		On exit  : 
		Unchanged: 
 Data sizes:     COMRAM   BANK0   BANK1   BANK2   BANK3   BANK4   BANK5   BANK6   BANK7   BANK8   BANK9  BANK10  BANK11  BANK12  BANK13  BANK14  BANK15
      Params:         3       0       0       0       0       0       0       0       0       0       0       0       0       0       0       0       0
      Locals:         1       0       0       0       0       0       0       0       0       0       0       0       0       0       0       0       0
      Temps:          0       0       0       0       0       0       0       0       0       0       0       0       0       0       0       0       0
      Totals:         4       0       0       0       0       0       0       0       0       0       0       0       0       0       0       0       0
Total ram usage:        4 bytes
 Hardware stack levels used:    1
 Hardware stack levels required when called:    2
 This function calls:
		_EUSART_Async_Transmit_Data
 This function is called by:
		_usart_isr
 This function uses a non-reentrant model


 *************** function _EUSART_Async_Transmit_Data *****************
 Defined at:
		line 124 in file "MCAL/EUSART/mcal_EUSART.c"
 Parameters:    Size  Location     Type
  _eusart_obj     2    5[COMRAM] PTR const struct .
		 -> _uart_obj(12), 
  data            2    7[COMRAM] unsigned short 
 Auto vars:     Size  Location     Type
  ret_val         1    0        unsigned char 
 Return value:  Size  Location     Type
                  1    wreg      unsigned char 
 Registers used:
		wreg, fsr2l, fsr2h, status,2, status,0, cstack
 Tracked objects:
		On entry : 
		On exit  : 
		Unchanged: 
 Data sizes:     COMRAM   BANK0   BANK1   BANK2   BANK3   BANK4   BANK5   BANK6   BANK7   BANK8   BANK9  BANK10  BANK11  BANK12  BANK13  BANK14  BANK15
      Params:         4       0       0       0       0       0       0       0       0       0       0       0       0       0       0       0       0
      Locals:         1       0       0       0       0       0       0       0       0       0       0       0       0       0       0       0       0
      Temps:          2       0       0       0       0       0       0       0       0       0       0       0       0       0       0       0       0
      Totals:         7       0       0       0       0       0       0       0       0       0       0       0       0       0       0       0       0
Total ram usage:        7 bytes
 Hardware stack levels used:    1
 Hardware stack levels required when called:    1
 This function calls:
		_calc_parity_even
		_calc_parity_odd
 This function is called by:
		_Bluetooth_Send_Data_Non_Blocking
		_EUSART_Async_Transmit_Data_Blocking
 This function uses a non-reentrant model


 *************** function _calc_parity_odd *****************
 Defined at:
		line 612 in file "MCAL/EUSART/mcal_EUSART.c"
 Parameters:    Size  Location     Type
  data            1    wreg     unsigned char 
 Auto vars:     Size  Location     Type
  data            1    2[COMRAM] unsigned char 
  l_counter       1    4[COMRAM] unsigned char 
  number_of_on    1    3[COMRAM] unsigned char 
 Return value:  Size  Location     Type
                  1    wreg      unsigned char 
 Registers used:
		wreg, status,2, status,0
 Tracked objects:
		On entry : 
		On exit  : 
		Unchanged: 
 Data sizes:     COMRAM   BANK0   BANK1   BANK2   BANK3   BANK4   BANK5   BANK6   BANK7   BANK8   BANK9  BANK10  BANK11  BANK12  BANK13  BANK14  BANK15
      Params:         0       0       0       0       0       0       0       0       0       0       0       0       0       0       0       0       0
      Locals:         3       0       0       0       0       0       0       0       0       0       0       0       0       0       0       0       0
      Temps:          2       0       0       0       0       0       0       0       0       0       0       0       0       0       0       0       0
      Totals:         5       0       0       0       0       0       0       0       0       0       0       0       0       0       0       0       0
Total ram usage:        5 bytes
 Hardware stack levels used:    1
 This function calls:
		Nothing
 This function is called by:
		_EUSART_Async_Transmit_Data
		_EUSART_Async_Read_Data
 This function uses a non-reentrant model


 *************** function _calc_parity_even *****************
 Defined at:
		line 650 in file "MCAL/EUSART/mcal_EUSART.c"
 Parameters:    Size  Location     Type
  data            1    wreg     unsigned char 
 Auto vars:     Size  Location     Type
  data            1    2[COMRAM] unsigned char 
  l_counter       1    4[COMRAM] unsigned char 
  number_of_on    1    3[COMRAM] unsigned char 
 Return value:  Size  Location     Type
                  1    wreg      unsigned char 
 Registers used:
		wreg, status,2, status,0
 Tracked objects:
		On entry : 
		On exit  : 
		Unchanged: 
 Data sizes:     COMRAM   BANK0   BANK1   BANK2   BANK3   BANK4   BANK5   BANK6   BANK7   BANK8   BANK9  BANK10  BANK11  BANK12  BANK13  BANK14  BANK15
      Params:         0       0       0       0       0       0       0       0       0       0       0       0       0       0       0       0       0
      Locals:         3       0       0       0       0       0       0       0       0       0       0       0       0       0       0       0       0
      Temps:          2       0       0       0       0       0       0       0       0       0       0       0       0       0       0       0       0
      Totals:         5       0       0       0       0       0       0       0       0       0       0       0       0       0       0       0       0
Total ram usage:        5 bytes
 Hardware stack levels used:    1
 This function calls:
		Nothing
 This function is called by:
		_EUSART_Async_Transmit_Data
		_EUSART_Async_Read_Data
 This function uses a non-reentrant model



MODULE INFORMATION

Module		Function		Class		Link	Load	Size
C:\Program Files\Microchip\xc8\v2.30\pic\sources\c99\common\aomod.c
		___aomod       		CODE           	3F08	0000	358

C:\Program Files\Microchip\xc8\v2.30\pic\sources\c99\common\aomod.c estimated size: 358

C:\Program Files\Microchip\xc8\v2.30\pic\sources\c99\common\sprcmul.c
		___flmul       		CODE           	2644	0000	1068

C:\Program Files\Microchip\xc8\v2.30\pic\sources\c99\common\sprcmul.c estimated size: 1068

C:\Program Files\Microchip\xc8\v2.30\pic\sources\c99\common\sprcdiv.c
		___fldiv       		CODE           	2E28	0000	924

C:\Program Files\Microchip\xc8\v2.30\pic\sources\c99\common\sprcdiv.c estimated size: 924

C:\Program Files\Microchip\xc8\v2.30\pic\sources\c99\common\__fpclassifyf.c
		___fpclassifyf 		CODE           	4750	0000	256

C:\Program Files\Microchip\xc8\v2.30\pic\sources\c99\common\__fpclassifyf.c estimated size: 256

C:\Program Files\Microchip\xc8\v2.30\pic\sources\c99\common\abs.c
		_abs           		CODE           	6094	0000	66

C:\Program Files\Microchip\xc8\v2.30\pic\sources\c99\common\abs.c estimated size: 66

C:\Program Files\Microchip\xc8\v2.30\pic\sources\c99\common\awmod.c
		___awmod       		CODE           	507E	0000	178

C:\Program Files\Microchip\xc8\v2.30\pic\sources\c99\common\awmod.c estimated size: 178

C:\Program Files\Microchip\xc8\v2.30\pic\sources\c99\common\doprnt.c
		_vfpfcnvrt     		CODE           	2218	0000	1068
		_efgtoa        		CODE           	1090	0000	3270
		_pad           		CODE           	4D82	0000	200
		_dtoa          		CODE           	31C4	0000	740
		_vfprintf      		CODE           	58FA	0000	108

C:\Program Files\Microchip\xc8\v2.30\pic\sources\c99\common\doprnt.c estimated size: 5386

C:\Program Files\Microchip\xc8\v2.30\pic\sources\c99\common\fleq.c
		___fleq        		CODE           	5340	0000	172

C:\Program Files\Microchip\xc8\v2.30\pic\sources\c99\common\fleq.c estimated size: 172

C:\Program Files\Microchip\xc8\v2.30\pic\sources\c99\common\putch.c
		_putch         		CODE           	637A	0000	2

C:\Program Files\Microchip\xc8\v2.30\pic\sources\c99\common\putch.c estimated size: 2

MCAL/Interrupts/mcal_external_interrupt.c
		_RB4_ISR       		CODE           	634E	0000	26
		_RB5_ISR       		CODE           	6334	0000	26
		_RB6_ISR       		CODE           	631A	0000	26
		_RB7_ISR       		CODE           	6300	0000	26
		_INT1_ISR      		CODE           	6376	0000	4

MCAL/Interrupts/mcal_external_interrupt.c estimated size: 108

C:\Program Files\Microchip\xc8\v2.30\pic\sources\c99\common\nf_fputs.c
		_fputs         		CODE           	6008	0000	70

C:\Program Files\Microchip\xc8\v2.30\pic\sources\c99\common\nf_fputs.c estimated size: 70

C:\Program Files\Microchip\xc8\v2.30\pic\sources\c99\common\Umul16.c
		___wmul        		CODE           	628E	0000	40

C:\Program Files\Microchip\xc8\v2.30\pic\sources\c99\common\Umul16.c estimated size: 40

MCAL/Timer0/hal_timer0.c
		_TMR0_ISR      		CODE           	5EE6	0000	74

MCAL/Timer0/hal_timer0.c estimated size: 74

C:\Program Files\Microchip\xc8\v2.30\pic\sources\c99\common\aodiv.c
		___aodiv       		CODE           	3A80	0000	394

C:\Program Files\Microchip\xc8\v2.30\pic\sources\c99\common\aodiv.c estimated size: 394

C:\Program Files\Microchip\xc8\v2.30\pic\sources\c99\common\sprcadd.c
		___flsub       		CODE           	5F7A	0000	72
		___fladd       		CODE           	1D56	0000	1218

C:\Program Files\Microchip\xc8\v2.30\pic\sources\c99\common\sprcadd.c estimated size: 1290

ECU/DC_Motor/ecu_dc_motor.c
		_ECU_DC_Motor_Stop		CODE           	6114	0000	60

ECU/DC_Motor/ecu_dc_motor.c estimated size: 60

C:\Program Files\Microchip\xc8\v2.30\pic\sources\c99\common\awdiv.c
		___awdiv       		CODE           	4E4A	0000	198

C:\Program Files\Microchip\xc8\v2.30\pic\sources\c99\common\awdiv.c estimated size: 198

C:\Program Files\Microchip\xc8\v2.30\pic\sources\c99\common\fltol.c
		___fltol       		CODE           	4542	0000	264

C:\Program Files\Microchip\xc8\v2.30\pic\sources\c99\common\fltol.c estimated size: 264

MCAL/GPIO/hal_gpio.c
		_GPIO_Pin_Toggle_Logic		CODE           	5738	0000	116
		_GPIO_Pin_Direction_Initialize		CODE           	406E	0000	326
		_GPIO_Pin_Initialize		CODE           	5DFC	0000	80
		_GPIO_Pin_Write_Logic		CODE           	42EC	0000	302

MCAL/GPIO/hal_gpio.c estimated size: 824

MCAL/Interrupts/mcal_interrupt_manager.c
		_InterruptManagerLow		CODE           	0018	0000	622
		_InterruptManagerHigh		CODE           	0008	0000	236

MCAL/Interrupts/mcal_interrupt_manager.c estimated size: 858

C:\Program Files\Microchip\xc8\v2.30\pic\sources\c99\common\isupper.c
		_isupper       		CODE           	618C	0000	58

C:\Program Files\Microchip\xc8\v2.30\pic\sources\c99\common\isupper.c estimated size: 58

C:\Program Files\Microchip\xc8\v2.30\pic\sources\c99\common\xxtofl.c
		___xxtofl      		CODE           	38C8	0000	440

C:\Program Files\Microchip\xc8\v2.30\pic\sources\c99\common\xxtofl.c estimated size: 440

shared
		i2_lcd_send_4bits		CODE           	56BE	0000	122
		i2_GPIO_Pin_Write_Logic		CODE           	441A	0000	296
		i2_lcd_4bit_send_char_data		CODE           	5C28	0000	98
		i2_lcd_4bit_send_command		CODE           	5BC6	0000	98
		__initialization		CODE           	588C	0000	100
		i2_lcd_4bits_send_enable_signal		CODE           	604E	0000	70
		i2_GPIO_Pin_Toggle_Logic		CODE           	581C	0000	112
		i2_lcd_4bits_set_courser		CODE           	51E2	0000	176

shared estimated size: 1072

C:\Program Files\Microchip\xc8\v2.30\pic\sources\c99\common\nf_fputc.c
		_fputc         		CODE           	4CB6	0000	204

C:\Program Files\Microchip\xc8\v2.30\pic\sources\c99\common\nf_fputc.c estimated size: 204

C:\Program Files\Microchip\xc8\v2.30\pic\sources\c99\common\flge.c
		___flge        		CODE           	464A	0000	262

C:\Program Files\Microchip\xc8\v2.30\pic\sources\c99\common\flge.c estimated size: 262

C:\Program Files\Microchip\xc8\v2.30\pic\sources\c99\common\strlen.c
		_strlen        		CODE           	6200	0000	56

C:\Program Files\Microchip\xc8\v2.30\pic\sources\c99\common\strlen.c estimated size: 56

C:\Program Files\Microchip\xc8\v2.30\pic\sources\c99\common\floorf.c
		_floorf        		CODE           	34A8	0000	534

C:\Program Files\Microchip\xc8\v2.30\pic\sources\c99\common\floorf.c estimated size: 534

C:\Program Files\Microchip\xc8\v2.30\pic\sources\c99\common\strcpy.c
		_strcpy        		CODE           	5C8A	0000	96

C:\Program Files\Microchip\xc8\v2.30\pic\sources\c99\common\strcpy.c estimated size: 96

Robot/Navigation/robot_navigation.c
		_Timer0_Handler		CODE           	62B6	0000	38

Robot/Navigation/robot_navigation.c estimated size: 38

ECU/LCD_for_test_gps/ecu_char_lcd.c
		_lcd_4bit_send_command		CODE           	57AC	0000	112
		_lcd_4bit_send_char_data		CODE           	5A36	0000	102
		_lcd_send_4bits		CODE           	563C	0000	130
		_lcd_4bit_send_char_data_pos		CODE           	6150	0000	60
		_lcd_4bit_send_string_data_pos		CODE           	5292	0000	174
		_convert_float32_to_string		CODE           	4A1A	0000	226
		_lcd_4bits_send_enable_signal		CODE           	5E9C	0000	74
		_lcd_4bits_set_courser		CODE           	4FCC	0000	178
		_lcd_4bit_initialize		CODE           	41B4	0000	312

ECU/LCD_for_test_gps/ecu_char_lcd.c estimated size: 1368

C:\Program Files\Microchip\xc8\v2.30\pic\sources\c99\common\memset.c
		_memset        		CODE           	3D90	0000	376

C:\Program Files\Microchip\xc8\v2.30\pic\sources\c99\common\memset.c estimated size: 376

C:\Program Files\Microchip\xc8\v2.30\pic\sources\c99\common\nf_sprintf.c
		_sprintf       		CODE           	5DA4	0000	88

C:\Program Files\Microchip\xc8\v2.30\pic\sources\c99\common\nf_sprintf.c estimated size: 88

C:\Program Files\Microchip\xc8\v2.30\pic\sources\c99\common\flneg.c
		___flneg       		CODE           	61C6	0000	58

C:\Program Files\Microchip\xc8\v2.30\pic\sources\c99\common\flneg.c estimated size: 58

MCAL/EUSART/mcal_EUSART.c
		_EUSART_Async_Transmit_Data		CODE           	4936	0000	228
		_Rx_config_interrupt		CODE           	53EC	0000	162
		_calc_parity_even		CODE           	59CE	0000	104
		_EUSART_Rx_ISR 		CODE           	6238	0000	44
		_EUSART_Tx_ISR 		CODE           	637E	0000	2
		_async_Tx_config		CODE           	5526	0000	144
		_EUSART_Async_Init		CODE           	5D48	0000	92
		_calc_parity_odd		CODE           	5966	0000	104
		_async_config_baud_rate_gen		CODE           	2A70	0000	952
		_EUSART_Async_Read_Data		CODE           	36BE	0000	522
		_async_Rx_config		CODE           	5130	0000	178

MCAL/EUSART/mcal_EUSART.c estimated size: 2532

application.c
		_battery_level 		CODE           	3C0A	0000	390
		_main          		CODE           	5FC2	0000	70
		_application_intialize		CODE           	5A9C	0000	100
		_usart_isr     		CODE           	5F30	0000	74

application.c estimated size: 634

ECU/Bluetooth/Bluetooth.c
		_Bluetooth_Send_Data_Non_Blocking		CODE           	6264	0000	42

ECU/Bluetooth/Bluetooth.c estimated size: 42

MCAL/ADC/mcal_adc.c
		_ADC_Start_Conversion		CODE           	62DC	0000	36
		_ADC_Get_Conversion_Results		CODE           	4F10	0000	188
		_ADC_Get_Conversion_Blocking		CODE           	55B6	0000	134
		_ADC_select_channel		CODE           	60D6	0000	62
		_adc_channel_pin_config_as_input		CODE           	4BDA	0000	220
		_adc_select_result_formate		CODE           	5CEA	0000	94
		_ADC_ISR       		CODE           	637C	0000	2
		_adc_select_voltage_reference		CODE           	5B00	0000	100
		_ADC_Init      		CODE           	548E	0000	152

MCAL/ADC/mcal_adc.c estimated size: 988

C:\Program Files\Microchip\xc8\v2.30\pic\sources\c99\common\strncmp.c
		_strncmp       		CODE           	4AFC	0000	222

C:\Program Files\Microchip\xc8\v2.30\pic\sources\c99\common\strncmp.c estimated size: 222

C:\Program Files\Microchip\xc8\v2.30\pic\sources\c99\common\tolower.c
		_tolower       		CODE           	5B64	0000	98

C:\Program Files\Microchip\xc8\v2.30\pic\sources\c99\common\tolower.c estimated size: 98

